[main-OldTeaBag-B168 2d0162dd6] fix: track terminal writeback through host shutdown without blocking reruns
 291 files changed, 73560 insertions(+), 21 deletions(-)
 create mode 100644 _workflow/local-wait-admission-gates-20261004/auto-relay-migration-terminal-seal-20261004-from-01a106f5/False-after-lease.json
 create mode 100644 _workflow/local-wait-admission-gates-20261004/auto-relay-migration-terminal-seal-20261004-from-01a106f5/False-after-run.json
 create mode 100644 _workflow/local-wait-admission-gates-20261004/auto-relay-migration-terminal-seal-20261004-from-01a106f5/False-before-lease.json
 create mode 100644 _workflow/local-wait-admission-gates-20261004/auto-relay-migration-terminal-seal-20261004-from-01a106f5/False-before-run.json
 create mode 100644 _workflow/local-wait-admission-gates-20261004/auto-relay-migration-terminal-seal-20261004-from-01a106f5/False-during-lease.json
 create mode 100644 _workflow/local-wait-admission-gates-20261004/auto-relay-migration-terminal-seal-20261004-from-01a106f5/False-during-run.json
 create mode 100644 _workflow/local-wait-admission-gates-20261004/auto-relay-migration-terminal-seal-20261004-from-01a106f5/HANDOFF-CONFIRMED.json
 create mode 100644 _workflow/local-wait-admission-gates-20261004/auto-relay-migration-terminal-seal-20261004-from-01a106f5/M1-r2-untracked-observer/False-False-after-lease.json
 create mode 100644 _workflow/local-wait-admission-gates-20261004/auto-relay-migration-terminal-seal-20261004-from-01a106f5/M1-r2-untracked-observer/False-False-after-run.json
 create mode 100644 _workflow/local-wait-admission-gates-20261004/auto-relay-migration-terminal-seal-20261004-from-01a106f5/M1-r2-untracked-observer/False-False-before-lease.json
 create mode 100644 _workflow/local-wait-admission-gates-20261004/auto-relay-migration-terminal-seal-20261004-from-01a106f5/M1-r2-untracked-observer/False-False-before-run.json
 create mode 100644 _workflow/local-wait-admission-gates-20261004/auto-relay-migration-terminal-seal-20261004-from-01a106f5/M1-r2-untracked-observer/False-False-during-lease.json
 create mode 100644 _workflow/local-wait-admission-gates-20261004/auto-relay-migration-terminal-seal-20261004-from-01a106f5/M1-r2-untracked-observer/False-False-during-run.json
 create mode 100644 _workflow/local-wait-admission-gates-20261004/auto-relay-migration-terminal-seal-20261004-from-01a106f5/M1-r2-untracked-observer/False-True-after-lease.json
 create mode 100644 _workflow/local-wait-admission-gates-20261004/auto-relay-migration-terminal-seal-20261004-from-01a106f5/M1-r2-untracked-observer/False-True-after-run.json
 create mode 100644 _workflow/local-wait-admission-gates-20261004/auto-relay-migration-terminal-seal-20261004-from-01a106f5/M1-r2-untracked-observer/False-True-before-lease.json
 create mode 100644 _workflow/local-wait-admission-gates-20261004/auto-relay-migration-terminal-seal-20261004-from-01a106f5/M1-r2-untracked-observer/False-True-before-run.json
 create mode 100644 _workflow/local-wait-admission-gates-20261004/auto-relay-migration-terminal-seal-20261004-from-01a106f5/M1-r2-untracked-observer/False-True-during-lease.json
 create mode 100644 _workflow/local-wait-admission-gates-20261004/auto-relay-migration-terminal-seal-20261004-from-01a106f5/M1-r2-untracked-observer/False-True-during-run.json
 create mode 100644 _workflow/local-wait-admission-gates-20261004/auto-relay-migration-terminal-seal-20261004-from-01a106f5/M1-r2-untracked-observer/True-False-after-lease.json
 create mode 100644 _workflow/local-wait-admission-gates-20261004/auto-relay-migration-terminal-seal-20261004-from-01a106f5/M1-r2-untracked-observer/True-False-after-run.json
 create mode 100644 _workflow/local-wait-admission-gates-20261004/auto-relay-migration-terminal-seal-20261004-from-01a106f5/M1-r2-untracked-observer/True-False-before-lease.json
 create mode 100644 _workflow/local-wait-admission-gates-20261004/auto-relay-migration-terminal-seal-20261004-from-01a106f5/M1-r2-untracked-observer/True-False-before-run.json
 create mode 100644 _workflow/local-wait-admission-gates-20261004/auto-relay-migration-terminal-seal-20261004-from-01a106f5/M1-r2-untracked-observer/True-False-during-lease.json
 create mode 100644 _workflow/local-wait-admission-gates-20261004/auto-relay-migration-terminal-seal-20261004-from-01a106f5/M1-r2-untracked-observer/True-False-during-run.json
 create mode 100644 _workflow/local-wait-admission-gates-20261004/auto-relay-migration-terminal-seal-20261004-from-01a106f5/M1-r2-untracked-observer/True-True-after-lease.json
 create mode 100644 _workflow/local-wait-admission-gates-20261004/auto-relay-migration-terminal-seal-20261004-from-01a106f5/M1-r2-untracked-observer/True-True-after-run.json
 create mode 100644 _workflow/local-wait-admission-gates-20261004/auto-relay-migration-terminal-seal-20261004-from-01a106f5/M1-r2-untracked-observer/True-True-before-lease.json
 create mode 100644 _workflow/local-wait-admission-gates-20261004/auto-relay-migration-terminal-seal-20261004-from-01a106f5/M1-r2-untracked-observer/True-True-before-run.json
 create mode 100644 _workflow/local-wait-admission-gates-20261004/auto-relay-migration-terminal-seal-20261004-from-01a106f5/M1-r2-untracked-observer/True-True-during-lease.json
 create mode 100644 _workflow/local-wait-admission-gates-20261004/auto-relay-migration-terminal-seal-20261004-from-01a106f5/M1-r2-untracked-observer/True-True-during-run.json
 create mode 100644 _workflow/local-wait-admission-gates-20261004/auto-relay-migration-terminal-seal-20261004-from-01a106f5/M1-r2-untracked-observer/baseline-exit.txt
 create mode 100644 _workflow/local-wait-admission-gates-20261004/auto-relay-migration-terminal-seal-20261004-from-01a106f5/M1-r2-untracked-observer/baseline.log
 create mode 100644 _workflow/local-wait-admission-gates-20261004/auto-relay-migration-terminal-seal-20261004-from-01a106f5/M1-r2-untracked-observer/baseline.trx
 create mode 100644 _workflow/local-wait-admission-gates-20261004/auto-relay-migration-terminal-seal-20261004-from-01a106f5/M1-r2-untracked-observer/mutant-build-exit.txt
 create mode 100644 _workflow/local-wait-admission-gates-20261004/auto-relay-migration-terminal-seal-20261004-from-01a106f5/M1-r2-untracked-observer/mutant-build.log
 create mode 100644 _workflow/local-wait-admission-gates-20261004/auto-relay-migration-terminal-seal-20261004-from-01a106f5/M1-r2-untracked-observer/mutant-exit.txt
 create mode 100644 _workflow/local-wait-admission-gates-20261004/auto-relay-migration-terminal-seal-20261004-from-01a106f5/M1-r2-untracked-observer/mutant.log
 create mode 100644 _workflow/local-wait-admission-gates-20261004/auto-relay-migration-terminal-seal-20261004-from-01a106f5/M1-r2-untracked-observer/mutant.trx
 create mode 100644 _workflow/local-wait-admission-gates-20261004/auto-relay-migration-terminal-seal-20261004-from-01a106f5/M1-r2-untracked-observer/restored-build-exit.txt
 create mode 100644 _workflow/local-wait-admission-gates-20261004/auto-relay-migration-terminal-seal-20261004-from-01a106f5/M1-r2-untracked-observer/restored-build.log
 create mode 100644 _workflow/local-wait-admission-gates-20261004/auto-relay-migration-terminal-seal-20261004-from-01a106f5/M1-r2-untracked-observer/restored-exit.txt
 create mode 100644 _workflow/local-wait-admission-gates-20261004/auto-relay-migration-terminal-seal-20261004-from-01a106f5/M1-r2-untracked-observer/restored.log
 create mode 100644 _workflow/local-wait-admission-gates-20261004/auto-relay-migration-terminal-seal-20261004-from-01a106f5/M1-r2-untracked-observer/restored.trx
 create mode 100644 _workflow/local-wait-admission-gates-20261004/auto-relay-migration-terminal-seal-20261004-from-01a106f5/M1-untracked-observer/False-after-lease.json
 create mode 100644 _workflow/local-wait-admission-gates-20261004/auto-relay-migration-terminal-seal-20261004-from-01a106f5/M1-untracked-observer/False-after-run.json
 create mode 100644 _workflow/local-wait-admission-gates-20261004/auto-relay-migration-terminal-seal-20261004-from-01a106f5/M1-untracked-observer/False-before-lease.json
 create mode 100644 _workflow/local-wait-admission-gates-20261004/auto-relay-migration-terminal-seal-20261004-from-01a106f5/M1-untracked-observer/False-before-run.json
 create mode 100644 _workflow/local-wait-admission-gates-20261004/auto-relay-migration-terminal-seal-20261004-from-01a106f5/M1-untracked-observer/False-during-lease.json
 create mode 100644 _workflow/local-wait-admission-gates-20261004/auto-relay-migration-terminal-seal-20261004-from-01a106f5/M1-untracked-observer/False-during-run.json
 create mode 100644 _workflow/local-wait-admission-gates-20261004/auto-relay-migration-terminal-seal-20261004-from-01a106f5/M1-untracked-observer/True-after-lease.json
 create mode 100644 _workflow/local-wait-admission-gates-20261004/auto-relay-migration-terminal-seal-20261004-from-01a106f5/M1-untracked-observer/True-after-run.json
 create mode 100644 _workflow/local-wait-admission-gates-20261004/auto-relay-migration-terminal-seal-20261004-from-01a106f5/M1-untracked-observer/True-before-lease.json
 create mode 100644 _workflow/local-wait-admission-gates-20261004/auto-relay-migration-terminal-seal-20261004-from-01a106f5/M1-untracked-observer/True-before-run.json
 create mode 100644 _workflow/local-wait-admission-gates-20261004/auto-relay-migration-terminal-seal-20261004-from-01a106f5/M1-untracked-observer/True-during-lease.json
 create mode 100644 _workflow/local-wait-admission-gates-20261004/auto-relay-migration-terminal-seal-20261004-from-01a106f5/M1-untracked-observer/True-during-run.json
 create mode 100644 _workflow/local-wait-admission-gates-20261004/auto-relay-migration-terminal-seal-20261004-from-01a106f5/M1-untracked-observer/baseline-exit.txt
 create mode 100644 _workflow/local-wait-admission-gates-20261004/auto-relay-migration-terminal-seal-20261004-from-01a106f5/M1-untracked-observer/baseline.log
 create mode 100644 _workflow/local-wait-admission-gates-20261004/auto-relay-migration-terminal-seal-20261004-from-01a106f5/M1-untracked-observer/baseline.trx
 create mode 100644 _workflow/local-wait-admission-gates-20261004/auto-relay-migration-terminal-seal-20261004-from-01a106f5/M1-untracked-observer/mutant-build-exit.txt
 create mode 100644 _workflow/local-wait-admission-gates-20261004/auto-relay-migration-terminal-seal-20261004-from-01a106f5/M1-untracked-observer/mutant-build.log
 create mode 100644 _workflow/local-wait-admission-gates-20261004/auto-relay-migration-terminal-seal-20261004-from-01a106f5/M1-untracked-observer/mutant-exit.txt
 create mode 100644 _workflow/local-wait-admission-gates-20261004/auto-relay-migration-terminal-seal-20261004-from-01a106f5/M1-untracked-observer/mutant.log
 create mode 100644 _workflow/local-wait-admission-gates-20261004/auto-relay-migration-terminal-seal-20261004-from-01a106f5/M1-untracked-observer/mutant.trx
 create mode 100644 _workflow/local-wait-admission-gates-20261004/auto-relay-migration-terminal-seal-20261004-from-01a106f5/M1-untracked-observer/restored-build-exit.txt
 create mode 100644 _workflow/local-wait-admission-gates-20261004/auto-relay-migration-terminal-seal-20261004-from-01a106f5/M1-untracked-observer/restored-build.log
 create mode 100644 _workflow/local-wait-admission-gates-20261004/auto-relay-migration-terminal-seal-20261004-from-01a106f5/M1-untracked-observer/restored-exit.txt
 create mode 100644 _workflow/local-wait-admission-gates-20261004/auto-relay-migration-terminal-seal-20261004-from-01a106f5/M1-untracked-observer/restored.log
 create mode 100644 _workflow/local-wait-admission-gates-20261004/auto-relay-migration-terminal-seal-20261004-from-01a106f5/M1-untracked-observer/restored.trx
 create mode 100644 _workflow/local-wait-admission-gates-20261004/auto-relay-migration-terminal-seal-20261004-from-01a106f5/M2-cancelled-cleanup/False-after-lease.json
 create mode 100644 _workflow/local-wait-admission-gates-20261004/auto-relay-migration-terminal-seal-20261004-from-01a106f5/M2-cancelled-cleanup/False-after-run.json
 create mode 100644 _workflow/local-wait-admission-gates-20261004/auto-relay-migration-terminal-seal-20261004-from-01a106f5/M2-cancelled-cleanup/False-before-lease.json
 create mode 100644 _workflow/local-wait-admission-gates-20261004/auto-relay-migration-terminal-seal-20261004-from-01a106f5/M2-cancelled-cleanup/False-before-run.json
 create mode 100644 _workflow/local-wait-admission-gates-20261004/auto-relay-migration-terminal-seal-20261004-from-01a106f5/M2-cancelled-cleanup/False-during-lease.json
 create mode 100644 _workflow/local-wait-admission-gates-20261004/auto-relay-migration-terminal-seal-20261004-from-01a106f5/M2-cancelled-cleanup/False-during-run.json
 create mode 100644 _workflow/local-wait-admission-gates-20261004/auto-relay-migration-terminal-seal-20261004-from-01a106f5/M2-cancelled-cleanup/True-after-lease.json
 create mode 100644 _workflow/local-wait-admission-gates-20261004/auto-relay-migration-terminal-seal-20261004-from-01a106f5/M2-cancelled-cleanup/True-after-run.json
 create mode 100644 _workflow/local-wait-admission-gates-20261004/auto-relay-migration-terminal-seal-20261004-from-01a106f5/M2-cancelled-cleanup/True-before-lease.json
 create mode 100644 _workflow/local-wait-admission-gates-20261004/auto-relay-migration-terminal-seal-20261004-from-01a106f5/M2-cancelled-cleanup/True-before-run.json
 create mode 100644 _workflow/local-wait-admission-gates-20261004/auto-relay-migration-terminal-seal-20261004-from-01a106f5/M2-cancelled-cleanup/True-during-lease.json
 create mode 100644 _workflow/local-wait-admission-gates-20261004/auto-relay-migration-terminal-seal-20261004-from-01a106f5/M2-cancelled-cleanup/True-during-run.json
 create mode 100644 _workflow/local-wait-admission-gates-20261004/auto-relay-migration-terminal-seal-20261004-from-01a106f5/M2-cancelled-cleanup/baseline-exit.txt
 create mode 100644 _workflow/local-wait-admission-gates-20261004/auto-relay-migration-terminal-seal-20261004-from-01a106f5/M2-cancelled-cleanup/baseline.log
 create mode 100644 _workflow/local-wait-admission-gates-20261004/auto-relay-migration-terminal-seal-20261004-from-01a106f5/M2-cancelled-cleanup/baseline.trx
 create mode 100644 _workflow/local-wait-admission-gates-20261004/auto-relay-migration-terminal-seal-20261004-from-01a106f5/M2-cancelled-cleanup/mutant-build-exit.txt
 create mode 100644 _workflow/local-wait-admission-gates-20261004/auto-relay-migration-terminal-seal-20261004-from-01a106f5/M2-cancelled-cleanup/mutant-build.log
 create mode 100644 _workflow/local-wait-admission-gates-20261004/auto-relay-migration-terminal-seal-20261004-from-01a106f5/M2-cancelled-cleanup/mutant-exit.txt
 create mode 100644 _workflow/local-wait-admission-gates-20261004/auto-relay-migration-terminal-seal-20261004-from-01a106f5/M2-cancelled-cleanup/mutant.log
 create mode 100644 _workflow/local-wait-admission-gates-20261004/auto-relay-migration-terminal-seal-20261004-from-01a106f5/M2-cancelled-cleanup/mutant.trx
 create mode 100644 _workflow/local-wait-admission-gates-20261004/auto-relay-migration-terminal-seal-20261004-from-01a106f5/M2-cancelled-cleanup/restored-build-exit.txt
 create mode 100644 _workflow/local-wait-admission-gates-20261004/auto-relay-migration-terminal-seal-20261004-from-01a106f5/M2-cancelled-cleanup/restored-build.log
 create mode 100644 _workflow/local-wait-admission-gates-20261004/auto-relay-migration-terminal-seal-20261004-from-01a106f5/M2-cancelled-cleanup/restored-exit.txt
 create mode 100644 _workflow/local-wait-admission-gates-20261004/auto-relay-migration-terminal-seal-20261004-from-01a106f5/M2-cancelled-cleanup/restored.log
 create mode 100644 _workflow/local-wait-admission-gates-20261004/auto-relay-migration-terminal-seal-20261004-from-01a106f5/M2-cancelled-cleanup/restored.trx
 create mode 100644 _workflow/local-wait-admission-gates-20261004/auto-relay-migration-terminal-seal-20261004-from-01a106f5/M2-r2-cancelled-cleanup/False-False-after-lease.json
 create mode 100644 _workflow/local-wait-admission-gates-20261004/auto-relay-migration-terminal-seal-20261004-from-01a106f5/M2-r2-cancelled-cleanup/False-False-after-run.json
 create mode 100644 _workflow/local-wait-admission-gates-20261004/auto-relay-migration-terminal-seal-20261004-from-01a106f5/M2-r2-cancelled-cleanup/False-False-before-lease.json
 create mode 100644 _workflow/local-wait-admission-gates-20261004/auto-relay-migration-terminal-seal-20261004-from-01a106f5/M2-r2-cancelled-cleanup/False-False-before-run.json
 create mode 100644 _workflow/local-wait-admission-gates-20261004/auto-relay-migration-terminal-seal-20261004-from-01a106f5/M2-r2-cancelled-cleanup/False-False-during-lease.json
 create mode 100644 _workflow/local-wait-admission-gates-20261004/auto-relay-migration-terminal-seal-20261004-from-01a106f5/M2-r2-cancelled-cleanup/False-False-during-run.json
 create mode 100644 _workflow/local-wait-admission-gates-20261004/auto-relay-migration-terminal-seal-20261004-from-01a106f5/M2-r2-cancelled-cleanup/False-True-after-lease.json
 create mode 100644 _workflow/local-wait-admission-gates-20261004/auto-relay-migration-terminal-seal-20261004-from-01a106f5/M2-r2-cancelled-cleanup/False-True-after-run.json
 create mode 100644 _workflow/local-wait-admission-gates-20261004/auto-relay-migration-terminal-seal-20261004-from-01a106f5/M2-r2-cancelled-cleanup/False-True-before-lease.json
 create mode 100644 _workflow/local-wait-admission-gates-20261004/auto-relay-migration-terminal-seal-20261004-from-01a106f5/M2-r2-cancelled-cleanup/False-True-before-run.json
 create mode 100644 _workflow/local-wait-admission-gates-20261004/auto-relay-migration-terminal-seal-20261004-from-01a106f5/M2-r2-cancelled-cleanup/False-True-during-lease.json
 create mode 100644 _workflow/local-wait-admission-gates-20261004/auto-relay-migration-terminal-seal-20261004-from-01a106f5/M2-r2-cancelled-cleanup/False-True-during-run.json
 create mode 100644 _workflow/local-wait-admission-gates-20261004/auto-relay-migration-terminal-seal-20261004-from-01a106f5/M2-r2-cancelled-cleanup/True-False-after-lease.json
 create mode 100644 _workflow/local-wait-admission-gates-20261004/auto-relay-migration-terminal-seal-20261004-from-01a106f5/M2-r2-cancelled-cleanup/True-False-after-run.json
 create mode 100644 _workflow/local-wait-admission-gates-20261004/auto-relay-migration-terminal-seal-20261004-from-01a106f5/M2-r2-cancelled-cleanup/True-False-before-lease.json
 create mode 100644 _workflow/local-wait-admission-gates-20261004/auto-relay-migration-terminal-seal-20261004-from-01a106f5/M2-r2-cancelled-cleanup/True-False-before-run.json
 create mode 100644 _workflow/local-wait-admission-gates-20261004/auto-relay-migration-terminal-seal-20261004-from-01a106f5/M2-r2-cancelled-cleanup/True-False-during-lease.json
 create mode 100644 _workflow/local-wait-admission-gates-20261004/auto-relay-migration-terminal-seal-20261004-from-01a106f5/M2-r2-cancelled-cleanup/True-False-during-run.json
 create mode 100644 _workflow/local-wait-admission-gates-20261004/auto-relay-migration-terminal-seal-20261004-from-01a106f5/M2-r2-cancelled-cleanup/True-True-after-lease.json
 create mode 100644 _workflow/local-wait-admission-gates-20261004/auto-relay-migration-terminal-seal-20261004-from-01a106f5/M2-r2-cancelled-cleanup/True-True-after-run.json
 create mode 100644 _workflow/local-wait-admission-gates-20261004/auto-relay-migration-terminal-seal-20261004-from-01a106f5/M2-r2-cancelled-cleanup/True-True-before-lease.json
 create mode 100644 _workflow/local-wait-admission-gates-20261004/auto-relay-migration-terminal-seal-20261004-from-01a106f5/M2-r2-cancelled-cleanup/True-True-before-run.json
 create mode 100644 _workflow/local-wait-admission-gates-20261004/auto-relay-migration-terminal-seal-20261004-from-01a106f5/M2-r2-cancelled-cleanup/True-True-during-lease.json
 create mode 100644 _workflow/local-wait-admission-gates-20261004/auto-relay-migration-terminal-seal-20261004-from-01a106f5/M2-r2-cancelled-cleanup/True-True-during-run.json
 create mode 100644 _workflow/local-wait-admission-gates-20261004/auto-relay-migration-terminal-seal-20261004-from-01a106f5/M2-r2-cancelled-cleanup/baseline-exit.txt
 create mode 100644 _workflow/local-wait-admission-gates-20261004/auto-relay-migration-terminal-seal-20261004-from-01a106f5/M2-r2-cancelled-cleanup/baseline.log
 create mode 100644 _workflow/local-wait-admission-gates-20261004/auto-relay-migration-terminal-seal-20261004-from-01a106f5/M2-r2-cancelled-cleanup/baseline.trx
 create mode 100644 _workflow/local-wait-admission-gates-20261004/auto-relay-migration-terminal-seal-20261004-from-01a106f5/M2-r2-cancelled-cleanup/mutant-build-exit.txt
 create mode 100644 _workflow/local-wait-admission-gates-20261004/auto-relay-migration-terminal-seal-20261004-from-01a106f5/M2-r2-cancelled-cleanup/mutant-build.log
 create mode 100644 _workflow/local-wait-admission-gates-20261004/auto-relay-migration-terminal-seal-20261004-from-01a106f5/M2-r2-cancelled-cleanup/mutant-exit.txt
 create mode 100644 _workflow/local-wait-admission-gates-20261004/auto-relay-migration-terminal-seal-20261004-from-01a106f5/M2-r2-cancelled-cleanup/mutant.log
 create mode 100644 _workflow/local-wait-admission-gates-20261004/auto-relay-migration-terminal-seal-20261004-from-01a106f5/M2-r2-cancelled-cleanup/mutant.trx
 create mode 100644 _workflow/local-wait-admission-gates-20261004/auto-relay-migration-terminal-seal-20261004-from-01a106f5/M2-r2-cancelled-cleanup/restored-build-exit.txt
 create mode 100644 _workflow/local-wait-admission-gates-20261004/auto-relay-migration-terminal-seal-20261004-from-01a106f5/M2-r2-cancelled-cleanup/restored-build.log
 create mode 100644 _workflow/local-wait-admission-gates-20261004/auto-relay-migration-terminal-seal-20261004-from-01a106f5/M2-r2-cancelled-cleanup/restored-exit.txt
 create mode 100644 _workflow/local-wait-admission-gates-20261004/auto-relay-migration-terminal-seal-20261004-from-01a106f5/M2-r2-cancelled-cleanup/restored.log
 create mode 100644 _workflow/local-wait-admission-gates-20261004/auto-relay-migration-terminal-seal-20261004-from-01a106f5/M2-r2-cancelled-cleanup/restored.trx
 create mode 100644 _workflow/local-wait-admission-gates-20261004/auto-relay-migration-terminal-seal-20261004-from-01a106f5/M3-execution-registration-held/False-False-after-lease.json
 create mode 100644 _workflow/local-wait-admission-gates-20261004/auto-relay-migration-terminal-seal-20261004-from-01a106f5/M3-execution-registration-held/False-False-after-run.json
 create mode 100644 _workflow/local-wait-admission-gates-20261004/auto-relay-migration-terminal-seal-20261004-from-01a106f5/M3-execution-registration-held/False-False-before-lease.json
 create mode 100644 _workflow/local-wait-admission-gates-20261004/auto-relay-migration-terminal-seal-20261004-from-01a106f5/M3-execution-registration-held/False-False-before-run.json
 create mode 100644 _workflow/local-wait-admission-gates-20261004/auto-relay-migration-terminal-seal-20261004-from-01a106f5/M3-execution-registration-held/False-False-during-lease.json
 create mode 100644 _workflow/local-wait-admission-gates-20261004/auto-relay-migration-terminal-seal-20261004-from-01a106f5/M3-execution-registration-held/False-False-during-run.json
 create mode 100644 _workflow/local-wait-admission-gates-20261004/auto-relay-migration-terminal-seal-20261004-from-01a106f5/M3-execution-registration-held/False-True-after-lease.json
 create mode 100644 _workflow/local-wait-admission-gates-20261004/auto-relay-migration-terminal-seal-20261004-from-01a106f5/M3-execution-registration-held/False-True-after-run.json
 create mode 100644 _workflow/local-wait-admission-gates-20261004/auto-relay-migration-terminal-seal-20261004-from-01a106f5/M3-execution-registration-held/False-True-before-lease.json
 create mode 100644 _workflow/local-wait-admission-gates-20261004/auto-relay-migration-terminal-seal-20261004-from-01a106f5/M3-execution-registration-held/False-True-before-run.json
 create mode 100644 _workflow/local-wait-admission-gates-20261004/auto-relay-migration-terminal-seal-20261004-from-01a106f5/M3-execution-registration-held/False-True-during-lease.json
 create mode 100644 _workflow/local-wait-admission-gates-20261004/auto-relay-migration-terminal-seal-20261004-from-01a106f5/M3-execution-registration-held/False-True-during-run.json
 create mode 100644 _workflow/local-wait-admission-gates-20261004/auto-relay-migration-terminal-seal-20261004-from-01a106f5/M3-execution-registration-held/True-False-after-lease.json
 create mode 100644 _workflow/local-wait-admission-gates-20261004/auto-relay-migration-terminal-seal-20261004-from-01a106f5/M3-execution-registration-held/True-False-after-run.json
 create mode 100644 _workflow/local-wait-admission-gates-20261004/auto-relay-migration-terminal-seal-20261004-from-01a106f5/M3-execution-registration-held/True-False-before-lease.json
 create mode 100644 _workflow/local-wait-admission-gates-20261004/auto-relay-migration-terminal-seal-20261004-from-01a106f5/M3-execution-registration-held/True-False-before-run.json
 create mode 100644 _workflow/local-wait-admission-gates-20261004/auto-relay-migration-terminal-seal-20261004-from-01a106f5/M3-execution-registration-held/True-False-during-lease.json
 create mode 100644 _workflow/local-wait-admission-gates-20261004/auto-relay-migration-terminal-seal-20261004-from-01a106f5/M3-execution-registration-held/True-False-during-run.json
 create mode 100644 _workflow/local-wait-admission-gates-20261004/auto-relay-migration-terminal-seal-20261004-from-01a106f5/M3-execution-registration-held/True-True-after-lease.json
 create mode 100644 _workflow/local-wait-admission-gates-20261004/auto-relay-migration-terminal-seal-20261004-from-01a106f5/M3-execution-registration-held/True-True-after-run.json
 create mode 100644 _workflow/local-wait-admission-gates-20261004/auto-relay-migration-terminal-seal-20261004-from-01a106f5/M3-execution-registration-held/True-True-before-lease.json
 create mode 100644 _workflow/local-wait-admission-gates-20261004/auto-relay-migration-terminal-seal-20261004-from-01a106f5/M3-execution-registration-held/True-True-before-run.json
 create mode 100644 _workflow/local-wait-admission-gates-20261004/auto-relay-migration-terminal-seal-20261004-from-01a106f5/M3-execution-registration-held/True-True-during-lease.json
 create mode 100644 _workflow/local-wait-admission-gates-20261004/auto-relay-migration-terminal-seal-20261004-from-01a106f5/M3-execution-registration-held/True-True-during-run.json
 create mode 100644 _workflow/local-wait-admission-gates-20261004/auto-relay-migration-terminal-seal-20261004-from-01a106f5/M3-execution-registration-held/baseline-exit.txt
 create mode 100644 _workflow/local-wait-admission-gates-20261004/auto-relay-migration-terminal-seal-20261004-from-01a106f5/M3-execution-registration-held/baseline.log
 create mode 100644 _workflow/local-wait-admission-gates-20261004/auto-relay-migration-terminal-seal-20261004-from-01a106f5/M3-execution-registration-held/baseline.trx
 create mode 100644 _workflow/local-wait-admission-gates-20261004/auto-relay-migration-terminal-seal-20261004-from-01a106f5/M3-execution-registration-held/mutant-build-exit.txt
 create mode 100644 _workflow/local-wait-admission-gates-20261004/auto-relay-migration-terminal-seal-20261004-from-01a106f5/M3-execution-registration-held/mutant-build.log
 create mode 100644 _workflow/local-wait-admission-gates-20261004/auto-relay-migration-terminal-seal-20261004-from-01a106f5/M3-execution-registration-held/mutant-exit.txt
 create mode 100644 _workflow/local-wait-admission-gates-20261004/auto-relay-migration-terminal-seal-20261004-from-01a106f5/M3-execution-registration-held/mutant.log
 create mode 100644 _workflow/local-wait-admission-gates-20261004/auto-relay-migration-terminal-seal-20261004-from-01a106f5/M3-execution-registration-held/mutant.trx
 create mode 100644 _workflow/local-wait-admission-gates-20261004/auto-relay-migration-terminal-seal-20261004-from-01a106f5/M3-execution-registration-held/restored-build-exit.txt
 create mode 100644 _workflow/local-wait-admission-gates-20261004/auto-relay-migration-terminal-seal-20261004-from-01a106f5/M3-execution-registration-held/restored-build.log
 create mode 100644 _workflow/local-wait-admission-gates-20261004/auto-relay-migration-terminal-seal-20261004-from-01a106f5/M3-execution-registration-held/restored-exit.txt
 create mode 100644 _workflow/local-wait-admission-gates-20261004/auto-relay-migration-terminal-seal-20261004-from-01a106f5/M3-execution-registration-held/restored.log
 create mode 100644 _workflow/local-wait-admission-gates-20261004/auto-relay-migration-terminal-seal-20261004-from-01a106f5/M3-execution-registration-held/restored.trx
 create mode 100644 _workflow/local-wait-admission-gates-20261004/auto-relay-migration-terminal-seal-20261004-from-01a106f5/TERMINAL-CANDIDATE.md
 create mode 100644 _workflow/local-wait-admission-gates-20261004/auto-relay-migration-terminal-seal-20261004-from-01a106f5/TERMINAL-LIFECYCLE-PLAN.md
 create mode 100644 _workflow/local-wait-admission-gates-20261004/auto-relay-migration-terminal-seal-20261004-from-01a106f5/TaskCenterHost.Admission.cs.before.cs
 create mode 100644 _workflow/local-wait-admission-gates-20261004/auto-relay-migration-terminal-seal-20261004-from-01a106f5/TaskCenterHost.before-rerun-fix.cs
 create mode 100644 _workflow/local-wait-admission-gates-20261004/auto-relay-migration-terminal-seal-20261004-from-01a106f5/TaskCenterHost.cs.before.cs
 create mode 100644 _workflow/local-wait-admission-gates-20261004/auto-relay-migration-terminal-seal-20261004-from-01a106f5/TaskCenterSuccessorPathGateTests.before.cs
 create mode 100644 _workflow/local-wait-admission-gates-20261004/auto-relay-migration-terminal-seal-20261004-from-01a106f5/True-after-lease.json
 create mode 100644 _workflow/local-wait-admission-gates-20261004/auto-relay-migration-terminal-seal-20261004-from-01a106f5/True-after-run.json
 create mode 100644 _workflow/local-wait-admission-gates-20261004/auto-relay-migration-terminal-seal-20261004-from-01a106f5/True-before-lease.json
 create mode 100644 _workflow/local-wait-admission-gates-20261004/auto-relay-migration-terminal-seal-20261004-from-01a106f5/True-before-run.json
 create mode 100644 _workflow/local-wait-admission-gates-20261004/auto-relay-migration-terminal-seal-20261004-from-01a106f5/True-during-lease.json
 create mode 100644 _workflow/local-wait-admission-gates-20261004/auto-relay-migration-terminal-seal-20261004-from-01a106f5/True-during-run.json
 create mode 100644 _workflow/local-wait-admission-gates-20261004/auto-relay-migration-terminal-seal-20261004-from-01a106f5/add-terminal-test.py
 create mode 100644 _workflow/local-wait-admission-gates-20261004/auto-relay-migration-terminal-seal-20261004-from-01a106f5/candidate-byte-observation.json
 create mode 100644 _workflow/local-wait-admission-gates-20261004/auto-relay-migration-terminal-seal-20261004-from-01a106f5/complete-terminal-testid-coverage.py
 create mode 100644 _workflow/local-wait-admission-gates-20261004/auto-relay-migration-terminal-seal-20261004-from-01a106f5/create-thread-result.json
 create mode 100644 _workflow/local-wait-admission-gates-20261004/auto-relay-migration-terminal-seal-20261004-from-01a106f5/final-r2/build-exit.txt
 create mode 100644 _workflow/local-wait-admission-gates-20261004/auto-relay-migration-terminal-seal-20261004-from-01a106f5/final-r2/build.log
 create mode 100644 _workflow/local-wait-admission-gates-20261004/auto-relay-migration-terminal-seal-20261004-from-01a106f5/final-r2/candidate-observation-complete.json
 create mode 100644 _workflow/local-wait-admission-gates-20261004/auto-relay-migration-terminal-seal-20261004-from-01a106f5/final-r2/candidate-observation.json
 create mode 100644 _workflow/local-wait-admission-gates-20261004/auto-relay-migration-terminal-seal-20261004-from-01a106f5/final-r2/full-exit.txt
 create mode 100644 _workflow/local-wait-admission-gates-20261004/auto-relay-migration-terminal-seal-20261004-from-01a106f5/final-r2/full.log
 create mode 100644 _workflow/local-wait-admission-gates-20261004/auto-relay-migration-terminal-seal-20261004-from-01a106f5/final-r2/full.trx
 create mode 100644 _workflow/local-wait-admission-gates-20261004/auto-relay-migration-terminal-seal-20261004-from-01a106f5/final-r2/impact-comparison-complete.json
 create mode 100644 _workflow/local-wait-admission-gates-20261004/auto-relay-migration-terminal-seal-20261004-from-01a106f5/final-r2/impact-comparison.json
 create mode 100644 _workflow/local-wait-admission-gates-20261004/auto-relay-migration-terminal-seal-20261004-from-01a106f5/final-r2/probe-build-exit.txt
 create mode 100644 _workflow/local-wait-admission-gates-20261004/auto-relay-migration-terminal-seal-20261004-from-01a106f5/final-r2/probe-build.log
 create mode 100644 _workflow/local-wait-admission-gates-20261004/auto-relay-migration-terminal-seal-20261004-from-01a106f5/final-r2/source-after.json
 create mode 100644 _workflow/local-wait-admission-gates-20261004/auto-relay-migration-terminal-seal-20261004-from-01a106f5/final-r2/source-before.json
 create mode 100644 _workflow/local-wait-admission-gates-20261004/auto-relay-migration-terminal-seal-20261004-from-01a106f5/final-r2/supplement-exit.txt
 create mode 100644 _workflow/local-wait-admission-gates-20261004/auto-relay-migration-terminal-seal-20261004-from-01a106f5/final-r2/supplement.log
 create mode 100644 _workflow/local-wait-admission-gates-20261004/auto-relay-migration-terminal-seal-20261004-from-01a106f5/final-r2/supplement.trx
 create mode 100644 _workflow/local-wait-admission-gates-20261004/auto-relay-migration-terminal-seal-20261004-from-01a106f5/final-r2/target-exit.txt
 create mode 100644 _workflow/local-wait-admission-gates-20261004/auto-relay-migration-terminal-seal-20261004-from-01a106f5/final-r2/target.log
 create mode 100644 _workflow/local-wait-admission-gates-20261004/auto-relay-migration-terminal-seal-20261004-from-01a106f5/final-r2/target.trx
 create mode 100644 _workflow/local-wait-admission-gates-20261004/auto-relay-migration-terminal-seal-20261004-from-01a106f5/fix-terminal-lifecycle.py
 create mode 100644 _workflow/local-wait-admission-gates-20261004/auto-relay-migration-terminal-seal-20261004-from-01a106f5/green/False-after-lease.json
 create mode 100644 _workflow/local-wait-admission-gates-20261004/auto-relay-migration-terminal-seal-20261004-from-01a106f5/green/False-after-run.json
 create mode 100644 _workflow/local-wait-admission-gates-20261004/auto-relay-migration-terminal-seal-20261004-from-01a106f5/green/False-before-lease.json
 create mode 100644 _workflow/local-wait-admission-gates-20261004/auto-relay-migration-terminal-seal-20261004-from-01a106f5/green/False-before-run.json
 create mode 100644 _workflow/local-wait-admission-gates-20261004/auto-relay-migration-terminal-seal-20261004-from-01a106f5/green/False-during-lease.json
 create mode 100644 _workflow/local-wait-admission-gates-20261004/auto-relay-migration-terminal-seal-20261004-from-01a106f5/green/False-during-run.json
 create mode 100644 _workflow/local-wait-admission-gates-20261004/auto-relay-migration-terminal-seal-20261004-from-01a106f5/green/True-after-lease.json
 create mode 100644 _workflow/local-wait-admission-gates-20261004/auto-relay-migration-terminal-seal-20261004-from-01a106f5/green/True-after-run.json
 create mode 100644 _workflow/local-wait-admission-gates-20261004/auto-relay-migration-terminal-seal-20261004-from-01a106f5/green/True-before-lease.json
 create mode 100644 _workflow/local-wait-admission-gates-20261004/auto-relay-migration-terminal-seal-20261004-from-01a106f5/green/True-before-run.json
 create mode 100644 _workflow/local-wait-admission-gates-20261004/auto-relay-migration-terminal-seal-20261004-from-01a106f5/green/True-during-lease.json
 create mode 100644 _workflow/local-wait-admission-gates-20261004/auto-relay-migration-terminal-seal-20261004-from-01a106f5/green/True-during-run.json
 create mode 100644 _workflow/local-wait-admission-gates-20261004/auto-relay-migration-terminal-seal-20261004-from-01a106f5/green/build-exit.txt
 create mode 100644 _workflow/local-wait-admission-gates-20261004/auto-relay-migration-terminal-seal-20261004-from-01a106f5/green/build.log
 create mode 100644 _workflow/local-wait-admission-gates-20261004/auto-relay-migration-terminal-seal-20261004-from-01a106f5/green/full-exit.txt
 create mode 100644 _workflow/local-wait-admission-gates-20261004/auto-relay-migration-terminal-seal-20261004-from-01a106f5/green/full.log
 create mode 100644 _workflow/local-wait-admission-gates-20261004/auto-relay-migration-terminal-seal-20261004-from-01a106f5/green/full.trx
 create mode 100644 _workflow/local-wait-admission-gates-20261004/auto-relay-migration-terminal-seal-20261004-from-01a106f5/green/probe-build-exit.txt
 create mode 100644 _workflow/local-wait-admission-gates-20261004/auto-relay-migration-terminal-seal-20261004-from-01a106f5/green/probe-build.log
 create mode 100644 _workflow/local-wait-admission-gates-20261004/auto-relay-migration-terminal-seal-20261004-from-01a106f5/green/target-exit.txt
 create mode 100644 _workflow/local-wait-admission-gates-20261004/auto-relay-migration-terminal-seal-20261004-from-01a106f5/green/target.log
 create mode 100644 _workflow/local-wait-admission-gates-20261004/auto-relay-migration-terminal-seal-20261004-from-01a106f5/green/target.trx
 create mode 100644 _workflow/local-wait-admission-gates-20261004/auto-relay-migration-terminal-seal-20261004-from-01a106f5/handoff-metadata-commit.log
 create mode 100644 _workflow/local-wait-admission-gates-20261004/auto-relay-migration-terminal-seal-20261004-from-01a106f5/handoff-metadata-paths.nul
 create mode 100644 _workflow/local-wait-admission-gates-20261004/auto-relay-migration-terminal-seal-20261004-from-01a106f5/new-goal-readback.json
 create mode 100644 _workflow/local-wait-admission-gates-20261004/auto-relay-migration-terminal-seal-20261004-from-01a106f5/new-handshake-observation.json
 create mode 100644 _workflow/local-wait-admission-gates-20261004/auto-relay-migration-terminal-seal-20261004-from-01a106f5/preseal/False-False-after-lease.json
 create mode 100644 _workflow/local-wait-admission-gates-20261004/auto-relay-migration-terminal-seal-20261004-from-01a106f5/preseal/False-False-after-run.json
 create mode 100644 _workflow/local-wait-admission-gates-20261004/auto-relay-migration-terminal-seal-20261004-from-01a106f5/preseal/False-False-before-lease.json
 create mode 100644 _workflow/local-wait-admission-gates-20261004/auto-relay-migration-terminal-seal-20261004-from-01a106f5/preseal/False-False-before-run.json
 create mode 100644 _workflow/local-wait-admission-gates-20261004/auto-relay-migration-terminal-seal-20261004-from-01a106f5/preseal/False-False-during-lease.json
 create mode 100644 _workflow/local-wait-admission-gates-20261004/auto-relay-migration-terminal-seal-20261004-from-01a106f5/preseal/False-False-during-run.json
 create mode 100644 _workflow/local-wait-admission-gates-20261004/auto-relay-migration-terminal-seal-20261004-from-01a106f5/preseal/False-True-after-lease.json
 create mode 100644 _workflow/local-wait-admission-gates-20261004/auto-relay-migration-terminal-seal-20261004-from-01a106f5/preseal/False-True-after-run.json
 create mode 100644 _workflow/local-wait-admission-gates-20261004/auto-relay-migration-terminal-seal-20261004-from-01a106f5/preseal/False-True-before-lease.json
 create mode 100644 _workflow/local-wait-admission-gates-20261004/auto-relay-migration-terminal-seal-20261004-from-01a106f5/preseal/False-True-before-run.json
 create mode 100644 _workflow/local-wait-admission-gates-20261004/auto-relay-migration-terminal-seal-20261004-from-01a106f5/preseal/False-True-during-lease.json
 create mode 100644 _workflow/local-wait-admission-gates-20261004/auto-relay-migration-terminal-seal-20261004-from-01a106f5/preseal/False-True-during-run.json
 create mode 100644 _workflow/local-wait-admission-gates-20261004/auto-relay-migration-terminal-seal-20261004-from-01a106f5/preseal/True-False-after-lease.json
 create mode 100644 _workflow/local-wait-admission-gates-20261004/auto-relay-migration-terminal-seal-20261004-from-01a106f5/preseal/True-False-after-run.json
 create mode 100644 _workflow/local-wait-admission-gates-20261004/auto-relay-migration-terminal-seal-20261004-from-01a106f5/preseal/True-False-before-lease.json
 create mode 100644 _workflow/local-wait-admission-gates-20261004/auto-relay-migration-terminal-seal-20261004-from-01a106f5/preseal/True-False-before-run.json
 create mode 100644 _workflow/local-wait-admission-gates-20261004/auto-relay-migration-terminal-seal-20261004-from-01a106f5/preseal/True-False-during-lease.json
 create mode 100644 _workflow/local-wait-admission-gates-20261004/auto-relay-migration-terminal-seal-20261004-from-01a106f5/preseal/True-False-during-run.json
 create mode 100644 _workflow/local-wait-admission-gates-20261004/auto-relay-migration-terminal-seal-20261004-from-01a106f5/preseal/True-True-after-lease.json
 create mode 100644 _workflow/local-wait-admission-gates-20261004/auto-relay-migration-terminal-seal-20261004-from-01a106f5/preseal/True-True-after-run.json
 create mode 100644 _workflow/local-wait-admission-gates-20261004/auto-relay-migration-terminal-seal-20261004-from-01a106f5/preseal/True-True-before-lease.json
 create mode 100644 _workflow/local-wait-admission-gates-20261004/auto-relay-migration-terminal-seal-20261004-from-01a106f5/preseal/True-True-before-run.json
 create mode 100644 _workflow/local-wait-admission-gates-20261004/auto-relay-migration-terminal-seal-20261004-from-01a106f5/preseal/True-True-during-lease.json
 create mode 100644 _workflow/local-wait-admission-gates-20261004/auto-relay-migration-terminal-seal-20261004-from-01a106f5/preseal/True-True-during-run.json
 create mode 100644 _workflow/local-wait-admission-gates-20261004/auto-relay-migration-terminal-seal-20261004-from-01a106f5/preseal/assertion-build-exit.txt
 create mode 100644 _workflow/local-wait-admission-gates-20261004/auto-relay-migration-terminal-seal-20261004-from-01a106f5/preseal/assertion-build.log
 create mode 100644 _workflow/local-wait-admission-gates-20261004/auto-relay-migration-terminal-seal-20261004-from-01a106f5/preseal/build-exit.txt
 create mode 100644 _workflow/local-wait-admission-gates-20261004/auto-relay-migration-terminal-seal-20261004-from-01a106f5/preseal/build.log
 create mode 100644 _workflow/local-wait-admission-gates-20261004/auto-relay-migration-terminal-seal-20261004-from-01a106f5/preseal/target-exit.txt
 create mode 100644 _workflow/local-wait-admission-gates-20261004/auto-relay-migration-terminal-seal-20261004-from-01a106f5/preseal/target.log
 create mode 100644 _workflow/local-wait-admission-gates-20261004/auto-relay-migration-terminal-seal-20261004-from-01a106f5/preseal/target.trx
 create mode 100644 _workflow/local-wait-admission-gates-20261004/auto-relay-migration-terminal-seal-20261004-from-01a106f5/product-after.json
 create mode 100644 _workflow/local-wait-admission-gates-20261004/auto-relay-migration-terminal-seal-20261004-from-01a106f5/product-before.json
 create mode 100644 _workflow/local-wait-admission-gates-20261004/auto-relay-migration-terminal-seal-20261004-from-01a106f5/r56-live-original-request-identities.json
 create mode 100644 _workflow/local-wait-admission-gates-20261004/auto-relay-migration-terminal-seal-20261004-from-01a106f5/r56-native-authority-observation.json
 create mode 100644 _workflow/local-wait-admission-gates-20261004/auto-relay-migration-terminal-seal-20261004-from-01a106f5/red-build-exit.txt
 create mode 100644 _workflow/local-wait-admission-gates-20261004/auto-relay-migration-terminal-seal-20261004-from-01a106f5/red-build.log
 create mode 100644 _workflow/local-wait-admission-gates-20261004/auto-relay-migration-terminal-seal-20261004-from-01a106f5/red-exit.txt
 create mode 100644 _workflow/local-wait-admission-gates-20261004/auto-relay-migration-terminal-seal-20261004-from-01a106f5/red.log
 create mode 100644 _workflow/local-wait-admission-gates-20261004/auto-relay-migration-terminal-seal-20261004-from-01a106f5/red.trx
 create mode 100644 _workflow/local-wait-admission-gates-20261004/auto-relay-migration-terminal-seal-20261004-from-01a106f5/rerun-build-exit.txt
 create mode 100644 _workflow/local-wait-admission-gates-20261004/auto-relay-migration-terminal-seal-20261004-from-01a106f5/rerun-build.log
 create mode 100644 _workflow/local-wait-admission-gates-20261004/auto-relay-migration-terminal-seal-20261004-from-01a106f5/rerun-target-exit.txt
 create mode 100644 _workflow/local-wait-admission-gates-20261004/auto-relay-migration-terminal-seal-20261004-from-01a106f5/rerun-target.log
 create mode 100644 _workflow/local-wait-admission-gates-20261004/auto-relay-migration-terminal-seal-20261004-from-01a106f5/rerun-target.trx
 create mode 100644 _workflow/local-wait-admission-gates-20261004/auto-relay-migration-terminal-seal-20261004-from-01a106f5/restored-current-bytes.json
 create mode 100644 _workflow/local-wait-admission-gates-20261004/auto-relay-migration-terminal-seal-20261004-from-01a106f5/run-terminal-final.py
 create mode 100644 _workflow/local-wait-admission-gates-20261004/auto-relay-migration-terminal-seal-20261004-from-01a106f5/save-terminal-checkpoint.py
 create mode 100644 _workflow/local-wait-admission-gates-20261004/auto-relay-migration-terminal-seal-20261004-from-01a106f5/source-head.json
 create mode 100644 _workflow/local-wait-admission-gates-20261004/auto-relay-migration-terminal-seal-20261004-from-01a106f5/source-status.txt
 create mode 100644 _workflow/local-wait-admission-gates-20261004/auto-relay-migration-terminal-seal-20261004-from-01a106f5/summarize-terminal-candidate.py
 create mode 100644 _workflow/local-wait-admission-gates-20261004/auto-relay-migration-terminal-seal-20261004-from-01a106f5/terminal-mutation-observations-m3.json
 create mode 100644 _workflow/local-wait-admission-gates-20261004/auto-relay-migration-terminal-seal-20261004-from-01a106f5/terminal-mutation-observations-r2.json
 create mode 100644 _workflow/local-wait-admission-gates-20261004/auto-relay-migration-terminal-seal-20261004-from-01a106f5/terminal-mutation-observations.json
 create mode 100644 _workflow/local-wait-admission-gates-20261004/auto-relay-migration-terminal-seal-20261004-from-01a106f5/test-before.json
 create mode 100644 _workflow/local-wait-admission-gates-20261004/auto-relay-migration-terminal-seal-20261004-from-01a106f5/verify-terminal-mutation-m3.py
 create mode 100644 _workflow/local-wait-admission-gates-20261004/auto-relay-migration-terminal-seal-20261004-from-01a106f5/verify-terminal-mutations-r2.py
 create mode 100644 _workflow/local-wait-admission-gates-20261004/auto-relay-migration-terminal-seal-20261004-from-01a106f5/verify-terminal-mutations.py
warning: in the working copy of '_workflow/local-wait-admission-gates-20261004/auto-relay-migration-terminal-seal-20261004-from-01a106f5/M1-r2-untracked-observer/baseline.trx', LF will be replaced by CRLF the next time Git touches it
warning: in the working copy of '_workflow/local-wait-admission-gates-20261004/auto-relay-migration-terminal-seal-20261004-from-01a106f5/M1-r2-untracked-observer/mutant.trx', LF will be replaced by CRLF the next time Git touches it
warning: in the working copy of '_workflow/local-wait-admission-gates-20261004/auto-relay-migration-terminal-seal-20261004-from-01a106f5/M1-r2-untracked-observer/restored.trx', LF will be replaced by CRLF the next time Git touches it
warning: in the working copy of '_workflow/local-wait-admission-gates-20261004/auto-relay-migration-terminal-seal-20261004-from-01a106f5/M1-untracked-observer/baseline.trx', LF will be replaced by CRLF the next time Git touches it
warning: in the working copy of '_workflow/local-wait-admission-gates-20261004/auto-relay-migration-terminal-seal-20261004-from-01a106f5/M1-untracked-observer/mutant.trx', LF will be replaced by CRLF the next time Git touches it
warning: in the working copy of '_workflow/local-wait-admission-gates-20261004/auto-relay-migration-terminal-seal-20261004-from-01a106f5/M1-untracked-observer/restored.trx', LF will be replaced by CRLF the next time Git touches it
warning: in the working copy of '_workflow/local-wait-admission-gates-20261004/auto-relay-migration-terminal-seal-20261004-from-01a106f5/M2-cancelled-cleanup/baseline.trx', LF will be replaced by CRLF the next time Git touches it
warning: in the working copy of '_workflow/local-wait-admission-gates-20261004/auto-relay-migration-terminal-seal-20261004-from-01a106f5/M2-cancelled-cleanup/mutant.trx', LF will be replaced by CRLF the next time Git touches it
warning: in the working copy of '_workflow/local-wait-admission-gates-20261004/auto-relay-migration-terminal-seal-20261004-from-01a106f5/M2-cancelled-cleanup/restored.trx', LF will be replaced by CRLF the next time Git touches it
warning: in the working copy of '_workflow/local-wait-admission-gates-20261004/auto-relay-migration-terminal-seal-20261004-from-01a106f5/M2-r2-cancelled-cleanup/baseline.trx', LF will be replaced by CRLF the next time Git touches it
warning: in the working copy of '_workflow/local-wait-admission-gates-20261004/auto-relay-migration-terminal-seal-20261004-from-01a106f5/M2-r2-cancelled-cleanup/mutant.trx', LF will be replaced by CRLF the next time Git touches it
warning: in the working copy of '_workflow/local-wait-admission-gates-20261004/auto-relay-migration-terminal-seal-20261004-from-01a106f5/M2-r2-cancelled-cleanup/restored.trx', LF will be replaced by CRLF the next time Git touches it
warning: in the working copy of '_workflow/local-wait-admission-gates-20261004/auto-relay-migration-terminal-seal-20261004-from-01a106f5/M3-execution-registration-held/baseline.trx', LF will be replaced by CRLF the next time Git touches it
warning: in the working copy of '_workflow/local-wait-admission-gates-20261004/auto-relay-migration-terminal-seal-20261004-from-01a106f5/M3-execution-registration-held/mutant.trx', LF will be replaced by CRLF the next time Git touches it
warning: in the working copy of '_workflow/local-wait-admission-gates-20261004/auto-relay-migration-terminal-seal-20261004-from-01a106f5/M3-execution-registration-held/restored.trx', LF will be replaced by CRLF the next time Git touches it
warning: in the working copy of '_workflow/local-wait-admission-gates-20261004/auto-relay-migration-terminal-seal-20261004-from-01a106f5/TERMINAL-LIFECYCLE-PLAN.md', LF will be replaced by CRLF the next time Git touches it
warning: in the working copy of '_workflow/local-wait-admission-gates-20261004/auto-relay-migration-terminal-seal-20261004-from-01a106f5/add-terminal-test.py', LF will be replaced by CRLF the next time Git touches it
warning: in the working copy of '_workflow/local-wait-admission-gates-20261004/auto-relay-migration-terminal-seal-20261004-from-01a106f5/complete-terminal-testid-coverage.py', LF will be replaced by CRLF the next time Git touches it
warning: in the working copy of '_workflow/local-wait-admission-gates-20261004/auto-relay-migration-terminal-seal-20261004-from-01a106f5/create-thread-result.json', LF will be replaced by CRLF the next time Git touches it
warning: in the working copy of '_workflow/local-wait-admission-gates-20261004/auto-relay-migration-terminal-seal-20261004-from-01a106f5/final-r2/full.trx', LF will be replaced by CRLF the next time Git touches it
warning: in the working copy of '_workflow/local-wait-admission-gates-20261004/auto-relay-migration-terminal-seal-20261004-from-01a106f5/final-r2/supplement.trx', LF will be replaced by CRLF the next time Git touches it
warning: in the working copy of '_workflow/local-wait-admission-gates-20261004/auto-relay-migration-terminal-seal-20261004-from-01a106f5/final-r2/target.trx', LF will be replaced by CRLF the next time Git touches it
warning: in the working copy of '_workflow/local-wait-admission-gates-20261004/auto-relay-migration-terminal-seal-20261004-from-01a106f5/fix-terminal-lifecycle.py', LF will be replaced by CRLF the next time Git touches it
warning: in the working copy of '_workflow/local-wait-admission-gates-20261004/auto-relay-migration-terminal-seal-20261004-from-01a106f5/green/full.trx', LF will be replaced by CRLF the next time Git touches it
warning: in the working copy of '_workflow/local-wait-admission-gates-20261004/auto-relay-migration-terminal-seal-20261004-from-01a106f5/green/target.trx', LF will be replaced by CRLF the next time Git touches it
warning: in the working copy of '_workflow/local-wait-admission-gates-20261004/auto-relay-migration-terminal-seal-20261004-from-01a106f5/handoff-metadata-commit.log', LF will be replaced by CRLF the next time Git touches it
warning: in the working copy of '_workflow/local-wait-admission-gates-20261004/auto-relay-migration-terminal-seal-20261004-from-01a106f5/new-goal-readback.json', LF will be replaced by CRLF the next time Git touches it
warning: in the working copy of '_workflow/local-wait-admission-gates-20261004/auto-relay-migration-terminal-seal-20261004-from-01a106f5/preseal/target.trx', LF will be replaced by CRLF the next time Git touches it
warning: in the working copy of '_workflow/local-wait-admission-gates-20261004/auto-relay-migration-terminal-seal-20261004-from-01a106f5/red.trx', LF will be replaced by CRLF the next time Git touches it
warning: in the working copy of '_workflow/local-wait-admission-gates-20261004/auto-relay-migration-terminal-seal-20261004-from-01a106f5/rerun-target.trx', LF will be replaced by CRLF the next time Git touches it
warning: in the working copy of '_workflow/local-wait-admission-gates-20261004/auto-relay-migration-terminal-seal-20261004-from-01a106f5/run-terminal-final.py', LF will be replaced by CRLF the next time Git touches it
warning: in the working copy of '_workflow/local-wait-admission-gates-20261004/auto-relay-migration-terminal-seal-20261004-from-01a106f5/save-terminal-checkpoint.py', LF will be replaced by CRLF the next time Git touches it
warning: in the working copy of '_workflow/local-wait-admission-gates-20261004/auto-relay-migration-terminal-seal-20261004-from-01a106f5/source-status.txt', LF will be replaced by CRLF the next time Git touches it
warning: in the working copy of '_workflow/local-wait-admission-gates-20261004/auto-relay-migration-terminal-seal-20261004-from-01a106f5/verify-terminal-mutations.py', LF will be replaced by CRLF the next time Git touches it
Auto packing the repository for optimum performance.
See "git help gc" for manual housekeeping.
warning: There are too many unreachable loose objects; run 'git prune' to remove them.
