<?xml version="1.0" encoding="utf-8"?>
<TestRun id="3dd908b2-a0e3-49f7-b83a-463f1557fbd8" name="kaedelcb@KAEDELCBPC 2026-10-04 15:00:23" runUser="KAEDELCBPC\kaedelcb" xmlns="http://microsoft.com/schemas/VisualStudio/TeamTest/2010">
  <Times creation="2026-10-04T15:00:23.7094984+08:00" queuing="2026-10-04T15:00:23.7094985+08:00" start="2026-10-04T15:00:22.1397568+08:00" finish="2026-10-04T15:00:23.8411793+08:00" />
  <TestSettings name="default" id="2fbde460-fec0-4787-a8fe-3902670be891">
    <Deployment runDeploymentRoot="kaedelcb_KAEDELCBPC_2026-10-04_15_00_23" />
  </TestSettings>
  <Results>
    <UnitTestResult executionId="c004e421-0492-4919-9d21-73424763d660" testId="42e7746a-9093-f973-1aa4-a633d9f9d4d6" testName="MultiplayerHoeingAssistant.UnitTest.ServiceTests.TaskCenter.TaskCenterSuccessorPathGateTests.OriginalHost_RunnerRecoveryUsesOriginalRoundAndStrictFacadeClosure(scenario: &quot;history-archive-conflict&quot;)" computerName="KAEDELCBPC" duration="00:00:00.0762816" startTime="2026-10-04T15:00:23.6820733+08:00" endTime="2026-10-04T15:00:23.6820734+08:00" testType="13cdc9d9-ddb5-4fa4-a97d-d965ccfc6d4b" outcome="Failed" testListId="8c84fa94-04c1-424b-9868-57a2d4851a1d" relativeResultsDirectory="c004e421-0492-4919-9d21-73424763d660">
      <Output>
        <ErrorInfo>
          <Message>lease_stale_generation</Message>
          <StackTrace>   at MultiplayerHoeingAssistant.UnitTest.ServiceTests.TaskCenter.TaskCenterSuccessorPathGateTests.&lt;&gt;c__DisplayClass0_0.&lt;&lt;OriginalHost_RunnerRecoveryUsesOriginalRoundAndStrictFacadeClosure&gt;b__4&gt;d.MoveNext() in E:\Program Files\better-genshin-impact-LCB\Test\MultiplayerHoeingAssistant.UnitTest\ServiceTests\TaskCenter\TaskCenterSuccessorPathGateTests.cs:line 169&#xD;
--- End of stack trace from previous location ---&#xD;
   at MultiplayerHoeingAssistant.UnitTest.ServiceTests.TaskCenter.TaskCenterSuccessorPathGateTests.ProbeNodeSubmitRoutingAsync(String root, Boolean successorWired, Action`1 concurrentWriteBeforeSend, Action`2 onBeforeSend, String[] nodeIds, Action afterLedgerBeforeClose, TaskCompletionSource holdFirstAccept, Func`1 beforeSuccessorAdmission, Action`3 onBeforeSendWithPayload, Action`1 configurePort, Action`1 configureSeams, Action`1 configureRuns, Boolean startViaHandoff, Action`1 afterOccupyBeforeSend, Func`5 afterConverged) in E:\Program Files\better-genshin-impact-LCB\Test\MultiplayerHoeingAssistant.UnitTest\ServiceTests\TaskCenter\TaskCenterSuccessorPathGateTests.cs:line 1951&#xD;
   at MultiplayerHoeingAssistant.UnitTest.ServiceTests.TaskCenter.TaskCenterSuccessorPathGateTests.ProbeNodeSubmitRoutingAsync(String root, Boolean successorWired, Action`1 concurrentWriteBeforeSend, Action`2 onBeforeSend, String[] nodeIds, Action afterLedgerBeforeClose, TaskCompletionSource holdFirstAccept, Func`1 beforeSuccessorAdmission, Action`3 onBeforeSendWithPayload, Action`1 configurePort, Action`1 configureSeams, Action`1 configureRuns, Boolean startViaHandoff, Action`1 afterOccupyBeforeSend, Func`5 afterConverged) in E:\Program Files\better-genshin-impact-LCB\Test\MultiplayerHoeingAssistant.UnitTest\ServiceTests\TaskCenter\TaskCenterSuccessorPathGateTests.cs:line 1995&#xD;
   at MultiplayerHoeingAssistant.UnitTest.ServiceTests.TaskCenter.TaskCenterSuccessorPathGateTests.OriginalHost_RunnerRecoveryUsesOriginalRoundAndStrictFacadeClosure(String scenario) in E:\Program Files\better-genshin-impact-LCB\Test\MultiplayerHoeingAssistant.UnitTest\ServiceTests\TaskCenter\TaskCenterSuccessorPathGateTests.cs:line 72&#xD;
--- End of stack trace from previous location ---</StackTrace>
        </ErrorInfo>
      </Output>
    </UnitTestResult>
    <UnitTestResult executionId="f9717a27-b470-4b75-9fb5-3deb2f747120" testId="4c4675fa-6ef0-b0c6-5263-923c26414505" testName="MultiplayerHoeingAssistant.UnitTest.ServiceTests.TaskCenter.TaskCenterSuccessorPathGateTests.OriginalHost_RunnerRecoveryUsesOriginalRoundAndStrictFacadeClosure(scenario: &quot;history-exited&quot;)" computerName="KAEDELCBPC" duration="00:00:00.1134560" startTime="2026-10-04T15:00:23.2063711+08:00" endTime="2026-10-04T15:00:23.2063712+08:00" testType="13cdc9d9-ddb5-4fa4-a97d-d965ccfc6d4b" outcome="Passed" testListId="8c84fa94-04c1-424b-9868-57a2d4851a1d" relativeResultsDirectory="f9717a27-b470-4b75-9fb5-3deb2f747120" />
    <UnitTestResult executionId="24eb2b96-b766-4a80-9e8c-233ddaf57e94" testId="ae0a4223-3e0f-79fa-8e42-ec9c26af7c5b" testName="MultiplayerHoeingAssistant.UnitTest.ServiceTests.TaskCenter.TaskCenterSuccessorPathGateTests.OriginalHost_RunnerRecoveryUsesOriginalRoundAndStrictFacadeClosure(scenario: &quot;history-publish&quot;)" computerName="KAEDELCBPC" duration="00:00:00.1163828" startTime="2026-10-04T15:00:23.4049812+08:00" endTime="2026-10-04T15:00:23.4049813+08:00" testType="13cdc9d9-ddb5-4fa4-a97d-d965ccfc6d4b" outcome="Passed" testListId="8c84fa94-04c1-424b-9868-57a2d4851a1d" relativeResultsDirectory="24eb2b96-b766-4a80-9e8c-233ddaf57e94" />
    <UnitTestResult executionId="f4e1b92f-7678-4a03-a79a-cd1d68acfac5" testId="f8d3a1e5-3381-dc65-a71d-fd6f6e12dad1" testName="MultiplayerHoeingAssistant.UnitTest.ServiceTests.TaskCenter.TaskCenterSuccessorPathGateTests.OriginalHost_RunnerRecoveryUsesOriginalRoundAndStrictFacadeClosure(scenario: &quot;stop-exited&quot;)" computerName="KAEDELCBPC" duration="00:00:00.3001837" startTime="2026-10-04T15:00:22.8932829+08:00" endTime="2026-10-04T15:00:22.8932910+08:00" testType="13cdc9d9-ddb5-4fa4-a97d-d965ccfc6d4b" outcome="Passed" testListId="8c84fa94-04c1-424b-9868-57a2d4851a1d" relativeResultsDirectory="f4e1b92f-7678-4a03-a79a-cd1d68acfac5" />
    <UnitTestResult executionId="ac4d9d64-3e69-4e22-878e-6039d4ffcc82" testId="a3d241b2-8778-abe4-3cb3-196fc2706bb0" testName="MultiplayerHoeingAssistant.UnitTest.ServiceTests.TaskCenter.TaskCenterSuccessorPathGateTests.OriginalHost_RunnerRecoveryUsesOriginalRoundAndStrictFacadeClosure(scenario: &quot;history-settle&quot;)" computerName="KAEDELCBPC" duration="00:00:00.1204008" startTime="2026-10-04T15:00:23.0136143+08:00" endTime="2026-10-04T15:00:23.0136145+08:00" testType="13cdc9d9-ddb5-4fa4-a97d-d965ccfc6d4b" outcome="Passed" testListId="8c84fa94-04c1-424b-9868-57a2d4851a1d" relativeResultsDirectory="ac4d9d64-3e69-4e22-878e-6039d4ffcc82" />
    <UnitTestResult executionId="98854805-f2a5-49ec-ba5b-3a4e9bf42936" testId="33500870-4c54-5c0a-1a6b-5b9d28ad1aef" testName="MultiplayerHoeingAssistant.UnitTest.ServiceTests.TaskCenter.TaskCenterSuccessorPathGateTests.OriginalHost_RunnerRecoveryUsesOriginalRoundAndStrictFacadeClosure(scenario: &quot;history-archive&quot;)" computerName="KAEDELCBPC" duration="00:00:00.0957019" startTime="2026-10-04T15:00:23.6074480+08:00" endTime="2026-10-04T15:00:23.6074481+08:00" testType="13cdc9d9-ddb5-4fa4-a97d-d965ccfc6d4b" outcome="Failed" testListId="8c84fa94-04c1-424b-9868-57a2d4851a1d" relativeResultsDirectory="98854805-f2a5-49ec-ba5b-3a4e9bf42936">
      <Output>
        <ErrorInfo>
          <Message>lease_stale_generation</Message>
          <StackTrace>   at MultiplayerHoeingAssistant.UnitTest.ServiceTests.TaskCenter.TaskCenterSuccessorPathGateTests.&lt;&gt;c__DisplayClass0_0.&lt;&lt;OriginalHost_RunnerRecoveryUsesOriginalRoundAndStrictFacadeClosure&gt;b__4&gt;d.MoveNext() in E:\Program Files\better-genshin-impact-LCB\Test\MultiplayerHoeingAssistant.UnitTest\ServiceTests\TaskCenter\TaskCenterSuccessorPathGateTests.cs:line 169&#xD;
--- End of stack trace from previous location ---&#xD;
   at MultiplayerHoeingAssistant.UnitTest.ServiceTests.TaskCenter.TaskCenterSuccessorPathGateTests.ProbeNodeSubmitRoutingAsync(String root, Boolean successorWired, Action`1 concurrentWriteBeforeSend, Action`2 onBeforeSend, String[] nodeIds, Action afterLedgerBeforeClose, TaskCompletionSource holdFirstAccept, Func`1 beforeSuccessorAdmission, Action`3 onBeforeSendWithPayload, Action`1 configurePort, Action`1 configureSeams, Action`1 configureRuns, Boolean startViaHandoff, Action`1 afterOccupyBeforeSend, Func`5 afterConverged) in E:\Program Files\better-genshin-impact-LCB\Test\MultiplayerHoeingAssistant.UnitTest\ServiceTests\TaskCenter\TaskCenterSuccessorPathGateTests.cs:line 1951&#xD;
   at MultiplayerHoeingAssistant.UnitTest.ServiceTests.TaskCenter.TaskCenterSuccessorPathGateTests.ProbeNodeSubmitRoutingAsync(String root, Boolean successorWired, Action`1 concurrentWriteBeforeSend, Action`2 onBeforeSend, String[] nodeIds, Action afterLedgerBeforeClose, TaskCompletionSource holdFirstAccept, Func`1 beforeSuccessorAdmission, Action`3 onBeforeSendWithPayload, Action`1 configurePort, Action`1 configureSeams, Action`1 configureRuns, Boolean startViaHandoff, Action`1 afterOccupyBeforeSend, Func`5 afterConverged) in E:\Program Files\better-genshin-impact-LCB\Test\MultiplayerHoeingAssistant.UnitTest\ServiceTests\TaskCenter\TaskCenterSuccessorPathGateTests.cs:line 1995&#xD;
   at MultiplayerHoeingAssistant.UnitTest.ServiceTests.TaskCenter.TaskCenterSuccessorPathGateTests.OriginalHost_RunnerRecoveryUsesOriginalRoundAndStrictFacadeClosure(String scenario) in E:\Program Files\better-genshin-impact-LCB\Test\MultiplayerHoeingAssistant.UnitTest\ServiceTests\TaskCenter\TaskCenterSuccessorPathGateTests.cs:line 72&#xD;
--- End of stack trace from previous location ---</StackTrace>
        </ErrorInfo>
      </Output>
    </UnitTestResult>
    <UnitTestResult executionId="73adbe4c-e860-4421-abff-11d9e5f28d6e" testId="db9c08f5-9a72-1377-8735-32e974fb0549" testName="MultiplayerHoeingAssistant.UnitTest.ServiceTests.TaskCenter.TaskCenterSuccessorPathGateTests.OriginalHost_RunnerRecoveryUsesOriginalRoundAndStrictFacadeClosure(scenario: &quot;stop-missing&quot;)" computerName="KAEDELCBPC" duration="00:00:00.0997521" startTime="2026-10-04T15:00:23.5048306+08:00" endTime="2026-10-04T15:00:23.5048308+08:00" testType="13cdc9d9-ddb5-4fa4-a97d-d965ccfc6d4b" outcome="Passed" testListId="8c84fa94-04c1-424b-9868-57a2d4851a1d" relativeResultsDirectory="73adbe4c-e860-4421-abff-11d9e5f28d6e" />
    <UnitTestResult executionId="bddd38a7-5c05-43b6-beec-29b444fbc00a" testId="255aefa3-ff81-6edd-96b3-99e698932898" testName="MultiplayerHoeingAssistant.UnitTest.ServiceTests.TaskCenter.TaskCenterSuccessorPathGateTests.OriginalHost_RunnerRecoveryUsesOriginalRoundAndStrictFacadeClosure(scenario: &quot;publish&quot;)" computerName="KAEDELCBPC" duration="00:00:00.0771918" startTime="2026-10-04T15:00:23.8057256+08:00" endTime="2026-10-04T15:00:23.8057257+08:00" testType="13cdc9d9-ddb5-4fa4-a97d-d965ccfc6d4b" outcome="Passed" testListId="8c84fa94-04c1-424b-9868-57a2d4851a1d" relativeResultsDirectory="bddd38a7-5c05-43b6-beec-29b444fbc00a" />
    <UnitTestResult executionId="3cbaa02e-0b7c-4c06-86a5-b60a0bdc9102" testId="11208037-20de-4191-7267-4cde34a767ad" testName="MultiplayerHoeingAssistant.UnitTest.ServiceTests.TaskCenter.TaskCenterSuccessorPathGateTests.OriginalHost_RunnerRecoveryUsesOriginalRoundAndStrictFacadeClosure(scenario: &quot;valid&quot;)" computerName="KAEDELCBPC" duration="00:00:00.0791427" startTime="2026-10-04T15:00:23.0928198+08:00" endTime="2026-10-04T15:00:23.0928199+08:00" testType="13cdc9d9-ddb5-4fa4-a97d-d965ccfc6d4b" outcome="Passed" testListId="8c84fa94-04c1-424b-9868-57a2d4851a1d" relativeResultsDirectory="3cbaa02e-0b7c-4c06-86a5-b60a0bdc9102" />
    <UnitTestResult executionId="7d254335-97b1-482a-8d9d-4b25b88e2ad3" testId="1e205646-5cdf-8162-f545-d0b5c538e297" testName="MultiplayerHoeingAssistant.UnitTest.ServiceTests.TaskCenter.TaskCenterSuccessorPathGateTests.OriginalHost_RunnerRecoveryUsesOriginalRoundAndStrictFacadeClosure(scenario: &quot;settle&quot;)" computerName="KAEDELCBPC" duration="00:00:00.0820259" startTime="2026-10-04T15:00:23.2884896+08:00" endTime="2026-10-04T15:00:23.2884897+08:00" testType="13cdc9d9-ddb5-4fa4-a97d-d965ccfc6d4b" outcome="Passed" testListId="8c84fa94-04c1-424b-9868-57a2d4851a1d" relativeResultsDirectory="7d254335-97b1-482a-8d9d-4b25b88e2ad3" />
    <UnitTestResult executionId="4029f1bb-449a-408c-988e-96b73fd37a23" testId="ac396ab7-5160-c1ec-d167-2eb741201d27" testName="MultiplayerHoeingAssistant.UnitTest.ServiceTests.TaskCenter.TaskCenterSuccessorPathGateTests.OriginalHost_RunnerRecoveryUsesOriginalRoundAndStrictFacadeClosure(scenario: &quot;missing-anchor&quot;)" computerName="KAEDELCBPC" duration="00:00:00.0467819" startTime="2026-10-04T15:00:23.7284377+08:00" endTime="2026-10-04T15:00:23.7284378+08:00" testType="13cdc9d9-ddb5-4fa4-a97d-d965ccfc6d4b" outcome="Passed" testListId="8c84fa94-04c1-424b-9868-57a2d4851a1d" relativeResultsDirectory="4029f1bb-449a-408c-988e-96b73fd37a23" />
  </Results>
  <TestDefinitions>
    <UnitTest name="MultiplayerHoeingAssistant.UnitTest.ServiceTests.TaskCenter.TaskCenterSuccessorPathGateTests.OriginalHost_RunnerRecoveryUsesOriginalRoundAndStrictFacadeClosure(scenario: &quot;missing-anchor&quot;)" storage="e:\program files\better-genshin-impact-lcb\_workflow\local-wait-admission-gates-20261004\g10-completion\products\multiplayerhoeingassistant.unittest.dll" id="ac396ab7-5160-c1ec-d167-2eb741201d27">
      <Execution id="4029f1bb-449a-408c-988e-96b73fd37a23" />
      <TestMethod codeBase="E:\Program Files\better-genshin-impact-LCB\_workflow\local-wait-admission-gates-20261004\g10-completion\products\MultiplayerHoeingAssistant.UnitTest.dll" adapterTypeName="executor://xunit/VsTestRunner2/netcoreapp" className="MultiplayerHoeingAssistant.UnitTest.ServiceTests.TaskCenter.TaskCenterSuccessorPathGateTests" name="OriginalHost_RunnerRecoveryUsesOriginalRoundAndStrictFacadeClosure" />
    </UnitTest>
    <UnitTest name="MultiplayerHoeingAssistant.UnitTest.ServiceTests.TaskCenter.TaskCenterSuccessorPathGateTests.OriginalHost_RunnerRecoveryUsesOriginalRoundAndStrictFacadeClosure(scenario: &quot;history-exited&quot;)" storage="e:\program files\better-genshin-impact-lcb\_workflow\local-wait-admission-gates-20261004\g10-completion\products\multiplayerhoeingassistant.unittest.dll" id="4c4675fa-6ef0-b0c6-5263-923c26414505">
      <Execution id="f9717a27-b470-4b75-9fb5-3deb2f747120" />
      <TestMethod codeBase="E:\Program Files\better-genshin-impact-LCB\_workflow\local-wait-admission-gates-20261004\g10-completion\products\MultiplayerHoeingAssistant.UnitTest.dll" adapterTypeName="executor://xunit/VsTestRunner2/netcoreapp" className="MultiplayerHoeingAssistant.UnitTest.ServiceTests.TaskCenter.TaskCenterSuccessorPathGateTests" name="OriginalHost_RunnerRecoveryUsesOriginalRoundAndStrictFacadeClosure" />
    </UnitTest>
    <UnitTest name="MultiplayerHoeingAssistant.UnitTest.ServiceTests.TaskCenter.TaskCenterSuccessorPathGateTests.OriginalHost_RunnerRecoveryUsesOriginalRoundAndStrictFacadeClosure(scenario: &quot;settle&quot;)" storage="e:\program files\better-genshin-impact-lcb\_workflow\local-wait-admission-gates-20261004\g10-completion\products\multiplayerhoeingassistant.unittest.dll" id="1e205646-5cdf-8162-f545-d0b5c538e297">
      <Execution id="7d254335-97b1-482a-8d9d-4b25b88e2ad3" />
      <TestMethod codeBase="E:\Program Files\better-genshin-impact-LCB\_workflow\local-wait-admission-gates-20261004\g10-completion\products\MultiplayerHoeingAssistant.UnitTest.dll" adapterTypeName="executor://xunit/VsTestRunner2/netcoreapp" className="MultiplayerHoeingAssistant.UnitTest.ServiceTests.TaskCenter.TaskCenterSuccessorPathGateTests" name="OriginalHost_RunnerRecoveryUsesOriginalRoundAndStrictFacadeClosure" />
    </UnitTest>
    <UnitTest name="MultiplayerHoeingAssistant.UnitTest.ServiceTests.TaskCenter.TaskCenterSuccessorPathGateTests.OriginalHost_RunnerRecoveryUsesOriginalRoundAndStrictFacadeClosure(scenario: &quot;stop-missing&quot;)" storage="e:\program files\better-genshin-impact-lcb\_workflow\local-wait-admission-gates-20261004\g10-completion\products\multiplayerhoeingassistant.unittest.dll" id="db9c08f5-9a72-1377-8735-32e974fb0549">
      <Execution id="73adbe4c-e860-4421-abff-11d9e5f28d6e" />
      <TestMethod codeBase="E:\Program Files\better-genshin-impact-LCB\_workflow\local-wait-admission-gates-20261004\g10-completion\products\MultiplayerHoeingAssistant.UnitTest.dll" adapterTypeName="executor://xunit/VsTestRunner2/netcoreapp" className="MultiplayerHoeingAssistant.UnitTest.ServiceTests.TaskCenter.TaskCenterSuccessorPathGateTests" name="OriginalHost_RunnerRecoveryUsesOriginalRoundAndStrictFacadeClosure" />
    </UnitTest>
    <UnitTest name="MultiplayerHoeingAssistant.UnitTest.ServiceTests.TaskCenter.TaskCenterSuccessorPathGateTests.OriginalHost_RunnerRecoveryUsesOriginalRoundAndStrictFacadeClosure(scenario: &quot;history-archive&quot;)" storage="e:\program files\better-genshin-impact-lcb\_workflow\local-wait-admission-gates-20261004\g10-completion\products\multiplayerhoeingassistant.unittest.dll" id="33500870-4c54-5c0a-1a6b-5b9d28ad1aef">
      <Execution id="98854805-f2a5-49ec-ba5b-3a4e9bf42936" />
      <TestMethod codeBase="E:\Program Files\better-genshin-impact-LCB\_workflow\local-wait-admission-gates-20261004\g10-completion\products\MultiplayerHoeingAssistant.UnitTest.dll" adapterTypeName="executor://xunit/VsTestRunner2/netcoreapp" className="MultiplayerHoeingAssistant.UnitTest.ServiceTests.TaskCenter.TaskCenterSuccessorPathGateTests" name="OriginalHost_RunnerRecoveryUsesOriginalRoundAndStrictFacadeClosure" />
    </UnitTest>
    <UnitTest name="MultiplayerHoeingAssistant.UnitTest.ServiceTests.TaskCenter.TaskCenterSuccessorPathGateTests.OriginalHost_RunnerRecoveryUsesOriginalRoundAndStrictFacadeClosure(scenario: &quot;history-publish&quot;)" storage="e:\program files\better-genshin-impact-lcb\_workflow\local-wait-admission-gates-20261004\g10-completion\products\multiplayerhoeingassistant.unittest.dll" id="ae0a4223-3e0f-79fa-8e42-ec9c26af7c5b">
      <Execution id="24eb2b96-b766-4a80-9e8c-233ddaf57e94" />
      <TestMethod codeBase="E:\Program Files\better-genshin-impact-LCB\_workflow\local-wait-admission-gates-20261004\g10-completion\products\MultiplayerHoeingAssistant.UnitTest.dll" adapterTypeName="executor://xunit/VsTestRunner2/netcoreapp" className="MultiplayerHoeingAssistant.UnitTest.ServiceTests.TaskCenter.TaskCenterSuccessorPathGateTests" name="OriginalHost_RunnerRecoveryUsesOriginalRoundAndStrictFacadeClosure" />
    </UnitTest>
    <UnitTest name="MultiplayerHoeingAssistant.UnitTest.ServiceTests.TaskCenter.TaskCenterSuccessorPathGateTests.OriginalHost_RunnerRecoveryUsesOriginalRoundAndStrictFacadeClosure(scenario: &quot;history-settle&quot;)" storage="e:\program files\better-genshin-impact-lcb\_workflow\local-wait-admission-gates-20261004\g10-completion\products\multiplayerhoeingassistant.unittest.dll" id="a3d241b2-8778-abe4-3cb3-196fc2706bb0">
      <Execution id="ac4d9d64-3e69-4e22-878e-6039d4ffcc82" />
      <TestMethod codeBase="E:\Program Files\better-genshin-impact-LCB\_workflow\local-wait-admission-gates-20261004\g10-completion\products\MultiplayerHoeingAssistant.UnitTest.dll" adapterTypeName="executor://xunit/VsTestRunner2/netcoreapp" className="MultiplayerHoeingAssistant.UnitTest.ServiceTests.TaskCenter.TaskCenterSuccessorPathGateTests" name="OriginalHost_RunnerRecoveryUsesOriginalRoundAndStrictFacadeClosure" />
    </UnitTest>
    <UnitTest name="MultiplayerHoeingAssistant.UnitTest.ServiceTests.TaskCenter.TaskCenterSuccessorPathGateTests.OriginalHost_RunnerRecoveryUsesOriginalRoundAndStrictFacadeClosure(scenario: &quot;publish&quot;)" storage="e:\program files\better-genshin-impact-lcb\_workflow\local-wait-admission-gates-20261004\g10-completion\products\multiplayerhoeingassistant.unittest.dll" id="255aefa3-ff81-6edd-96b3-99e698932898">
      <Execution id="bddd38a7-5c05-43b6-beec-29b444fbc00a" />
      <TestMethod codeBase="E:\Program Files\better-genshin-impact-LCB\_workflow\local-wait-admission-gates-20261004\g10-completion\products\MultiplayerHoeingAssistant.UnitTest.dll" adapterTypeName="executor://xunit/VsTestRunner2/netcoreapp" className="MultiplayerHoeingAssistant.UnitTest.ServiceTests.TaskCenter.TaskCenterSuccessorPathGateTests" name="OriginalHost_RunnerRecoveryUsesOriginalRoundAndStrictFacadeClosure" />
    </UnitTest>
    <UnitTest name="MultiplayerHoeingAssistant.UnitTest.ServiceTests.TaskCenter.TaskCenterSuccessorPathGateTests.OriginalHost_RunnerRecoveryUsesOriginalRoundAndStrictFacadeClosure(scenario: &quot;stop-exited&quot;)" storage="e:\program files\better-genshin-impact-lcb\_workflow\local-wait-admission-gates-20261004\g10-completion\products\multiplayerhoeingassistant.unittest.dll" id="f8d3a1e5-3381-dc65-a71d-fd6f6e12dad1">
      <Execution id="f4e1b92f-7678-4a03-a79a-cd1d68acfac5" />
      <TestMethod codeBase="E:\Program Files\better-genshin-impact-LCB\_workflow\local-wait-admission-gates-20261004\g10-completion\products\MultiplayerHoeingAssistant.UnitTest.dll" adapterTypeName="executor://xunit/VsTestRunner2/netcoreapp" className="MultiplayerHoeingAssistant.UnitTest.ServiceTests.TaskCenter.TaskCenterSuccessorPathGateTests" name="OriginalHost_RunnerRecoveryUsesOriginalRoundAndStrictFacadeClosure" />
    </UnitTest>
    <UnitTest name="MultiplayerHoeingAssistant.UnitTest.ServiceTests.TaskCenter.TaskCenterSuccessorPathGateTests.OriginalHost_RunnerRecoveryUsesOriginalRoundAndStrictFacadeClosure(scenario: &quot;valid&quot;)" storage="e:\program files\better-genshin-impact-lcb\_workflow\local-wait-admission-gates-20261004\g10-completion\products\multiplayerhoeingassistant.unittest.dll" id="11208037-20de-4191-7267-4cde34a767ad">
      <Execution id="3cbaa02e-0b7c-4c06-86a5-b60a0bdc9102" />
      <TestMethod codeBase="E:\Program Files\better-genshin-impact-LCB\_workflow\local-wait-admission-gates-20261004\g10-completion\products\MultiplayerHoeingAssistant.UnitTest.dll" adapterTypeName="executor://xunit/VsTestRunner2/netcoreapp" className="MultiplayerHoeingAssistant.UnitTest.ServiceTests.TaskCenter.TaskCenterSuccessorPathGateTests" name="OriginalHost_RunnerRecoveryUsesOriginalRoundAndStrictFacadeClosure" />
    </UnitTest>
    <UnitTest name="MultiplayerHoeingAssistant.UnitTest.ServiceTests.TaskCenter.TaskCenterSuccessorPathGateTests.OriginalHost_RunnerRecoveryUsesOriginalRoundAndStrictFacadeClosure(scenario: &quot;history-archive-conflict&quot;)" storage="e:\program files\better-genshin-impact-lcb\_workflow\local-wait-admission-gates-20261004\g10-completion\products\multiplayerhoeingassistant.unittest.dll" id="42e7746a-9093-f973-1aa4-a633d9f9d4d6">
      <Execution id="c004e421-0492-4919-9d21-73424763d660" />
      <TestMethod codeBase="E:\Program Files\better-genshin-impact-LCB\_workflow\local-wait-admission-gates-20261004\g10-completion\products\MultiplayerHoeingAssistant.UnitTest.dll" adapterTypeName="executor://xunit/VsTestRunner2/netcoreapp" className="MultiplayerHoeingAssistant.UnitTest.ServiceTests.TaskCenter.TaskCenterSuccessorPathGateTests" name="OriginalHost_RunnerRecoveryUsesOriginalRoundAndStrictFacadeClosure" />
    </UnitTest>
  </TestDefinitions>
  <TestEntries>
    <TestEntry testId="42e7746a-9093-f973-1aa4-a633d9f9d4d6" executionId="c004e421-0492-4919-9d21-73424763d660" testListId="8c84fa94-04c1-424b-9868-57a2d4851a1d" />
    <TestEntry testId="4c4675fa-6ef0-b0c6-5263-923c26414505" executionId="f9717a27-b470-4b75-9fb5-3deb2f747120" testListId="8c84fa94-04c1-424b-9868-57a2d4851a1d" />
    <TestEntry testId="ae0a4223-3e0f-79fa-8e42-ec9c26af7c5b" executionId="24eb2b96-b766-4a80-9e8c-233ddaf57e94" testListId="8c84fa94-04c1-424b-9868-57a2d4851a1d" />
    <TestEntry testId="f8d3a1e5-3381-dc65-a71d-fd6f6e12dad1" executionId="f4e1b92f-7678-4a03-a79a-cd1d68acfac5" testListId="8c84fa94-04c1-424b-9868-57a2d4851a1d" />
    <TestEntry testId="a3d241b2-8778-abe4-3cb3-196fc2706bb0" executionId="ac4d9d64-3e69-4e22-878e-6039d4ffcc82" testListId="8c84fa94-04c1-424b-9868-57a2d4851a1d" />
    <TestEntry testId="33500870-4c54-5c0a-1a6b-5b9d28ad1aef" executionId="98854805-f2a5-49ec-ba5b-3a4e9bf42936" testListId="8c84fa94-04c1-424b-9868-57a2d4851a1d" />
    <TestEntry testId="db9c08f5-9a72-1377-8735-32e974fb0549" executionId="73adbe4c-e860-4421-abff-11d9e5f28d6e" testListId="8c84fa94-04c1-424b-9868-57a2d4851a1d" />
    <TestEntry testId="255aefa3-ff81-6edd-96b3-99e698932898" executionId="bddd38a7-5c05-43b6-beec-29b444fbc00a" testListId="8c84fa94-04c1-424b-9868-57a2d4851a1d" />
    <TestEntry testId="11208037-20de-4191-7267-4cde34a767ad" executionId="3cbaa02e-0b7c-4c06-86a5-b60a0bdc9102" testListId="8c84fa94-04c1-424b-9868-57a2d4851a1d" />
    <TestEntry testId="1e205646-5cdf-8162-f545-d0b5c538e297" executionId="7d254335-97b1-482a-8d9d-4b25b88e2ad3" testListId="8c84fa94-04c1-424b-9868-57a2d4851a1d" />
    <TestEntry testId="ac396ab7-5160-c1ec-d167-2eb741201d27" executionId="4029f1bb-449a-408c-988e-96b73fd37a23" testListId="8c84fa94-04c1-424b-9868-57a2d4851a1d" />
  </TestEntries>
  <TestLists>
    <TestList name="列表中未列出的结果" id="8c84fa94-04c1-424b-9868-57a2d4851a1d" />
    <TestList name="所有已加载的结果" id="19431567-8539-422a-85d7-44ee4e166bda" />
  </TestLists>
  <ResultSummary outcome="Failed">
    <Counters total="11" executed="11" passed="9" failed="2" error="0" timeout="0" aborted="0" inconclusive="0" passedButRunAborted="0" notRunnable="0" notExecuted="0" disconnected="0" warning="0" completed="0" inProgress="0" pending="0" />
    <Output>
      <StdOut>[xUnit.net 00:00:00.00] xUnit.net VSTest Adapter v2.5.3.1+6b60a9e56a (64-bit .NET 8.0.14)&#xD;
[xUnit.net 00:00:00.07]   Discovering: MultiplayerHoeingAssistant.UnitTest&#xD;
[xUnit.net 00:00:00.20]   Discovered:  MultiplayerHoeingAssistant.UnitTest&#xD;
[xUnit.net 00:00:00.20]   Starting:    MultiplayerHoeingAssistant.UnitTest&#xD;
[xUnit.net 00:00:01.24]       lease_stale_generation&#xD;
[xUnit.net 00:00:01.24]       Stack Trace:&#xD;
[xUnit.net 00:00:01.24]         E:\Program Files\better-genshin-impact-LCB\Test\MultiplayerHoeingAssistant.UnitTest\ServiceTests\TaskCenter\TaskCenterSuccessorPathGateTests.cs(169,0): at MultiplayerHoeingAssistant.UnitTest.ServiceTests.TaskCenter.TaskCenterSuccessorPathGateTests.&lt;&gt;c__DisplayClass0_0.&lt;&lt;OriginalHost_RunnerRecoveryUsesOriginalRoundAndStrictFacadeClosure&gt;b__4&gt;d.MoveNext()&#xD;
[xUnit.net 00:00:01.24]         --- End of stack trace from previous location ---&#xD;
[xUnit.net 00:00:01.24]         E:\Program Files\better-genshin-impact-LCB\Test\MultiplayerHoeingAssistant.UnitTest\ServiceTests\TaskCenter\TaskCenterSuccessorPathGateTests.cs(1951,0): at MultiplayerHoeingAssistant.UnitTest.ServiceTests.TaskCenter.TaskCenterSuccessorPathGateTests.ProbeNodeSubmitRoutingAsync(String root, Boolean successorWired, Action`1 concurrentWriteBeforeSend, Action`2 onBeforeSend, String[] nodeIds, Action afterLedgerBeforeClose, TaskCompletionSource holdFirstAccept, Func`1 beforeSuccessorAdmission, Action`3 onBeforeSendWithPayload, Action`1 configurePort, Action`1 configureSeams, Action`1 configureRuns, Boolean startViaHandoff, Action`1 afterOccupyBeforeSend, Func`5 afterConverged)&#xD;
[xUnit.net 00:00:01.24]         E:\Program Files\better-genshin-impact-LCB\Test\MultiplayerHoeingAssistant.UnitTest\ServiceTests\TaskCenter\TaskCenterSuccessorPathGateTests.cs(1995,0): at MultiplayerHoeingAssistant.UnitTest.ServiceTests.TaskCenter.TaskCenterSuccessorPathGateTests.ProbeNodeSubmitRoutingAsync(String root, Boolean successorWired, Action`1 concurrentWriteBeforeSend, Action`2 onBeforeSend, String[] nodeIds, Action afterLedgerBeforeClose, TaskCompletionSource holdFirstAccept, Func`1 beforeSuccessorAdmission, Action`3 onBeforeSendWithPayload, Action`1 configurePort, Action`1 configureSeams, Action`1 configureRuns, Boolean startViaHandoff, Action`1 afterOccupyBeforeSend, Func`5 afterConverged)&#xD;
[xUnit.net 00:00:01.24]         E:\Program Files\better-genshin-impact-LCB\Test\MultiplayerHoeingAssistant.UnitTest\ServiceTests\TaskCenter\TaskCenterSuccessorPathGateTests.cs(72,0): at MultiplayerHoeingAssistant.UnitTest.ServiceTests.TaskCenter.TaskCenterSuccessorPathGateTests.OriginalHost_RunnerRecoveryUsesOriginalRoundAndStrictFacadeClosure(String scenario)&#xD;
[xUnit.net 00:00:01.24]         --- End of stack trace from previous location ---&#xD;
[xUnit.net 00:00:01.31]       lease_stale_generation&#xD;
[xUnit.net 00:00:01.31]       Stack Trace:&#xD;
[xUnit.net 00:00:01.31]         E:\Program Files\better-genshin-impact-LCB\Test\MultiplayerHoeingAssistant.UnitTest\ServiceTests\TaskCenter\TaskCenterSuccessorPathGateTests.cs(169,0): at MultiplayerHoeingAssistant.UnitTest.ServiceTests.TaskCenter.TaskCenterSuccessorPathGateTests.&lt;&gt;c__DisplayClass0_0.&lt;&lt;OriginalHost_RunnerRecoveryUsesOriginalRoundAndStrictFacadeClosure&gt;b__4&gt;d.MoveNext()&#xD;
[xUnit.net 00:00:01.31]         --- End of stack trace from previous location ---&#xD;
[xUnit.net 00:00:01.31]         E:\Program Files\better-genshin-impact-LCB\Test\MultiplayerHoeingAssistant.UnitTest\ServiceTests\TaskCenter\TaskCenterSuccessorPathGateTests.cs(1951,0): at MultiplayerHoeingAssistant.UnitTest.ServiceTests.TaskCenter.TaskCenterSuccessorPathGateTests.ProbeNodeSubmitRoutingAsync(String root, Boolean successorWired, Action`1 concurrentWriteBeforeSend, Action`2 onBeforeSend, String[] nodeIds, Action afterLedgerBeforeClose, TaskCompletionSource holdFirstAccept, Func`1 beforeSuccessorAdmission, Action`3 onBeforeSendWithPayload, Action`1 configurePort, Action`1 configureSeams, Action`1 configureRuns, Boolean startViaHandoff, Action`1 afterOccupyBeforeSend, Func`5 afterConverged)&#xD;
[xUnit.net 00:00:01.31]         E:\Program Files\better-genshin-impact-LCB\Test\MultiplayerHoeingAssistant.UnitTest\ServiceTests\TaskCenter\TaskCenterSuccessorPathGateTests.cs(1995,0): at MultiplayerHoeingAssistant.UnitTest.ServiceTests.TaskCenter.TaskCenterSuccessorPathGateTests.ProbeNodeSubmitRoutingAsync(String root, Boolean successorWired, Action`1 concurrentWriteBeforeSend, Action`2 onBeforeSend, String[] nodeIds, Action afterLedgerBeforeClose, TaskCompletionSource holdFirstAccept, Func`1 beforeSuccessorAdmission, Action`3 onBeforeSendWithPayload, Action`1 configurePort, Action`1 configureSeams, Action`1 configureRuns, Boolean startViaHandoff, Action`1 afterOccupyBeforeSend, Func`5 afterConverged)&#xD;
[xUnit.net 00:00:01.31]         E:\Program Files\better-genshin-impact-LCB\Test\MultiplayerHoeingAssistant.UnitTest\ServiceTests\TaskCenter\TaskCenterSuccessorPathGateTests.cs(72,0): at MultiplayerHoeingAssistant.UnitTest.ServiceTests.TaskCenter.TaskCenterSuccessorPathGateTests.OriginalHost_RunnerRecoveryUsesOriginalRoundAndStrictFacadeClosure(String scenario)&#xD;
[xUnit.net 00:00:01.31]         --- End of stack trace from previous location ---&#xD;
[xUnit.net 00:00:01.44]   Finished:    MultiplayerHoeingAssistant.UnitTest&#xD;
</StdOut>
    </Output>
    <RunInfos>
      <RunInfo computerName="KAEDELCBPC" outcome="Error" timestamp="2026-10-04T15:00:23.6064014+08:00">
        <Text>[xUnit.net 00:00:01.24]     MultiplayerHoeingAssistant.UnitTest.ServiceTests.TaskCenter.TaskCenterSuccessorPathGateTests.OriginalHost_RunnerRecoveryUsesOriginalRoundAndStrictFacadeClosure(scenario: "history-archive") [FAIL]</Text>
      </RunInfo>
      <RunInfo computerName="KAEDELCBPC" outcome="Error" timestamp="2026-10-04T15:00:23.6819287+08:00">
        <Text>[xUnit.net 00:00:01.31]     MultiplayerHoeingAssistant.UnitTest.ServiceTests.TaskCenter.TaskCenterSuccessorPathGateTests.OriginalHost_RunnerRecoveryUsesOriginalRoundAndStrictFacadeClosure(scenario: "history-archive-conflict") [FAIL]</Text>
      </RunInfo>
    </RunInfos>
  </ResultSummary>
</TestRun>