<?xml version="1.0" encoding="utf-8"?>
<TestRun id="e5b5a6ce-f359-4a7e-8085-fc4209605307" name="kaedelcb@KAEDELCBPC 2026-10-04 14:56:38" runUser="KAEDELCBPC\kaedelcb" xmlns="http://microsoft.com/schemas/VisualStudio/TeamTest/2010">
  <Times creation="2026-10-04T14:56:38.9112170+08:00" queuing="2026-10-04T14:56:38.9112172+08:00" start="2026-10-04T14:56:37.4286359+08:00" finish="2026-10-04T14:56:38.9157788+08:00" />
  <TestSettings name="default" id="2451436f-119b-4cc8-b2cd-8564fa1c9f91">
    <Deployment runDeploymentRoot="kaedelcb_KAEDELCBPC_2026-10-04_14_56_38" />
  </TestSettings>
  <Results>
    <UnitTestResult executionId="a6b43c6b-d436-47b2-83e6-1e06499f039c" testId="11208037-20de-4191-7267-4cde34a767ad" testName="MultiplayerHoeingAssistant.UnitTest.ServiceTests.TaskCenter.TaskCenterSuccessorPathGateTests.OriginalHost_RunnerRecoveryUsesOriginalRoundAndStrictFacadeClosure(scenario: &quot;valid&quot;)" computerName="KAEDELCBPC" duration="00:00:00.0918086" startTime="2026-10-04T14:56:38.3385529+08:00" endTime="2026-10-04T14:56:38.3385531+08:00" testType="13cdc9d9-ddb5-4fa4-a97d-d965ccfc6d4b" outcome="Passed" testListId="8c84fa94-04c1-424b-9868-57a2d4851a1d" relativeResultsDirectory="a6b43c6b-d436-47b2-83e6-1e06499f039c" />
    <UnitTestResult executionId="6a5670e1-f0fa-48cf-a1fc-6c6608f6cb01" testId="1e205646-5cdf-8162-f545-d0b5c538e297" testName="MultiplayerHoeingAssistant.UnitTest.ServiceTests.TaskCenter.TaskCenterSuccessorPathGateTests.OriginalHost_RunnerRecoveryUsesOriginalRoundAndStrictFacadeClosure(scenario: &quot;settle&quot;)" computerName="KAEDELCBPC" duration="00:00:00.0965031" startTime="2026-10-04T14:56:38.5501474+08:00" endTime="2026-10-04T14:56:38.5501476+08:00" testType="13cdc9d9-ddb5-4fa4-a97d-d965ccfc6d4b" outcome="Passed" testListId="8c84fa94-04c1-424b-9868-57a2d4851a1d" relativeResultsDirectory="6a5670e1-f0fa-48cf-a1fc-6c6608f6cb01" />
    <UnitTestResult executionId="e0dd6198-c20c-426e-8113-6422106cdfa4" testId="f8d3a1e5-3381-dc65-a71d-fd6f6e12dad1" testName="MultiplayerHoeingAssistant.UnitTest.ServiceTests.TaskCenter.TaskCenterSuccessorPathGateTests.OriginalHost_RunnerRecoveryUsesOriginalRoundAndStrictFacadeClosure(scenario: &quot;stop-exited&quot;)" computerName="KAEDELCBPC" duration="00:00:00.2928736" startTime="2026-10-04T14:56:38.1661509+08:00" endTime="2026-10-04T14:56:38.1661594+08:00" testType="13cdc9d9-ddb5-4fa4-a97d-d965ccfc6d4b" outcome="Passed" testListId="8c84fa94-04c1-424b-9868-57a2d4851a1d" relativeResultsDirectory="e0dd6198-c20c-426e-8113-6422106cdfa4" />
    <UnitTestResult executionId="a747e10a-c30c-4b5d-a6c9-80a6fbdf0cd1" testId="ac396ab7-5160-c1ec-d167-2eb741201d27" testName="MultiplayerHoeingAssistant.UnitTest.ServiceTests.TaskCenter.TaskCenterSuccessorPathGateTests.OriginalHost_RunnerRecoveryUsesOriginalRoundAndStrictFacadeClosure(scenario: &quot;missing-anchor&quot;)" computerName="KAEDELCBPC" duration="00:00:00.0780092" startTime="2026-10-04T14:56:38.7766813+08:00" endTime="2026-10-04T14:56:38.7766814+08:00" testType="13cdc9d9-ddb5-4fa4-a97d-d965ccfc6d4b" outcome="Passed" testListId="8c84fa94-04c1-424b-9868-57a2d4851a1d" relativeResultsDirectory="a747e10a-c30c-4b5d-a6c9-80a6fbdf0cd1" />
    <UnitTestResult executionId="bf051e1c-3026-4087-89ba-b9c307f9c854" testId="4c4675fa-6ef0-b0c6-5263-923c26414505" testName="MultiplayerHoeingAssistant.UnitTest.ServiceTests.TaskCenter.TaskCenterSuccessorPathGateTests.OriginalHost_RunnerRecoveryUsesOriginalRoundAndStrictFacadeClosure(scenario: &quot;history-exited&quot;)" computerName="KAEDELCBPC" duration="00:00:00.1149140" startTime="2026-10-04T14:56:38.4535469+08:00" endTime="2026-10-04T14:56:38.4535470+08:00" testType="13cdc9d9-ddb5-4fa4-a97d-d965ccfc6d4b" outcome="Passed" testListId="8c84fa94-04c1-424b-9868-57a2d4851a1d" relativeResultsDirectory="bf051e1c-3026-4087-89ba-b9c307f9c854" />
    <UnitTestResult executionId="d3f0476c-d107-4817-973c-180398ec4bfd" testId="a3d241b2-8778-abe4-3cb3-196fc2706bb0" testName="MultiplayerHoeingAssistant.UnitTest.ServiceTests.TaskCenter.TaskCenterSuccessorPathGateTests.OriginalHost_RunnerRecoveryUsesOriginalRoundAndStrictFacadeClosure(scenario: &quot;history-settle&quot;)" computerName="KAEDELCBPC" duration="00:00:00.0754175" startTime="2026-10-04T14:56:38.2492008+08:00" endTime="2026-10-04T14:56:38.2492009+08:00" testType="13cdc9d9-ddb5-4fa4-a97d-d965ccfc6d4b" outcome="Failed" testListId="8c84fa94-04c1-424b-9868-57a2d4851a1d" relativeResultsDirectory="d3f0476c-d107-4817-973c-180398ec4bfd">
      <Output>
        <ErrorInfo>
          <Message>System.IO.IOException : historical facade settlement interrupted</Message>
          <StackTrace>   at MultiplayerHoeingAssistant.UnitTest.ServiceTests.TaskCenter.TaskCenterSuccessorPathGateTests.&lt;&gt;c.&lt;OriginalHost_RunnerRecoveryUsesOriginalRoundAndStrictFacadeClosure&gt;b__0_9() in E:\Program Files\better-genshin-impact-LCB\Test\MultiplayerHoeingAssistant.UnitTest\ServiceTests\TaskCenter\TaskCenterSuccessorPathGateTests.cs:line 118&#xD;
   at MultiplayerHoeingAssistant.Services.ArbitrationAdmissionService.ReconcileOutcomeAsync(AdmissionRequest request, LeaseSegment lease, LogicalOwnerLeaseFile occupiedFile, SendOutcome outcome, Nullable`1 acceptedAtUtc) in E:\Program Files\better-genshin-impact-LCB\MultiplayerHoeingAssistant\Services\TaskCenter\Arbitration\ArbitrationAdmissionService.cs:line 3214&#xD;
   at MultiplayerHoeingAssistant.Services.ArbitrationAdmissionService.SettleReconciledAsync(String requestIdentity, ReconcileSettlement settlement) in E:\Program Files\better-genshin-impact-LCB\MultiplayerHoeingAssistant\Services\TaskCenter\Arbitration\ArbitrationAdmissionService.cs:line 3569&#xD;
   at MultiplayerHoeingAssistant.Services.TaskCenterHost.SettleOriginalNodeAcceptanceAsync(WorkflowRunRecord run, NodeSendIdentity identity, String jobId) in E:\Program Files\better-genshin-impact-LCB\MultiplayerHoeingAssistant\Services\TaskCenter\TaskCenterHost.Admission.cs:line 2621&#xD;
   at MultiplayerHoeingAssistant.Services.TaskCenterHost.ReconcileUnknownRunForStopAsync(String runId) in E:\Program Files\better-genshin-impact-LCB\MultiplayerHoeingAssistant\Services\TaskCenter\TaskCenterHost.cs:line 688&#xD;
   at MultiplayerHoeingAssistant.Services.TaskCenterHost.RequestRunAction(String runId, WorkflowRunAction action) in E:\Program Files\better-genshin-impact-LCB\MultiplayerHoeingAssistant\Services\TaskCenter\TaskCenterHost.cs:line 461&#xD;
   at MultiplayerHoeingAssistant.UnitTest.ServiceTests.TaskCenter.TaskCenterSuccessorPathGateTests.&lt;&gt;c__DisplayClass0_0.&lt;&lt;OriginalHost_RunnerRecoveryUsesOriginalRoundAndStrictFacadeClosure&gt;b__4&gt;d.MoveNext() in E:\Program Files\better-genshin-impact-LCB\Test\MultiplayerHoeingAssistant.UnitTest\ServiceTests\TaskCenter\TaskCenterSuccessorPathGateTests.cs:line 120&#xD;
--- End of stack trace from previous location ---&#xD;
   at MultiplayerHoeingAssistant.UnitTest.ServiceTests.TaskCenter.TaskCenterSuccessorPathGateTests.ProbeNodeSubmitRoutingAsync(String root, Boolean successorWired, Action`1 concurrentWriteBeforeSend, Action`2 onBeforeSend, String[] nodeIds, Action afterLedgerBeforeClose, TaskCompletionSource holdFirstAccept, Func`1 beforeSuccessorAdmission, Action`3 onBeforeSendWithPayload, Action`1 configurePort, Action`1 configureSeams, Action`1 configureRuns, Boolean startViaHandoff, Action`1 afterOccupyBeforeSend, Func`5 afterConverged) in E:\Program Files\better-genshin-impact-LCB\Test\MultiplayerHoeingAssistant.UnitTest\ServiceTests\TaskCenter\TaskCenterSuccessorPathGateTests.cs:line 1923&#xD;
   at MultiplayerHoeingAssistant.UnitTest.ServiceTests.TaskCenter.TaskCenterSuccessorPathGateTests.ProbeNodeSubmitRoutingAsync(String root, Boolean successorWired, Action`1 concurrentWriteBeforeSend, Action`2 onBeforeSend, String[] nodeIds, Action afterLedgerBeforeClose, TaskCompletionSource holdFirstAccept, Func`1 beforeSuccessorAdmission, Action`3 onBeforeSendWithPayload, Action`1 configurePort, Action`1 configureSeams, Action`1 configureRuns, Boolean startViaHandoff, Action`1 afterOccupyBeforeSend, Func`5 afterConverged) in E:\Program Files\better-genshin-impact-LCB\Test\MultiplayerHoeingAssistant.UnitTest\ServiceTests\TaskCenter\TaskCenterSuccessorPathGateTests.cs:line 1967&#xD;
   at MultiplayerHoeingAssistant.UnitTest.ServiceTests.TaskCenter.TaskCenterSuccessorPathGateTests.OriginalHost_RunnerRecoveryUsesOriginalRoundAndStrictFacadeClosure(String scenario) in E:\Program Files\better-genshin-impact-LCB\Test\MultiplayerHoeingAssistant.UnitTest\ServiceTests\TaskCenter\TaskCenterSuccessorPathGateTests.cs:line 70&#xD;
--- End of stack trace from previous location ---</StackTrace>
        </ErrorInfo>
      </Output>
    </UnitTestResult>
    <UnitTestResult executionId="533d2e64-7ac5-44ad-b8f5-90191cc7c612" testId="db9c08f5-9a72-1377-8735-32e974fb0549" testName="MultiplayerHoeingAssistant.UnitTest.ServiceTests.TaskCenter.TaskCenterSuccessorPathGateTests.OriginalHost_RunnerRecoveryUsesOriginalRoundAndStrictFacadeClosure(scenario: &quot;stop-missing&quot;)" computerName="KAEDELCBPC" duration="00:00:00.0604849" startTime="2026-10-04T14:56:38.6985663+08:00" endTime="2026-10-04T14:56:38.6985664+08:00" testType="13cdc9d9-ddb5-4fa4-a97d-d965ccfc6d4b" outcome="Passed" testListId="8c84fa94-04c1-424b-9868-57a2d4851a1d" relativeResultsDirectory="533d2e64-7ac5-44ad-b8f5-90191cc7c612" />
    <UnitTestResult executionId="3dda8ab6-e513-4e8e-9a51-43b08629d320" testId="ae0a4223-3e0f-79fa-8e42-ec9c26af7c5b" testName="MultiplayerHoeingAssistant.UnitTest.ServiceTests.TaskCenter.TaskCenterSuccessorPathGateTests.OriginalHost_RunnerRecoveryUsesOriginalRoundAndStrictFacadeClosure(scenario: &quot;history-publish&quot;)" computerName="KAEDELCBPC" duration="00:00:00.0873562" startTime="2026-10-04T14:56:38.6385222+08:00" endTime="2026-10-04T14:56:38.6385223+08:00" testType="13cdc9d9-ddb5-4fa4-a97d-d965ccfc6d4b" outcome="Failed" testListId="8c84fa94-04c1-424b-9868-57a2d4851a1d" relativeResultsDirectory="3dda8ab6-e513-4e8e-9a51-43b08629d320">
      <Output>
        <ErrorInfo>
          <Message>System.IO.IOException : historical evidence publication failed</Message>
          <StackTrace>   at MultiplayerHoeingAssistant.Services.RunStore.Persist(WorkflowRunRecord rec, Int32 expectedRecordRevision, LocalNoSendProof authorizedNoSend, TerminalReleaseSeal authorizedSeal, RecoveryAssociationRecord authorizedRecoveryAssociation, PreparedSendPermit authorizedPermit) in E:\Program Files\better-genshin-impact-LCB\MultiplayerHoeingAssistant\Services\TaskCenter\RunStore.cs:line 507&#xD;
   at MultiplayerHoeingAssistant.Services.RunStore.TryAppendRecoveryAssociation(String runId, RecoveryAssociationRecord association) in E:\Program Files\better-genshin-impact-LCB\MultiplayerHoeingAssistant\Services\TaskCenter\RunStoreTerminalRelease.cs:line 320&#xD;
   at MultiplayerHoeingAssistant.Services.TaskCenterHost.ReconcileUnknownRunForStopAsync(String runId) in E:\Program Files\better-genshin-impact-LCB\MultiplayerHoeingAssistant\Services\TaskCenter\TaskCenterHost.cs:line 682&#xD;
   at MultiplayerHoeingAssistant.Services.TaskCenterHost.RequestRunAction(String runId, WorkflowRunAction action) in E:\Program Files\better-genshin-impact-LCB\MultiplayerHoeingAssistant\Services\TaskCenter\TaskCenterHost.cs:line 461&#xD;
   at MultiplayerHoeingAssistant.UnitTest.ServiceTests.TaskCenter.TaskCenterSuccessorPathGateTests.&lt;&gt;c__DisplayClass0_0.&lt;&lt;OriginalHost_RunnerRecoveryUsesOriginalRoundAndStrictFacadeClosure&gt;b__4&gt;d.MoveNext() in E:\Program Files\better-genshin-impact-LCB\Test\MultiplayerHoeingAssistant.UnitTest\ServiceTests\TaskCenter\TaskCenterSuccessorPathGateTests.cs:line 120&#xD;
--- End of stack trace from previous location ---&#xD;
   at MultiplayerHoeingAssistant.UnitTest.ServiceTests.TaskCenter.TaskCenterSuccessorPathGateTests.ProbeNodeSubmitRoutingAsync(String root, Boolean successorWired, Action`1 concurrentWriteBeforeSend, Action`2 onBeforeSend, String[] nodeIds, Action afterLedgerBeforeClose, TaskCompletionSource holdFirstAccept, Func`1 beforeSuccessorAdmission, Action`3 onBeforeSendWithPayload, Action`1 configurePort, Action`1 configureSeams, Action`1 configureRuns, Boolean startViaHandoff, Action`1 afterOccupyBeforeSend, Func`5 afterConverged) in E:\Program Files\better-genshin-impact-LCB\Test\MultiplayerHoeingAssistant.UnitTest\ServiceTests\TaskCenter\TaskCenterSuccessorPathGateTests.cs:line 1923&#xD;
   at MultiplayerHoeingAssistant.UnitTest.ServiceTests.TaskCenter.TaskCenterSuccessorPathGateTests.ProbeNodeSubmitRoutingAsync(String root, Boolean successorWired, Action`1 concurrentWriteBeforeSend, Action`2 onBeforeSend, String[] nodeIds, Action afterLedgerBeforeClose, TaskCompletionSource holdFirstAccept, Func`1 beforeSuccessorAdmission, Action`3 onBeforeSendWithPayload, Action`1 configurePort, Action`1 configureSeams, Action`1 configureRuns, Boolean startViaHandoff, Action`1 afterOccupyBeforeSend, Func`5 afterConverged) in E:\Program Files\better-genshin-impact-LCB\Test\MultiplayerHoeingAssistant.UnitTest\ServiceTests\TaskCenter\TaskCenterSuccessorPathGateTests.cs:line 1967&#xD;
   at MultiplayerHoeingAssistant.UnitTest.ServiceTests.TaskCenter.TaskCenterSuccessorPathGateTests.OriginalHost_RunnerRecoveryUsesOriginalRoundAndStrictFacadeClosure(String scenario) in E:\Program Files\better-genshin-impact-LCB\Test\MultiplayerHoeingAssistant.UnitTest\ServiceTests\TaskCenter\TaskCenterSuccessorPathGateTests.cs:line 70&#xD;
--- End of stack trace from previous location ---</StackTrace>
        </ErrorInfo>
      </Output>
    </UnitTestResult>
    <UnitTestResult executionId="63f179e3-b03c-4c8a-a82a-03d47c2b973b" testId="255aefa3-ff81-6edd-96b3-99e698932898" testName="MultiplayerHoeingAssistant.UnitTest.ServiceTests.TaskCenter.TaskCenterSuccessorPathGateTests.OriginalHost_RunnerRecoveryUsesOriginalRoundAndStrictFacadeClosure(scenario: &quot;publish&quot;)" computerName="KAEDELCBPC" duration="00:00:00.0766043" startTime="2026-10-04T14:56:38.8533917+08:00" endTime="2026-10-04T14:56:38.8533917+08:00" testType="13cdc9d9-ddb5-4fa4-a97d-d965ccfc6d4b" outcome="Passed" testListId="8c84fa94-04c1-424b-9868-57a2d4851a1d" relativeResultsDirectory="63f179e3-b03c-4c8a-a82a-03d47c2b973b" />
  </Results>
  <TestDefinitions>
    <UnitTest name="MultiplayerHoeingAssistant.UnitTest.ServiceTests.TaskCenter.TaskCenterSuccessorPathGateTests.OriginalHost_RunnerRecoveryUsesOriginalRoundAndStrictFacadeClosure(scenario: &quot;missing-anchor&quot;)" storage="e:\program files\better-genshin-impact-lcb\_workflow\local-wait-admission-gates-20261004\g10-completion\products\multiplayerhoeingassistant.unittest.dll" id="ac396ab7-5160-c1ec-d167-2eb741201d27">
      <Execution id="a747e10a-c30c-4b5d-a6c9-80a6fbdf0cd1" />
      <TestMethod codeBase="E:\Program Files\better-genshin-impact-LCB\_workflow\local-wait-admission-gates-20261004\g10-completion\products\MultiplayerHoeingAssistant.UnitTest.dll" adapterTypeName="executor://xunit/VsTestRunner2/netcoreapp" className="MultiplayerHoeingAssistant.UnitTest.ServiceTests.TaskCenter.TaskCenterSuccessorPathGateTests" name="OriginalHost_RunnerRecoveryUsesOriginalRoundAndStrictFacadeClosure" />
    </UnitTest>
    <UnitTest name="MultiplayerHoeingAssistant.UnitTest.ServiceTests.TaskCenter.TaskCenterSuccessorPathGateTests.OriginalHost_RunnerRecoveryUsesOriginalRoundAndStrictFacadeClosure(scenario: &quot;history-exited&quot;)" storage="e:\program files\better-genshin-impact-lcb\_workflow\local-wait-admission-gates-20261004\g10-completion\products\multiplayerhoeingassistant.unittest.dll" id="4c4675fa-6ef0-b0c6-5263-923c26414505">
      <Execution id="bf051e1c-3026-4087-89ba-b9c307f9c854" />
      <TestMethod codeBase="E:\Program Files\better-genshin-impact-LCB\_workflow\local-wait-admission-gates-20261004\g10-completion\products\MultiplayerHoeingAssistant.UnitTest.dll" adapterTypeName="executor://xunit/VsTestRunner2/netcoreapp" className="MultiplayerHoeingAssistant.UnitTest.ServiceTests.TaskCenter.TaskCenterSuccessorPathGateTests" name="OriginalHost_RunnerRecoveryUsesOriginalRoundAndStrictFacadeClosure" />
    </UnitTest>
    <UnitTest name="MultiplayerHoeingAssistant.UnitTest.ServiceTests.TaskCenter.TaskCenterSuccessorPathGateTests.OriginalHost_RunnerRecoveryUsesOriginalRoundAndStrictFacadeClosure(scenario: &quot;settle&quot;)" storage="e:\program files\better-genshin-impact-lcb\_workflow\local-wait-admission-gates-20261004\g10-completion\products\multiplayerhoeingassistant.unittest.dll" id="1e205646-5cdf-8162-f545-d0b5c538e297">
      <Execution id="6a5670e1-f0fa-48cf-a1fc-6c6608f6cb01" />
      <TestMethod codeBase="E:\Program Files\better-genshin-impact-LCB\_workflow\local-wait-admission-gates-20261004\g10-completion\products\MultiplayerHoeingAssistant.UnitTest.dll" adapterTypeName="executor://xunit/VsTestRunner2/netcoreapp" className="MultiplayerHoeingAssistant.UnitTest.ServiceTests.TaskCenter.TaskCenterSuccessorPathGateTests" name="OriginalHost_RunnerRecoveryUsesOriginalRoundAndStrictFacadeClosure" />
    </UnitTest>
    <UnitTest name="MultiplayerHoeingAssistant.UnitTest.ServiceTests.TaskCenter.TaskCenterSuccessorPathGateTests.OriginalHost_RunnerRecoveryUsesOriginalRoundAndStrictFacadeClosure(scenario: &quot;stop-missing&quot;)" storage="e:\program files\better-genshin-impact-lcb\_workflow\local-wait-admission-gates-20261004\g10-completion\products\multiplayerhoeingassistant.unittest.dll" id="db9c08f5-9a72-1377-8735-32e974fb0549">
      <Execution id="533d2e64-7ac5-44ad-b8f5-90191cc7c612" />
      <TestMethod codeBase="E:\Program Files\better-genshin-impact-LCB\_workflow\local-wait-admission-gates-20261004\g10-completion\products\MultiplayerHoeingAssistant.UnitTest.dll" adapterTypeName="executor://xunit/VsTestRunner2/netcoreapp" className="MultiplayerHoeingAssistant.UnitTest.ServiceTests.TaskCenter.TaskCenterSuccessorPathGateTests" name="OriginalHost_RunnerRecoveryUsesOriginalRoundAndStrictFacadeClosure" />
    </UnitTest>
    <UnitTest name="MultiplayerHoeingAssistant.UnitTest.ServiceTests.TaskCenter.TaskCenterSuccessorPathGateTests.OriginalHost_RunnerRecoveryUsesOriginalRoundAndStrictFacadeClosure(scenario: &quot;history-publish&quot;)" storage="e:\program files\better-genshin-impact-lcb\_workflow\local-wait-admission-gates-20261004\g10-completion\products\multiplayerhoeingassistant.unittest.dll" id="ae0a4223-3e0f-79fa-8e42-ec9c26af7c5b">
      <Execution id="3dda8ab6-e513-4e8e-9a51-43b08629d320" />
      <TestMethod codeBase="E:\Program Files\better-genshin-impact-LCB\_workflow\local-wait-admission-gates-20261004\g10-completion\products\MultiplayerHoeingAssistant.UnitTest.dll" adapterTypeName="executor://xunit/VsTestRunner2/netcoreapp" className="MultiplayerHoeingAssistant.UnitTest.ServiceTests.TaskCenter.TaskCenterSuccessorPathGateTests" name="OriginalHost_RunnerRecoveryUsesOriginalRoundAndStrictFacadeClosure" />
    </UnitTest>
    <UnitTest name="MultiplayerHoeingAssistant.UnitTest.ServiceTests.TaskCenter.TaskCenterSuccessorPathGateTests.OriginalHost_RunnerRecoveryUsesOriginalRoundAndStrictFacadeClosure(scenario: &quot;history-settle&quot;)" storage="e:\program files\better-genshin-impact-lcb\_workflow\local-wait-admission-gates-20261004\g10-completion\products\multiplayerhoeingassistant.unittest.dll" id="a3d241b2-8778-abe4-3cb3-196fc2706bb0">
      <Execution id="d3f0476c-d107-4817-973c-180398ec4bfd" />
      <TestMethod codeBase="E:\Program Files\better-genshin-impact-LCB\_workflow\local-wait-admission-gates-20261004\g10-completion\products\MultiplayerHoeingAssistant.UnitTest.dll" adapterTypeName="executor://xunit/VsTestRunner2/netcoreapp" className="MultiplayerHoeingAssistant.UnitTest.ServiceTests.TaskCenter.TaskCenterSuccessorPathGateTests" name="OriginalHost_RunnerRecoveryUsesOriginalRoundAndStrictFacadeClosure" />
    </UnitTest>
    <UnitTest name="MultiplayerHoeingAssistant.UnitTest.ServiceTests.TaskCenter.TaskCenterSuccessorPathGateTests.OriginalHost_RunnerRecoveryUsesOriginalRoundAndStrictFacadeClosure(scenario: &quot;publish&quot;)" storage="e:\program files\better-genshin-impact-lcb\_workflow\local-wait-admission-gates-20261004\g10-completion\products\multiplayerhoeingassistant.unittest.dll" id="255aefa3-ff81-6edd-96b3-99e698932898">
      <Execution id="63f179e3-b03c-4c8a-a82a-03d47c2b973b" />
      <TestMethod codeBase="E:\Program Files\better-genshin-impact-LCB\_workflow\local-wait-admission-gates-20261004\g10-completion\products\MultiplayerHoeingAssistant.UnitTest.dll" adapterTypeName="executor://xunit/VsTestRunner2/netcoreapp" className="MultiplayerHoeingAssistant.UnitTest.ServiceTests.TaskCenter.TaskCenterSuccessorPathGateTests" name="OriginalHost_RunnerRecoveryUsesOriginalRoundAndStrictFacadeClosure" />
    </UnitTest>
    <UnitTest name="MultiplayerHoeingAssistant.UnitTest.ServiceTests.TaskCenter.TaskCenterSuccessorPathGateTests.OriginalHost_RunnerRecoveryUsesOriginalRoundAndStrictFacadeClosure(scenario: &quot;stop-exited&quot;)" storage="e:\program files\better-genshin-impact-lcb\_workflow\local-wait-admission-gates-20261004\g10-completion\products\multiplayerhoeingassistant.unittest.dll" id="f8d3a1e5-3381-dc65-a71d-fd6f6e12dad1">
      <Execution id="e0dd6198-c20c-426e-8113-6422106cdfa4" />
      <TestMethod codeBase="E:\Program Files\better-genshin-impact-LCB\_workflow\local-wait-admission-gates-20261004\g10-completion\products\MultiplayerHoeingAssistant.UnitTest.dll" adapterTypeName="executor://xunit/VsTestRunner2/netcoreapp" className="MultiplayerHoeingAssistant.UnitTest.ServiceTests.TaskCenter.TaskCenterSuccessorPathGateTests" name="OriginalHost_RunnerRecoveryUsesOriginalRoundAndStrictFacadeClosure" />
    </UnitTest>
    <UnitTest name="MultiplayerHoeingAssistant.UnitTest.ServiceTests.TaskCenter.TaskCenterSuccessorPathGateTests.OriginalHost_RunnerRecoveryUsesOriginalRoundAndStrictFacadeClosure(scenario: &quot;valid&quot;)" storage="e:\program files\better-genshin-impact-lcb\_workflow\local-wait-admission-gates-20261004\g10-completion\products\multiplayerhoeingassistant.unittest.dll" id="11208037-20de-4191-7267-4cde34a767ad">
      <Execution id="a6b43c6b-d436-47b2-83e6-1e06499f039c" />
      <TestMethod codeBase="E:\Program Files\better-genshin-impact-LCB\_workflow\local-wait-admission-gates-20261004\g10-completion\products\MultiplayerHoeingAssistant.UnitTest.dll" adapterTypeName="executor://xunit/VsTestRunner2/netcoreapp" className="MultiplayerHoeingAssistant.UnitTest.ServiceTests.TaskCenter.TaskCenterSuccessorPathGateTests" name="OriginalHost_RunnerRecoveryUsesOriginalRoundAndStrictFacadeClosure" />
    </UnitTest>
  </TestDefinitions>
  <TestEntries>
    <TestEntry testId="11208037-20de-4191-7267-4cde34a767ad" executionId="a6b43c6b-d436-47b2-83e6-1e06499f039c" testListId="8c84fa94-04c1-424b-9868-57a2d4851a1d" />
    <TestEntry testId="1e205646-5cdf-8162-f545-d0b5c538e297" executionId="6a5670e1-f0fa-48cf-a1fc-6c6608f6cb01" testListId="8c84fa94-04c1-424b-9868-57a2d4851a1d" />
    <TestEntry testId="f8d3a1e5-3381-dc65-a71d-fd6f6e12dad1" executionId="e0dd6198-c20c-426e-8113-6422106cdfa4" testListId="8c84fa94-04c1-424b-9868-57a2d4851a1d" />
    <TestEntry testId="ac396ab7-5160-c1ec-d167-2eb741201d27" executionId="a747e10a-c30c-4b5d-a6c9-80a6fbdf0cd1" testListId="8c84fa94-04c1-424b-9868-57a2d4851a1d" />
    <TestEntry testId="4c4675fa-6ef0-b0c6-5263-923c26414505" executionId="bf051e1c-3026-4087-89ba-b9c307f9c854" testListId="8c84fa94-04c1-424b-9868-57a2d4851a1d" />
    <TestEntry testId="a3d241b2-8778-abe4-3cb3-196fc2706bb0" executionId="d3f0476c-d107-4817-973c-180398ec4bfd" testListId="8c84fa94-04c1-424b-9868-57a2d4851a1d" />
    <TestEntry testId="db9c08f5-9a72-1377-8735-32e974fb0549" executionId="533d2e64-7ac5-44ad-b8f5-90191cc7c612" testListId="8c84fa94-04c1-424b-9868-57a2d4851a1d" />
    <TestEntry testId="ae0a4223-3e0f-79fa-8e42-ec9c26af7c5b" executionId="3dda8ab6-e513-4e8e-9a51-43b08629d320" testListId="8c84fa94-04c1-424b-9868-57a2d4851a1d" />
    <TestEntry testId="255aefa3-ff81-6edd-96b3-99e698932898" executionId="63f179e3-b03c-4c8a-a82a-03d47c2b973b" testListId="8c84fa94-04c1-424b-9868-57a2d4851a1d" />
  </TestEntries>
  <TestLists>
    <TestList name="列表中未列出的结果" id="8c84fa94-04c1-424b-9868-57a2d4851a1d" />
    <TestList name="所有已加载的结果" id="19431567-8539-422a-85d7-44ee4e166bda" />
  </TestLists>
  <ResultSummary outcome="Failed">
    <Counters total="9" executed="9" passed="7" failed="2" error="0" timeout="0" aborted="0" inconclusive="0" passedButRunAborted="0" notRunnable="0" notExecuted="0" disconnected="0" warning="0" completed="0" inProgress="0" pending="0" />
    <Output>
      <StdOut>[xUnit.net 00:00:00.00] xUnit.net VSTest Adapter v2.5.3.1+6b60a9e56a (64-bit .NET 8.0.14)&#xD;
[xUnit.net 00:00:00.06]   Discovering: MultiplayerHoeingAssistant.UnitTest&#xD;
[xUnit.net 00:00:00.20]   Discovered:  MultiplayerHoeingAssistant.UnitTest&#xD;
[xUnit.net 00:00:00.20]   Starting:    MultiplayerHoeingAssistant.UnitTest&#xD;
[xUnit.net 00:00:00.60]       System.IO.IOException : historical facade settlement interrupted&#xD;
[xUnit.net 00:00:00.60]       Stack Trace:&#xD;
[xUnit.net 00:00:00.60]         E:\Program Files\better-genshin-impact-LCB\Test\MultiplayerHoeingAssistant.UnitTest\ServiceTests\TaskCenter\TaskCenterSuccessorPathGateTests.cs(118,0): at MultiplayerHoeingAssistant.UnitTest.ServiceTests.TaskCenter.TaskCenterSuccessorPathGateTests.&lt;&gt;c.&lt;OriginalHost_RunnerRecoveryUsesOriginalRoundAndStrictFacadeClosure&gt;b__0_9()&#xD;
[xUnit.net 00:00:00.60]         E:\Program Files\better-genshin-impact-LCB\MultiplayerHoeingAssistant\Services\TaskCenter\Arbitration\ArbitrationAdmissionService.cs(3214,0): at MultiplayerHoeingAssistant.Services.ArbitrationAdmissionService.ReconcileOutcomeAsync(AdmissionRequest request, LeaseSegment lease, LogicalOwnerLeaseFile occupiedFile, SendOutcome outcome, Nullable`1 acceptedAtUtc)&#xD;
[xUnit.net 00:00:00.60]         E:\Program Files\better-genshin-impact-LCB\MultiplayerHoeingAssistant\Services\TaskCenter\Arbitration\ArbitrationAdmissionService.cs(3569,0): at MultiplayerHoeingAssistant.Services.ArbitrationAdmissionService.SettleReconciledAsync(String requestIdentity, ReconcileSettlement settlement)&#xD;
[xUnit.net 00:00:00.60]         E:\Program Files\better-genshin-impact-LCB\MultiplayerHoeingAssistant\Services\TaskCenter\TaskCenterHost.Admission.cs(2621,0): at MultiplayerHoeingAssistant.Services.TaskCenterHost.SettleOriginalNodeAcceptanceAsync(WorkflowRunRecord run, NodeSendIdentity identity, String jobId)&#xD;
[xUnit.net 00:00:00.60]         E:\Program Files\better-genshin-impact-LCB\MultiplayerHoeingAssistant\Services\TaskCenter\TaskCenterHost.cs(688,0): at MultiplayerHoeingAssistant.Services.TaskCenterHost.ReconcileUnknownRunForStopAsync(String runId)&#xD;
[xUnit.net 00:00:00.60]         E:\Program Files\better-genshin-impact-LCB\MultiplayerHoeingAssistant\Services\TaskCenter\TaskCenterHost.cs(461,0): at MultiplayerHoeingAssistant.Services.TaskCenterHost.RequestRunAction(String runId, WorkflowRunAction action)&#xD;
[xUnit.net 00:00:00.60]         E:\Program Files\better-genshin-impact-LCB\Test\MultiplayerHoeingAssistant.UnitTest\ServiceTests\TaskCenter\TaskCenterSuccessorPathGateTests.cs(120,0): at MultiplayerHoeingAssistant.UnitTest.ServiceTests.TaskCenter.TaskCenterSuccessorPathGateTests.&lt;&gt;c__DisplayClass0_0.&lt;&lt;OriginalHost_RunnerRecoveryUsesOriginalRoundAndStrictFacadeClosure&gt;b__4&gt;d.MoveNext()&#xD;
[xUnit.net 00:00:00.60]         --- End of stack trace from previous location ---&#xD;
[xUnit.net 00:00:00.60]         E:\Program Files\better-genshin-impact-LCB\Test\MultiplayerHoeingAssistant.UnitTest\ServiceTests\TaskCenter\TaskCenterSuccessorPathGateTests.cs(1923,0): at MultiplayerHoeingAssistant.UnitTest.ServiceTests.TaskCenter.TaskCenterSuccessorPathGateTests.ProbeNodeSubmitRoutingAsync(String root, Boolean successorWired, Action`1 concurrentWriteBeforeSend, Action`2 onBeforeSend, String[] nodeIds, Action afterLedgerBeforeClose, TaskCompletionSource holdFirstAccept, Func`1 beforeSuccessorAdmission, Action`3 onBeforeSendWithPayload, Action`1 configurePort, Action`1 configureSeams, Action`1 configureRuns, Boolean startViaHandoff, Action`1 afterOccupyBeforeSend, Func`5 afterConverged)&#xD;
[xUnit.net 00:00:00.60]         E:\Program Files\better-genshin-impact-LCB\Test\MultiplayerHoeingAssistant.UnitTest\ServiceTests\TaskCenter\TaskCenterSuccessorPathGateTests.cs(1967,0): at MultiplayerHoeingAssistant.UnitTest.ServiceTests.TaskCenter.TaskCenterSuccessorPathGateTests.ProbeNodeSubmitRoutingAsync(String root, Boolean successorWired, Action`1 concurrentWriteBeforeSend, Action`2 onBeforeSend, String[] nodeIds, Action afterLedgerBeforeClose, TaskCompletionSource holdFirstAccept, Func`1 beforeSuccessorAdmission, Action`3 onBeforeSendWithPayload, Action`1 configurePort, Action`1 configureSeams, Action`1 configureRuns, Boolean startViaHandoff, Action`1 afterOccupyBeforeSend, Func`5 afterConverged)&#xD;
[xUnit.net 00:00:00.60]         E:\Program Files\better-genshin-impact-LCB\Test\MultiplayerHoeingAssistant.UnitTest\ServiceTests\TaskCenter\TaskCenterSuccessorPathGateTests.cs(70,0): at MultiplayerHoeingAssistant.UnitTest.ServiceTests.TaskCenter.TaskCenterSuccessorPathGateTests.OriginalHost_RunnerRecoveryUsesOriginalRoundAndStrictFacadeClosure(String scenario)&#xD;
[xUnit.net 00:00:00.60]         --- End of stack trace from previous location ---&#xD;
[xUnit.net 00:00:00.99]       System.IO.IOException : historical evidence publication failed&#xD;
[xUnit.net 00:00:00.99]       Stack Trace:&#xD;
[xUnit.net 00:00:00.99]         E:\Program Files\better-genshin-impact-LCB\MultiplayerHoeingAssistant\Services\TaskCenter\RunStore.cs(507,0): at MultiplayerHoeingAssistant.Services.RunStore.Persist(WorkflowRunRecord rec, Int32 expectedRecordRevision, LocalNoSendProof authorizedNoSend, TerminalReleaseSeal authorizedSeal, RecoveryAssociationRecord authorizedRecoveryAssociation, PreparedSendPermit authorizedPermit)&#xD;
[xUnit.net 00:00:00.99]         E:\Program Files\better-genshin-impact-LCB\MultiplayerHoeingAssistant\Services\TaskCenter\RunStoreTerminalRelease.cs(320,0): at MultiplayerHoeingAssistant.Services.RunStore.TryAppendRecoveryAssociation(String runId, RecoveryAssociationRecord association)&#xD;
[xUnit.net 00:00:00.99]         E:\Program Files\better-genshin-impact-LCB\MultiplayerHoeingAssistant\Services\TaskCenter\TaskCenterHost.cs(682,0): at MultiplayerHoeingAssistant.Services.TaskCenterHost.ReconcileUnknownRunForStopAsync(String runId)&#xD;
[xUnit.net 00:00:00.99]         E:\Program Files\better-genshin-impact-LCB\MultiplayerHoeingAssistant\Services\TaskCenter\TaskCenterHost.cs(461,0): at MultiplayerHoeingAssistant.Services.TaskCenterHost.RequestRunAction(String runId, WorkflowRunAction action)&#xD;
[xUnit.net 00:00:00.99]         E:\Program Files\better-genshin-impact-LCB\Test\MultiplayerHoeingAssistant.UnitTest\ServiceTests\TaskCenter\TaskCenterSuccessorPathGateTests.cs(120,0): at MultiplayerHoeingAssistant.UnitTest.ServiceTests.TaskCenter.TaskCenterSuccessorPathGateTests.&lt;&gt;c__DisplayClass0_0.&lt;&lt;OriginalHost_RunnerRecoveryUsesOriginalRoundAndStrictFacadeClosure&gt;b__4&gt;d.MoveNext()&#xD;
[xUnit.net 00:00:00.99]         --- End of stack trace from previous location ---&#xD;
[xUnit.net 00:00:00.99]         E:\Program Files\better-genshin-impact-LCB\Test\MultiplayerHoeingAssistant.UnitTest\ServiceTests\TaskCenter\TaskCenterSuccessorPathGateTests.cs(1923,0): at MultiplayerHoeingAssistant.UnitTest.ServiceTests.TaskCenter.TaskCenterSuccessorPathGateTests.ProbeNodeSubmitRoutingAsync(String root, Boolean successorWired, Action`1 concurrentWriteBeforeSend, Action`2 onBeforeSend, String[] nodeIds, Action afterLedgerBeforeClose, TaskCompletionSource holdFirstAccept, Func`1 beforeSuccessorAdmission, Action`3 onBeforeSendWithPayload, Action`1 configurePort, Action`1 configureSeams, Action`1 configureRuns, Boolean startViaHandoff, Action`1 afterOccupyBeforeSend, Func`5 afterConverged)&#xD;
[xUnit.net 00:00:00.99]         E:\Program Files\better-genshin-impact-LCB\Test\MultiplayerHoeingAssistant.UnitTest\ServiceTests\TaskCenter\TaskCenterSuccessorPathGateTests.cs(1967,0): at MultiplayerHoeingAssistant.UnitTest.ServiceTests.TaskCenter.TaskCenterSuccessorPathGateTests.ProbeNodeSubmitRoutingAsync(String root, Boolean successorWired, Action`1 concurrentWriteBeforeSend, Action`2 onBeforeSend, String[] nodeIds, Action afterLedgerBeforeClose, TaskCompletionSource holdFirstAccept, Func`1 beforeSuccessorAdmission, Action`3 onBeforeSendWithPayload, Action`1 configurePort, Action`1 configureSeams, Action`1 configureRuns, Boolean startViaHandoff, Action`1 afterOccupyBeforeSend, Func`5 afterConverged)&#xD;
[xUnit.net 00:00:00.99]         E:\Program Files\better-genshin-impact-LCB\Test\MultiplayerHoeingAssistant.UnitTest\ServiceTests\TaskCenter\TaskCenterSuccessorPathGateTests.cs(70,0): at MultiplayerHoeingAssistant.UnitTest.ServiceTests.TaskCenter.TaskCenterSuccessorPathGateTests.OriginalHost_RunnerRecoveryUsesOriginalRoundAndStrictFacadeClosure(String scenario)&#xD;
[xUnit.net 00:00:00.99]         --- End of stack trace from previous location ---&#xD;
[xUnit.net 00:00:01.21]   Finished:    MultiplayerHoeingAssistant.UnitTest&#xD;
</StdOut>
    </Output>
    <RunInfos>
      <RunInfo computerName="KAEDELCBPC" outcome="Error" timestamp="2026-10-04T14:56:38.2481708+08:00">
        <Text>[xUnit.net 00:00:00.60]     MultiplayerHoeingAssistant.UnitTest.ServiceTests.TaskCenter.TaskCenterSuccessorPathGateTests.OriginalHost_RunnerRecoveryUsesOriginalRoundAndStrictFacadeClosure(scenario: "history-settle") [FAIL]</Text>
      </RunInfo>
      <RunInfo computerName="KAEDELCBPC" outcome="Error" timestamp="2026-10-04T14:56:38.6383515+08:00">
        <Text>[xUnit.net 00:00:00.99]     MultiplayerHoeingAssistant.UnitTest.ServiceTests.TaskCenter.TaskCenterSuccessorPathGateTests.OriginalHost_RunnerRecoveryUsesOriginalRoundAndStrictFacadeClosure(scenario: "history-publish") [FAIL]</Text>
      </RunInfo>
    </RunInfos>
  </ResultSummary>
</TestRun>