<?xml version="1.0" encoding="utf-8"?>
<TestRun id="8f94243c-c636-4ddf-8968-671c0320355b" name="kaedelcb@KAEDELCBPC 2026-10-04 14:57:45" runUser="KAEDELCBPC\kaedelcb" xmlns="http://microsoft.com/schemas/VisualStudio/TeamTest/2010">
  <Times creation="2026-10-04T14:57:45.2378660+08:00" queuing="2026-10-04T14:57:45.2378661+08:00" start="2026-10-04T14:57:43.7416531+08:00" finish="2026-10-04T14:57:45.2418221+08:00" />
  <TestSettings name="default" id="441650d5-2267-4b35-b035-8842d65343dc">
    <Deployment runDeploymentRoot="kaedelcb_KAEDELCBPC_2026-10-04_14_57_45" />
  </TestSettings>
  <Results>
    <UnitTestResult executionId="03a525d8-6b0e-43f1-9461-8ce4dd62b9f3" testId="4c4675fa-6ef0-b0c6-5263-923c26414505" testName="MultiplayerHoeingAssistant.UnitTest.ServiceTests.TaskCenter.TaskCenterSuccessorPathGateTests.OriginalHost_RunnerRecoveryUsesOriginalRoundAndStrictFacadeClosure(scenario: &quot;history-exited&quot;)" computerName="KAEDELCBPC" duration="00:00:00.1135839" startTime="2026-10-04T14:57:44.7658769+08:00" endTime="2026-10-04T14:57:44.7658770+08:00" testType="13cdc9d9-ddb5-4fa4-a97d-d965ccfc6d4b" outcome="Passed" testListId="8c84fa94-04c1-424b-9868-57a2d4851a1d" relativeResultsDirectory="03a525d8-6b0e-43f1-9461-8ce4dd62b9f3" />
    <UnitTestResult executionId="ec31aabd-ce62-4a5a-be6a-43feed7910df" testId="ae0a4223-3e0f-79fa-8e42-ec9c26af7c5b" testName="MultiplayerHoeingAssistant.UnitTest.ServiceTests.TaskCenter.TaskCenterSuccessorPathGateTests.OriginalHost_RunnerRecoveryUsesOriginalRoundAndStrictFacadeClosure(scenario: &quot;history-publish&quot;)" computerName="KAEDELCBPC" duration="00:00:00.1061066" startTime="2026-10-04T14:57:44.9538330+08:00" endTime="2026-10-04T14:57:44.9538331+08:00" testType="13cdc9d9-ddb5-4fa4-a97d-d965ccfc6d4b" outcome="Passed" testListId="8c84fa94-04c1-424b-9868-57a2d4851a1d" relativeResultsDirectory="ec31aabd-ce62-4a5a-be6a-43feed7910df" />
    <UnitTestResult executionId="e03dd978-e6b0-4f2d-b1a0-e9b78cd85803" testId="f8d3a1e5-3381-dc65-a71d-fd6f6e12dad1" testName="MultiplayerHoeingAssistant.UnitTest.ServiceTests.TaskCenter.TaskCenterSuccessorPathGateTests.OriginalHost_RunnerRecoveryUsesOriginalRoundAndStrictFacadeClosure(scenario: &quot;stop-exited&quot;)" computerName="KAEDELCBPC" duration="00:00:00.2993506" startTime="2026-10-04T14:57:44.4807237+08:00" endTime="2026-10-04T14:57:44.4807318+08:00" testType="13cdc9d9-ddb5-4fa4-a97d-d965ccfc6d4b" outcome="Passed" testListId="8c84fa94-04c1-424b-9868-57a2d4851a1d" relativeResultsDirectory="e03dd978-e6b0-4f2d-b1a0-e9b78cd85803" />
    <UnitTestResult executionId="a07b342d-45fc-4e34-a46f-49eb662e1f12" testId="1e205646-5cdf-8162-f545-d0b5c538e297" testName="MultiplayerHoeingAssistant.UnitTest.ServiceTests.TaskCenter.TaskCenterSuccessorPathGateTests.OriginalHost_RunnerRecoveryUsesOriginalRoundAndStrictFacadeClosure(scenario: &quot;settle&quot;)" computerName="KAEDELCBPC" duration="00:00:00.0816694" startTime="2026-10-04T14:57:44.8476305+08:00" endTime="2026-10-04T14:57:44.8476306+08:00" testType="13cdc9d9-ddb5-4fa4-a97d-d965ccfc6d4b" outcome="Passed" testListId="8c84fa94-04c1-424b-9868-57a2d4851a1d" relativeResultsDirectory="a07b342d-45fc-4e34-a46f-49eb662e1f12" />
    <UnitTestResult executionId="04b390ae-e265-4d1c-902e-b009868b72cf" testId="db9c08f5-9a72-1377-8735-32e974fb0549" testName="MultiplayerHoeingAssistant.UnitTest.ServiceTests.TaskCenter.TaskCenterSuccessorPathGateTests.OriginalHost_RunnerRecoveryUsesOriginalRoundAndStrictFacadeClosure(scenario: &quot;stop-missing&quot;)" computerName="KAEDELCBPC" duration="00:00:00.0660247" startTime="2026-10-04T14:57:45.0199551+08:00" endTime="2026-10-04T14:57:45.0199552+08:00" testType="13cdc9d9-ddb5-4fa4-a97d-d965ccfc6d4b" outcome="Passed" testListId="8c84fa94-04c1-424b-9868-57a2d4851a1d" relativeResultsDirectory="04b390ae-e265-4d1c-902e-b009868b72cf" />
    <UnitTestResult executionId="5e52ae65-1468-4df7-927d-95eeefacec98" testId="255aefa3-ff81-6edd-96b3-99e698932898" testName="MultiplayerHoeingAssistant.UnitTest.ServiceTests.TaskCenter.TaskCenterSuccessorPathGateTests.OriginalHost_RunnerRecoveryUsesOriginalRoundAndStrictFacadeClosure(scenario: &quot;publish&quot;)" computerName="KAEDELCBPC" duration="00:00:00.1074854" startTime="2026-10-04T14:57:45.1822766+08:00" endTime="2026-10-04T14:57:45.1822767+08:00" testType="13cdc9d9-ddb5-4fa4-a97d-d965ccfc6d4b" outcome="Passed" testListId="8c84fa94-04c1-424b-9868-57a2d4851a1d" relativeResultsDirectory="5e52ae65-1468-4df7-927d-95eeefacec98" />
    <UnitTestResult executionId="b7a26f57-4163-4c66-8b75-6c4ff5c7376b" testId="ac396ab7-5160-c1ec-d167-2eb741201d27" testName="MultiplayerHoeingAssistant.UnitTest.ServiceTests.TaskCenter.TaskCenterSuccessorPathGateTests.OriginalHost_RunnerRecoveryUsesOriginalRoundAndStrictFacadeClosure(scenario: &quot;missing-anchor&quot;)" computerName="KAEDELCBPC" duration="00:00:00.0546551" startTime="2026-10-04T14:57:45.0746912+08:00" endTime="2026-10-04T14:57:45.0746913+08:00" testType="13cdc9d9-ddb5-4fa4-a97d-d965ccfc6d4b" outcome="Passed" testListId="8c84fa94-04c1-424b-9868-57a2d4851a1d" relativeResultsDirectory="b7a26f57-4163-4c66-8b75-6c4ff5c7376b" />
    <UnitTestResult executionId="b78566f6-a5c3-40aa-a5b5-dc0fb59df1e8" testId="a3d241b2-8778-abe4-3cb3-196fc2706bb0" testName="MultiplayerHoeingAssistant.UnitTest.ServiceTests.TaskCenter.TaskCenterSuccessorPathGateTests.OriginalHost_RunnerRecoveryUsesOriginalRoundAndStrictFacadeClosure(scenario: &quot;history-settle&quot;)" computerName="KAEDELCBPC" duration="00:00:00.1030206" startTime="2026-10-04T14:57:44.5837141+08:00" endTime="2026-10-04T14:57:44.5837142+08:00" testType="13cdc9d9-ddb5-4fa4-a97d-d965ccfc6d4b" outcome="Passed" testListId="8c84fa94-04c1-424b-9868-57a2d4851a1d" relativeResultsDirectory="b78566f6-a5c3-40aa-a5b5-dc0fb59df1e8" />
    <UnitTestResult executionId="7694ce41-b7b8-456f-a109-cb1649962338" testId="11208037-20de-4191-7267-4cde34a767ad" testName="MultiplayerHoeingAssistant.UnitTest.ServiceTests.TaskCenter.TaskCenterSuccessorPathGateTests.OriginalHost_RunnerRecoveryUsesOriginalRoundAndStrictFacadeClosure(scenario: &quot;valid&quot;)" computerName="KAEDELCBPC" duration="00:00:00.0684386" startTime="2026-10-04T14:57:44.6522021+08:00" endTime="2026-10-04T14:57:44.6522022+08:00" testType="13cdc9d9-ddb5-4fa4-a97d-d965ccfc6d4b" outcome="Passed" testListId="8c84fa94-04c1-424b-9868-57a2d4851a1d" relativeResultsDirectory="7694ce41-b7b8-456f-a109-cb1649962338" />
  </Results>
  <TestDefinitions>
    <UnitTest name="MultiplayerHoeingAssistant.UnitTest.ServiceTests.TaskCenter.TaskCenterSuccessorPathGateTests.OriginalHost_RunnerRecoveryUsesOriginalRoundAndStrictFacadeClosure(scenario: &quot;missing-anchor&quot;)" storage="e:\program files\better-genshin-impact-lcb\_workflow\local-wait-admission-gates-20261004\g10-completion\products\multiplayerhoeingassistant.unittest.dll" id="ac396ab7-5160-c1ec-d167-2eb741201d27">
      <Execution id="b7a26f57-4163-4c66-8b75-6c4ff5c7376b" />
      <TestMethod codeBase="E:\Program Files\better-genshin-impact-LCB\_workflow\local-wait-admission-gates-20261004\g10-completion\products\MultiplayerHoeingAssistant.UnitTest.dll" adapterTypeName="executor://xunit/VsTestRunner2/netcoreapp" className="MultiplayerHoeingAssistant.UnitTest.ServiceTests.TaskCenter.TaskCenterSuccessorPathGateTests" name="OriginalHost_RunnerRecoveryUsesOriginalRoundAndStrictFacadeClosure" />
    </UnitTest>
    <UnitTest name="MultiplayerHoeingAssistant.UnitTest.ServiceTests.TaskCenter.TaskCenterSuccessorPathGateTests.OriginalHost_RunnerRecoveryUsesOriginalRoundAndStrictFacadeClosure(scenario: &quot;history-exited&quot;)" storage="e:\program files\better-genshin-impact-lcb\_workflow\local-wait-admission-gates-20261004\g10-completion\products\multiplayerhoeingassistant.unittest.dll" id="4c4675fa-6ef0-b0c6-5263-923c26414505">
      <Execution id="03a525d8-6b0e-43f1-9461-8ce4dd62b9f3" />
      <TestMethod codeBase="E:\Program Files\better-genshin-impact-LCB\_workflow\local-wait-admission-gates-20261004\g10-completion\products\MultiplayerHoeingAssistant.UnitTest.dll" adapterTypeName="executor://xunit/VsTestRunner2/netcoreapp" className="MultiplayerHoeingAssistant.UnitTest.ServiceTests.TaskCenter.TaskCenterSuccessorPathGateTests" name="OriginalHost_RunnerRecoveryUsesOriginalRoundAndStrictFacadeClosure" />
    </UnitTest>
    <UnitTest name="MultiplayerHoeingAssistant.UnitTest.ServiceTests.TaskCenter.TaskCenterSuccessorPathGateTests.OriginalHost_RunnerRecoveryUsesOriginalRoundAndStrictFacadeClosure(scenario: &quot;settle&quot;)" storage="e:\program files\better-genshin-impact-lcb\_workflow\local-wait-admission-gates-20261004\g10-completion\products\multiplayerhoeingassistant.unittest.dll" id="1e205646-5cdf-8162-f545-d0b5c538e297">
      <Execution id="a07b342d-45fc-4e34-a46f-49eb662e1f12" />
      <TestMethod codeBase="E:\Program Files\better-genshin-impact-LCB\_workflow\local-wait-admission-gates-20261004\g10-completion\products\MultiplayerHoeingAssistant.UnitTest.dll" adapterTypeName="executor://xunit/VsTestRunner2/netcoreapp" className="MultiplayerHoeingAssistant.UnitTest.ServiceTests.TaskCenter.TaskCenterSuccessorPathGateTests" name="OriginalHost_RunnerRecoveryUsesOriginalRoundAndStrictFacadeClosure" />
    </UnitTest>
    <UnitTest name="MultiplayerHoeingAssistant.UnitTest.ServiceTests.TaskCenter.TaskCenterSuccessorPathGateTests.OriginalHost_RunnerRecoveryUsesOriginalRoundAndStrictFacadeClosure(scenario: &quot;stop-missing&quot;)" storage="e:\program files\better-genshin-impact-lcb\_workflow\local-wait-admission-gates-20261004\g10-completion\products\multiplayerhoeingassistant.unittest.dll" id="db9c08f5-9a72-1377-8735-32e974fb0549">
      <Execution id="04b390ae-e265-4d1c-902e-b009868b72cf" />
      <TestMethod codeBase="E:\Program Files\better-genshin-impact-LCB\_workflow\local-wait-admission-gates-20261004\g10-completion\products\MultiplayerHoeingAssistant.UnitTest.dll" adapterTypeName="executor://xunit/VsTestRunner2/netcoreapp" className="MultiplayerHoeingAssistant.UnitTest.ServiceTests.TaskCenter.TaskCenterSuccessorPathGateTests" name="OriginalHost_RunnerRecoveryUsesOriginalRoundAndStrictFacadeClosure" />
    </UnitTest>
    <UnitTest name="MultiplayerHoeingAssistant.UnitTest.ServiceTests.TaskCenter.TaskCenterSuccessorPathGateTests.OriginalHost_RunnerRecoveryUsesOriginalRoundAndStrictFacadeClosure(scenario: &quot;history-publish&quot;)" storage="e:\program files\better-genshin-impact-lcb\_workflow\local-wait-admission-gates-20261004\g10-completion\products\multiplayerhoeingassistant.unittest.dll" id="ae0a4223-3e0f-79fa-8e42-ec9c26af7c5b">
      <Execution id="ec31aabd-ce62-4a5a-be6a-43feed7910df" />
      <TestMethod codeBase="E:\Program Files\better-genshin-impact-LCB\_workflow\local-wait-admission-gates-20261004\g10-completion\products\MultiplayerHoeingAssistant.UnitTest.dll" adapterTypeName="executor://xunit/VsTestRunner2/netcoreapp" className="MultiplayerHoeingAssistant.UnitTest.ServiceTests.TaskCenter.TaskCenterSuccessorPathGateTests" name="OriginalHost_RunnerRecoveryUsesOriginalRoundAndStrictFacadeClosure" />
    </UnitTest>
    <UnitTest name="MultiplayerHoeingAssistant.UnitTest.ServiceTests.TaskCenter.TaskCenterSuccessorPathGateTests.OriginalHost_RunnerRecoveryUsesOriginalRoundAndStrictFacadeClosure(scenario: &quot;history-settle&quot;)" storage="e:\program files\better-genshin-impact-lcb\_workflow\local-wait-admission-gates-20261004\g10-completion\products\multiplayerhoeingassistant.unittest.dll" id="a3d241b2-8778-abe4-3cb3-196fc2706bb0">
      <Execution id="b78566f6-a5c3-40aa-a5b5-dc0fb59df1e8" />
      <TestMethod codeBase="E:\Program Files\better-genshin-impact-LCB\_workflow\local-wait-admission-gates-20261004\g10-completion\products\MultiplayerHoeingAssistant.UnitTest.dll" adapterTypeName="executor://xunit/VsTestRunner2/netcoreapp" className="MultiplayerHoeingAssistant.UnitTest.ServiceTests.TaskCenter.TaskCenterSuccessorPathGateTests" name="OriginalHost_RunnerRecoveryUsesOriginalRoundAndStrictFacadeClosure" />
    </UnitTest>
    <UnitTest name="MultiplayerHoeingAssistant.UnitTest.ServiceTests.TaskCenter.TaskCenterSuccessorPathGateTests.OriginalHost_RunnerRecoveryUsesOriginalRoundAndStrictFacadeClosure(scenario: &quot;publish&quot;)" storage="e:\program files\better-genshin-impact-lcb\_workflow\local-wait-admission-gates-20261004\g10-completion\products\multiplayerhoeingassistant.unittest.dll" id="255aefa3-ff81-6edd-96b3-99e698932898">
      <Execution id="5e52ae65-1468-4df7-927d-95eeefacec98" />
      <TestMethod codeBase="E:\Program Files\better-genshin-impact-LCB\_workflow\local-wait-admission-gates-20261004\g10-completion\products\MultiplayerHoeingAssistant.UnitTest.dll" adapterTypeName="executor://xunit/VsTestRunner2/netcoreapp" className="MultiplayerHoeingAssistant.UnitTest.ServiceTests.TaskCenter.TaskCenterSuccessorPathGateTests" name="OriginalHost_RunnerRecoveryUsesOriginalRoundAndStrictFacadeClosure" />
    </UnitTest>
    <UnitTest name="MultiplayerHoeingAssistant.UnitTest.ServiceTests.TaskCenter.TaskCenterSuccessorPathGateTests.OriginalHost_RunnerRecoveryUsesOriginalRoundAndStrictFacadeClosure(scenario: &quot;stop-exited&quot;)" storage="e:\program files\better-genshin-impact-lcb\_workflow\local-wait-admission-gates-20261004\g10-completion\products\multiplayerhoeingassistant.unittest.dll" id="f8d3a1e5-3381-dc65-a71d-fd6f6e12dad1">
      <Execution id="e03dd978-e6b0-4f2d-b1a0-e9b78cd85803" />
      <TestMethod codeBase="E:\Program Files\better-genshin-impact-LCB\_workflow\local-wait-admission-gates-20261004\g10-completion\products\MultiplayerHoeingAssistant.UnitTest.dll" adapterTypeName="executor://xunit/VsTestRunner2/netcoreapp" className="MultiplayerHoeingAssistant.UnitTest.ServiceTests.TaskCenter.TaskCenterSuccessorPathGateTests" name="OriginalHost_RunnerRecoveryUsesOriginalRoundAndStrictFacadeClosure" />
    </UnitTest>
    <UnitTest name="MultiplayerHoeingAssistant.UnitTest.ServiceTests.TaskCenter.TaskCenterSuccessorPathGateTests.OriginalHost_RunnerRecoveryUsesOriginalRoundAndStrictFacadeClosure(scenario: &quot;valid&quot;)" storage="e:\program files\better-genshin-impact-lcb\_workflow\local-wait-admission-gates-20261004\g10-completion\products\multiplayerhoeingassistant.unittest.dll" id="11208037-20de-4191-7267-4cde34a767ad">
      <Execution id="7694ce41-b7b8-456f-a109-cb1649962338" />
      <TestMethod codeBase="E:\Program Files\better-genshin-impact-LCB\_workflow\local-wait-admission-gates-20261004\g10-completion\products\MultiplayerHoeingAssistant.UnitTest.dll" adapterTypeName="executor://xunit/VsTestRunner2/netcoreapp" className="MultiplayerHoeingAssistant.UnitTest.ServiceTests.TaskCenter.TaskCenterSuccessorPathGateTests" name="OriginalHost_RunnerRecoveryUsesOriginalRoundAndStrictFacadeClosure" />
    </UnitTest>
  </TestDefinitions>
  <TestEntries>
    <TestEntry testId="4c4675fa-6ef0-b0c6-5263-923c26414505" executionId="03a525d8-6b0e-43f1-9461-8ce4dd62b9f3" testListId="8c84fa94-04c1-424b-9868-57a2d4851a1d" />
    <TestEntry testId="ae0a4223-3e0f-79fa-8e42-ec9c26af7c5b" executionId="ec31aabd-ce62-4a5a-be6a-43feed7910df" testListId="8c84fa94-04c1-424b-9868-57a2d4851a1d" />
    <TestEntry testId="f8d3a1e5-3381-dc65-a71d-fd6f6e12dad1" executionId="e03dd978-e6b0-4f2d-b1a0-e9b78cd85803" testListId="8c84fa94-04c1-424b-9868-57a2d4851a1d" />
    <TestEntry testId="1e205646-5cdf-8162-f545-d0b5c538e297" executionId="a07b342d-45fc-4e34-a46f-49eb662e1f12" testListId="8c84fa94-04c1-424b-9868-57a2d4851a1d" />
    <TestEntry testId="db9c08f5-9a72-1377-8735-32e974fb0549" executionId="04b390ae-e265-4d1c-902e-b009868b72cf" testListId="8c84fa94-04c1-424b-9868-57a2d4851a1d" />
    <TestEntry testId="255aefa3-ff81-6edd-96b3-99e698932898" executionId="5e52ae65-1468-4df7-927d-95eeefacec98" testListId="8c84fa94-04c1-424b-9868-57a2d4851a1d" />
    <TestEntry testId="ac396ab7-5160-c1ec-d167-2eb741201d27" executionId="b7a26f57-4163-4c66-8b75-6c4ff5c7376b" testListId="8c84fa94-04c1-424b-9868-57a2d4851a1d" />
    <TestEntry testId="a3d241b2-8778-abe4-3cb3-196fc2706bb0" executionId="b78566f6-a5c3-40aa-a5b5-dc0fb59df1e8" testListId="8c84fa94-04c1-424b-9868-57a2d4851a1d" />
    <TestEntry testId="11208037-20de-4191-7267-4cde34a767ad" executionId="7694ce41-b7b8-456f-a109-cb1649962338" testListId="8c84fa94-04c1-424b-9868-57a2d4851a1d" />
  </TestEntries>
  <TestLists>
    <TestList name="列表中未列出的结果" id="8c84fa94-04c1-424b-9868-57a2d4851a1d" />
    <TestList name="所有已加载的结果" id="19431567-8539-422a-85d7-44ee4e166bda" />
  </TestLists>
  <ResultSummary outcome="Completed">
    <Counters total="9" executed="9" passed="9" failed="0" error="0" timeout="0" aborted="0" inconclusive="0" passedButRunAborted="0" notRunnable="0" notExecuted="0" disconnected="0" warning="0" completed="0" inProgress="0" pending="0" />
    <Output>
      <StdOut>[xUnit.net 00:00:00.00] xUnit.net VSTest Adapter v2.5.3.1+6b60a9e56a (64-bit .NET 8.0.14)&#xD;
[xUnit.net 00:00:00.06]   Discovering: MultiplayerHoeingAssistant.UnitTest&#xD;
[xUnit.net 00:00:00.20]   Discovered:  MultiplayerHoeingAssistant.UnitTest&#xD;
[xUnit.net 00:00:00.20]   Starting:    MultiplayerHoeingAssistant.UnitTest&#xD;
[xUnit.net 00:00:01.22]   Finished:    MultiplayerHoeingAssistant.UnitTest&#xD;
</StdOut>
    </Output>
  </ResultSummary>
</TestRun>