VSTest 版本 17.11.1 (x64)

正在启动测试执行，请稍候...
总共 1 个测试文件与指定模式相匹配。
[xUnit.net 00:00:00.31]     MultiplayerHoeingAssistant.UnitTest.ServiceTests.TaskCenter.HistoricalExecutionObservationTests.HistoricalObservation_DirectBoundSealsRejectConflictingOutcomeSet(fault: "duplicate-identity") [FAIL]
[xUnit.net 00:00:00.34]     MultiplayerHoeingAssistant.UnitTest.ServiceTests.TaskCenter.HistoricalExecutionObservationTests.HistoricalObservation_DirectBoundSealsRejectConflictingOutcomeSet(fault: "result") [FAIL]
[xUnit.net 00:00:00.34]     MultiplayerHoeingAssistant.UnitTest.ServiceTests.TaskCenter.HistoricalExecutionObservationTests.HistoricalObservation_DirectBoundSealsRejectConflictingOutcomeSet(fault: "duplicate-key") [FAIL]
  失败 MultiplayerHoeingAssistant.UnitTest.ServiceTests.TaskCenter.HistoricalExecutionObservationTests.HistoricalObservation_DirectBoundSealsRejectConflictingOutcomeSet(fault: "duplicate-identity") [75 ms]
  错误消息:
   Assert.Null() Failure: Value is not null
Expected: null
Actual:   TerminalReleaseSeal { Id = 24b1053d3fad437b87ad3d3593412b32, Scope = node, RunId = run-da0f2a4acd8d, WireRunId = 9a184fa4fc224a01be2815b2c758ee4d, RecordRevision = 2, FactsHash = E30C7FD892E98526EDB67AB1569D6A23200E8A436D7CC73823FE2B00B35770C0, SubmissionIdentity = sub:original-request:1 }
  堆栈跟踪:
     at MultiplayerHoeingAssistant.UnitTest.ServiceTests.TaskCenter.HistoricalExecutionObservationTests.HistoricalObservation_DirectBoundSealsRejectConflictingOutcomeSet(String fault) in E:\Program Files\better-genshin-impact-LCB\Test\MultiplayerHoeingAssistant.UnitTest\ServiceTests\TaskCenter\HistoricalExecutionObservationTests.cs:line 122
   at System.RuntimeMethodHandle.InvokeMethod(Object target, Void** arguments, Signature sig, Boolean isConstructor)
   at System.Reflection.MethodBaseInvoker.InvokeDirectByRefWithFewArgs(Object obj, Span`1 copyOfArgs, BindingFlags invokeAttr)
  失败 MultiplayerHoeingAssistant.UnitTest.ServiceTests.TaskCenter.HistoricalExecutionObservationTests.HistoricalObservation_DirectBoundSealsRejectConflictingOutcomeSet(fault: "result") [4 ms]
  错误消息:
   Assert.Null() Failure: Value is not null
Expected: null
Actual:   TerminalReleaseSeal { Id = 95480931d9c94f5786cd971b6fb67073, Scope = node, RunId = run-d2d3d1116ef4, WireRunId = 7a9dca071d754854a8427b2d1f7552de, RecordRevision = 2, FactsHash = EC56CEF06AA14373C199BBED808B63D4D1B789FF421D9D36C8292336E17436A5, SubmissionIdentity = sub:original-request:1 }
  堆栈跟踪:
     at MultiplayerHoeingAssistant.UnitTest.ServiceTests.TaskCenter.HistoricalExecutionObservationTests.HistoricalObservation_DirectBoundSealsRejectConflictingOutcomeSet(String fault) in E:\Program Files\better-genshin-impact-LCB\Test\MultiplayerHoeingAssistant.UnitTest\ServiceTests\TaskCenter\HistoricalExecutionObservationTests.cs:line 122
   at InvokeStub_HistoricalExecutionObservationTests.HistoricalObservation_DirectBoundSealsRejectConflictingOutcomeSet(Object, Span`1)
   at System.Reflection.MethodBaseInvoker.InvokeWithOneArg(Object obj, BindingFlags invokeAttr, Binder binder, Object[] parameters, CultureInfo culture)
  失败 MultiplayerHoeingAssistant.UnitTest.ServiceTests.TaskCenter.HistoricalExecutionObservationTests.HistoricalObservation_DirectBoundSealsRejectConflictingOutcomeSet(fault: "duplicate-key") [3 ms]
  错误消息:
   Assert.Null() Failure: Value is not null
Expected: null
Actual:   TerminalReleaseSeal { Id = 442fbb0233f64aff98f5a7fbfc76c0c4, Scope = node, RunId = run-da9161dec34e, WireRunId = 7c415fcbfb474c5f81750ecdc2c9d558, RecordRevision = 2, FactsHash = 7AD21798549F47177C5B6568C546C63C25CB604750DAD1601D859BE3D4D1249E, SubmissionIdentity = sub:original-request:1 }
  堆栈跟踪:
     at MultiplayerHoeingAssistant.UnitTest.ServiceTests.TaskCenter.HistoricalExecutionObservationTests.HistoricalObservation_DirectBoundSealsRejectConflictingOutcomeSet(String fault) in E:\Program Files\better-genshin-impact-LCB\Test\MultiplayerHoeingAssistant.UnitTest\ServiceTests\TaskCenter\HistoricalExecutionObservationTests.cs:line 122
   at InvokeStub_HistoricalExecutionObservationTests.HistoricalObservation_DirectBoundSealsRejectConflictingOutcomeSet(Object, Span`1)
   at System.Reflection.MethodBaseInvoker.InvokeWithOneArg(Object obj, BindingFlags invokeAttr, Binder binder, Object[] parameters, CultureInfo culture)
结果文件: E:\Program Files\better-genshin-impact-LCB\_workflow\local-wait-admission-gates-20261004\auto-relay-history-outcome-20261004-from-01a10699\mutations-r2\M2-node-seal\mutant.trx

失败!  - 失败:     3，通过:     2，已跳过:     0，总计:     5，持续时间: 27 ms - MultiplayerHoeingAssistant.UnitTest.dll (net8.0)
