[xUnit.net 00:00:00.24]     BetterGenshinImpact.UnitTest.GameTaskTests.AutoHoeingTests.PostTeleportRevivalProtectionBugConditionTest.BugCondition_A2_RevivalAtExactly10s_ShouldNotSkipToNextSegment [FAIL]
[xUnit.net 00:00:00.24]     BetterGenshinImpact.UnitTest.GameTaskTests.AutoHoeingTests.PostTeleportRevivalProtectionBugConditionTest.BugCondition_A1_RevivalWithin2s_ShouldNotSkipToNextSegment [FAIL]
[xUnit.net 00:00:00.24]     BetterGenshinImpact.UnitTest.GameTaskTests.AutoHoeingTests.PostTeleportStuckProtectionDecisionsUnitTest.IsEligible_Stuck_BeyondWindow_ReturnsFalse [FAIL]
[xUnit.net 00:00:00.31]     BetterGenshinImpact.UnitTest.CoreTests.RecognitionTests.OCRTests.OcrResultTests.Text_PreservesOfficialDetectionOrder [FAIL]
[xUnit.net 00:00:00.38]     BetterGenshinImpact.UnitTest.GameTaskTests.AutoHoeingTests.AutoHoeingLogicTests.RouteSelector_GreedyPrune_RemovesRedundant [FAIL]
[xUnit.net 00:00:00.38]     BetterGenshinImpact.UnitTest.GameTaskTests.AutoHoeingTests.MultiplayerCoordinatorWaitForAllPlayersTest.WaitForAllPlayers_NonMatchingSyncId_DoesNotReleaseWait [FAIL]
[xUnit.net 00:00:00.39]     BetterGenshinImpact.UnitTest.GameTaskTests.AutoHoeingTests.GatewayEnvelopeDispatchTests.DispatchEvt_NumericPayloadEvents [FAIL]
[xUnit.net 00:00:00.39]     BetterGenshinImpact.UnitTest.GameTaskTests.AutoHoeingTests.RouteAnchorPullExecutorTests.CancelledToken_Propagates_WithoutClaimingApplied [FAIL]
[xUnit.net 00:00:00.39]     BetterGenshinImpact.UnitTest.GameTaskTests.AutoHoeingTests.RouteAnchorClientTests.Cancel_DisabledOrNoAnchor_SendsNothing [FAIL]
[xUnit.net 00:00:00.39]     BetterGenshinImpact.UnitTest.GameTaskTests.AutoHoeingTests.PostTeleportRevivalProtectionControlFlowTest.Callback_ProtectionNotHit_FallsThroughToOriginalFlow [FAIL]
[xUnit.net 00:00:00.39]     BetterGenshinImpact.UnitTest.GameTaskTests.AutoHoeingTests.CooperativeRerunCommunicationTests.CompleteNormalSendsNoEmptyMarkAndPrepares [FAIL]
[xUnit.net 00:00:00.41]     BetterGenshinImpact.UnitTest.GameTaskTests.AutoHoeingTests.RouteAnchorClientTests.WaitForReleased_AlreadyReleased_ReturnsImmediately [FAIL]
[xUnit.net 00:00:00.41]     BetterGenshinImpact.UnitTest.GameTaskTests.AutoHoeingTests.MultiplayerCoordinatorWaitForAllPlayersTest.WaitForAllPlayers_GenericExceptionRethrown_ReturnsFalse [FAIL]
[xUnit.net 00:00:00.41]     BetterGenshinImpact.UnitTest.GameTaskTests.AutoHoeingTests.RouteAnchorPullExecutorTests.AppliedResult_LoopIndex_LandsExactlyOnTarget [FAIL]
[xUnit.net 00:00:00.41]     BetterGenshinImpact.UnitTest.GameTaskTests.AutoHoeingTests.PostTeleportRevivalProtectionControlFlowTest.IsHit_SegmentMismatch_ProtectionForBOldSegment_ReturnsFalse [FAIL]
[xUnit.net 00:00:00.42]     BetterGenshinImpact.UnitTest.GameTaskTests.AutoHoeingTests.RouteAnchorClientTests.ReconcileAfterReconnect_NoAnchorOnServer_ReportsThat [FAIL]
[xUnit.net 00:00:00.42]     BetterGenshinImpact.UnitTest.GameTaskTests.AutoHoeingTests.MultiplayerCoordinatorWaitForAllPlayersTest.WaitForAllPlayers_CancellationRethrown_ReturnsFalse [FAIL]
[xUnit.net 00:00:00.42]     BetterGenshinImpact.UnitTest.GameTaskTests.AutoHoeingTests.AutoHoeingLogicTests.RouteSelector_SelectsRoutesToMeetTargets [FAIL]
[xUnit.net 00:00:00.42]     BetterGenshinImpact.UnitTest.GameTaskTests.AutoHoeingTests.RouteAnchorPullExecutorTests.InvalidTarget_ReportsFailure_AndNeverAborts(target: 20) [FAIL]
[xUnit.net 00:00:00.42]     BetterGenshinImpact.UnitTest.GameTaskTests.AutoHoeingTests.RouteAnchorClientTests.CompleteRoundEnd_SendsRoundEndSentinel_AndReturnsReleased [FAIL]
[xUnit.net 00:00:00.42]     BetterGenshinImpact.UnitTest.GameTaskTests.AutoHoeingTests.MultiplayerCoordinatorWaitForAllPlayersTest.WaitForAllPlayers_StrictWaitConsumed_ReturnsTrue [FAIL]
[xUnit.net 00:00:00.42]     BetterGenshinImpact.UnitTest.GameTaskTests.AutoHoeingTests.PostTeleportRevivalProtectionControlFlowTest.Callback_ProtectionHit_ShortCircuitsTeamSideEffects [FAIL]
[xUnit.net 00:00:00.42]     BetterGenshinImpact.UnitTest.GameTaskTests.AutoHoeingTests.RouteAnchorClientTests.CompleteRoundEnd_Disabled_SendsNothing [FAIL]
[xUnit.net 00:00:00.42]     BetterGenshinImpact.UnitTest.GameTaskTests.AutoHoeingTests.GatewayEnvelopeDispatchTests.DispatchEvt_StringPayloadEvents [FAIL]
[xUnit.net 00:00:00.42]     BetterGenshinImpact.UnitTest.GameTaskTests.AutoHoeingTests.MultiplayerCoordinatorWaitForAllPlayersTest.WaitForAllPlayers_ClientNotConnected_ReturnsFalse [FAIL]
[xUnit.net 00:00:00.42]     BetterGenshinImpact.UnitTest.GameTaskTests.AutoHoeingTests.RouteAnchorPullExecutorTests.InvalidTarget_ReportsFailure_AndNeverAborts(target: 5) [FAIL]
[xUnit.net 00:00:00.43]     BetterGenshinImpact.UnitTest.GameTaskTests.AutoHoeingTests.RouteAnchorClientTests.Pull_Disabled_IsIgnored [FAIL]
[xUnit.net 00:00:00.43]     BetterGenshinImpact.UnitTest.GameTaskTests.AutoHoeingTests.PostTeleportRevivalProtectionControlFlowTest.IsHit_Inactive_NoProtectionSegment_ReturnsFalse [FAIL]
[xUnit.net 00:00:00.43]     BetterGenshinImpact.UnitTest.GameTaskTests.AutoHoeingTests.CooperativeRerunCommunicationTests.FinishClosesFromFinishing [FAIL]
[xUnit.net 00:00:00.43]     BetterGenshinImpact.UnitTest.GameTaskTests.AutoHoeingTests.RouteAnchorClientTests.CompleteBoundary_ReportRejectedAndNotReported_FailsAsBefore [FAIL]
[xUnit.net 00:00:00.43]     BetterGenshinImpact.UnitTest.GameTaskTests.AutoHoeingTests.RouteAnchorPullExecutorTests.InvalidTarget_ReportsFailure_AndNeverAborts(target: 3) [FAIL]
[xUnit.net 00:00:00.43]     BetterGenshinImpact.UnitTest.GameTaskTests.AutoHoeingTests.RouteAnchorClientTests.Enroll_EmptyPlanId_IsNotSent [FAIL]
[xUnit.net 00:00:00.43]     BetterGenshinImpact.UnitTest.GameTaskTests.AutoHoeingTests.PostTeleportRevivalProtectionControlFlowTest.SingleVsMultiplayer_SingleModeProtectionNeverEngages [FAIL]
[xUnit.net 00:00:00.43]     BetterGenshinImpact.UnitTest.GameTaskTests.AutoHoeingTests.RouteAnchorClientTests.Hello_DeclaresRouteAnchorCapability [FAIL]
[xUnit.net 00:00:00.43]     BetterGenshinImpact.UnitTest.GameTaskTests.AutoHoeingTests.RouteAnchorPullExecutorTests.AbortThrows_IsTreatedAsFailure_NotAsApplied [FAIL]
[xUnit.net 00:00:00.43]     BetterGenshinImpact.UnitTest.GameTaskTests.AutoHoeingTests.PostTeleportRevivalProtectionControlFlowTest.TryConsume_AfterConsumption_DoesNotReset_SameSegmentRerun [FAIL]
[xUnit.net 00:00:00.43]     BetterGenshinImpact.UnitTest.GameTaskTests.AutoHoeingTests.RouteAnchorClientTests.WaitForReleased_Cancellation_ReturnsCancelled [FAIL]
[xUnit.net 00:00:00.44]     BetterGenshinImpact.UnitTest.GameTaskTests.AutoHoeingTests.RouteAnchorPullExecutorTests.AbortSucceeds_ReportsApplied_AndReturnsLoopIndexTargetMinusOne [FAIL]
[xUnit.net 00:00:00.44]     BetterGenshinImpact.UnitTest.GameTaskTests.AutoHoeingTests.RouteAnchorClientTests.DisabledByDefaultConfig_NoProtocolTraffic_EvenIfClientObjectExists [FAIL]
[xUnit.net 00:00:00.44]     BetterGenshinImpact.UnitTest.GameTaskTests.AutoHoeingTests.PostTeleportRevivalProtectionControlFlowTest.IsHit_WindowExpired_Over10s_ReturnsFalse [FAIL]
[xUnit.net 00:00:00.44]     BetterGenshinImpact.UnitTest.GameTaskTests.AutoHoeingTests.RouteAnchorClientTests.Cancel_ClearsPendingPull_SoNoStaleJumpHappens [FAIL]
[xUnit.net 00:00:00.45]     BetterGenshinImpact.UnitTest.GameTaskTests.AutoHoeingTests.RouteAnchorPullExecutorTests.NoPendingPull_ReturnsNoCommand_WithoutSendingAck [FAIL]
[xUnit.net 00:00:00.45]     BetterGenshinImpact.UnitTest.GameTaskTests.AutoHoeingTests.RouteAnchorClientTests.ReportPullApplied_NoPendingCommand_SendsNothing [FAIL]
[xUnit.net 00:00:00.45]     BetterGenshinImpact.UnitTest.GameTaskTests.AutoHoeingTests.PostTeleportRevivalProtectionControlFlowTest.NoConfigProtocolChange_ProtectionWindowFixed_NoNewConfigField [FAIL]
[xUnit.net 00:00:00.45]     BetterGenshinImpact.UnitTest.GameTaskTests.AutoHoeingTests.RouteAnchorClientTests.CompleteBoundary_UnreleasedSnapshot_EndsAsFailedWhenAnchorDisappears [FAIL]
[xUnit.net 00:00:00.45]     BetterGenshinImpact.UnitTest.GameTaskTests.AutoHoeingTests.RouteAnchorPullExecutorTests.AbortFails_ReportsFailure_AndDoesNotClaimApplied [FAIL]
[xUnit.net 00:00:00.45]     BetterGenshinImpact.UnitTest.GameTaskTests.AutoHoeingTests.GatewayEnvelopeDispatchTests.DispatchEvt_ComplexPayloadEvents [FAIL]
[xUnit.net 00:00:00.46]     BetterGenshinImpact.UnitTest.GameTaskTests.AutoHoeingTests.PostTeleportRevivalProtectionControlFlowTest.TryConsume_Sequential_FirstWins_SecondFails_StateStaysConsumed [FAIL]
[xUnit.net 00:00:00.47]     BetterGenshinImpact.UnitTest.GameTaskTests.AutoHoeingTests.RouteAnchorClientTests.Pull_DuplicateCommandId_IsIdempotent [FAIL]
[xUnit.net 00:00:00.47]     BetterGenshinImpact.UnitTest.GameTaskTests.AutoHoeingTests.RouteAnchorClientTests.Reset_ClearsPendingPull [FAIL]
[xUnit.net 00:00:00.47]     BetterGenshinImpact.UnitTest.GameTaskTests.AutoHoeingTests.PostTeleportRevivalProtectionControlFlowTest.TryConsume_Concurrent_AtMostOneWinner [FAIL]
[xUnit.net 00:00:00.47]     BetterGenshinImpact.UnitTest.GameTaskTests.AutoHoeingTests.RouteAnchorClientTests.SharedProtocolConstants_MatchWireValues [FAIL]
[xUnit.net 00:00:00.48]     BetterGenshinImpact.UnitTest.GameTaskTests.AutoHoeingTests.PostTeleportRevivalProtectionControlFlowTest.IsHit_ActiveWindow_MatchingSegment_NotConsumed_InWindow_ReturnsTrue [FAIL]
[xUnit.net 00:00:00.48]     BetterGenshinImpact.UnitTest.GameTaskTests.AutoHoeingTests.RouteAnchorClientTests.ReportPullApplied_SendsAck_AndClearsPending_OnlyOnce [FAIL]
[xUnit.net 00:00:00.48]     BetterGenshinImpact.UnitTest.GameTaskTests.AutoHoeingTests.RouteAnchorClientTests.WaitForReleased_StoppedEvent_ReturnsStopped_NotReleased [FAIL]
[xUnit.net 00:00:00.49]     BetterGenshinImpact.UnitTest.GameTaskTests.AutoHoeingTests.GatewayEnvelopeDispatchTests.DispatchEvt_PlayerListChanged_UpdatesStateAndFires [FAIL]
[xUnit.net 00:00:00.49]     BetterGenshinImpact.UnitTest.GameTaskTests.AutoHoeingTests.PostTeleportRevivalProtectionControlFlowTest.IsHit_SingleMode_NullCoordinator_AlwaysFalse [FAIL]
[xUnit.net 00:00:00.49]     BetterGenshinImpact.UnitTest.GameTaskTests.AutoHoeingTests.RouteAnchorClientTests.Report_WithoutAnchor_IsNotSent [FAIL]
[xUnit.net 00:00:00.49]     BetterGenshinImpact.UnitTest.GameTaskTests.AutoHoeingTests.PostTeleportRevivalProtectionControlFlowTest.IsHit_OpportunityConsumed_ReturnsFalse [FAIL]
[xUnit.net 00:00:00.50]     BetterGenshinImpact.UnitTest.GameTaskTests.AutoHoeingTests.RouteAnchorClientTests.Report_UsesServerIdentityAndBoundary_NotClientGuess [FAIL]
[xUnit.net 00:00:00.50]     BetterGenshinImpact.UnitTest.GameTaskTests.AutoHoeingTests.RouteAnchorClientTests.WaitForReleased_EventArrives_ReturnsReleased [FAIL]
[xUnit.net 00:00:00.50]     BetterGenshinImpact.UnitTest.GameTaskTests.AutoHoeingTests.RouteAnchorClientTests.Pull_MatchingCommand_IsRegistered_NotExecutedInCallback [FAIL]
[xUnit.net 00:00:00.51]     BetterGenshinImpact.UnitTest.GameTaskTests.AutoHoeingTests.RouteAnchorClientTests.WaitForReleased_OtherAnchorEvent_IsIgnored [FAIL]
[xUnit.net 00:00:00.51]     BetterGenshinImpact.UnitTest.GameTaskTests.AutoHoeingTests.RouteAnchorClientTests.TryGetPullCommand_NullWhenServerProvidesNoCommandId [FAIL]
[xUnit.net 00:00:00.52]     BetterGenshinImpact.UnitTest.GameTaskTests.AutoHoeingTests.RouteAnchorClientTests.CompleteBoundary_ReportRejectedButAlreadyReported_ContinuesInsteadOfFailing [FAIL]
[xUnit.net 00:00:00.52]     BetterGenshinImpact.UnitTest.GameTaskTests.AutoHoeingTests.RouteAnchorClientTests.ReconcileAfterReconnect_QueryFails_ReturnsNull [FAIL]
[xUnit.net 00:00:00.52]     BetterGenshinImpact.UnitTest.GameTaskTests.AutoHoeingTests.RouteAnchorClientTests.WaitForReleased_NoAnchor_ReturnsFailed [FAIL]
[xUnit.net 00:00:00.52]     BetterGenshinImpact.UnitTest.GameTaskTests.AutoHoeingTests.RouteAnchorClientTests.Cancel_SendsCancelCommand_AndRefreshesLocalState [FAIL]
[xUnit.net 00:00:00.52]     BetterGenshinImpact.UnitTest.GameTaskTests.AutoHoeingTests.RouteAnchorClientTests.Enroll_StoresServerAuthoritativeSnapshot [FAIL]
[xUnit.net 00:00:00.53]     BetterGenshinImpact.UnitTest.GameTaskTests.AutoHoeingTests.RouteAnchorClientTests.Pull_WrongAnchorOrSessionOrTarget_IsIgnored [FAIL]
[xUnit.net 00:00:00.53]     BetterGenshinImpact.UnitTest.GameTaskTests.AutoHoeingTests.RouteAnchorClientTests.Reset_ClearsLocalState [FAIL]
[xUnit.net 00:00:00.53]     BetterGenshinImpact.UnitTest.GameTaskTests.AutoHoeingTests.RouteAnchorClientTests.Arrive_SendsReadyWithServerIdentity [FAIL]
[xUnit.net 00:00:00.54]     BetterGenshinImpact.UnitTest.GameTaskTests.AutoHoeingTests.RouteAnchorClientTests.Disabled_DoesNotSendAnyProtocolMessage [FAIL]
[xUnit.net 00:00:00.54]     BetterGenshinImpact.UnitTest.GameTaskTests.AutoHoeingTests.RouteAnchorClientTests.ClientConfig_EnableRouteAnchor_DefaultsToFalse [FAIL]
[xUnit.net 00:00:00.54]     BetterGenshinImpact.UnitTest.GameTaskTests.AutoHoeingTests.RouteAnchorClientTests.ReconcileAfterReconnect_ServerHasPullCommand_RegistersItLocally [FAIL]
[xUnit.net 00:00:00.55]     BetterGenshinImpact.UnitTest.ServiceTests.Execution.ExecutionScopeSkippedTests.Observe_SkippedThenFailed_FailureNotCoveredBySkip [FAIL]
[xUnit.net 00:00:00.55]     BetterGenshinImpact.UnitTest.ServiceTests.Execution.ExecutionScopeSkippedTests.Observe_Skipped_DoesNotCountFailure_ExpressesSkipped [FAIL]
[xUnit.net 00:00:00.55]     BetterGenshinImpact.UnitTest.ServiceTests.Execution.ExecutionScopeSkippedTests.Observe_SkippedThenCancelled_CancelledWins [FAIL]
[xUnit.net 00:00:00.56]     BetterGenshinImpact.UnitTest.ServiceTests.Execution.ExecutionScopeSkippedTests.Observe_RanThenSkipped_SkippedExpressesNotFullyRan [FAIL]
[xUnit.net 00:00:00.56]     BetterGenshinImpact.UnitTest.ServiceTests.Execution.ExecutionScopeSkippedTests.Observe_FailedThenSkipped_FailureSticks [FAIL]
[xUnit.net 00:00:00.56]     BetterGenshinImpact.UnitTest.GameTaskTests.AutoHoeingTests.GatewayEnvelopeDispatchTests.DispatchEvt_MalformedPayload_NotApplied [FAIL]
[xUnit.net 00:00:00.57]     BetterGenshinImpact.UnitTest.GameTaskTests.AutoHoeingTests.RouteAnchorRerunYieldTests.CompleteBoundary_CapabilityRejection_StillFails [FAIL]
[xUnit.net 00:00:00.57]     BetterGenshinImpact.UnitTest.GameTaskTests.AutoHoeingTests.RouteAnchorRerunYieldTests.ExtractAnchorErrorReason_OnlyAcceptsKnownPrefix(message: "", expected: "") [FAIL]
[xUnit.net 00:00:00.57]     BetterGenshinImpact.UnitTest.GameTaskTests.AutoHoeingTests.GatewayEnvelopeDispatchTests.DispatchEvt_NoPayloadEvents [FAIL]
[xUnit.net 00:00:00.58]     BetterGenshinImpact.UnitTest.GameTaskTests.AutoHoeingTests.RouteAnchorRerunYieldTests.ExtractAnchorErrorReason_OnlyAcceptsKnownPrefix(message: "[gateway:bad_request] route_anchor:rerun_in_progre"···, expected: "rerun_in_progress") [FAIL]
[xUnit.net 00:00:00.58]     BetterGenshinImpact.UnitTest.GameTaskTests.AutoHoeingTests.RouteAnchorRerunYieldTests.ExtractAnchorErrorReason_OnlyAcceptsKnownPrefix(message: "route_anchor:stale_boundary", expected: "stale_boundary") [FAIL]
[xUnit.net 00:00:00.58]     BetterGenshinImpact.UnitTest.GameTaskTests.AutoHoeingTests.RouteAnchorRerunYieldTests.ExtractAnchorErrorReason_OnlyAcceptsKnownPrefix(message: "[gateway:bad_request] route_anchor:config_disabled", expected: "config_disabled") [FAIL]
[xUnit.net 00:00:00.58]     BetterGenshinImpact.UnitTest.GameTaskTests.AutoHoeingTests.AutoHoeingLogicTests.ParseDescription_WithTimeAndMonsters_ParsesCorrectly [FAIL]
[xUnit.net 00:00:00.59]     BetterGenshinImpact.UnitTest.GameTaskTests.AutoHoeingTests.RouteAnchorRerunYieldTests.ExtractAnchorErrorReason_OnlyAcceptsKnownPrefix(message: "[gateway:bad_request] route_anchor:capability_requ"···, expected: "capability_required") [FAIL]
[xUnit.net 00:00:00.59]     BetterGenshinImpact.UnitTest.GameTaskTests.AutoHoeingTests.RouteAnchorRerunYieldTests.ExtractAnchorErrorReason_OnlyAcceptsKnownPrefix(message: "完全无关的错误消息", expected: "") [FAIL]
[xUnit.net 00:00:00.59]     BetterGenshinImpact.UnitTest.GameTaskTests.AutoHoeingTests.RouteAnchorRerunYieldTests.ExtractAnchorErrorReason_OnlyAcceptsKnownPrefix(message: null, expected: "") [FAIL]
[xUnit.net 00:00:00.59]     BetterGenshinImpact.UnitTest.GameTaskTests.AutoHoeingTests.RouteAnchorRerunYieldTests.CompleteBoundary_OtherRejection_StillFails [FAIL]
[xUnit.net 00:00:00.59]     BetterGenshinImpact.UnitTest.GameTaskTests.AutoHoeingTests.RouteAnchorRerunYieldTests.AllowsNextRoute_AllowsExactlyReleasedAndYieldedToRerun [FAIL]
[xUnit.net 00:00:00.60]     BetterGenshinImpact.UnitTest.GameTaskTests.AutoHoeingTests.RouteAnchorRerunYieldTests.CompleteBoundary_RerunInProgress_YieldsAndContinues [FAIL]
[xUnit.net 00:00:00.60]     BetterGenshinImpact.UnitTest.GameTaskTests.AutoHoeingTests.RouteAnchorRerunYieldTests.LastRouteAnchorErrorCode_IsClearedOnSuccess [FAIL]
[xUnit.net 00:00:00.60]     BetterGenshinImpact.UnitTest.GameTaskTests.AutoHoeingTests.AutoHoeingLogicTests.ParseDescription_NoTime_DefaultsTo60 [FAIL]
[xUnit.net 00:00:00.60]     BetterGenshinImpact.UnitTest.GameTaskTests.AutoHoeingTests.AutoHoeingLogicTests.RouteSelector_PrioritizedRoutes_AlwaysSelected [FAIL]
[xUnit.net 00:00:00.61]     BetterGenshinImpact.UnitTest.GameTaskTests.AutoHoeingTests.CooperativeRerunCommunicationTests.ContextRouteKeyAndArriveOnce [FAIL]
[xUnit.net 00:00:00.61]     BetterGenshinImpact.UnitTest.GameTaskTests.AutoHoeingTests.CooperativeRerunContractTests.AbortedStageSurfacesFailureInsteadOfSuccess [FAIL]
[xUnit.net 00:00:00.62]     BetterGenshinImpact.UnitTest.GameTaskTests.AutoHoeingTests.CooperativeRerunCommunicationTests.MissingCapabilityDoesNotEnroll [FAIL]
[xUnit.net 00:00:00.62]     BetterGenshinImpact.UnitTest.GameTaskTests.AutoHoeingTests.CooperativeRerunCommunicationTests.EmptyPlanCompletesWithoutPrepare [FAIL]
[xUnit.net 00:00:00.62]     BetterGenshinImpact.UnitTest.GameTaskTests.AutoHoeingTests.CooperativeRerunCommunicationTests.SnapshotIsolation [FAIL]
[xUnit.net 00:00:00.63]     BetterGenshinImpact.UnitTest.GameTaskTests.AutoHoeingTests.CooperativeRerunCommunicationTests.CompleteRouteWaitsForCurrentRouteToAdvance [FAIL]
[xUnit.net 00:00:00.63]     BetterGenshinImpact.UnitTest.GameTaskTests.AutoHoeingTests.CooperativeRerunServerContractTests.SilentMemberLeaseExpiryAbortsStageAndIsVisibleToOthers [FAIL]
[xUnit.net 00:00:00.63]     BetterGenshinImpact.UnitTest.GameTaskTests.AutoHoeingTests.CooperativeRerunServerContractTests.EnrollmentTimeoutAbortsInsteadOfCompletingEmptyRound [FAIL]
[xUnit.net 00:00:00.63]     BetterGenshinImpact.UnitTest.GameTaskTests.AutoHoeingTests.CooperativeRerunServerContractTests.IncompleteRouteAutoBypassesUnreachedPointsAndSessionContinues [FAIL]
[xUnit.net 00:00:00.63]     BetterGenshinImpact.UnitTest.GameTaskTests.AutoHoeingTests.CooperativeRerunServerContractTests.EarlyNormalCompletionWaitsForOtherMemberEnrollment(hasRoutes: False) [FAIL]
[xUnit.net 00:00:00.63]     BetterGenshinImpact.UnitTest.GameTaskTests.AutoHoeingTests.CooperativeRerunServerContractTests.EarlyNormalCompletionWaitsForOtherMemberEnrollment(hasRoutes: True) [FAIL]
[xUnit.net 00:00:00.63]     BetterGenshinImpact.UnitTest.GameTaskTests.AutoHoeingTests.CooperativeRerunServerContractTests.EveryCanonicalCheckpointMustBeArrivedBeforeCompleted [FAIL]
[xUnit.net 00:00:00.63]     BetterGenshinImpact.UnitTest.GameTaskTests.AutoHoeingTests.CooperativeRerunServerContractTests.WaitingForEnrollmentCanBeCancelledWithoutNormalDone [FAIL]
[xUnit.net 00:00:00.63]     BetterGenshinImpact.UnitTest.GameTaskTests.AutoHoeingTests.CooperativeRerunContractTests.RecoverIsSentForCurrentRouteAndDoesNotResolvePoints [FAIL]
[xUnit.net 00:00:00.63]     BetterGenshinImpact.UnitTest.GameTaskTests.AutoHoeingTests.CooperativeRerunServerContractTests.ReplayDeathDoesNotExtendTheFrozenPlan [FAIL]
[xUnit.net 00:00:00.63]     BetterGenshinImpact.UnitTest.GameTaskTests.AutoHoeingTests.CooperativeRerunContractTests.NormalRoundDoesNotSendRecoverOrBypass [FAIL]
[xUnit.net 00:00:00.64]     BetterGenshinImpact.UnitTest.GameTaskTests.AutoHoeingTests.CooperativeRerunServerContractTests.PartialBypassThenEarlyExitMustRemainIncomplete [FAIL]
[xUnit.net 00:00:00.64]     BetterGenshinImpact.UnitTest.GameTaskTests.AutoHoeingTests.CooperativeRerunServerContractTests.CompletedWithoutArrivalIsRejectedByRealServer [FAIL]
[xUnit.net 00:00:00.64]     BetterGenshinImpact.UnitTest.GameTaskTests.AutoHoeingTests.CooperativeRerunServerContractTests.DeathBeforeOtherMemberEnrollmentMustEnterReplay [FAIL]
[xUnit.net 00:00:00.64]     BetterGenshinImpact.UnitTest.GameTaskTests.AutoHoeingTests.CooperativeRerunServerContractTests.NoMarksProducesEmptyPlanAndCompletesWithoutReplay [FAIL]
[xUnit.net 00:00:00.64]     BetterGenshinImpact.UnitTest.GameTaskTests.AutoHoeingTests.CooperativeRerunServerContractTests.TwoMembersCompleteFullCooperativeRerunAgainstRealServerState [FAIL]
[xUnit.net 00:00:00.65]     BetterGenshinImpact.UnitTest.GameTaskTests.AutoHoeingTests.CooperativeRerunContractTests.PrepareWaitsForFrozenPlanHash [FAIL]
[xUnit.net 00:00:00.65]     BetterGenshinImpact.UnitTest.GameTaskTests.AutoHoeingTests.CooperativeRerunServerContractTests.PendingDeathMarkEnrollmentWaitCanBeCancelled [FAIL]
[xUnit.net 00:00:00.65]     BetterGenshinImpact.UnitTest.GameTaskTests.AutoHoeingTests.CooperativeRerunContractTests.BypassCarriesAcknowledgedRangeAndScopeFlag [FAIL]
[xUnit.net 00:00:00.65]     BetterGenshinImpact.UnitTest.GameTaskTests.AutoHoeingTests.AutoHoeingLogicTests.ParseDescription_NoMonsters_EmptyDict [FAIL]
[xUnit.net 00:00:00.65]     BetterGenshinImpact.UnitTest.GameTaskTests.AutoHoeingTests.CooperativeRerunContractTests.FinishWaitsForFinishingStageAndIsIdempotentOnCompleted [FAIL]
[xUnit.net 00:00:00.65]     BetterGenshinImpact.UnitTest.GameTaskTests.AutoHoeingTests.GatewayEnvelopeDispatchTests.DispatchEvt_AnomalyEvents_FilterSelf [FAIL]
[xUnit.net 00:00:00.65]     BetterGenshinImpact.UnitTest.GameTaskTests.AutoHoeingTests.CooperativeRerunContractTests.HelloAdvertisesCooperativeRerunCapability [FAIL]
[xUnit.net 00:00:00.65]     BetterGenshinImpact.UnitTest.GameTaskTests.AutoHoeingTests.AutoHoeingLogicTests.ParseDescription_DecimalTime_ParsesCorrectly [FAIL]
[xUnit.net 00:00:00.65]     BetterGenshinImpact.UnitTest.GameTaskTests.AutoHoeingTests.GatewayEnvelopeDispatchTests.DispatchEvt_UnknownName_IgnoredWithoutThrow [FAIL]
[xUnit.net 00:00:00.66]     BetterGenshinImpact.UnitTest.GameTaskTests.AutoHoeingTests.AutoHoeingLogicTests.RouteSelector_SortByEfficiency [FAIL]
[xUnit.net 00:00:00.66]     BetterGenshinImpact.UnitTest.GameTaskTests.AutoHoeingTests.CooperativeRerunContractTests.RoomClosedDuringStrictWait_IsNotReportedAsSuccess [FAIL]
[xUnit.net 00:00:00.66]     BetterGenshinImpact.UnitTest.GameTaskTests.AutoHoeingTests.CooperativeRerunCommunicationTests.EnrollmentUsesServerSessionId [FAIL]
[xUnit.net 00:00:00.66]     BetterGenshinImpact.UnitTest.GameTaskTests.AutoHoeingTests.CooperativeRerunContractTests.StaleRevisionForeignSessionAndForeignScopeAreIgnored [FAIL]
[xUnit.net 00:00:00.66]     BetterGenshinImpact.UnitTest.GameTaskTests.AutoHoeingTests.CooperativeRerunContractTests.IsAbortedReflectsServerAbortSoGameplayCanStop [FAIL]
[xUnit.net 00:00:00.66]     BetterGenshinImpact.UnitTest.GameTaskTests.AutoHoeingTests.CooperativeRerunContractTests.IncompleteRouteRequiresReasonAndBypassBlocksCompleted [FAIL]
[xUnit.net 00:00:00.66]     BetterGenshinImpact.UnitTest.GameTaskTests.AutoHoeingTests.CooperativeRerunContractTests.ShouldSkipFightMatchesPhaseAndStopsAfterCompletion [FAIL]
[xUnit.net 00:00:00.67]     BetterGenshinImpact.UnitTest.GameTaskTests.AutoHoeingTests.MultiWorldConfigLockingBugTests.Round1_MemberConfigFetchFails_ShouldTerminateMultiWorld [FAIL]
[xUnit.net 00:00:00.67]     BetterGenshinImpact.UnitTest.GameTaskTests.AutoHoeingTests.WaitPointReportTests.WaitPointReport_SyncPointIdValidation_WorksCorrectly [FAIL]
[xUnit.net 00:00:00.67]     BetterGenshinImpact.UnitTest.GameTaskTests.AutoHoeingTests.PostTeleportStuckProtectionPbtPropertiesTest.IsEligible_BoundaryZeroAndTwenty_Stuck [FAIL]
[xUnit.net 00:00:00.67]     BetterGenshinImpact.UnitTest.GameTaskTests.AutoHoeingTests.MultiWorldConfigLockingBugTests.Round1_HostUploadConfig_ShouldSaveToFirstHostConfig [FAIL]
[xUnit.net 00:00:00.67]     BetterGenshinImpact.UnitTest.GameTaskTests.AutoPathingTests.AutoTrackPositionRecoveryDecisionsTest.Decide_TimesGte4_AlwaysThrowRetry [FAIL]
[xUnit.net 00:00:00.68]     BetterGenshinImpact.UnitTest.GameTaskTests.AutoHoeingTests.MultiWorldConfigLockingBugTests.Round2Plus_HostFirstConfigNull_ShouldTerminateMultiWorld [FAIL]
[xUnit.net 00:00:00.68]     BetterGenshinImpact.UnitTest.GameTaskTests.AutoHoeingTests.WaitPointReportTests.WaitPointReport_Creation_IsValidWithRequiredFields [FAIL]
[xUnit.net 00:00:00.68]     BetterGenshinImpact.UnitTest.GameTaskTests.AutoHoeingTests.MultiWorldConfigLockingBugTests.Round1_MemberFetchConfig_ShouldSaveToFirstHostConfig [FAIL]
[xUnit.net 00:00:00.68]     BetterGenshinImpact.UnitTest.CoreTests.RecognitionTests.RecognitionObjectJsonLoaderTests.Load_InvalidSearchExpandPercent_Throws(values: [0.10000000000000001, 0.20000000000000001, 0.29999999999999999, 0.40000000000000002, 0.5]) [FAIL]
[xUnit.net 00:00:00.68]     BetterGenshinImpact.UnitTest.CoreTests.RecognitionTests.RecognitionObjectJsonLoaderTests.Load_InvalidSearchExpandPercent_Throws(values: []) [FAIL]
[xUnit.net 00:00:00.68]     BetterGenshinImpact.UnitTest.CoreTests.RecognitionTests.RecognitionObjectJsonLoaderTests.Load_InvalidSearchExpandPercent_Throws(values: [NaN]) [FAIL]
[xUnit.net 00:00:00.68]     BetterGenshinImpact.UnitTest.CoreTests.RecognitionTests.RecognitionObjectJsonLoaderTests.Load_InvalidSearchExpandPercent_Throws(values: [∞]) [FAIL]
[xUnit.net 00:00:00.68]     BetterGenshinImpact.UnitTest.CoreTests.RecognitionTests.RecognitionObjectJsonLoaderTests.Load_InvalidSearchExpandPercent_Throws(values: [-0.10000000000000001]) [FAIL]
[xUnit.net 00:00:00.68]     BetterGenshinImpact.UnitTest.CoreTests.RecognitionTests.RecognitionObjectJsonLoaderTests.Load_InvalidSearchExpandPercent_Throws(values: [0.10000000000000001, 0.20000000000000001, 0.29999999999999999]) [FAIL]
[xUnit.net 00:00:00.68]     BetterGenshinImpact.UnitTest.GameTaskTests.AutoHoeingTests.WaitPointReportTests.WaitPointReport_ExpiryCheck_WorksCorrectly [FAIL]
[xUnit.net 00:00:00.68]     BetterGenshinImpact.UnitTest.GameTaskTests.AutoHoeingTests.WaitPointReportTests.WaitPointReport_ExtractRouteIndex_HandlesVariousFormats [FAIL]
[xUnit.net 00:00:05.02]     BetterGenshinImpact.UnitTest.ServiceTests.Instance.StandardConfigurationMigrationTests.ActualPhysicalSlotRejectsBusyAndAllowsPassiveCaptureWithoutJobs [FAIL]
[xUnit.net 00:00:06.01]     BetterGenshinImpact.UnitTest.ServiceTests.Instance.BgiTaskCoordinatorTests.Prerequisite_UnknownResult_RemainsNonterminal [FAIL]
[xUnit.net 00:00:07.85]     BetterGenshinImpact.UnitTest.ServiceTests.Instance.JobTreeEvictionAndSamplingTests.ExitReceipt_RealCapacityEvictionOfTerminalAncestor_IsUnknownNotZero [FAIL]
[xUnit.net 00:00:07.85]     BetterGenshinImpact.UnitTest.ServiceTests.Instance.JobTreeEvictionAndSamplingTests.JobRegistry_TerminalCapacityEviction_IsFifo_KeepsNewest64 [FAIL]
[xUnit.net 00:00:07.87]     BetterGenshinImpact.UnitTest.ServiceTests.Instance.JobTreeEvictionAndSamplingTests.JobTreeSnapshot_UnderConcurrentSubmitAndTerminalChurn_HoldsSamplingInvariants [FAIL]
[xUnit.net 00:00:07.88]     BetterGenshinImpact.UnitTest.ServiceTests.Instance.TaskTakeoverIncidentTests.Start_AfterManualStopBetweenCheckAndRootCreation_RejectsOldWatermark [FAIL]
[xUnit.net 00:00:07.88]     BetterGenshinImpact.UnitTest.ServiceTests.Instance.TaskTakeoverIncidentTests.TaskStop_WithStaleRevision_DoesNotDisturbCurrentRoot [FAIL]
[xUnit.net 00:00:07.88]     BetterGenshinImpact.UnitTest.ServiceTests.Instance.TaskTakeoverIncidentTests.TaskStop_WithNonIntegerStartTicksOrOutOfRangeProcessId_IsRejectedAsInvalidRequest [FAIL]
[xUnit.net 00:00:07.89]     BetterGenshinImpact.UnitTest.ServiceTests.Instance.TaskTakeoverIncidentTests.TaskStatus_StopRequestedButRootNotExited_ReportsNotExitedInsteadOfConfirmed [FAIL]
[xUnit.net 00:00:07.89]     BetterGenshinImpact.UnitTest.ServiceTests.Instance.TaskTakeoverIncidentTests.TaskStatus_ExitQuery_WithoutIdentityOrWithStaleEpoch_NeverClaimsExit [FAIL]
[xUnit.net 00:00:07.89]     BetterGenshinImpact.UnitTest.ServiceTests.Instance.TaskTakeoverIncidentTests.TaskStop_WithEpochOnlyLegacyShape_StillPerformsGlobalStop [FAIL]
[xUnit.net 00:00:07.89]     BetterGenshinImpact.UnitTest.ServiceTests.Instance.TaskTakeoverIncidentTests.TaskStatus_ExitReceipt_BrokenParentChainIsUnknownNotZero [FAIL]
[xUnit.net 00:00:07.89]     BetterGenshinImpact.UnitTest.ServiceTests.Instance.TaskTakeoverIncidentTests.TaskStop_WithMatchingExecutionIdentity_RequestsStopWithoutClaimingExit [FAIL]
[xUnit.net 00:00:07.89]     BetterGenshinImpact.UnitTest.ServiceTests.Instance.TaskTakeoverIncidentTests.IdleSuspend_HasNoVictim_AndReleaseIsIdempotent [FAIL]
[xUnit.net 00:00:07.90]     BetterGenshinImpact.UnitTest.ServiceTests.Instance.TaskTakeoverIncidentTests.ActiveDragonSuspend_PreservesAncestor_AndDuplicateCannotReplaceVictim [FAIL]
[xUnit.net 00:00:07.90]     BetterGenshinImpact.UnitTest.ServiceTests.Instance.TaskTakeoverIncidentTests.TaskStop_WithUnknownExecutionIdentity_ReportsNotCurrentWithoutExitEvidence [FAIL]
[xUnit.net 00:00:07.90]     BetterGenshinImpact.UnitTest.ServiceTests.Instance.TaskTakeoverIncidentTests.TaskStop_RepeatedWithRefreshedRevision_StaysStopRequestedWithoutExitConfirmation [FAIL]
[xUnit.net 00:00:07.90]     BetterGenshinImpact.UnitTest.ServiceTests.Instance.TaskTakeoverIncidentTests.TaskStop_WithPartialExecutionIdentity_IsRejectedWithoutGlobalStop(scenario: "executionStateRevision") [FAIL]
[xUnit.net 00:00:07.90]     BetterGenshinImpact.UnitTest.ServiceTests.Instance.TaskTakeoverIncidentTests.TaskStop_WithPartialExecutionIdentity_IsRejectedWithoutGlobalStop(scenario: "executionInstanceId") [FAIL]
[xUnit.net 00:00:07.90]     BetterGenshinImpact.UnitTest.ServiceTests.Instance.TaskTakeoverIncidentTests.TaskStatus_ExitReceipt_RepeatedDispose_DoesNotBumpOrder [FAIL]
[xUnit.net 00:00:07.90]     BetterGenshinImpact.UnitTest.ServiceTests.Instance.TaskTakeoverIncidentTests.TaskStop_WithWrongTypedRevision_IsRejectedAsInvalidRequest [FAIL]
[xUnit.net 00:00:07.90]     BetterGenshinImpact.UnitTest.ServiceTests.Instance.TaskTakeoverIncidentTests.TaskStatus_ExitReceipt_ReportsQueryIdentitySeparatelyFromActiveRoot [FAIL]
[xUnit.net 00:00:07.90]     BetterGenshinImpact.UnitTest.ServiceTests.Instance.TaskTakeoverIncidentTests.TryRequestPreempt_StopsOnlyMatchingExecutionInstanceAndRevision [FAIL]
[xUnit.net 00:00:07.90]     BetterGenshinImpact.UnitTest.ServiceTests.Instance.TaskTakeoverIncidentTests.ExtTaskStop_DirectionalRequestWithMalformedClearQueue_IsStillClassifiedWithoutSideEffects [FAIL]
[xUnit.net 00:00:07.90]     BetterGenshinImpact.UnitTest.ServiceTests.Instance.TaskTakeoverIncidentTests.TaskStatus_ExitReceipt_ReportsOutstandingRegisteredDescendants_AndDoesNotClaimLeafExit [FAIL]
[xUnit.net 00:00:07.90]     BetterGenshinImpact.UnitTest.ServiceTests.Instance.TaskTakeoverIncidentTests.TaskStop_WithMalformedExecutionIdentity_IsRejectedAsInvalidRequest [FAIL]
[xUnit.net 00:00:07.90]     BetterGenshinImpact.UnitTest.ServiceTests.Instance.TaskTakeoverIncidentTests.TaskStop_WithPreviousProcessEpoch_IsRejectedAsStaleEpoch [FAIL]
[xUnit.net 00:00:07.91]     BetterGenshinImpact.UnitTest.ServiceTests.Instance.TaskTakeoverIncidentTests.ExecutionScope_AdmissionCallbackThrowing_DoesNotRecordReceiptNorDisturbPreviousOne [FAIL]
[xUnit.net 00:00:07.91]     BetterGenshinImpact.UnitTest.ServiceTests.Instance.TaskTakeoverIncidentTests.TaskStatus_AfterRealRootExit_ConfirmsExitForThatInstanceOnly [FAIL]
[xUnit.net 00:00:07.91]     BetterGenshinImpact.UnitTest.ServiceTests.Instance.TaskTakeoverIncidentTests.TaskStatus_ExitReceipt_DoesNotCrossGenerations [FAIL]
[xUnit.net 00:00:07.91]     BetterGenshinImpact.UnitTest.ServiceTests.Instance.TaskTakeoverIncidentTests.ExtTaskCancel_WithDirectionalIdentity_LeavesRealQueuedItemUntouched [FAIL]
[xUnit.net 00:00:07.91]     BetterGenshinImpact.UnitTest.ServiceTests.Instance.TaskTakeoverIncidentTests.TaskStatus_BusySemaphoreWithoutExecutionScope_LeavesIdentityUnknown [FAIL]
[xUnit.net 00:00:07.91]     BetterGenshinImpact.UnitTest.ServiceTests.Instance.TaskTakeoverIncidentTests.TaskStop_WithoutExecutionIdentity_KeepsLegacyGlobalStopSemantics [FAIL]
[xUnit.net 00:00:07.91]     BetterGenshinImpact.UnitTest.ServiceTests.Instance.TaskTakeoverIncidentTests.TaskStatus_ExitReceipt_RunIdentitylessJobsAreOutOfScope_AndDoNotPoisonSameRunVerdict [FAIL]
[xUnit.net 00:00:07.91]     BetterGenshinImpact.UnitTest.ServiceTests.Instance.TaskTakeoverIncidentTests.TaskStatus_ExitReceipt_WithoutRunIdentity_ReportsUnknownInsteadOfZero [FAIL]
[xUnit.net 00:00:07.91]     BetterGenshinImpact.UnitTest.ServiceTests.Instance.TaskTakeoverIncidentTests.TaskStatus_IncludesCurrentProcessEpoch [FAIL]
[xUnit.net 00:00:07.91]     BetterGenshinImpact.UnitTest.ServiceTests.Instance.TaskTakeoverIncidentTests.TaskStatus_ExitReceipt_ReachesSameRunDescendantThroughIdentitylessAncestor [FAIL]
[xUnit.net 00:00:07.91]     BetterGenshinImpact.UnitTest.ServiceTests.Instance.TaskTakeoverIncidentTests.Dispose_FromInheritedExecutionContext_DoesNotSkipParentAmbientRestore [FAIL]
[xUnit.net 00:00:07.91]     BetterGenshinImpact.UnitTest.ServiceTests.Instance.TaskTakeoverIncidentTests.ExtTaskStop_WithDirectionalIdentity_DoesNotClearQueueBeforeIdentityCheck [FAIL]
[xUnit.net 00:00:07.91]     BetterGenshinImpact.UnitTest.ServiceTests.Instance.TaskTakeoverIncidentTests.TaskStop_WithIdentityWhileSlotBusyWithoutRoot_ReportsIdentityUnavailable [FAIL]
[xUnit.net 00:00:07.92]     BetterGenshinImpact.UnitTest.ServiceTests.Instance.TaskTakeoverIncidentTests.ExecutionScope_AdmissionCallbackReleasingRoot_DoesNotDeliverDeadScopeNorRecordReceipt [FAIL]
[xUnit.net 00:00:07.92]     BetterGenshinImpact.UnitTest.ServiceTests.Instance.TaskTakeoverIncidentTests.ExtTaskStop_ProductionWrapper_LeavesCoordinatorUncreatedForDirectionalRequest [FAIL]
[xUnit.net 00:00:07.92]     BetterGenshinImpact.UnitTest.ServiceTests.Instance.TaskTakeoverIncidentTests.TaskStop_WithMissingOrMalformedEpoch_IsRejectedAsInvalidRequest [FAIL]
[xUnit.net 00:00:07.92]     BetterGenshinImpact.UnitTest.ServiceTests.Instance.TaskTakeoverIncidentTests.TaskStatus_ExitReceipt_WithoutRootJobId_ReportsUnknownInsteadOfZero [FAIL]
[xUnit.net 00:00:07.92]     BetterGenshinImpact.UnitTest.ServiceTests.Instance.TaskTakeoverIncidentTests.TaskStatus_ExitReceipt_StopSourceReflectsAttributedEntry_NotDefaultStopReason [FAIL]
[xUnit.net 00:00:07.92]     BetterGenshinImpact.UnitTest.ServiceTests.Instance.TaskTakeoverIncidentTests.TryRequestPreempt_RunsCallbacksOutsideRootLock_AndCannotCancelReplacement [FAIL]
[xUnit.net 00:00:07.92]     BetterGenshinImpact.UnitTest.ServiceTests.Instance.TaskTakeoverIncidentTests.TaskStatus_ExposesVersionedExecutionIdentity_OnBothStatusChannels [FAIL]
[xUnit.net 00:00:07.92]     BetterGenshinImpact.UnitTest.ServiceTests.Instance.TaskTakeoverIncidentTests.TaskStatus_ExitQuery_WithMalformedIdentityShape_ReportsInvalidIdentityNotFailure [FAIL]
[xUnit.net 00:00:07.92]     BetterGenshinImpact.UnitTest.ServiceTests.Instance.TaskTakeoverIncidentTests.TaskStatus_ExitReceipt_WithoutRegisteredDescendants_IsNotEvidenceAboutUnregisteredLeaves [FAIL]
[xUnit.net 00:00:07.92]     BetterGenshinImpact.UnitTest.ServiceTests.Instance.TaskTakeoverIncidentTests.TaskStop_DirectionalRequest_PreservesResumeIntentTicketAndCooldownWindow [FAIL]
[xUnit.net 00:00:07.92]     BetterGenshinImpact.UnitTest.ServiceTests.Instance.TaskTakeoverIncidentTests.TaskStop_WithStaleExecutionIdentity_DoesNotCancelSuccessorRoot [FAIL]
[xUnit.net 00:00:07.92]     BetterGenshinImpact.UnitTest.ServiceTests.Instance.TaskTakeoverIncidentTests.TaskStatus_ExitReceipt_WithoutObservedOutcome_DoesNotPublishResultOrStopReason [FAIL]
[xUnit.net 00:00:07.92]     BetterGenshinImpact.UnitTest.ServiceTests.Instance.TaskTakeoverIncidentTests.TaskStatus_ExitReceipt_DetectsDeepOutstandingDescendant [FAIL]
[xUnit.net 00:00:07.93]     BetterGenshinImpact.UnitTest.ServiceTests.Instance.TaskTakeoverIncidentTests.RemovedConfiguration_RejectsResumeWithoutConsumingVictim [FAIL]
[xUnit.net 00:00:07.93]     BetterGenshinImpact.UnitTest.ServiceTests.Instance.TaskTakeoverIncidentTests.TaskStop_WithNonStringOrOverflowingIdentityFields_IsRejectedAsInvalidRequest [FAIL]
[xUnit.net 00:00:07.93]     BetterGenshinImpact.UnitTest.ServiceTests.Instance.TaskTakeoverIncidentTests.TaskStatus_ExitReceipt_EvictedTerminalAncestorWithLiveGrandchildIsUnknown [FAIL]
[xUnit.net 00:00:07.93]     BetterGenshinImpact.UnitTest.ServiceTests.Execution.ManualStopFenceContractTests.BusyRootBeforeAdmission_IsTypedNoExecutionForTheRejectedJob [FAIL]
[xUnit.net 00:00:07.94]     BetterGenshinImpact.UnitTest.GameTaskTests.AutoHoeingTests.CollectiveSkipAppliedAckClientTests.AppliedAll_WithStaleSkipId_IsIgnored [FAIL]
[xUnit.net 00:00:07.94]     BetterGenshinImpact.UnitTest.GameTaskTests.AutoHoeingTests.CollectiveSkipAppliedAckClientTests.RequestWithNewSkipId_WhilePreviousActive_IsAcceptedAsPending_ButNotDoubleConsumed [FAIL]
[xUnit.net 00:00:07.94]     BetterGenshinImpact.UnitTest.GameTaskTests.AutoHoeingTests.CollectiveSkipAppliedAckClientTests.ResetForNewRound_ClearsPendingAndActiveSkip [FAIL]
[xUnit.net 00:00:07.94]     BetterGenshinImpact.UnitTest.GameTaskTests.AutoHoeingTests.CollectiveSkipAppliedAckClientTests.Request_WakesRemoteSkipGate [FAIL]
[xUnit.net 00:00:07.94]     BetterGenshinImpact.UnitTest.GameTaskTests.AutoHoeingTests.CollectiveSkipAppliedAckClientTests.LegacyEvent_StillRaised_ForBackwardCompatibility [FAIL]
[xUnit.net 00:00:07.95]     BetterGenshinImpact.UnitTest.GameTaskTests.AutoHoeingTests.CollectiveSkipAppliedAckClientTests.ReportApplied_SentOncePerSkipId [FAIL]
[xUnit.net 00:00:07.95]     BetterGenshinImpact.UnitTest.GameTaskTests.AutoHoeingTests.CollectiveSkipAppliedAckClientTests.RequestWithSkipId_ConsumedOnce_ReplayOfSameSkipIdIgnored [FAIL]
[xUnit.net 00:00:07.95]     BetterGenshinImpact.UnitTest.GameTaskTests.AutoHoeingTests.CollectiveSkipAppliedAckClientTests.LegacyServerWithoutSkipId_StillSkips_ButNeverReportsApplied [FAIL]
[xUnit.net 00:00:07.95]     BetterGenshinImpact.UnitTest.GameTaskTests.AutoHoeingTests.CollectiveSkipAppliedAckClientTests.ReportApplied_WithoutConsumedSkip_DoesNotSend [FAIL]
[xUnit.net 00:00:07.95]     BetterGenshinImpact.UnitTest.GameTaskTests.AutoHoeingTests.CollectiveSkipAppliedAckClientTests.ReportApplied_FailureStillSent_WithSuccessFalse [FAIL]
[xUnit.net 00:00:07.95]     BetterGenshinImpact.UnitTest.GameTaskTests.AutoHoeingTests.CollectiveSkipAppliedAckClientTests.CollectiveSkipRetryException_IsDedicatedType_NotConfusedWithOtherSkipPaths [FAIL]
[xUnit.net 00:00:07.95]     BetterGenshinImpact.UnitTest.GameTaskTests.AutoHoeingTests.CollectiveSkipAppliedAckClientTests.AppliedAll_WithMatchingSkipId_ClearsActiveState [FAIL]
[xUnit.net 00:00:07.95]     BetterGenshinImpact.UnitTest.GameTaskTests.AutoHoeingTests.RouteAnchorCollectiveSkipIsolationTests.IsRouteAnchorActive_RequiresBothConfigAndServerCapability [FAIL]
[xUnit.net 00:00:07.95]     BetterGenshinImpact.UnitTest.GameTaskTests.AutoHoeingTests.RouteAnchorCollectiveSkipIsolationTests.ServerWithoutCapability_ClientStillUsesOldCollectiveSkip [FAIL]
[xUnit.net 00:00:07.95]     BetterGenshinImpact.UnitTest.GameTaskTests.AutoHoeingTests.RouteAnchorCollectiveSkipIsolationTests.AnchorActive_CollectiveSkipCommand_IsIgnored_NoSignalNoWake [FAIL]
[xUnit.net 00:00:07.95]     BetterGenshinImpact.UnitTest.GameTaskTests.AutoHoeingTests.RouteAnchorCollectiveSkipIsolationTests.AnchorInactive_CollectiveSkipCommand_StillWorksAsBefore [FAIL]
