VSTest 版本 17.11.1 (x64)

正在启动测试执行，请稍候...
总共 1 个测试文件与指定模式相匹配。
[xUnit.net 00:00:00.74]     MultiplayerHoeingAssistant.UnitTest.ServiceTests.TaskCenter.R56MigrationConsistencyTests.ControlledRootWindow_BlocksTwoActualWriterProcessesUntilSnapshotPublicationEnds [FAIL]
  失败 MultiplayerHoeingAssistant.UnitTest.ServiceTests.TaskCenter.R56MigrationConsistencyTests.ControlledRootWindow_BlocksTwoActualWriterProcessesUntilSnapshotPublicationEnds [1 ms]
  错误消息:
   Build the controlled writer probe into this execution's fresh products.
  堆栈跟踪:
     at MultiplayerHoeingAssistant.UnitTest.ServiceTests.TaskCenter.R56MigrationConsistencyTests.ControlledRootWindow_BlocksTwoActualWriterProcessesUntilSnapshotPublicationEnds() in E:\Program Files\better-genshin-impact-LCB\Test\MultiplayerHoeingAssistant.UnitTest\ServiceTests\TaskCenter\R56MigrationConsistencyTests.cs:line 20
--- End of stack trace from previous location ---
[xUnit.net 00:00:12.65]     MultiplayerHoeingAssistant.UnitTest.ServiceTests.TaskCenter.R56MigrationSwitchTransactionTests_Part2.CurrentV14_ConcurrencyNoCallbackValidationAndRollback_AreSerialized [FAIL]
  失败 MultiplayerHoeingAssistant.UnitTest.ServiceTests.TaskCenter.R56MigrationSwitchTransactionTests_Part2.CurrentV14_ConcurrencyNoCallbackValidationAndRollback_AreSerialized [1 s]
  错误消息:
   no-callback entry must wait for serialization
  堆栈跟踪:
     at MultiplayerHoeingAssistant.UnitTest.ServiceTests.TaskCenter.R56MigrationSwitchTransactionTests_Part2.CurrentV14_ConcurrencyNoCallbackValidationAndRollback_AreSerialized() in E:\Program Files\better-genshin-impact-LCB\Test\MultiplayerHoeingAssistant.UnitTest\ServiceTests\TaskCenter\R56MigrationSwitchTransactionTests.cs:line 743
   at MultiplayerHoeingAssistant.UnitTest.ServiceTests.TaskCenter.R56MigrationSwitchTransactionTests_Part2.CurrentV14_ConcurrencyNoCallbackValidationAndRollback_AreSerialized() in E:\Program Files\better-genshin-impact-LCB\Test\MultiplayerHoeingAssistant.UnitTest\ServiceTests\TaskCenter\R56MigrationSwitchTransactionTests.cs:line 748
--- End of stack trace from previous location ---
[xUnit.net 00:01:01.37]     MultiplayerHoeingAssistant.UnitTest.ServiceTests.TaskCenter.R56ReferenceActivationWiringTests.RepeatedModernSuccess_RequiresFreshWholeRootWithoutRepeatingEffects(stage: "Activated", reopen: True, drift: "clean") [FAIL]
  失败 MultiplayerHoeingAssistant.UnitTest.ServiceTests.TaskCenter.R56ReferenceActivationWiringTests.RepeatedModernSuccess_RequiresFreshWholeRootWithoutRepeatingEffects(stage: "Activated", reopen: True, drift: "clean") [1 s]
  错误消息:
   Assert.Equal() Failure: Values differ
Expected: True
Actual:   False
  堆栈跟踪:
     at MultiplayerHoeingAssistant.UnitTest.ServiceTests.TaskCenter.R56ReferenceActivationWiringTests.RepeatedModernSuccess_RequiresFreshWholeRootWithoutRepeatingEffects(String stage, Boolean reopen, String drift) in E:\Program Files\better-genshin-impact-LCB\Test\MultiplayerHoeingAssistant.UnitTest\ServiceTests\TaskCenter\R56ReferenceActivationWiringTests.cs:line 493
   at InvokeStub_R56ReferenceActivationWiringTests.RepeatedModernSuccess_RequiresFreshWholeRootWithoutRepeatingEffects(Object, Span`1)
   at System.Reflection.MethodBaseInvoker.InvokeWithFewArgs(Object obj, BindingFlags invokeAttr, Binder binder, Object[] parameters, CultureInfo culture)
[xUnit.net 00:01:03.25]     MultiplayerHoeingAssistant.UnitTest.ServiceTests.TaskCenter.R56ReferenceActivationWiringTests.CurrentV5_RealProducerExit_PreservesFactAndNewInstanceRecovers(station: "undo:after_commit") [FAIL]
[xUnit.net 00:01:03.41]     MultiplayerHoeingAssistant.UnitTest.ServiceTests.TaskCenter.R56ReferenceActivationWiringTests.CurrentV5_RealProducerExit_PreservesFactAndNewInstanceRecovers(station: "after_receipt") [FAIL]
[xUnit.net 00:01:03.60]     MultiplayerHoeingAssistant.UnitTest.ServiceTests.TaskCenter.R56ReferenceActivationWiringTests.CurrentV5_RealProducerExit_PreservesFactAndNewInstanceRecovers(station: "restore:after_commit") [FAIL]
[xUnit.net 00:01:03.78]     MultiplayerHoeingAssistant.UnitTest.ServiceTests.TaskCenter.R56ReferenceActivationWiringTests.CurrentV5_RealProducerExit_PreservesFactAndNewInstanceRecovers(station: "undo:after_data") [FAIL]
  失败 MultiplayerHoeingAssistant.UnitTest.ServiceTests.TaskCenter.R56ReferenceActivationWiringTests.CurrentV5_RealProducerExit_PreservesFactAndNewInstanceRecovers(station: "undo:after_commit") [184 ms]
  错误消息:
   Assert.Equal() Failure: Values differ
Expected: 71
Actual:   1
  堆栈跟踪:
     at MultiplayerHoeingAssistant.UnitTest.ServiceTests.TaskCenter.R56ReferenceActivationWiringTests.CurrentV5_RealProducerExit_PreservesFactAndNewInstanceRecovers(String station) in E:\Program Files\better-genshin-impact-LCB\Test\MultiplayerHoeingAssistant.UnitTest\ServiceTests\TaskCenter\R56ReferenceActivationWiringTests.cs:line 2186
--- End of stack trace from previous location ---
  失败 MultiplayerHoeingAssistant.UnitTest.ServiceTests.TaskCenter.R56ReferenceActivationWiringTests.CurrentV5_RealProducerExit_PreservesFactAndNewInstanceRecovers(station: "after_receipt") [160 ms]
  错误消息:
   Assert.Equal() Failure: Values differ
Expected: 71
Actual:   1
  堆栈跟踪:
     at MultiplayerHoeingAssistant.UnitTest.ServiceTests.TaskCenter.R56ReferenceActivationWiringTests.CurrentV5_RealProducerExit_PreservesFactAndNewInstanceRecovers(String station) in E:\Program Files\better-genshin-impact-LCB\Test\MultiplayerHoeingAssistant.UnitTest\ServiceTests\TaskCenter\R56ReferenceActivationWiringTests.cs:line 2186
--- End of stack trace from previous location ---
  失败 MultiplayerHoeingAssistant.UnitTest.ServiceTests.TaskCenter.R56ReferenceActivationWiringTests.CurrentV5_RealProducerExit_PreservesFactAndNewInstanceRecovers(station: "restore:after_commit") [188 ms]
  错误消息:
   Assert.Equal() Failure: Values differ
Expected: 71
Actual:   1
  堆栈跟踪:
     at MultiplayerHoeingAssistant.UnitTest.ServiceTests.TaskCenter.R56ReferenceActivationWiringTests.CurrentV5_RealProducerExit_PreservesFactAndNewInstanceRecovers(String station) in E:\Program Files\better-genshin-impact-LCB\Test\MultiplayerHoeingAssistant.UnitTest\ServiceTests\TaskCenter\R56ReferenceActivationWiringTests.cs:line 2186
--- End of stack trace from previous location ---
  失败 MultiplayerHoeingAssistant.UnitTest.ServiceTests.TaskCenter.R56ReferenceActivationWiringTests.CurrentV5_RealProducerExit_PreservesFactAndNewInstanceRecovers(station: "undo:after_data") [181 ms]
  错误消息:
   Assert.Equal() Failure: Values differ
Expected: 71
Actual:   1
  堆栈跟踪:
     at MultiplayerHoeingAssistant.UnitTest.ServiceTests.TaskCenter.R56ReferenceActivationWiringTests.CurrentV5_RealProducerExit_PreservesFactAndNewInstanceRecovers(String station) in E:\Program Files\better-genshin-impact-LCB\Test\MultiplayerHoeingAssistant.UnitTest\ServiceTests\TaskCenter\R56ReferenceActivationWiringTests.cs:line 2186
--- End of stack trace from previous location ---
[xUnit.net 00:01:03.95]     MultiplayerHoeingAssistant.UnitTest.ServiceTests.TaskCenter.R56ReferenceActivationWiringTests.CurrentV5_RealProducerExit_PreservesFactAndNewInstanceRecovers(station: "after_handles") [FAIL]
[xUnit.net 00:01:04.12]     MultiplayerHoeingAssistant.UnitTest.ServiceTests.TaskCenter.R56ReferenceActivationWiringTests.CurrentV5_RealProducerExit_PreservesFactAndNewInstanceRecovers(station: "activate:after_commit") [FAIL]
[xUnit.net 00:01:04.28]     MultiplayerHoeingAssistant.UnitTest.ServiceTests.TaskCenter.R56ReferenceActivationWiringTests.CurrentV5_RealProducerExit_PreservesFactAndNewInstanceRecovers(station: "activate:after_data") [FAIL]
[xUnit.net 00:01:04.45]     MultiplayerHoeingAssistant.UnitTest.ServiceTests.TaskCenter.R56ReferenceActivationWiringTests.CurrentV5_RealProducerExit_PreservesFactAndNewInstanceRecovers(station: "after_commit") [FAIL]
[xUnit.net 00:01:04.61]     MultiplayerHoeingAssistant.UnitTest.ServiceTests.TaskCenter.R56ReferenceActivationWiringTests.CurrentV5_RealProducerExit_PreservesFactAndNewInstanceRecovers(station: "restore:after_data") [FAIL]
[xUnit.net 00:01:04.76]     MultiplayerHoeingAssistant.UnitTest.ServiceTests.TaskCenter.R56ReferenceActivationWiringTests.CurrentV5_RealProducerExit_PreservesFactAndNewInstanceRecovers(station: "after_data") [FAIL]
[xUnit.net 00:01:04.93]     MultiplayerHoeingAssistant.UnitTest.ServiceTests.TaskCenter.R56ReferenceActivationWiringTests.CurrentV5_RealProducerExit_PreservesFactAndNewInstanceRecovers(station: "after_prepared") [FAIL]
  失败 MultiplayerHoeingAssistant.UnitTest.ServiceTests.TaskCenter.R56ReferenceActivationWiringTests.CurrentV5_RealProducerExit_PreservesFactAndNewInstanceRecovers(station: "after_handles") [166 ms]
  错误消息:
   Assert.Equal() Failure: Values differ
Expected: 71
Actual:   1
  堆栈跟踪:
     at MultiplayerHoeingAssistant.UnitTest.ServiceTests.TaskCenter.R56ReferenceActivationWiringTests.CurrentV5_RealProducerExit_PreservesFactAndNewInstanceRecovers(String station) in E:\Program Files\better-genshin-impact-LCB\Test\MultiplayerHoeingAssistant.UnitTest\ServiceTests\TaskCenter\R56ReferenceActivationWiringTests.cs:line 2186
--- End of stack trace from previous location ---
  失败 MultiplayerHoeingAssistant.UnitTest.ServiceTests.TaskCenter.R56ReferenceActivationWiringTests.CurrentV5_RealProducerExit_PreservesFactAndNewInstanceRecovers(station: "activate:after_commit") [177 ms]
  错误消息:
   Assert.Equal() Failure: Values differ
Expected: 71
Actual:   1
  堆栈跟踪:
     at MultiplayerHoeingAssistant.UnitTest.ServiceTests.TaskCenter.R56ReferenceActivationWiringTests.CurrentV5_RealProducerExit_PreservesFactAndNewInstanceRecovers(String station) in E:\Program Files\better-genshin-impact-LCB\Test\MultiplayerHoeingAssistant.UnitTest\ServiceTests\TaskCenter\R56ReferenceActivationWiringTests.cs:line 2186
--- End of stack trace from previous location ---
  失败 MultiplayerHoeingAssistant.UnitTest.ServiceTests.TaskCenter.R56ReferenceActivationWiringTests.CurrentV5_RealProducerExit_PreservesFactAndNewInstanceRecovers(station: "activate:after_data") [160 ms]
  错误消息:
   Assert.Equal() Failure: Values differ
Expected: 71
Actual:   1
  堆栈跟踪:
     at MultiplayerHoeingAssistant.UnitTest.ServiceTests.TaskCenter.R56ReferenceActivationWiringTests.CurrentV5_RealProducerExit_PreservesFactAndNewInstanceRecovers(String station) in E:\Program Files\better-genshin-impact-LCB\Test\MultiplayerHoeingAssistant.UnitTest\ServiceTests\TaskCenter\R56ReferenceActivationWiringTests.cs:line 2186
--- End of stack trace from previous location ---
  失败 MultiplayerHoeingAssistant.UnitTest.ServiceTests.TaskCenter.R56ReferenceActivationWiringTests.CurrentV5_RealProducerExit_PreservesFactAndNewInstanceRecovers(station: "after_commit") [160 ms]
  错误消息:
   Assert.Equal() Failure: Values differ
Expected: 71
Actual:   1
  堆栈跟踪:
     at MultiplayerHoeingAssistant.UnitTest.ServiceTests.TaskCenter.R56ReferenceActivationWiringTests.CurrentV5_RealProducerExit_PreservesFactAndNewInstanceRecovers(String station) in E:\Program Files\better-genshin-impact-LCB\Test\MultiplayerHoeingAssistant.UnitTest\ServiceTests\TaskCenter\R56ReferenceActivationWiringTests.cs:line 2186
--- End of stack trace from previous location ---
  失败 MultiplayerHoeingAssistant.UnitTest.ServiceTests.TaskCenter.R56ReferenceActivationWiringTests.CurrentV5_RealProducerExit_PreservesFactAndNewInstanceRecovers(station: "restore:after_data") [159 ms]
  错误消息:
   Assert.Equal() Failure: Values differ
Expected: 71
Actual:   1
  堆栈跟踪:
     at MultiplayerHoeingAssistant.UnitTest.ServiceTests.TaskCenter.R56ReferenceActivationWiringTests.CurrentV5_RealProducerExit_PreservesFactAndNewInstanceRecovers(String station) in E:\Program Files\better-genshin-impact-LCB\Test\MultiplayerHoeingAssistant.UnitTest\ServiceTests\TaskCenter\R56ReferenceActivationWiringTests.cs:line 2186
--- End of stack trace from previous location ---
  失败 MultiplayerHoeingAssistant.UnitTest.ServiceTests.TaskCenter.R56ReferenceActivationWiringTests.CurrentV5_RealProducerExit_PreservesFactAndNewInstanceRecovers(station: "after_data") [158 ms]
  错误消息:
   Assert.Equal() Failure: Values differ
Expected: 71
Actual:   1
  堆栈跟踪:
     at MultiplayerHoeingAssistant.UnitTest.ServiceTests.TaskCenter.R56ReferenceActivationWiringTests.CurrentV5_RealProducerExit_PreservesFactAndNewInstanceRecovers(String station) in E:\Program Files\better-genshin-impact-LCB\Test\MultiplayerHoeingAssistant.UnitTest\ServiceTests\TaskCenter\R56ReferenceActivationWiringTests.cs:line 2186
--- End of stack trace from previous location ---
  失败 MultiplayerHoeingAssistant.UnitTest.ServiceTests.TaskCenter.R56ReferenceActivationWiringTests.CurrentV5_RealProducerExit_PreservesFactAndNewInstanceRecovers(station: "after_prepared") [170 ms]
  错误消息:
   Assert.Equal() Failure: Values differ
Expected: 71
Actual:   1
  堆栈跟踪:
     at MultiplayerHoeingAssistant.UnitTest.ServiceTests.TaskCenter.R56ReferenceActivationWiringTests.CurrentV5_RealProducerExit_PreservesFactAndNewInstanceRecovers(String station) in E:\Program Files\better-genshin-impact-LCB\Test\MultiplayerHoeingAssistant.UnitTest\ServiceTests\TaskCenter\R56ReferenceActivationWiringTests.cs:line 2186
--- End of stack trace from previous location ---
[xUnit.net 00:02:08.05]     MultiplayerHoeingAssistant.UnitTest.ServiceTests.TaskCenter.R56ReferenceActivationWiringTests.CurrentV8_MissingMainDoesNotErasePendingAuthorityOrAdmitNewTransaction [FAIL]
  失败 MultiplayerHoeingAssistant.UnitTest.ServiceTests.TaskCenter.R56ReferenceActivationWiringTests.CurrentV8_MissingMainDoesNotErasePendingAuthorityOrAdmitNewTransaction [377 ms]
  错误消息:
   Assert.True() Failure
Expected: True
Actual:   False
  堆栈跟踪:
     at MultiplayerHoeingAssistant.UnitTest.ServiceTests.TaskCenter.R56ReferenceActivationWiringTests.CurrentV8_MissingMainDoesNotErasePendingAuthorityOrAdmitNewTransaction() in E:\Program Files\better-genshin-impact-LCB\Test\MultiplayerHoeingAssistant.UnitTest\ServiceTests\TaskCenter\R56ReferenceActivationWiringTests.cs:line 1162
   at System.RuntimeMethodHandle.InvokeMethod(Object target, Void** arguments, Signature sig, Boolean isConstructor)
   at System.Reflection.MethodBaseInvoker.InvokeWithNoArgs(Object obj, BindingFlags invokeAttr)
[xUnit.net 00:02:11.51]     MultiplayerHoeingAssistant.UnitTest.ServiceTests.TaskCenter.R56ReferenceActivationWiringTests.CurrentV14_AbortTerminalWithUnknownJournalOrOrphanFacts_IsNotExempt [FAIL]
  失败 MultiplayerHoeingAssistant.UnitTest.ServiceTests.TaskCenter.R56ReferenceActivationWiringTests.CurrentV14_AbortTerminalWithUnknownJournalOrOrphanFacts_IsNotExempt [420 ms]
  错误消息:
   Assert.True() Failure
Expected: True
Actual:   False
  堆栈跟踪:
     at MultiplayerHoeingAssistant.UnitTest.ServiceTests.TaskCenter.R56ReferenceActivationWiringTests.CurrentV14_AbortTerminalWithUnknownJournalOrOrphanFacts_IsNotExempt() in E:\Program Files\better-genshin-impact-LCB\Test\MultiplayerHoeingAssistant.UnitTest\ServiceTests\TaskCenter\R56ReferenceActivationWiringTests.cs:line 1661
   at System.RuntimeMethodHandle.InvokeMethod(Object target, Void** arguments, Signature sig, Boolean isConstructor)
   at System.Reflection.MethodBaseInvoker.InvokeWithNoArgs(Object obj, BindingFlags invokeAttr)
[xUnit.net 00:02:42.02]     MultiplayerHoeingAssistant.UnitTest.ServiceTests.TaskCenter.R56ReferenceActivationWiringTests.PhysicalConfigRoot_SecondArtifactRootCannotBypassExclusiveAuthority [FAIL]
  失败 MultiplayerHoeingAssistant.UnitTest.ServiceTests.TaskCenter.R56ReferenceActivationWiringTests.PhysicalConfigRoot_SecondArtifactRootCannotBypassExclusiveAuthority [307 ms]
  错误消息:
   System.IO.InvalidDataException : migration_observer_binding_root_or_pending_mismatch
  堆栈跟踪:
     at MultiplayerHoeingAssistant.Services.MigrationRootAuthority.ObservePersistentFacts(String configRoot, String artifactRoot) in E:\Program Files\better-genshin-impact-LCB\MultiplayerHoeingAssistant\Services\TaskCenter\MigrationConsistency.cs:line 213
   at MultiplayerHoeingAssistant.Services.MigrationSwitchTransaction.ClassifyPersistentProtocol() in E:\Program Files\better-genshin-impact-LCB\MultiplayerHoeingAssistant\Services\TaskCenter\MigrationSwitchTransaction.cs:line 3219
   at MultiplayerHoeingAssistant.Services.MigrationSwitchTransaction.TryAcquireExclusive() in E:\Program Files\better-genshin-impact-LCB\MultiplayerHoeingAssistant\Services\TaskCenter\MigrationSwitchTransaction.cs:line 374
   at MultiplayerHoeingAssistant.UnitTest.ServiceTests.TaskCenter.R56ReferenceActivationWiringTests.PhysicalConfigRoot_SecondArtifactRootCannotBypassExclusiveAuthority() in E:\Program Files\better-genshin-impact-LCB\Test\MultiplayerHoeingAssistant.UnitTest\ServiceTests\TaskCenter\R56ReferenceActivationWiringTests.cs:line 2279
   at System.RuntimeMethodHandle.InvokeMethod(Object target, Void** arguments, Signature sig, Boolean isConstructor)
   at System.Reflection.MethodBaseInvoker.InvokeWithNoArgs(Object obj, BindingFlags invokeAttr)
[xUnit.net 00:03:22.94]     MultiplayerHoeingAssistant.UnitTest.ServiceTests.TaskCenter.R56ReferenceActivationWiringTests.LegacyUpgrade_PublicationInterrupted_PreservesOriginalAndCanResume [FAIL]
  失败 MultiplayerHoeingAssistant.UnitTest.ServiceTests.TaskCenter.R56ReferenceActivationWiringTests.LegacyUpgrade_PublicationInterrupted_PreservesOriginalAndCanResume [323 ms]
  错误消息:
   Assert.True() Failure
Expected: True
Actual:   False
  堆栈跟踪:
     at MultiplayerHoeingAssistant.UnitTest.ServiceTests.TaskCenter.R56ReferenceActivationWiringTests.LegacyUpgrade_PublicationInterrupted_PreservesOriginalAndCanResume() in E:\Program Files\better-genshin-impact-LCB\Test\MultiplayerHoeingAssistant.UnitTest\ServiceTests\TaskCenter\R56ReferenceActivationWiringTests.cs:line 2492
   at System.RuntimeMethodHandle.InvokeMethod(Object target, Void** arguments, Signature sig, Boolean isConstructor)
   at System.Reflection.MethodBaseInvoker.InvokeWithNoArgs(Object obj, BindingFlags invokeAttr)
[xUnit.net 00:03:41.75]     MultiplayerHoeingAssistant.UnitTest.ServiceTests.TaskCenter.TaskCenterSuccessorPathGateTests.P50_LoadRepro_WholeClass_UnderControlledLoad [SKIP]
  已跳过 MultiplayerHoeingAssistant.UnitTest.ServiceTests.TaskCenter.TaskCenterSuccessorPathGateTests.P50_LoadRepro_WholeClass_UnderControlledLoad [1 ms]
[xUnit.net 00:04:06.66]     MultiplayerHoeingAssistant.UnitTest.ServiceTests.TaskCenter.TaskCenterSuccessorPathGateTests.OriginalMultiRound_HostExplicitRetriesUseOriginalFrozenRequest(handoff: True, scenario: "bad-nonce") [FAIL]
  失败 MultiplayerHoeingAssistant.UnitTest.ServiceTests.TaskCenter.TaskCenterSuccessorPathGateTests.OriginalMultiRound_HostExplicitRetriesUseOriginalFrozenRequest(handoff: True, scenario: "bad-nonce") [47 ms]
  错误消息:
   System.IO.IOException: The process cannot access the file 'C:\Users\Administrator\AppData\Local\Temp\original-multiround-fb6af67e\runs\run-9d945e165745.run.json' because it is being used by another process.
   at Microsoft.Win32.SafeHandles.SafeFileHandle.CreateFile(String fullPath, FileMode mode, FileAccess access, FileShare share, FileOptions options)
   at Microsoft.Win32.SafeHandles.SafeFileHandle.Open(String fullPath, FileMode mode, FileAccess access, FileShare share, FileOptions options, Int64 preallocationSize, Nullable`1 unixCreateMode)
   at System.IO.File.WriteToFile(String path, FileMode mode, String contents, Encoding encoding)
   at MultiplayerHoeingAssistant.UnitTest.ServiceTests.TaskCenter.TaskCenterSuccessorPathGateTests.<>c__DisplayClass3_1.<OriginalMultiRound_HostExplicitRetriesUseOriginalFrozenRequest>b__7(String _, AdmissionResultKind kind, String reason, String requestId, String identity, Int32 seq) in E:\Program Files\better-genshin-impact-LCB\Test\MultiplayerHoeingAssistant.UnitTest\ServiceTests\TaskCenter\TaskCenterSuccessorPathGateTests.cs:line 554
  堆栈跟踪:
     at MultiplayerHoeingAssistant.UnitTest.ServiceTests.TaskCenter.TaskCenterSuccessorPathGateTests.OriginalMultiRound_HostExplicitRetriesUseOriginalFrozenRequest(Boolean handoff, String scenario) in E:\Program Files\better-genshin-impact-LCB\Test\MultiplayerHoeingAssistant.UnitTest\ServiceTests\TaskCenter\TaskCenterSuccessorPathGateTests.cs:line 655
--- End of stack trace from previous location ---
[xUnit.net 00:04:12.69]     MultiplayerHoeingAssistant.UnitTest.ServiceTests.TaskCenter.TaskCenterSuccessorPathGateTests.P50_DiagnosticRepeat_OptIn [SKIP]
  已跳过 MultiplayerHoeingAssistant.UnitTest.ServiceTests.TaskCenter.TaskCenterSuccessorPathGateTests.P50_DiagnosticRepeat_OptIn [1 ms]
结果文件: E:\Program Files\better-genshin-impact-LCB\_workflow\local-wait-admission-gates-20261004\auto-relay-history-outcome-20261004-from-01a10699\final\full.trx

失败!  - 失败:    19，通过:  2035，已跳过:     2，总计:  2056，持续时间: 4 m 39 s - MultiplayerHoeingAssistant.UnitTest.dll (net8.0)
