VSTest 版本 17.11.1 (x64)

正在启动测试执行，请稍候...
总共 1 个测试文件与指定模式相匹配。
[xUnit.net 00:00:00.33]     MultiplayerHoeingAssistant.UnitTest.ServiceTests.TaskCenter.HistoricalExecutionObservationTests.HistoricalObservation_DirectBoundSealsRejectConflictingOutcomeSet(fault: "duplicate-identity") [FAIL]
[xUnit.net 00:00:00.35]     MultiplayerHoeingAssistant.UnitTest.ServiceTests.TaskCenter.HistoricalExecutionObservationTests.HistoricalObservation_DirectBoundSealsRejectConflictingOutcomeSet(fault: "result") [FAIL]
[xUnit.net 00:00:00.35]     MultiplayerHoeingAssistant.UnitTest.ServiceTests.TaskCenter.HistoricalExecutionObservationTests.HistoricalObservation_DirectBoundSealsRejectConflictingOutcomeSet(fault: "duplicate-key") [FAIL]
  失败 MultiplayerHoeingAssistant.UnitTest.ServiceTests.TaskCenter.HistoricalExecutionObservationTests.HistoricalObservation_DirectBoundSealsRejectConflictingOutcomeSet(fault: "duplicate-identity") [81 ms]
  错误消息:
   Assert.Null() Failure: Value is not null
Expected: null
Actual:   TerminalReleaseSeal { Id = 392d1a897be946deb0d0db51a5e4daf2, Scope = run, RunId = run-3d2e08c7acce, WireRunId = 20672b1b645a494b8797d15619c2ee10, RecordRevision = 2, FactsHash = F2BC070D175D70802BF8BD9039E85104E39ACE9B5090FF47BD53186D15D4D821, SubmissionIdentity =  }
  堆栈跟踪:
     at MultiplayerHoeingAssistant.UnitTest.ServiceTests.TaskCenter.HistoricalExecutionObservationTests.HistoricalObservation_DirectBoundSealsRejectConflictingOutcomeSet(String fault) in E:\Program Files\better-genshin-impact-LCB\Test\MultiplayerHoeingAssistant.UnitTest\ServiceTests\TaskCenter\HistoricalExecutionObservationTests.cs:line 123
   at System.RuntimeMethodHandle.InvokeMethod(Object target, Void** arguments, Signature sig, Boolean isConstructor)
   at System.Reflection.MethodBaseInvoker.InvokeDirectByRefWithFewArgs(Object obj, Span`1 copyOfArgs, BindingFlags invokeAttr)
  失败 MultiplayerHoeingAssistant.UnitTest.ServiceTests.TaskCenter.HistoricalExecutionObservationTests.HistoricalObservation_DirectBoundSealsRejectConflictingOutcomeSet(fault: "result") [3 ms]
  错误消息:
   Assert.Null() Failure: Value is not null
Expected: null
Actual:   TerminalReleaseSeal { Id = 0d3e92616c7e466992fda90c4f526bd8, Scope = run, RunId = run-87c959317788, WireRunId = 305dd7b1a57d4f0590a5c23c1511d1d0, RecordRevision = 2, FactsHash = DEA716416EF4D854782AC97CF2AD968955E306CC5F1F38C918AD85976B973F99, SubmissionIdentity =  }
  堆栈跟踪:
     at MultiplayerHoeingAssistant.UnitTest.ServiceTests.TaskCenter.HistoricalExecutionObservationTests.HistoricalObservation_DirectBoundSealsRejectConflictingOutcomeSet(String fault) in E:\Program Files\better-genshin-impact-LCB\Test\MultiplayerHoeingAssistant.UnitTest\ServiceTests\TaskCenter\HistoricalExecutionObservationTests.cs:line 123
   at InvokeStub_HistoricalExecutionObservationTests.HistoricalObservation_DirectBoundSealsRejectConflictingOutcomeSet(Object, Span`1)
   at System.Reflection.MethodBaseInvoker.InvokeWithOneArg(Object obj, BindingFlags invokeAttr, Binder binder, Object[] parameters, CultureInfo culture)
  失败 MultiplayerHoeingAssistant.UnitTest.ServiceTests.TaskCenter.HistoricalExecutionObservationTests.HistoricalObservation_DirectBoundSealsRejectConflictingOutcomeSet(fault: "duplicate-key") [4 ms]
  错误消息:
   Assert.Null() Failure: Value is not null
Expected: null
Actual:   TerminalReleaseSeal { Id = 56080b7b66c44424857e18dc85947740, Scope = run, RunId = run-4a5a123cd8f1, WireRunId = 0ce47a29ea2c473483778f022c81f585, RecordRevision = 2, FactsHash = BC5BDF828C7BF7DD8C92DA34CA3ABA9EDE43F67D5A122E00C798163A63DE4CD7, SubmissionIdentity =  }
  堆栈跟踪:
     at MultiplayerHoeingAssistant.UnitTest.ServiceTests.TaskCenter.HistoricalExecutionObservationTests.HistoricalObservation_DirectBoundSealsRejectConflictingOutcomeSet(String fault) in E:\Program Files\better-genshin-impact-LCB\Test\MultiplayerHoeingAssistant.UnitTest\ServiceTests\TaskCenter\HistoricalExecutionObservationTests.cs:line 123
   at InvokeStub_HistoricalExecutionObservationTests.HistoricalObservation_DirectBoundSealsRejectConflictingOutcomeSet(Object, Span`1)
   at System.Reflection.MethodBaseInvoker.InvokeWithOneArg(Object obj, BindingFlags invokeAttr, Binder binder, Object[] parameters, CultureInfo culture)
结果文件: E:\Program Files\better-genshin-impact-LCB\_workflow\local-wait-admission-gates-20261004\auto-relay-history-outcome-20261004-from-01a10699\mutations-r2\M3-run-seal\mutant.trx

失败!  - 失败:     3，通过:     2，已跳过:     0，总计:     5，持续时间: 23 ms - MultiplayerHoeingAssistant.UnitTest.dll (net8.0)
