<?xml version="1.0" encoding="utf-8"?>
<TestRun id="61c845a7-d467-49aa-9bcb-892df55d524d" name="kaedelcb@KAEDELCBPC 2026-10-04 19:19:18" runUser="KAEDELCBPC\kaedelcb" xmlns="http://microsoft.com/schemas/VisualStudio/TeamTest/2010">
  <Times creation="2026-10-04T19:19:18.4637769+08:00" queuing="2026-10-04T19:19:18.4637770+08:00" start="2026-10-04T19:19:17.2103670+08:00" finish="2026-10-04T19:19:19.0405550+08:00" />
  <TestSettings name="default" id="88115f1e-6d36-4966-bfdc-794cb79b6d42">
    <Deployment runDeploymentRoot="kaedelcb_KAEDELCBPC_2026-10-04_19_19_18" />
  </TestSettings>
  <Results>
    <UnitTestResult executionId="a08bccde-5d1b-44a7-a083-4ebbf31b0cad" testId="77c3a20b-4b7a-8f9d-a321-dde5ecfbcd73" testName="MultiplayerHoeingAssistant.UnitTest.ServiceTests.TaskCenter.TaskCenterExternalStartAdmissionTests.OriginalLateRound_HostArchivedResponsibility(archiveBeforeReceipt: True, archiveAfterTerminal: True, fault: &quot;wrong-job&quot;)" computerName="KAEDELCBPC" duration="00:00:00.0443277" startTime="2026-10-04T19:19:18.9396629+08:00" endTime="2026-10-04T19:19:18.9396630+08:00" testType="13cdc9d9-ddb5-4fa4-a97d-d965ccfc6d4b" outcome="Passed" testListId="8c84fa94-04c1-424b-9868-57a2d4851a1d" relativeResultsDirectory="a08bccde-5d1b-44a7-a083-4ebbf31b0cad" />
    <UnitTestResult executionId="fcf63d06-8c78-4f93-8880-8fe360f52553" testId="a9b672fe-a531-085a-9c28-7b85c924e9d9" testName="MultiplayerHoeingAssistant.UnitTest.ServiceTests.TaskCenter.TaskCenterExternalStartAdmissionTests.OriginalLateRound_HostArchivedResponsibility(archiveBeforeReceipt: True, archiveAfterTerminal: True, fault: &quot;wrong-terminal&quot;)" computerName="KAEDELCBPC" duration="00:00:00.0409627" startTime="2026-10-04T19:19:18.7248557+08:00" endTime="2026-10-04T19:19:18.7248558+08:00" testType="13cdc9d9-ddb5-4fa4-a97d-d965ccfc6d4b" outcome="Passed" testListId="8c84fa94-04c1-424b-9868-57a2d4851a1d" relativeResultsDirectory="fcf63d06-8c78-4f93-8880-8fe360f52553" />
    <UnitTestResult executionId="c1acaede-ae85-4629-b4d9-b41602ac0619" testId="c3b180af-2f90-7402-8e39-d19c2121dc51" testName="MultiplayerHoeingAssistant.UnitTest.ServiceTests.TaskCenter.TaskCenterExternalStartAdmissionTests.OriginalLateRound_HostArchivedResponsibility(archiveBeforeReceipt: True, archiveAfterTerminal: True, fault: &quot;missing-terminal&quot;)" computerName="KAEDELCBPC" duration="00:00:00.0419739" startTime="2026-10-04T19:19:18.7669637+08:00" endTime="2026-10-04T19:19:18.7669638+08:00" testType="13cdc9d9-ddb5-4fa4-a97d-d965ccfc6d4b" outcome="Passed" testListId="8c84fa94-04c1-424b-9868-57a2d4851a1d" relativeResultsDirectory="c1acaede-ae85-4629-b4d9-b41602ac0619" />
    <UnitTestResult executionId="0c50fc06-2ab7-467c-bd86-cb8cb9986e79" testId="c015b4fd-5ed9-ffb9-921d-f63b2930e111" testName="MultiplayerHoeingAssistant.UnitTest.ServiceTests.TaskCenter.TaskCenterExternalStartAdmissionTests.OriginalLateRound_HostArchivedResponsibility(archiveBeforeReceipt: True, archiveAfterTerminal: True, fault: &quot;unconfirmed&quot;)" computerName="KAEDELCBPC" duration="00:00:00.0412297" startTime="2026-10-04T19:19:18.4785169+08:00" endTime="2026-10-04T19:19:18.4785171+08:00" testType="13cdc9d9-ddb5-4fa4-a97d-d965ccfc6d4b" outcome="Passed" testListId="8c84fa94-04c1-424b-9868-57a2d4851a1d" relativeResultsDirectory="0c50fc06-2ab7-467c-bd86-cb8cb9986e79" />
    <UnitTestResult executionId="035b3b93-9fa6-4eee-b9c5-69de3f25ccba" testId="1a7b2010-3d6f-9b7c-fb85-b5b76d248143" testName="MultiplayerHoeingAssistant.UnitTest.ServiceTests.TaskCenter.TaskCenterExternalStartAdmissionTests.OriginalLedgerCausality_CurrentReceiptAndTerminal(terminal: False, reopen: False)" computerName="KAEDELCBPC" duration="00:00:00.1626429" startTime="2026-10-04T19:19:17.8398541+08:00" endTime="2026-10-04T19:19:17.8398757+08:00" testType="13cdc9d9-ddb5-4fa4-a97d-d965ccfc6d4b" outcome="Passed" testListId="8c84fa94-04c1-424b-9868-57a2d4851a1d" relativeResultsDirectory="035b3b93-9fa6-4eee-b9c5-69de3f25ccba" />
    <UnitTestResult executionId="6feaa760-e882-4dd4-b647-0129641f8978" testId="d23169c9-e83d-0f62-928b-f9d448e0a4d7" testName="MultiplayerHoeingAssistant.UnitTest.ServiceTests.TaskCenter.TaskCenterExternalStartAdmissionTests.OriginalLateRound_HostArchivedResponsibility(archiveBeforeReceipt: True, archiveAfterTerminal: False, fault: &quot;valid&quot;)" computerName="KAEDELCBPC" duration="00:00:00.0691621" startTime="2026-10-04T19:19:18.0342740+08:00" endTime="2026-10-04T19:19:18.0342741+08:00" testType="13cdc9d9-ddb5-4fa4-a97d-d965ccfc6d4b" outcome="Passed" testListId="8c84fa94-04c1-424b-9868-57a2d4851a1d" relativeResultsDirectory="6feaa760-e882-4dd4-b647-0129641f8978" />
    <UnitTestResult executionId="d71cc217-2bd8-4f43-9474-bc4bbb70d8f9" testId="c6551b9c-acb0-5e9c-ddfe-f7949beb041c" testName="MultiplayerHoeingAssistant.UnitTest.ServiceTests.TaskCenter.TaskCenterExternalStartAdmissionTests.OriginalLateRound_HostArchivedResponsibility(archiveBeforeReceipt: True, archiveAfterTerminal: True, fault: &quot;wrong-source&quot;)" computerName="KAEDELCBPC" duration="00:00:00.0430053" startTime="2026-10-04T19:19:18.9827701+08:00" endTime="2026-10-04T19:19:18.9827702+08:00" testType="13cdc9d9-ddb5-4fa4-a97d-d965ccfc6d4b" outcome="Passed" testListId="8c84fa94-04c1-424b-9868-57a2d4851a1d" relativeResultsDirectory="d71cc217-2bd8-4f43-9474-bc4bbb70d8f9" />
    <UnitTestResult executionId="34fb7323-7c56-410a-8ff1-037573962ab4" testId="2a9f9d8c-5735-6b9c-188b-df361edfb853" testName="MultiplayerHoeingAssistant.UnitTest.ServiceTests.TaskCenter.TaskCenterExternalStartAdmissionTests.OriginalLateRound_HostArchivedResponsibility(archiveBeforeReceipt: True, archiveAfterTerminal: True, fault: &quot;valid&quot;)" computerName="KAEDELCBPC" duration="00:00:00.0520921" startTime="2026-10-04T19:19:18.2501970+08:00" endTime="2026-10-04T19:19:18.2501970+08:00" testType="13cdc9d9-ddb5-4fa4-a97d-d965ccfc6d4b" outcome="Passed" testListId="8c84fa94-04c1-424b-9868-57a2d4851a1d" relativeResultsDirectory="34fb7323-7c56-410a-8ff1-037573962ab4" />
    <UnitTestResult executionId="ec93ffb9-9a9f-4ed8-9845-c52f5a39ebe5" testId="2d595224-c15d-ec5e-4e61-b7db33bfdc4e" testName="MultiplayerHoeingAssistant.UnitTest.ServiceTests.TaskCenter.TaskCenterExternalStartAdmissionTests.OriginalLedgerCausality_CurrentReceiptAndTerminal(terminal: False, reopen: True)" computerName="KAEDELCBPC" duration="00:00:00.0431814" startTime="2026-10-04T19:19:17.9272133+08:00" endTime="2026-10-04T19:19:17.9272134+08:00" testType="13cdc9d9-ddb5-4fa4-a97d-d965ccfc6d4b" outcome="Passed" testListId="8c84fa94-04c1-424b-9868-57a2d4851a1d" relativeResultsDirectory="ec93ffb9-9a9f-4ed8-9845-c52f5a39ebe5" />
    <UnitTestResult executionId="d354c1f8-d1bd-4d16-9ab8-63915d9ab784" testId="c27f1b19-566e-a54a-6123-655abfeaea8b" testName="MultiplayerHoeingAssistant.UnitTest.ServiceTests.TaskCenter.TaskCenterExternalStartAdmissionTests.OriginalLateRound_HostArchivedResponsibility(archiveBeforeReceipt: False, archiveAfterTerminal: False, fault: &quot;causal-matrix&quot;)" computerName="KAEDELCBPC" duration="00:00:00.1636291" startTime="2026-10-04T19:19:18.1980054+08:00" endTime="2026-10-04T19:19:18.1980055+08:00" testType="13cdc9d9-ddb5-4fa4-a97d-d965ccfc6d4b" outcome="Passed" testListId="8c84fa94-04c1-424b-9868-57a2d4851a1d" relativeResultsDirectory="d354c1f8-d1bd-4d16-9ab8-63915d9ab784" />
    <UnitTestResult executionId="c015853d-7e6c-4409-b10e-aa550e9b9b8f" testId="7c69dfe0-8326-5f08-59ac-fe52eb622bd8" testName="MultiplayerHoeingAssistant.UnitTest.ServiceTests.TaskCenter.TaskCenterExternalStartAdmissionTests.OriginalLateRound_HostArchivedResponsibility(archiveBeforeReceipt: True, archiveAfterTerminal: True, fault: &quot;wrong-time&quot;)" computerName="KAEDELCBPC" duration="00:00:00.0426748" startTime="2026-10-04T19:19:18.5212893+08:00" endTime="2026-10-04T19:19:18.5212894+08:00" testType="13cdc9d9-ddb5-4fa4-a97d-d965ccfc6d4b" outcome="Passed" testListId="8c84fa94-04c1-424b-9868-57a2d4851a1d" relativeResultsDirectory="c015853d-7e6c-4409-b10e-aa550e9b9b8f" />
    <UnitTestResult executionId="ddd0f649-8778-43f4-a183-1de112719943" testId="cbfa8e29-0f8c-b1c4-987f-7677777175c1" testName="MultiplayerHoeingAssistant.UnitTest.ServiceTests.TaskCenter.TaskCenterExternalStartAdmissionTests.OriginalLateRound_HostArchivedResponsibility(archiveBeforeReceipt: True, archiveAfterTerminal: False, fault: &quot;causal-matrix&quot;)" computerName="KAEDELCBPC" duration="00:00:00.1240086" startTime="2026-10-04T19:19:18.6453990+08:00" endTime="2026-10-04T19:19:18.6453991+08:00" testType="13cdc9d9-ddb5-4fa4-a97d-d965ccfc6d4b" outcome="Passed" testListId="8c84fa94-04c1-424b-9868-57a2d4851a1d" relativeResultsDirectory="ddd0f649-8778-43f4-a183-1de112719943" />
    <UnitTestResult executionId="2d284056-cdee-49c3-a5e0-9572342f56b8" testId="e2447e20-9237-0d48-e6c2-468a5f05c460" testName="MultiplayerHoeingAssistant.UnitTest.ServiceTests.TaskCenter.TaskCenterExternalStartAdmissionTests.OriginalLateRound_HostArchivedResponsibility(archiveBeforeReceipt: False, archiveAfterTerminal: False, fault: &quot;valid&quot;)" computerName="KAEDELCBPC" duration="00:00:00.0370837" startTime="2026-10-04T19:19:18.4371964+08:00" endTime="2026-10-04T19:19:18.4371965+08:00" testType="13cdc9d9-ddb5-4fa4-a97d-d965ccfc6d4b" outcome="Passed" testListId="8c84fa94-04c1-424b-9868-57a2d4851a1d" relativeResultsDirectory="2d284056-cdee-49c3-a5e0-9572342f56b8" />
    <UnitTestResult executionId="75fe245e-a0f8-4bbc-81dc-89086d705359" testId="a80a5e27-e44a-f65f-90a4-c365525a7235" testName="MultiplayerHoeingAssistant.UnitTest.ServiceTests.TaskCenter.TaskCenterExternalStartAdmissionTests.OriginalLedgerCausality_CurrentReceiptAndTerminal(terminal: True, reopen: True)" computerName="KAEDELCBPC" duration="00:00:00.0372542" startTime="2026-10-04T19:19:17.9645541+08:00" endTime="2026-10-04T19:19:17.9645542+08:00" testType="13cdc9d9-ddb5-4fa4-a97d-d965ccfc6d4b" outcome="Passed" testListId="8c84fa94-04c1-424b-9868-57a2d4851a1d" relativeResultsDirectory="75fe245e-a0f8-4bbc-81dc-89086d705359" />
    <UnitTestResult executionId="297bd7d5-500b-4060-a05d-64af64d7d7ae" testId="d0601ff0-91db-bc15-0ddd-876030805ce4" testName="MultiplayerHoeingAssistant.UnitTest.ServiceTests.TaskCenter.TaskCenterExternalStartAdmissionTests.OriginalLedgerCausality_CurrentReceiptAndTerminal(terminal: True, reopen: False)" computerName="KAEDELCBPC" duration="00:00:00.0441104" startTime="2026-10-04T19:19:17.8839327+08:00" endTime="2026-10-04T19:19:17.8839328+08:00" testType="13cdc9d9-ddb5-4fa4-a97d-d965ccfc6d4b" outcome="Passed" testListId="8c84fa94-04c1-424b-9868-57a2d4851a1d" relativeResultsDirectory="297bd7d5-500b-4060-a05d-64af64d7d7ae" />
    <UnitTestResult executionId="2673888d-c42c-46c5-bc76-15a93aa62d76" testId="ab7ec4f7-1d9b-caae-5d7f-23f780902c6a" testName="MultiplayerHoeingAssistant.UnitTest.ServiceTests.TaskCenter.TaskCenterExternalStartAdmissionTests.OriginalLateRound_HostArchivedResponsibility(archiveBeforeReceipt: True, archiveAfterTerminal: True, fault: &quot;causal-matrix&quot;)" computerName="KAEDELCBPC" duration="00:00:00.1497413" startTime="2026-10-04T19:19:18.4000338+08:00" endTime="2026-10-04T19:19:18.4000339+08:00" testType="13cdc9d9-ddb5-4fa4-a97d-d965ccfc6d4b" outcome="Passed" testListId="8c84fa94-04c1-424b-9868-57a2d4851a1d" relativeResultsDirectory="2673888d-c42c-46c5-bc76-15a93aa62d76" />
    <UnitTestResult executionId="a39714fd-dfbe-4bf1-a2cd-d2354651dcee" testId="ebd0e0f2-f483-0963-37fc-9417582ad524" testName="MultiplayerHoeingAssistant.UnitTest.ServiceTests.TaskCenter.TaskCenterExternalStartAdmissionTests.OriginalLateRound_HostArchivedResponsibility(archiveBeforeReceipt: False, archiveAfterTerminal: True, fault: &quot;causal-matrix&quot;)" computerName="KAEDELCBPC" duration="00:00:00.1281963" startTime="2026-10-04T19:19:18.8952517+08:00" endTime="2026-10-04T19:19:18.8952518+08:00" testType="13cdc9d9-ddb5-4fa4-a97d-d965ccfc6d4b" outcome="Passed" testListId="8c84fa94-04c1-424b-9868-57a2d4851a1d" relativeResultsDirectory="a39714fd-dfbe-4bf1-a2cd-d2354651dcee" />
    <UnitTestResult executionId="96789fcf-5bb8-4dd2-82bd-f2b7931f8d06" testId="01262bcc-2076-b8f8-0265-0f5512c6c685" testName="MultiplayerHoeingAssistant.UnitTest.ServiceTests.TaskCenter.TaskCenterExternalStartAdmissionTests.OriginalLateRound_HostArchivedResponsibility(archiveBeforeReceipt: False, archiveAfterTerminal: True, fault: &quot;valid&quot;)" computerName="KAEDELCBPC" duration="00:00:00.0382985" startTime="2026-10-04T19:19:18.6837868+08:00" endTime="2026-10-04T19:19:18.6837869+08:00" testType="13cdc9d9-ddb5-4fa4-a97d-d965ccfc6d4b" outcome="Passed" testListId="8c84fa94-04c1-424b-9868-57a2d4851a1d" relativeResultsDirectory="96789fcf-5bb8-4dd2-82bd-f2b7931f8d06" />
    <UnitTestResult executionId="fb0ce38c-9f5f-4a2e-9af6-143f1f43ef9c" testId="e2a63dbc-a8fb-4536-84a1-74bf348043ed" testName="MultiplayerHoeingAssistant.UnitTest.ServiceTests.TaskCenter.TaskCenterExternalStartAdmissionTests.OriginalLateRound_CurrentTerminalArchiveReplays" computerName="KAEDELCBPC" duration="00:00:00.0259334" startTime="2026-10-04T19:19:19.0087934+08:00" endTime="2026-10-04T19:19:19.0087935+08:00" testType="13cdc9d9-ddb5-4fa4-a97d-d965ccfc6d4b" outcome="Passed" testListId="8c84fa94-04c1-424b-9868-57a2d4851a1d" relativeResultsDirectory="fb0ce38c-9f5f-4a2e-9af6-143f1f43ef9c" />
  </Results>
  <TestDefinitions>
    <UnitTest name="MultiplayerHoeingAssistant.UnitTest.ServiceTests.TaskCenter.TaskCenterExternalStartAdmissionTests.OriginalLedgerCausality_CurrentReceiptAndTerminal(terminal: False, reopen: False)" storage="e:\program files\better-genshin-impact-lcb\_workflow\local-wait-admission-gates-20261004\g10-completion\products\multiplayerhoeingassistant.unittest.dll" id="1a7b2010-3d6f-9b7c-fb85-b5b76d248143">
      <Execution id="035b3b93-9fa6-4eee-b9c5-69de3f25ccba" />
      <TestMethod codeBase="E:\Program Files\better-genshin-impact-LCB\_workflow\local-wait-admission-gates-20261004\g10-completion\products\MultiplayerHoeingAssistant.UnitTest.dll" adapterTypeName="executor://xunit/VsTestRunner2/netcoreapp" className="MultiplayerHoeingAssistant.UnitTest.ServiceTests.TaskCenter.TaskCenterExternalStartAdmissionTests" name="OriginalLedgerCausality_CurrentReceiptAndTerminal" />
    </UnitTest>
    <UnitTest name="MultiplayerHoeingAssistant.UnitTest.ServiceTests.TaskCenter.TaskCenterExternalStartAdmissionTests.OriginalLateRound_HostArchivedResponsibility(archiveBeforeReceipt: False, archiveAfterTerminal: False, fault: &quot;valid&quot;)" storage="e:\program files\better-genshin-impact-lcb\_workflow\local-wait-admission-gates-20261004\g10-completion\products\multiplayerhoeingassistant.unittest.dll" id="e2447e20-9237-0d48-e6c2-468a5f05c460">
      <Execution id="2d284056-cdee-49c3-a5e0-9572342f56b8" />
      <TestMethod codeBase="E:\Program Files\better-genshin-impact-LCB\_workflow\local-wait-admission-gates-20261004\g10-completion\products\MultiplayerHoeingAssistant.UnitTest.dll" adapterTypeName="executor://xunit/VsTestRunner2/netcoreapp" className="MultiplayerHoeingAssistant.UnitTest.ServiceTests.TaskCenter.TaskCenterExternalStartAdmissionTests" name="OriginalLateRound_HostArchivedResponsibility" />
    </UnitTest>
    <UnitTest name="MultiplayerHoeingAssistant.UnitTest.ServiceTests.TaskCenter.TaskCenterExternalStartAdmissionTests.OriginalLateRound_HostArchivedResponsibility(archiveBeforeReceipt: True, archiveAfterTerminal: True, fault: &quot;wrong-source&quot;)" storage="e:\program files\better-genshin-impact-lcb\_workflow\local-wait-admission-gates-20261004\g10-completion\products\multiplayerhoeingassistant.unittest.dll" id="c6551b9c-acb0-5e9c-ddfe-f7949beb041c">
      <Execution id="d71cc217-2bd8-4f43-9474-bc4bbb70d8f9" />
      <TestMethod codeBase="E:\Program Files\better-genshin-impact-LCB\_workflow\local-wait-admission-gates-20261004\g10-completion\products\MultiplayerHoeingAssistant.UnitTest.dll" adapterTypeName="executor://xunit/VsTestRunner2/netcoreapp" className="MultiplayerHoeingAssistant.UnitTest.ServiceTests.TaskCenter.TaskCenterExternalStartAdmissionTests" name="OriginalLateRound_HostArchivedResponsibility" />
    </UnitTest>
    <UnitTest name="MultiplayerHoeingAssistant.UnitTest.ServiceTests.TaskCenter.TaskCenterExternalStartAdmissionTests.OriginalLateRound_HostArchivedResponsibility(archiveBeforeReceipt: True, archiveAfterTerminal: True, fault: &quot;wrong-job&quot;)" storage="e:\program files\better-genshin-impact-lcb\_workflow\local-wait-admission-gates-20261004\g10-completion\products\multiplayerhoeingassistant.unittest.dll" id="77c3a20b-4b7a-8f9d-a321-dde5ecfbcd73">
      <Execution id="a08bccde-5d1b-44a7-a083-4ebbf31b0cad" />
      <TestMethod codeBase="E:\Program Files\better-genshin-impact-LCB\_workflow\local-wait-admission-gates-20261004\g10-completion\products\MultiplayerHoeingAssistant.UnitTest.dll" adapterTypeName="executor://xunit/VsTestRunner2/netcoreapp" className="MultiplayerHoeingAssistant.UnitTest.ServiceTests.TaskCenter.TaskCenterExternalStartAdmissionTests" name="OriginalLateRound_HostArchivedResponsibility" />
    </UnitTest>
    <UnitTest name="MultiplayerHoeingAssistant.UnitTest.ServiceTests.TaskCenter.TaskCenterExternalStartAdmissionTests.OriginalLateRound_HostArchivedResponsibility(archiveBeforeReceipt: True, archiveAfterTerminal: True, fault: &quot;missing-terminal&quot;)" storage="e:\program files\better-genshin-impact-lcb\_workflow\local-wait-admission-gates-20261004\g10-completion\products\multiplayerhoeingassistant.unittest.dll" id="c3b180af-2f90-7402-8e39-d19c2121dc51">
      <Execution id="c1acaede-ae85-4629-b4d9-b41602ac0619" />
      <TestMethod codeBase="E:\Program Files\better-genshin-impact-LCB\_workflow\local-wait-admission-gates-20261004\g10-completion\products\MultiplayerHoeingAssistant.UnitTest.dll" adapterTypeName="executor://xunit/VsTestRunner2/netcoreapp" className="MultiplayerHoeingAssistant.UnitTest.ServiceTests.TaskCenter.TaskCenterExternalStartAdmissionTests" name="OriginalLateRound_HostArchivedResponsibility" />
    </UnitTest>
    <UnitTest name="MultiplayerHoeingAssistant.UnitTest.ServiceTests.TaskCenter.TaskCenterExternalStartAdmissionTests.OriginalLateRound_HostArchivedResponsibility(archiveBeforeReceipt: False, archiveAfterTerminal: False, fault: &quot;causal-matrix&quot;)" storage="e:\program files\better-genshin-impact-lcb\_workflow\local-wait-admission-gates-20261004\g10-completion\products\multiplayerhoeingassistant.unittest.dll" id="c27f1b19-566e-a54a-6123-655abfeaea8b">
      <Execution id="d354c1f8-d1bd-4d16-9ab8-63915d9ab784" />
      <TestMethod codeBase="E:\Program Files\better-genshin-impact-LCB\_workflow\local-wait-admission-gates-20261004\g10-completion\products\MultiplayerHoeingAssistant.UnitTest.dll" adapterTypeName="executor://xunit/VsTestRunner2/netcoreapp" className="MultiplayerHoeingAssistant.UnitTest.ServiceTests.TaskCenter.TaskCenterExternalStartAdmissionTests" name="OriginalLateRound_HostArchivedResponsibility" />
    </UnitTest>
    <UnitTest name="MultiplayerHoeingAssistant.UnitTest.ServiceTests.TaskCenter.TaskCenterExternalStartAdmissionTests.OriginalLateRound_HostArchivedResponsibility(archiveBeforeReceipt: True, archiveAfterTerminal: True, fault: &quot;unconfirmed&quot;)" storage="e:\program files\better-genshin-impact-lcb\_workflow\local-wait-admission-gates-20261004\g10-completion\products\multiplayerhoeingassistant.unittest.dll" id="c015b4fd-5ed9-ffb9-921d-f63b2930e111">
      <Execution id="0c50fc06-2ab7-467c-bd86-cb8cb9986e79" />
      <TestMethod codeBase="E:\Program Files\better-genshin-impact-LCB\_workflow\local-wait-admission-gates-20261004\g10-completion\products\MultiplayerHoeingAssistant.UnitTest.dll" adapterTypeName="executor://xunit/VsTestRunner2/netcoreapp" className="MultiplayerHoeingAssistant.UnitTest.ServiceTests.TaskCenter.TaskCenterExternalStartAdmissionTests" name="OriginalLateRound_HostArchivedResponsibility" />
    </UnitTest>
    <UnitTest name="MultiplayerHoeingAssistant.UnitTest.ServiceTests.TaskCenter.TaskCenterExternalStartAdmissionTests.OriginalLateRound_HostArchivedResponsibility(archiveBeforeReceipt: True, archiveAfterTerminal: False, fault: &quot;causal-matrix&quot;)" storage="e:\program files\better-genshin-impact-lcb\_workflow\local-wait-admission-gates-20261004\g10-completion\products\multiplayerhoeingassistant.unittest.dll" id="cbfa8e29-0f8c-b1c4-987f-7677777175c1">
      <Execution id="ddd0f649-8778-43f4-a183-1de112719943" />
      <TestMethod codeBase="E:\Program Files\better-genshin-impact-LCB\_workflow\local-wait-admission-gates-20261004\g10-completion\products\MultiplayerHoeingAssistant.UnitTest.dll" adapterTypeName="executor://xunit/VsTestRunner2/netcoreapp" className="MultiplayerHoeingAssistant.UnitTest.ServiceTests.TaskCenter.TaskCenterExternalStartAdmissionTests" name="OriginalLateRound_HostArchivedResponsibility" />
    </UnitTest>
    <UnitTest name="MultiplayerHoeingAssistant.UnitTest.ServiceTests.TaskCenter.TaskCenterExternalStartAdmissionTests.OriginalLateRound_HostArchivedResponsibility(archiveBeforeReceipt: True, archiveAfterTerminal: True, fault: &quot;valid&quot;)" storage="e:\program files\better-genshin-impact-lcb\_workflow\local-wait-admission-gates-20261004\g10-completion\products\multiplayerhoeingassistant.unittest.dll" id="2a9f9d8c-5735-6b9c-188b-df361edfb853">
      <Execution id="34fb7323-7c56-410a-8ff1-037573962ab4" />
      <TestMethod codeBase="E:\Program Files\better-genshin-impact-LCB\_workflow\local-wait-admission-gates-20261004\g10-completion\products\MultiplayerHoeingAssistant.UnitTest.dll" adapterTypeName="executor://xunit/VsTestRunner2/netcoreapp" className="MultiplayerHoeingAssistant.UnitTest.ServiceTests.TaskCenter.TaskCenterExternalStartAdmissionTests" name="OriginalLateRound_HostArchivedResponsibility" />
    </UnitTest>
    <UnitTest name="MultiplayerHoeingAssistant.UnitTest.ServiceTests.TaskCenter.TaskCenterExternalStartAdmissionTests.OriginalLateRound_HostArchivedResponsibility(archiveBeforeReceipt: False, archiveAfterTerminal: True, fault: &quot;causal-matrix&quot;)" storage="e:\program files\better-genshin-impact-lcb\_workflow\local-wait-admission-gates-20261004\g10-completion\products\multiplayerhoeingassistant.unittest.dll" id="ebd0e0f2-f483-0963-37fc-9417582ad524">
      <Execution id="a39714fd-dfbe-4bf1-a2cd-d2354651dcee" />
      <TestMethod codeBase="E:\Program Files\better-genshin-impact-LCB\_workflow\local-wait-admission-gates-20261004\g10-completion\products\MultiplayerHoeingAssistant.UnitTest.dll" adapterTypeName="executor://xunit/VsTestRunner2/netcoreapp" className="MultiplayerHoeingAssistant.UnitTest.ServiceTests.TaskCenter.TaskCenterExternalStartAdmissionTests" name="OriginalLateRound_HostArchivedResponsibility" />
    </UnitTest>
    <UnitTest name="MultiplayerHoeingAssistant.UnitTest.ServiceTests.TaskCenter.TaskCenterExternalStartAdmissionTests.OriginalLateRound_HostArchivedResponsibility(archiveBeforeReceipt: True, archiveAfterTerminal: True, fault: &quot;wrong-terminal&quot;)" storage="e:\program files\better-genshin-impact-lcb\_workflow\local-wait-admission-gates-20261004\g10-completion\products\multiplayerhoeingassistant.unittest.dll" id="a9b672fe-a531-085a-9c28-7b85c924e9d9">
      <Execution id="fcf63d06-8c78-4f93-8880-8fe360f52553" />
      <TestMethod codeBase="E:\Program Files\better-genshin-impact-LCB\_workflow\local-wait-admission-gates-20261004\g10-completion\products\MultiplayerHoeingAssistant.UnitTest.dll" adapterTypeName="executor://xunit/VsTestRunner2/netcoreapp" className="MultiplayerHoeingAssistant.UnitTest.ServiceTests.TaskCenter.TaskCenterExternalStartAdmissionTests" name="OriginalLateRound_HostArchivedResponsibility" />
    </UnitTest>
    <UnitTest name="MultiplayerHoeingAssistant.UnitTest.ServiceTests.TaskCenter.TaskCenterExternalStartAdmissionTests.OriginalLedgerCausality_CurrentReceiptAndTerminal(terminal: True, reopen: True)" storage="e:\program files\better-genshin-impact-lcb\_workflow\local-wait-admission-gates-20261004\g10-completion\products\multiplayerhoeingassistant.unittest.dll" id="a80a5e27-e44a-f65f-90a4-c365525a7235">
      <Execution id="75fe245e-a0f8-4bbc-81dc-89086d705359" />
      <TestMethod codeBase="E:\Program Files\better-genshin-impact-LCB\_workflow\local-wait-admission-gates-20261004\g10-completion\products\MultiplayerHoeingAssistant.UnitTest.dll" adapterTypeName="executor://xunit/VsTestRunner2/netcoreapp" className="MultiplayerHoeingAssistant.UnitTest.ServiceTests.TaskCenter.TaskCenterExternalStartAdmissionTests" name="OriginalLedgerCausality_CurrentReceiptAndTerminal" />
    </UnitTest>
    <UnitTest name="MultiplayerHoeingAssistant.UnitTest.ServiceTests.TaskCenter.TaskCenterExternalStartAdmissionTests.OriginalLedgerCausality_CurrentReceiptAndTerminal(terminal: True, reopen: False)" storage="e:\program files\better-genshin-impact-lcb\_workflow\local-wait-admission-gates-20261004\g10-completion\products\multiplayerhoeingassistant.unittest.dll" id="d0601ff0-91db-bc15-0ddd-876030805ce4">
      <Execution id="297bd7d5-500b-4060-a05d-64af64d7d7ae" />
      <TestMethod codeBase="E:\Program Files\better-genshin-impact-LCB\_workflow\local-wait-admission-gates-20261004\g10-completion\products\MultiplayerHoeingAssistant.UnitTest.dll" adapterTypeName="executor://xunit/VsTestRunner2/netcoreapp" className="MultiplayerHoeingAssistant.UnitTest.ServiceTests.TaskCenter.TaskCenterExternalStartAdmissionTests" name="OriginalLedgerCausality_CurrentReceiptAndTerminal" />
    </UnitTest>
    <UnitTest name="MultiplayerHoeingAssistant.UnitTest.ServiceTests.TaskCenter.TaskCenterExternalStartAdmissionTests.OriginalLateRound_HostArchivedResponsibility(archiveBeforeReceipt: True, archiveAfterTerminal: False, fault: &quot;valid&quot;)" storage="e:\program files\better-genshin-impact-lcb\_workflow\local-wait-admission-gates-20261004\g10-completion\products\multiplayerhoeingassistant.unittest.dll" id="d23169c9-e83d-0f62-928b-f9d448e0a4d7">
      <Execution id="6feaa760-e882-4dd4-b647-0129641f8978" />
      <TestMethod codeBase="E:\Program Files\better-genshin-impact-LCB\_workflow\local-wait-admission-gates-20261004\g10-completion\products\MultiplayerHoeingAssistant.UnitTest.dll" adapterTypeName="executor://xunit/VsTestRunner2/netcoreapp" className="MultiplayerHoeingAssistant.UnitTest.ServiceTests.TaskCenter.TaskCenterExternalStartAdmissionTests" name="OriginalLateRound_HostArchivedResponsibility" />
    </UnitTest>
    <UnitTest name="MultiplayerHoeingAssistant.UnitTest.ServiceTests.TaskCenter.TaskCenterExternalStartAdmissionTests.OriginalLateRound_HostArchivedResponsibility(archiveBeforeReceipt: True, archiveAfterTerminal: True, fault: &quot;wrong-time&quot;)" storage="e:\program files\better-genshin-impact-lcb\_workflow\local-wait-admission-gates-20261004\g10-completion\products\multiplayerhoeingassistant.unittest.dll" id="7c69dfe0-8326-5f08-59ac-fe52eb622bd8">
      <Execution id="c015853d-7e6c-4409-b10e-aa550e9b9b8f" />
      <TestMethod codeBase="E:\Program Files\better-genshin-impact-LCB\_workflow\local-wait-admission-gates-20261004\g10-completion\products\MultiplayerHoeingAssistant.UnitTest.dll" adapterTypeName="executor://xunit/VsTestRunner2/netcoreapp" className="MultiplayerHoeingAssistant.UnitTest.ServiceTests.TaskCenter.TaskCenterExternalStartAdmissionTests" name="OriginalLateRound_HostArchivedResponsibility" />
    </UnitTest>
    <UnitTest name="MultiplayerHoeingAssistant.UnitTest.ServiceTests.TaskCenter.TaskCenterExternalStartAdmissionTests.OriginalLateRound_HostArchivedResponsibility(archiveBeforeReceipt: True, archiveAfterTerminal: True, fault: &quot;causal-matrix&quot;)" storage="e:\program files\better-genshin-impact-lcb\_workflow\local-wait-admission-gates-20261004\g10-completion\products\multiplayerhoeingassistant.unittest.dll" id="ab7ec4f7-1d9b-caae-5d7f-23f780902c6a">
      <Execution id="2673888d-c42c-46c5-bc76-15a93aa62d76" />
      <TestMethod codeBase="E:\Program Files\better-genshin-impact-LCB\_workflow\local-wait-admission-gates-20261004\g10-completion\products\MultiplayerHoeingAssistant.UnitTest.dll" adapterTypeName="executor://xunit/VsTestRunner2/netcoreapp" className="MultiplayerHoeingAssistant.UnitTest.ServiceTests.TaskCenter.TaskCenterExternalStartAdmissionTests" name="OriginalLateRound_HostArchivedResponsibility" />
    </UnitTest>
    <UnitTest name="MultiplayerHoeingAssistant.UnitTest.ServiceTests.TaskCenter.TaskCenterExternalStartAdmissionTests.OriginalLedgerCausality_CurrentReceiptAndTerminal(terminal: False, reopen: True)" storage="e:\program files\better-genshin-impact-lcb\_workflow\local-wait-admission-gates-20261004\g10-completion\products\multiplayerhoeingassistant.unittest.dll" id="2d595224-c15d-ec5e-4e61-b7db33bfdc4e">
      <Execution id="ec93ffb9-9a9f-4ed8-9845-c52f5a39ebe5" />
      <TestMethod codeBase="E:\Program Files\better-genshin-impact-LCB\_workflow\local-wait-admission-gates-20261004\g10-completion\products\MultiplayerHoeingAssistant.UnitTest.dll" adapterTypeName="executor://xunit/VsTestRunner2/netcoreapp" className="MultiplayerHoeingAssistant.UnitTest.ServiceTests.TaskCenter.TaskCenterExternalStartAdmissionTests" name="OriginalLedgerCausality_CurrentReceiptAndTerminal" />
    </UnitTest>
    <UnitTest name="MultiplayerHoeingAssistant.UnitTest.ServiceTests.TaskCenter.TaskCenterExternalStartAdmissionTests.OriginalLateRound_CurrentTerminalArchiveReplays" storage="e:\program files\better-genshin-impact-lcb\_workflow\local-wait-admission-gates-20261004\g10-completion\products\multiplayerhoeingassistant.unittest.dll" id="e2a63dbc-a8fb-4536-84a1-74bf348043ed">
      <Execution id="fb0ce38c-9f5f-4a2e-9af6-143f1f43ef9c" />
      <TestMethod codeBase="E:\Program Files\better-genshin-impact-LCB\_workflow\local-wait-admission-gates-20261004\g10-completion\products\MultiplayerHoeingAssistant.UnitTest.dll" adapterTypeName="executor://xunit/VsTestRunner2/netcoreapp" className="MultiplayerHoeingAssistant.UnitTest.ServiceTests.TaskCenter.TaskCenterExternalStartAdmissionTests" name="OriginalLateRound_CurrentTerminalArchiveReplays" />
    </UnitTest>
    <UnitTest name="MultiplayerHoeingAssistant.UnitTest.ServiceTests.TaskCenter.TaskCenterExternalStartAdmissionTests.OriginalLateRound_HostArchivedResponsibility(archiveBeforeReceipt: False, archiveAfterTerminal: True, fault: &quot;valid&quot;)" storage="e:\program files\better-genshin-impact-lcb\_workflow\local-wait-admission-gates-20261004\g10-completion\products\multiplayerhoeingassistant.unittest.dll" id="01262bcc-2076-b8f8-0265-0f5512c6c685">
      <Execution id="96789fcf-5bb8-4dd2-82bd-f2b7931f8d06" />
      <TestMethod codeBase="E:\Program Files\better-genshin-impact-LCB\_workflow\local-wait-admission-gates-20261004\g10-completion\products\MultiplayerHoeingAssistant.UnitTest.dll" adapterTypeName="executor://xunit/VsTestRunner2/netcoreapp" className="MultiplayerHoeingAssistant.UnitTest.ServiceTests.TaskCenter.TaskCenterExternalStartAdmissionTests" name="OriginalLateRound_HostArchivedResponsibility" />
    </UnitTest>
  </TestDefinitions>
  <TestEntries>
    <TestEntry testId="77c3a20b-4b7a-8f9d-a321-dde5ecfbcd73" executionId="a08bccde-5d1b-44a7-a083-4ebbf31b0cad" testListId="8c84fa94-04c1-424b-9868-57a2d4851a1d" />
    <TestEntry testId="a9b672fe-a531-085a-9c28-7b85c924e9d9" executionId="fcf63d06-8c78-4f93-8880-8fe360f52553" testListId="8c84fa94-04c1-424b-9868-57a2d4851a1d" />
    <TestEntry testId="c3b180af-2f90-7402-8e39-d19c2121dc51" executionId="c1acaede-ae85-4629-b4d9-b41602ac0619" testListId="8c84fa94-04c1-424b-9868-57a2d4851a1d" />
    <TestEntry testId="c015b4fd-5ed9-ffb9-921d-f63b2930e111" executionId="0c50fc06-2ab7-467c-bd86-cb8cb9986e79" testListId="8c84fa94-04c1-424b-9868-57a2d4851a1d" />
    <TestEntry testId="1a7b2010-3d6f-9b7c-fb85-b5b76d248143" executionId="035b3b93-9fa6-4eee-b9c5-69de3f25ccba" testListId="8c84fa94-04c1-424b-9868-57a2d4851a1d" />
    <TestEntry testId="d23169c9-e83d-0f62-928b-f9d448e0a4d7" executionId="6feaa760-e882-4dd4-b647-0129641f8978" testListId="8c84fa94-04c1-424b-9868-57a2d4851a1d" />
    <TestEntry testId="c6551b9c-acb0-5e9c-ddfe-f7949beb041c" executionId="d71cc217-2bd8-4f43-9474-bc4bbb70d8f9" testListId="8c84fa94-04c1-424b-9868-57a2d4851a1d" />
    <TestEntry testId="2a9f9d8c-5735-6b9c-188b-df361edfb853" executionId="34fb7323-7c56-410a-8ff1-037573962ab4" testListId="8c84fa94-04c1-424b-9868-57a2d4851a1d" />
    <TestEntry testId="2d595224-c15d-ec5e-4e61-b7db33bfdc4e" executionId="ec93ffb9-9a9f-4ed8-9845-c52f5a39ebe5" testListId="8c84fa94-04c1-424b-9868-57a2d4851a1d" />
    <TestEntry testId="c27f1b19-566e-a54a-6123-655abfeaea8b" executionId="d354c1f8-d1bd-4d16-9ab8-63915d9ab784" testListId="8c84fa94-04c1-424b-9868-57a2d4851a1d" />
    <TestEntry testId="7c69dfe0-8326-5f08-59ac-fe52eb622bd8" executionId="c015853d-7e6c-4409-b10e-aa550e9b9b8f" testListId="8c84fa94-04c1-424b-9868-57a2d4851a1d" />
    <TestEntry testId="cbfa8e29-0f8c-b1c4-987f-7677777175c1" executionId="ddd0f649-8778-43f4-a183-1de112719943" testListId="8c84fa94-04c1-424b-9868-57a2d4851a1d" />
    <TestEntry testId="e2447e20-9237-0d48-e6c2-468a5f05c460" executionId="2d284056-cdee-49c3-a5e0-9572342f56b8" testListId="8c84fa94-04c1-424b-9868-57a2d4851a1d" />
    <TestEntry testId="a80a5e27-e44a-f65f-90a4-c365525a7235" executionId="75fe245e-a0f8-4bbc-81dc-89086d705359" testListId="8c84fa94-04c1-424b-9868-57a2d4851a1d" />
    <TestEntry testId="d0601ff0-91db-bc15-0ddd-876030805ce4" executionId="297bd7d5-500b-4060-a05d-64af64d7d7ae" testListId="8c84fa94-04c1-424b-9868-57a2d4851a1d" />
    <TestEntry testId="ab7ec4f7-1d9b-caae-5d7f-23f780902c6a" executionId="2673888d-c42c-46c5-bc76-15a93aa62d76" testListId="8c84fa94-04c1-424b-9868-57a2d4851a1d" />
    <TestEntry testId="ebd0e0f2-f483-0963-37fc-9417582ad524" executionId="a39714fd-dfbe-4bf1-a2cd-d2354651dcee" testListId="8c84fa94-04c1-424b-9868-57a2d4851a1d" />
    <TestEntry testId="01262bcc-2076-b8f8-0265-0f5512c6c685" executionId="96789fcf-5bb8-4dd2-82bd-f2b7931f8d06" testListId="8c84fa94-04c1-424b-9868-57a2d4851a1d" />
    <TestEntry testId="e2a63dbc-a8fb-4536-84a1-74bf348043ed" executionId="fb0ce38c-9f5f-4a2e-9af6-143f1f43ef9c" testListId="8c84fa94-04c1-424b-9868-57a2d4851a1d" />
  </TestEntries>
  <TestLists>
    <TestList name="列表中未列出的结果" id="8c84fa94-04c1-424b-9868-57a2d4851a1d" />
    <TestList name="所有已加载的结果" id="19431567-8539-422a-85d7-44ee4e166bda" />
  </TestLists>
  <ResultSummary outcome="Completed">
    <Counters total="19" executed="19" passed="19" failed="0" error="0" timeout="0" aborted="0" inconclusive="0" passedButRunAborted="0" notRunnable="0" notExecuted="0" disconnected="0" warning="0" completed="0" inProgress="0" pending="0" />
    <Output>
      <StdOut>[xUnit.net 00:00:00.00] xUnit.net VSTest Adapter v2.5.3.1+6b60a9e56a (64-bit .NET 8.0.14)&#xD;
[xUnit.net 00:00:00.06]   Discovering: MultiplayerHoeingAssistant.UnitTest&#xD;
[xUnit.net 00:00:00.23]   Discovered:  MultiplayerHoeingAssistant.UnitTest&#xD;
[xUnit.net 00:00:00.23]   Starting:    MultiplayerHoeingAssistant.UnitTest&#xD;
[xUnit.net 00:00:01.59]   Finished:    MultiplayerHoeingAssistant.UnitTest&#xD;
</StdOut>
    </Output>
  </ResultSummary>
</TestRun>