$ dotnet build ... (<=> restored)
E:\Program Files\better-genshin-impact-LCB\MultiplayerHoeingAssistant\MultiplayerHoeingAssistant.csproj : warning NU1902: 包 "SharpCompress" 0.38.0 具有已知的 中 严重性漏洞，https://github.com/advisories/GHSA-6c8g-7p36-r338 [E:\Program Files\better-genshin-impact-LCB\Test\MultiplayerHoeingAssistant.UnitTest\MultiplayerHoeingAssistant.UnitTest.csproj]
E:\Program Files\better-genshin-impact-LCB\MultiplayerHoeingAssistant\MultiplayerHoeingAssistant.csproj : warning NU1902: 包 "SharpCompress" 0.38.0 具有已知的 中 严重性漏洞，https://github.com/advisories/GHSA-6c8g-7p36-r338
E:\Program Files\better-genshin-impact-LCB\MultiplayerHoeingAssistant\MultiplayerHoeingAssistant_huddvgim_wpftmp.csproj : warning NU1902: 包 "SharpCompress" 0.38.0 具有已知的 中 严重性漏洞，https://github.com/advisories/GHSA-6c8g-7p36-r338
E:\Program Files\better-genshin-impact-LCB\MultiplayerHoeingAssistant\ViewModels\DodocoViewModel.cs(114,62): warning CS8602: 解引用可能出现空引用。 [E:\Program Files\better-genshin-impact-LCB\MultiplayerHoeingAssistant\MultiplayerHoeingAssistant_huddvgim_wpftmp.csproj]
E:\Program Files\better-genshin-impact-LCB\MultiplayerHoeingAssistant\Services\BgiLogTailService.cs(177,44): warning CS8604: “FileInfo.FileInfo(string fileName)”中的形参“fileName”可能传入 null 引用实参。 [E:\Program Files\better-genshin-impact-LCB\MultiplayerHoeingAssistant\MultiplayerHoeingAssistant_huddvgim_wpftmp.csproj]
E:\Program Files\better-genshin-impact-LCB\MultiplayerHoeingAssistant\ViewModels\TaskCenterPanelViewModel.EditParts.cs(136,15): warning CS8620: 由于引用类型的可为 null 性差异，IEnumerable<(CatalogSourceVm v, int i)> 类型的实参不能用于 (CatalogSourceVm?, int) Enumerable.FirstOrDefault<(CatalogSourceVm?, int)>(IEnumerable<(CatalogSourceVm?, int)> source, Func<(CatalogSourceVm?, int), bool> predicate, (CatalogSourceVm?, int) defaultValue) 中 IEnumerable<(CatalogSourceVm?, int)> 类型的形参 source。 [E:\Program Files\better-genshin-impact-LCB\MultiplayerHoeingAssistant\MultiplayerHoeingAssistant_huddvgim_wpftmp.csproj]
E:\Program Files\better-genshin-impact-LCB\MultiplayerHoeingAssistant\ViewModels\TaskCenterPanelViewModel.EditParts.cs(136,74): warning CS8602: 解引用可能出现空引用。 [E:\Program Files\better-genshin-impact-LCB\MultiplayerHoeingAssistant\MultiplayerHoeingAssistant_huddvgim_wpftmp.csproj]
E:\Program Files\better-genshin-impact-LCB\MultiplayerHoeingAssistant\ViewModels\TaskCenterPanelViewModel.EditParts.cs(259,17): warning CS8602: 解引用可能出现空引用。 [E:\Program Files\better-genshin-impact-LCB\MultiplayerHoeingAssistant\MultiplayerHoeingAssistant_huddvgim_wpftmp.csproj]
E:\Program Files\better-genshin-impact-LCB\MultiplayerHoeingAssistant\Services\TaskCenter\Arbitration\ArbitrationLeaseStore.cs(410,13): warning CS8602: 解引用可能出现空引用。 [E:\Program Files\better-genshin-impact-LCB\MultiplayerHoeingAssistant\MultiplayerHoeingAssistant_huddvgim_wpftmp.csproj]
E:\Program Files\better-genshin-impact-LCB\MultiplayerHoeingAssistant\ViewModels\MainViewModel.cs(1198,103): warning CS8604: “JsonElement JsonSerializer.Deserialize<JsonElement>(string json, JsonSerializerOptions? options = null)”中的形参“json”可能传入 null 引用实参。 [E:\Program Files\better-genshin-impact-LCB\MultiplayerHoeingAssistant\MultiplayerHoeingAssistant_huddvgim_wpftmp.csproj]
E:\Program Files\better-genshin-impact-LCB\MultiplayerHoeingAssistant\Services\TaskCenter\TaskCenterHost.Admission.cs(395,30): warning CS8602: 解引用可能出现空引用。 [E:\Program Files\better-genshin-impact-LCB\MultiplayerHoeingAssistant\MultiplayerHoeingAssistant_huddvgim_wpftmp.csproj]
E:\Program Files\better-genshin-impact-LCB\MultiplayerHoeingAssistant\Services\TaskCenter\WorkflowRunner.cs(1539,49): warning CS8602: 解引用可能出现空引用。 [E:\Program Files\better-genshin-impact-LCB\MultiplayerHoeingAssistant\MultiplayerHoeingAssistant_huddvgim_wpftmp.csproj]
E:\Program Files\better-genshin-impact-LCB\MultiplayerHoeingAssistant\Services\TaskCenter\WorkflowRunner.cs(1959,37): warning CS8601: 可能的 null 引用赋值。 [E:\Program Files\better-genshin-impact-LCB\MultiplayerHoeingAssistant\MultiplayerHoeingAssistant_huddvgim_wpftmp.csproj]
E:\Program Files\better-genshin-impact-LCB\MultiplayerHoeingAssistant\Services\TaskCenter\Arbitration\ArbitrationLeaseStore.cs(806,17): warning CS8602: 解引用可能出现空引用。 [E:\Program Files\better-genshin-impact-LCB\MultiplayerHoeingAssistant\MultiplayerHoeingAssistant_huddvgim_wpftmp.csproj]
E:\Program Files\better-genshin-impact-LCB\MultiplayerHoeingAssistant\Services\CommandExecutor.cs(1834,35): warning CS8602: 解引用可能出现空引用。 [E:\Program Files\better-genshin-impact-LCB\MultiplayerHoeingAssistant\MultiplayerHoeingAssistant_huddvgim_wpftmp.csproj]
E:\Program Files\better-genshin-impact-LCB\MultiplayerHoeingAssistant\Services\CommandExecutor.cs(1938,105): warning CS8601: 可能的 null 引用赋值。 [E:\Program Files\better-genshin-impact-LCB\MultiplayerHoeingAssistant\MultiplayerHoeingAssistant_huddvgim_wpftmp.csproj]
E:\Program Files\better-genshin-impact-LCB\MultiplayerHoeingAssistant\Services\TaskCenter\TaskCenterHost.Admission.cs(1366,40): warning CS8601: 可能的 null 引用赋值。 [E:\Program Files\better-genshin-impact-LCB\MultiplayerHoeingAssistant\MultiplayerHoeingAssistant_huddvgim_wpftmp.csproj]
E:\Program Files\better-genshin-impact-LCB\MultiplayerHoeingAssistant\Services\TaskCenter\TaskCenterHost.Admission.cs(1393,21): warning CS8601: 可能的 null 引用赋值。 [E:\Program Files\better-genshin-impact-LCB\MultiplayerHoeingAssistant\MultiplayerHoeingAssistant_huddvgim_wpftmp.csproj]
E:\Program Files\better-genshin-impact-LCB\MultiplayerHoeingAssistant\ViewModels\MainViewModel.cs(2427,30): warning CS8602: 解引用可能出现空引用。 [E:\Program Files\better-genshin-impact-LCB\MultiplayerHoeingAssistant\MultiplayerHoeingAssistant_huddvgim_wpftmp.csproj]
E:\Program Files\better-genshin-impact-LCB\MultiplayerHoeingAssistant\Services\TaskCenter\MigrationSwitchTransaction.cs(1378,23): warning CS8604: “bool MigrationSwitchTransaction.IsWithin(string path, string root)”中的形参“path”可能传入 null 引用实参。 [E:\Program Files\better-genshin-impact-LCB\MultiplayerHoeingAssistant\MultiplayerHoeingAssistant_huddvgim_wpftmp.csproj]
E:\Program Files\better-genshin-impact-LCB\MultiplayerHoeingAssistant\Services\TaskCenter\TaskCenterHost.Admission.cs(1862,44): warning CS8602: 解引用可能出现空引用。 [E:\Program Files\better-genshin-impact-LCB\MultiplayerHoeingAssistant\MultiplayerHoeingAssistant_huddvgim_wpftmp.csproj]
E:\Program Files\better-genshin-impact-LCB\MultiplayerHoeingAssistant\ViewModels\MainViewModel.cs(3331,20): warning CS8602: 解引用可能出现空引用。 [E:\Program Files\better-genshin-impact-LCB\MultiplayerHoeingAssistant\MultiplayerHoeingAssistant_huddvgim_wpftmp.csproj]
E:\Program Files\better-genshin-impact-LCB\MultiplayerHoeingAssistant\ViewModels\MainViewModel.cs(3804,43): warning CS8602: 解引用可能出现空引用。 [E:\Program Files\better-genshin-impact-LCB\MultiplayerHoeingAssistant\MultiplayerHoeingAssistant_huddvgim_wpftmp.csproj]
E:\Program Files\better-genshin-impact-LCB\MultiplayerHoeingAssistant\ViewModels\MainViewModel.cs(3820,25): warning CS8602: 解引用可能出现空引用。 [E:\Program Files\better-genshin-impact-LCB\MultiplayerHoeingAssistant\MultiplayerHoeingAssistant_huddvgim_wpftmp.csproj]
E:\Program Files\better-genshin-impact-LCB\MultiplayerHoeingAssistant\ViewModels\MainViewModel.cs(4526,38): warning CS8604: “bool List<string>.Contains(string item)”中的形参“item”可能传入 null 引用实参。 [E:\Program Files\better-genshin-impact-LCB\MultiplayerHoeingAssistant\MultiplayerHoeingAssistant_huddvgim_wpftmp.csproj]
E:\Program Files\better-genshin-impact-LCB\MultiplayerHoeingAssistant\ViewModels\MainViewModel.cs(6124,24): warning CS1998: 此异步方法缺少 "await" 运算符，将以同步方式运行。请考虑使用 "await" 运算符等待非阻止的 API 调用，或者使用 "await Task.Run(...)" 在后台线程上执行占用大量 CPU 的工作。 [E:\Program Files\better-genshin-impact-LCB\MultiplayerHoeingAssistant\MultiplayerHoeingAssistant_huddvgim_wpftmp.csproj]
E:\Program Files\better-genshin-impact-LCB\MultiplayerHoeingAssistant\ViewModels\MainViewModel.cs(6448,52): warning CS8604: “string string.Join(string? separator, IEnumerable<string?> values)”中的形参“values”可能传入 null 引用实参。 [E:\Program Files\better-genshin-impact-LCB\MultiplayerHoeingAssistant\MultiplayerHoeingAssistant_huddvgim_wpftmp.csproj]
E:\Program Files\better-genshin-impact-LCB\MultiplayerHoeingAssistant\Services\TaskCenter\Arbitration\ArbitrationAdmissionService.cs(6899,23): warning CS8604: “ArchivedOperationRecord? Enumerable.FirstOrDefault<ArchivedOperationRecord>(IEnumerable<ArchivedOperationRecord> source, Func<ArchivedOperationRecord, bool> predicate)”中的形参“source”可能传入 null 引用实参。 [E:\Program Files\better-genshin-impact-LCB\MultiplayerHoeingAssistant\MultiplayerHoeingAssistant_huddvgim_wpftmp.csproj]
E:\Program Files\better-genshin-impact-LCB\MultiplayerHoeingAssistant\Services\TaskCenter\Arbitration\ArbitrationAdmissionService.cs(6903,23): warning CS8604: “OperationRecord? Enumerable.FirstOrDefault<OperationRecord>(IEnumerable<OperationRecord> source, Func<OperationRecord, bool> predicate)”中的形参“source”可能传入 null 引用实参。 [E:\Program Files\better-genshin-impact-LCB\MultiplayerHoeingAssistant\MultiplayerHoeingAssistant_huddvgim_wpftmp.csproj]
E:\Program Files\better-genshin-impact-LCB\MultiplayerHoeingAssistant\Services\TaskCenter\Arbitration\ArbitrationAdmissionService.cs(6906,24): warning CS8604: “OperationRecord? Enumerable.FirstOrDefault<OperationRecord>(IEnumerable<OperationRecord> source, Func<OperationRecord, bool> predicate)”中的形参“source”可能传入 null 引用实参。 [E:\Program Files\better-genshin-impact-LCB\MultiplayerHoeingAssistant\MultiplayerHoeingAssistant_huddvgim_wpftmp.csproj]
E:\Program Files\better-genshin-impact-LCB\MultiplayerHoeingAssistant\ViewModels\MainViewModel.cs(20,24): warning CS0169: 从不使用字段“MainViewModel._ipcClient” [E:\Program Files\better-genshin-impact-LCB\MultiplayerHoeingAssistant\MultiplayerHoeingAssistant_huddvgim_wpftmp.csproj]
E:\Program Files\better-genshin-impact-LCB\MultiplayerHoeingAssistant\ViewModels\DodocoViewModel.cs(114,62): warning CS8602: 解引用可能出现空引用。 [E:\Program Files\better-genshin-impact-LCB\MultiplayerHoeingAssistant\MultiplayerHoeingAssistant.csproj]
E:\Program Files\better-genshin-impact-LCB\MultiplayerHoeingAssistant\Services\BgiLogTailService.cs(177,44): warning CS8604: “FileInfo.FileInfo(string fileName)”中的形参“fileName”可能传入 null 引用实参。 [E:\Program Files\better-genshin-impact-LCB\MultiplayerHoeingAssistant\MultiplayerHoeingAssistant.csproj]
E:\Program Files\better-genshin-impact-LCB\MultiplayerHoeingAssistant\ViewModels\TaskCenterPanelViewModel.EditParts.cs(136,15): warning CS8620: 由于引用类型的可为 null 性差异，IEnumerable<(CatalogSourceVm v, int i)> 类型的实参不能用于 (CatalogSourceVm?, int) Enumerable.FirstOrDefault<(CatalogSourceVm?, int)>(IEnumerable<(CatalogSourceVm?, int)> source, Func<(CatalogSourceVm?, int), bool> predicate, (CatalogSourceVm?, int) defaultValue) 中 IEnumerable<(CatalogSourceVm?, int)> 类型的形参 source。 [E:\Program Files\better-genshin-impact-LCB\MultiplayerHoeingAssistant\MultiplayerHoeingAssistant.csproj]
E:\Program Files\better-genshin-impact-LCB\MultiplayerHoeingAssistant\ViewModels\TaskCenterPanelViewModel.EditParts.cs(136,74): warning CS8602: 解引用可能出现空引用。 [E:\Program Files\better-genshin-impact-LCB\MultiplayerHoeingAssistant\MultiplayerHoeingAssistant.csproj]
E:\Program Files\better-genshin-impact-LCB\MultiplayerHoeingAssistant\ViewModels\TaskCenterPanelViewModel.EditParts.cs(259,17): warning CS8602: 解引用可能出现空引用。 [E:\Program Files\better-genshin-impact-LCB\MultiplayerHoeingAssistant\MultiplayerHoeingAssistant.csproj]
E:\Program Files\better-genshin-impact-LCB\MultiplayerHoeingAssistant\Services\TaskCenter\Arbitration\ArbitrationLeaseStore.cs(410,13): warning CS8602: 解引用可能出现空引用。 [E:\Program Files\better-genshin-impact-LCB\MultiplayerHoeingAssistant\MultiplayerHoeingAssistant.csproj]
E:\Program Files\better-genshin-impact-LCB\MultiplayerHoeingAssistant\ViewModels\MainViewModel.cs(1198,103): warning CS8604: “JsonElement JsonSerializer.Deserialize<JsonElement>(string json, JsonSerializerOptions? options = null)”中的形参“json”可能传入 null 引用实参。 [E:\Program Files\better-genshin-impact-LCB\MultiplayerHoeingAssistant\MultiplayerHoeingAssistant.csproj]
E:\Program Files\better-genshin-impact-LCB\MultiplayerHoeingAssistant\Services\TaskCenter\TaskCenterHost.Admission.cs(395,30): warning CS8602: 解引用可能出现空引用。 [E:\Program Files\better-genshin-impact-LCB\MultiplayerHoeingAssistant\MultiplayerHoeingAssistant.csproj]
E:\Program Files\better-genshin-impact-LCB\MultiplayerHoeingAssistant\Services\TaskCenter\WorkflowRunner.cs(1539,49): warning CS8602: 解引用可能出现空引用。 [E:\Program Files\better-genshin-impact-LCB\MultiplayerHoeingAssistant\MultiplayerHoeingAssistant.csproj]
E:\Program Files\better-genshin-impact-LCB\MultiplayerHoeingAssistant\Services\CommandExecutor.cs(1834,35): warning CS8602: 解引用可能出现空引用。 [E:\Program Files\better-genshin-impact-LCB\MultiplayerHoeingAssistant\MultiplayerHoeingAssistant.csproj]
E:\Program Files\better-genshin-impact-LCB\MultiplayerHoeingAssistant\Services\TaskCenter\Arbitration\ArbitrationLeaseStore.cs(806,17): warning CS8602: 解引用可能出现空引用。 [E:\Program Files\better-genshin-impact-LCB\MultiplayerHoeingAssistant\MultiplayerHoeingAssistant.csproj]
E:\Program Files\better-genshin-impact-LCB\MultiplayerHoeingAssistant\Services\CommandExecutor.cs(1938,105): warning CS8601: 可能的 null 引用赋值。 [E:\Program Files\better-genshin-impact-LCB\MultiplayerHoeingAssistant\MultiplayerHoeingAssistant.csproj]
E:\Program Files\better-genshin-impact-LCB\MultiplayerHoeingAssistant\Services\TaskCenter\WorkflowRunner.cs(1959,37): warning CS8601: 可能的 null 引用赋值。 [E:\Program Files\better-genshin-impact-LCB\MultiplayerHoeingAssistant\MultiplayerHoeingAssistant.csproj]
E:\Program Files\better-genshin-impact-LCB\MultiplayerHoeingAssistant\ViewModels\MainViewModel.cs(2427,30): warning CS8602: 解引用可能出现空引用。 [E:\Program Files\better-genshin-impact-LCB\MultiplayerHoeingAssistant\MultiplayerHoeingAssistant.csproj]
E:\Program Files\better-genshin-impact-LCB\MultiplayerHoeingAssistant\Services\TaskCenter\TaskCenterHost.Admission.cs(1366,40): warning CS8601: 可能的 null 引用赋值。 [E:\Program Files\better-genshin-impact-LCB\MultiplayerHoeingAssistant\MultiplayerHoeingAssistant.csproj]
E:\Program Files\better-genshin-impact-LCB\MultiplayerHoeingAssistant\Services\TaskCenter\TaskCenterHost.Admission.cs(1393,21): warning CS8601: 可能的 null 引用赋值。 [E:\Program Files\better-genshin-impact-LCB\MultiplayerHoeingAssistant\MultiplayerHoeingAssistant.csproj]
E:\Program Files\better-genshin-impact-LCB\MultiplayerHoeingAssistant\Services\TaskCenter\MigrationSwitchTransaction.cs(1378,23): warning CS8604: “bool MigrationSwitchTransaction.IsWithin(string path, string root)”中的形参“path”可能传入 null 引用实参。 [E:\Program Files\better-genshin-impact-LCB\MultiplayerHoeingAssistant\MultiplayerHoeingAssistant.csproj]
E:\Program Files\better-genshin-impact-LCB\MultiplayerHoeingAssistant\Services\TaskCenter\TaskCenterHost.Admission.cs(1862,44): warning CS8602: 解引用可能出现空引用。 [E:\Program Files\better-genshin-impact-LCB\MultiplayerHoeingAssistant\MultiplayerHoeingAssistant.csproj]
E:\Program Files\better-genshin-impact-LCB\MultiplayerHoeingAssistant\ViewModels\MainViewModel.cs(3331,20): warning CS8602: 解引用可能出现空引用。 [E:\Program Files\better-genshin-impact-LCB\MultiplayerHoeingAssistant\MultiplayerHoeingAssistant.csproj]
E:\Program Files\better-genshin-impact-LCB\MultiplayerHoeingAssistant\ViewModels\MainViewModel.cs(3804,43): warning CS8602: 解引用可能出现空引用。 [E:\Program Files\better-genshin-impact-LCB\MultiplayerHoeingAssistant\MultiplayerHoeingAssistant.csproj]
E:\Program Files\better-genshin-impact-LCB\MultiplayerHoeingAssistant\ViewModels\MainViewModel.cs(3820,25): warning CS8602: 解引用可能出现空引用。 [E:\Program Files\better-genshin-impact-LCB\MultiplayerHoeingAssistant\MultiplayerHoeingAssistant.csproj]
E:\Program Files\better-genshin-impact-LCB\MultiplayerHoeingAssistant\ViewModels\MainViewModel.cs(4526,38): warning CS8604: “bool List<string>.Contains(string item)”中的形参“item”可能传入 null 引用实参。 [E:\Program Files\better-genshin-impact-LCB\MultiplayerHoeingAssistant\MultiplayerHoeingAssistant.csproj]
E:\Program Files\better-genshin-impact-LCB\MultiplayerHoeingAssistant\ViewModels\MainViewModel.cs(6124,24): warning CS1998: 此异步方法缺少 "await" 运算符，将以同步方式运行。请考虑使用 "await" 运算符等待非阻止的 API 调用，或者使用 "await Task.Run(...)" 在后台线程上执行占用大量 CPU 的工作。 [E:\Program Files\better-genshin-impact-LCB\MultiplayerHoeingAssistant\MultiplayerHoeingAssistant.csproj]
E:\Program Files\better-genshin-impact-LCB\MultiplayerHoeingAssistant\ViewModels\MainViewModel.cs(6448,52): warning CS8604: “string string.Join(string? separator, IEnumerable<string?> values)”中的形参“values”可能传入 null 引用实参。 [E:\Program Files\better-genshin-impact-LCB\MultiplayerHoeingAssistant\MultiplayerHoeingAssistant.csproj]
E:\Program Files\better-genshin-impact-LCB\MultiplayerHoeingAssistant\Services\TaskCenter\Arbitration\ArbitrationAdmissionService.cs(6899,23): warning CS8604: “ArchivedOperationRecord? Enumerable.FirstOrDefault<ArchivedOperationRecord>(IEnumerable<ArchivedOperationRecord> source, Func<ArchivedOperationRecord, bool> predicate)”中的形参“source”可能传入 null 引用实参。 [E:\Program Files\better-genshin-impact-LCB\MultiplayerHoeingAssistant\MultiplayerHoeingAssistant.csproj]
E:\Program Files\better-genshin-impact-LCB\MultiplayerHoeingAssistant\Services\TaskCenter\Arbitration\ArbitrationAdmissionService.cs(6903,23): warning CS8604: “OperationRecord? Enumerable.FirstOrDefault<OperationRecord>(IEnumerable<OperationRecord> source, Func<OperationRecord, bool> predicate)”中的形参“source”可能传入 null 引用实参。 [E:\Program Files\better-genshin-impact-LCB\MultiplayerHoeingAssistant\MultiplayerHoeingAssistant.csproj]
E:\Program Files\better-genshin-impact-LCB\MultiplayerHoeingAssistant\Services\TaskCenter\Arbitration\ArbitrationAdmissionService.cs(6906,24): warning CS8604: “OperationRecord? Enumerable.FirstOrDefault<OperationRecord>(IEnumerable<OperationRecord> source, Func<OperationRecord, bool> predicate)”中的形参“source”可能传入 null 引用实参。 [E:\Program Files\better-genshin-impact-LCB\MultiplayerHoeingAssistant\MultiplayerHoeingAssistant.csproj]
E:\Program Files\better-genshin-impact-LCB\MultiplayerHoeingAssistant\ViewModels\MainViewModel.cs(20,24): warning CS0169: 从不使用字段“MainViewModel._ipcClient” [E:\Program Files\better-genshin-impact-LCB\MultiplayerHoeingAssistant\MultiplayerHoeingAssistant.csproj]

已成功生成。

E:\Program Files\better-genshin-impact-LCB\MultiplayerHoeingAssistant\MultiplayerHoeingAssistant.csproj : warning NU1902: 包 "SharpCompress" 0.38.0 具有已知的 中 严重性漏洞，https://github.com/advisories/GHSA-6c8g-7p36-r338 [E:\Program Files\better-genshin-impact-LCB\Test\MultiplayerHoeingAssistant.UnitTest\MultiplayerHoeingAssistant.UnitTest.csproj]
E:\Program Files\better-genshin-impact-LCB\MultiplayerHoeingAssistant\MultiplayerHoeingAssistant.csproj : warning NU1902: 包 "SharpCompress" 0.38.0 具有已知的 中 严重性漏洞，https://github.com/advisories/GHSA-6c8g-7p36-r338
E:\Program Files\better-genshin-impact-LCB\MultiplayerHoeingAssistant\MultiplayerHoeingAssistant_huddvgim_wpftmp.csproj : warning NU1902: 包 "SharpCompress" 0.38.0 具有已知的 中 严重性漏洞，https://github.com/advisories/GHSA-6c8g-7p36-r338
E:\Program Files\better-genshin-impact-LCB\MultiplayerHoeingAssistant\ViewModels\DodocoViewModel.cs(114,62): warning CS8602: 解引用可能出现空引用。 [E:\Program Files\better-genshin-impact-LCB\MultiplayerHoeingAssistant\MultiplayerHoeingAssistant_huddvgim_wpftmp.csproj]
E:\Program Files\better-genshin-impact-LCB\MultiplayerHoeingAssistant\Services\BgiLogTailService.cs(177,44): warning CS8604: “FileInfo.FileInfo(string fileName)”中的形参“fileName”可能传入 null 引用实参。 [E:\Program Files\better-genshin-impact-LCB\MultiplayerHoeingAssistant\MultiplayerHoeingAssistant_huddvgim_wpftmp.csproj]
E:\Program Files\better-genshin-impact-LCB\MultiplayerHoeingAssistant\ViewModels\TaskCenterPanelViewModel.EditParts.cs(136,15): warning CS8620: 由于引用类型的可为 null 性差异，IEnumerable<(CatalogSourceVm v, int i)> 类型的实参不能用于 (CatalogSourceVm?, int) Enumerable.FirstOrDefault<(CatalogSourceVm?, int)>(IEnumerable<(CatalogSourceVm?, int)> source, Func<(CatalogSourceVm?, int), bool> predicate, (CatalogSourceVm?, int) defaultValue) 中 IEnumerable<(CatalogSourceVm?, int)> 类型的形参 source。 [E:\Program Files\better-genshin-impact-LCB\MultiplayerHoeingAssistant\MultiplayerHoeingAssistant_huddvgim_wpftmp.csproj]
E:\Program Files\better-genshin-impact-LCB\MultiplayerHoeingAssistant\ViewModels\TaskCenterPanelViewModel.EditParts.cs(136,74): warning CS8602: 解引用可能出现空引用。 [E:\Program Files\better-genshin-impact-LCB\MultiplayerHoeingAssistant\MultiplayerHoeingAssistant_huddvgim_wpftmp.csproj]
E:\Program Files\better-genshin-impact-LCB\MultiplayerHoeingAssistant\ViewModels\TaskCenterPanelViewModel.EditParts.cs(259,17): warning CS8602: 解引用可能出现空引用。 [E:\Program Files\better-genshin-impact-LCB\MultiplayerHoeingAssistant\MultiplayerHoeingAssistant_huddvgim_wpftmp.csproj]
E:\Program Files\better-genshin-impact-LCB\MultiplayerHoeingAssistant\Services\TaskCenter\Arbitration\ArbitrationLeaseStore.cs(410,13): warning CS8602: 解引用可能出现空引用。 [E:\Program Files\better-genshin-impact-LCB\MultiplayerHoeingAssistant\MultiplayerHoeingAssistant_huddvgim_wpftmp.csproj]
E:\Program Files\better-genshin-impact-LCB\MultiplayerHoeingAssistant\ViewModels\MainViewModel.cs(1198,103): warning CS8604: “JsonElement JsonSerializer.Deserialize<JsonElement>(string json, JsonSerializerOptions? options = null)”中的形参“json”可能传入 null 引用实参。 [E:\Program Files\better-genshin-impact-LCB\MultiplayerHoeingAssistant\MultiplayerHoeingAssistant_huddvgim_wpftmp.csproj]
E:\Program Files\better-genshin-impact-LCB\MultiplayerHoeingAssistant\Services\TaskCenter\TaskCenterHost.Admission.cs(395,30): warning CS8602: 解引用可能出现空引用。 [E:\Program Files\better-genshin-impact-LCB\MultiplayerHoeingAssistant\MultiplayerHoeingAssistant_huddvgim_wpftmp.csproj]
E:\Program Files\better-genshin-impact-LCB\MultiplayerHoeingAssistant\Services\TaskCenter\WorkflowRunner.cs(1539,49): warning CS8602: 解引用可能出现空引用。 [E:\Program Files\better-genshin-impact-LCB\MultiplayerHoeingAssistant\MultiplayerHoeingAssistant_huddvgim_wpftmp.csproj]
E:\Program Files\better-genshin-impact-LCB\MultiplayerHoeingAssistant\Services\TaskCenter\WorkflowRunner.cs(1959,37): warning CS8601: 可能的 null 引用赋值。 [E:\Program Files\better-genshin-impact-LCB\MultiplayerHoeingAssistant\MultiplayerHoeingAssistant_huddvgim_wpftmp.csproj]
E:\Program Files\better-genshin-impact-LCB\MultiplayerHoeingAssistant\Services\TaskCenter\Arbitration\ArbitrationLeaseStore.cs(806,17): warning CS8602: 解引用可能出现空引用。 [E:\Program Files\better-genshin-impact-LCB\MultiplayerHoeingAssistant\MultiplayerHoeingAssistant_huddvgim_wpftmp.csproj]
E:\Program Files\better-genshin-impact-LCB\MultiplayerHoeingAssistant\Services\CommandExecutor.cs(1834,35): warning CS8602: 解引用可能出现空引用。 [E:\Program Files\better-genshin-impact-LCB\MultiplayerHoeingAssistant\MultiplayerHoeingAssistant_huddvgim_wpftmp.csproj]
E:\Program Files\better-genshin-impact-LCB\MultiplayerHoeingAssistant\Services\CommandExecutor.cs(1938,105): warning CS8601: 可能的 null 引用赋值。 [E:\Program Files\better-genshin-impact-LCB\MultiplayerHoeingAssistant\MultiplayerHoeingAssistant_huddvgim_wpftmp.csproj]
E:\Program Files\better-genshin-impact-LCB\MultiplayerHoeingAssistant\Services\TaskCenter\TaskCenterHost.Admission.cs(1366,40): warning CS8601: 可能的 null 引用赋值。 [E:\Program Files\better-genshin-impact-LCB\MultiplayerHoeingAssistant\MultiplayerHoeingAssistant_huddvgim_wpftmp.csproj]
E:\Program Files\better-genshin-impact-LCB\MultiplayerHoeingAssistant\Services\TaskCenter\TaskCenterHost.Admission.cs(1393,21): warning CS8601: 可能的 null 引用赋值。 [E:\Program Files\better-genshin-impact-LCB\MultiplayerHoeingAssistant\MultiplayerHoeingAssistant_huddvgim_wpftmp.csproj]
E:\Program Files\better-genshin-impact-LCB\MultiplayerHoeingAssistant\ViewModels\MainViewModel.cs(2427,30): warning CS8602: 解引用可能出现空引用。 [E:\Program Files\better-genshin-impact-LCB\MultiplayerHoeingAssistant\MultiplayerHoeingAssistant_huddvgim_wpftmp.csproj]
E:\Program Files\better-genshin-impact-LCB\MultiplayerHoeingAssistant\Services\TaskCenter\MigrationSwitchTransaction.cs(1378,23): warning CS8604: “bool MigrationSwitchTransaction.IsWithin(string path, string root)”中的形参“path”可能传入 null 引用实参。 [E:\Program Files\better-genshin-impact-LCB\MultiplayerHoeingAssistant\MultiplayerHoeingAssistant_huddvgim_wpftmp.csproj]
E:\Program Files\better-genshin-impact-LCB\MultiplayerHoeingAssistant\Services\TaskCenter\TaskCenterHost.Admission.cs(1862,44): warning CS8602: 解引用可能出现空引用。 [E:\Program Files\better-genshin-impact-LCB\MultiplayerHoeingAssistant\MultiplayerHoeingAssistant_huddvgim_wpftmp.csproj]
E:\Program Files\better-genshin-impact-LCB\MultiplayerHoeingAssistant\ViewModels\MainViewModel.cs(3331,20): warning CS8602: 解引用可能出现空引用。 [E:\Program Files\better-genshin-impact-LCB\MultiplayerHoeingAssistant\MultiplayerHoeingAssistant_huddvgim_wpftmp.csproj]
E:\Program Files\better-genshin-impact-LCB\MultiplayerHoeingAssistant\ViewModels\MainViewModel.cs(3804,43): warning CS8602: 解引用可能出现空引用。 [E:\Program Files\better-genshin-impact-LCB\MultiplayerHoeingAssistant\MultiplayerHoeingAssistant_huddvgim_wpftmp.csproj]
E:\Program Files\better-genshin-impact-LCB\MultiplayerHoeingAssistant\ViewModels\MainViewModel.cs(3820,25): warning CS8602: 解引用可能出现空引用。 [E:\Program Files\better-genshin-impact-LCB\MultiplayerHoeingAssistant\MultiplayerHoeingAssistant_huddvgim_wpftmp.csproj]
E:\Program Files\better-genshin-impact-LCB\MultiplayerHoeingAssistant\ViewModels\MainViewModel.cs(4526,38): warning CS8604: “bool List<string>.Contains(string item)”中的形参“item”可能传入 null 引用实参。 [E:\Program Files\better-genshin-impact-LCB\MultiplayerHoeingAssistant\MultiplayerHoeingAssistant_huddvgim_wpftmp.csproj]
E:\Program Files\better-genshin-impact-LCB\MultiplayerHoeingAssistant\ViewModels\MainViewModel.cs(6124,24): warning CS1998: 此异步方法缺少 "await" 运算符，将以同步方式运行。请考虑使用 "await" 运算符等待非阻止的 API 调用，或者使用 "await Task.Run(...)" 在后台线程上执行占用大量 CPU 的工作。 [E:\Program Files\better-genshin-impact-LCB\MultiplayerHoeingAssistant\MultiplayerHoeingAssistant_huddvgim_wpftmp.csproj]
E:\Program Files\better-genshin-impact-LCB\MultiplayerHoeingAssistant\ViewModels\MainViewModel.cs(6448,52): warning CS8604: “string string.Join(string? separator, IEnumerable<string?> values)”中的形参“values”可能传入 null 引用实参。 [E:\Program Files\better-genshin-impact-LCB\MultiplayerHoeingAssistant\MultiplayerHoeingAssistant_huddvgim_wpftmp.csproj]
E:\Program Files\better-genshin-impact-LCB\MultiplayerHoeingAssistant\Services\TaskCenter\Arbitration\ArbitrationAdmissionService.cs(6899,23): warning CS8604: “ArchivedOperationRecord? Enumerable.FirstOrDefault<ArchivedOperationRecord>(IEnumerable<ArchivedOperationRecord> source, Func<ArchivedOperationRecord, bool> predicate)”中的形参“source”可能传入 null 引用实参。 [E:\Program Files\better-genshin-impact-LCB\MultiplayerHoeingAssistant\MultiplayerHoeingAssistant_huddvgim_wpftmp.csproj]
E:\Program Files\better-genshin-impact-LCB\MultiplayerHoeingAssistant\Services\TaskCenter\Arbitration\ArbitrationAdmissionService.cs(6903,23): warning CS8604: “OperationRecord? Enumerable.FirstOrDefault<OperationRecord>(IEnumerable<OperationRecord> source, Func<OperationRecord, bool> predicate)”中的形参“source”可能传入 null 引用实参。 [E:\Program Files\better-genshin-impact-LCB\MultiplayerHoeingAssistant\MultiplayerHoeingAssistant_huddvgim_wpftmp.csproj]
E:\Program Files\better-genshin-impact-LCB\MultiplayerHoeingAssistant\Services\TaskCenter\Arbitration\ArbitrationAdmissionService.cs(6906,24): warning CS8604: “OperationRecord? Enumerable.FirstOrDefault<OperationRecord>(IEnumerable<OperationRecord> source, Func<OperationRecord, bool> predicate)”中的形参“source”可能传入 null 引用实参。 [E:\Program Files\better-genshin-impact-LCB\MultiplayerHoeingAssistant\MultiplayerHoeingAssistant_huddvgim_wpftmp.csproj]
E:\Program Files\better-genshin-impact-LCB\MultiplayerHoeingAssistant\ViewModels\MainViewModel.cs(20,24): warning CS0169: 从不使用字段“MainViewModel._ipcClient” [E:\Program Files\better-genshin-impact-LCB\MultiplayerHoeingAssistant\MultiplayerHoeingAssistant_huddvgim_wpftmp.csproj]
E:\Program Files\better-genshin-impact-LCB\MultiplayerHoeingAssistant\ViewModels\DodocoViewModel.cs(114,62): warning CS8602: 解引用可能出现空引用。 [E:\Program Files\better-genshin-impact-LCB\MultiplayerHoeingAssistant\MultiplayerHoeingAssistant.csproj]
E:\Program Files\better-genshin-impact-LCB\MultiplayerHoeingAssistant\Services\BgiLogTailService.cs(177,44): warning CS8604: “FileInfo.FileInfo(string fileName)”中的形参“fileName”可能传入 null 引用实参。 [E:\Program Files\better-genshin-impact-LCB\MultiplayerHoeingAssistant\MultiplayerHoeingAssistant.csproj]
E:\Program Files\better-genshin-impact-LCB\MultiplayerHoeingAssistant\ViewModels\TaskCenterPanelViewModel.EditParts.cs(136,15): warning CS8620: 由于引用类型的可为 null 性差异，IEnumerable<(CatalogSourceVm v, int i)> 类型的实参不能用于 (CatalogSourceVm?, int) Enumerable.FirstOrDefault<(CatalogSourceVm?, int)>(IEnumerable<(CatalogSourceVm?, int)> source, Func<(CatalogSourceVm?, int), bool> predicate, (CatalogSourceVm?, int) defaultValue) 中 IEnumerable<(CatalogSourceVm?, int)> 类型的形参 source。 [E:\Program Files\better-genshin-impact-LCB\MultiplayerHoeingAssistant\MultiplayerHoeingAssistant.csproj]
E:\Program Files\better-genshin-impact-LCB\MultiplayerHoeingAssistant\ViewModels\TaskCenterPanelViewModel.EditParts.cs(136,74): warning CS8602: 解引用可能出现空引用。 [E:\Program Files\better-genshin-impact-LCB\MultiplayerHoeingAssistant\MultiplayerHoeingAssistant.csproj]
E:\Program Files\better-genshin-impact-LCB\MultiplayerHoeingAssistant\ViewModels\TaskCenterPanelViewModel.EditParts.cs(259,17): warning CS8602: 解引用可能出现空引用。 [E:\Program Files\better-genshin-impact-LCB\MultiplayerHoeingAssistant\MultiplayerHoeingAssistant.csproj]
E:\Program Files\better-genshin-impact-LCB\MultiplayerHoeingAssistant\Services\TaskCenter\Arbitration\ArbitrationLeaseStore.cs(410,13): warning CS8602: 解引用可能出现空引用。 [E:\Program Files\better-genshin-impact-LCB\MultiplayerHoeingAssistant\MultiplayerHoeingAssistant.csproj]
E:\Program Files\better-genshin-impact-LCB\MultiplayerHoeingAssistant\ViewModels\MainViewModel.cs(1198,103): warning CS8604: “JsonElement JsonSerializer.Deserialize<JsonElement>(string json, JsonSerializerOptions? options = null)”中的形参“json”可能传入 null 引用实参。 [E:\Program Files\better-genshin-impact-LCB\MultiplayerHoeingAssistant\MultiplayerHoeingAssistant.csproj]
E:\Program Files\better-genshin-impact-LCB\MultiplayerHoeingAssistant\Services\TaskCenter\TaskCenterHost.Admission.cs(395,30): warning CS8602: 解引用可能出现空引用。 [E:\Program Files\better-genshin-impact-LCB\MultiplayerHoeingAssistant\MultiplayerHoeingAssistant.csproj]
E:\Program Files\better-genshin-impact-LCB\MultiplayerHoeingAssistant\Services\TaskCenter\WorkflowRunner.cs(1539,49): warning CS8602: 解引用可能出现空引用。 [E:\Program Files\better-genshin-impact-LCB\MultiplayerHoeingAssistant\MultiplayerHoeingAssistant.csproj]
E:\Program Files\better-genshin-impact-LCB\MultiplayerHoeingAssistant\Services\CommandExecutor.cs(1834,35): warning CS8602: 解引用可能出现空引用。 [E:\Program Files\better-genshin-impact-LCB\MultiplayerHoeingAssistant\MultiplayerHoeingAssistant.csproj]
E:\Program Files\better-genshin-impact-LCB\MultiplayerHoeingAssistant\Services\TaskCenter\Arbitration\ArbitrationLeaseStore.cs(806,17): warning CS8602: 解引用可能出现空引用。 [E:\Program Files\better-genshin-impact-LCB\MultiplayerHoeingAssistant\MultiplayerHoeingAssistant.csproj]
E:\Program Files\better-genshin-impact-LCB\MultiplayerHoeingAssistant\Services\CommandExecutor.cs(1938,105): warning CS8601: 可能的 null 引用赋值。 [E:\Program Files\better-genshin-impact-LCB\MultiplayerHoeingAssistant\MultiplayerHoeingAssistant.csproj]
E:\Program Files\better-genshin-impact-LCB\MultiplayerHoeingAssistant\Services\TaskCenter\WorkflowRunner.cs(1959,37): warning CS8601: 可能的 null 引用赋值。 [E:\Program Files\better-genshin-impact-LCB\MultiplayerHoeingAssistant\MultiplayerHoeingAssistant.csproj]
E:\Program Files\better-genshin-impact-LCB\MultiplayerHoeingAssistant\ViewModels\MainViewModel.cs(2427,30): warning CS8602: 解引用可能出现空引用。 [E:\Program Files\better-genshin-impact-LCB\MultiplayerHoeingAssistant\MultiplayerHoeingAssistant.csproj]
E:\Program Files\better-genshin-impact-LCB\MultiplayerHoeingAssistant\Services\TaskCenter\TaskCenterHost.Admission.cs(1366,40): warning CS8601: 可能的 null 引用赋值。 [E:\Program Files\better-genshin-impact-LCB\MultiplayerHoeingAssistant\MultiplayerHoeingAssistant.csproj]
E:\Program Files\better-genshin-impact-LCB\MultiplayerHoeingAssistant\Services\TaskCenter\TaskCenterHost.Admission.cs(1393,21): warning CS8601: 可能的 null 引用赋值。 [E:\Program Files\better-genshin-impact-LCB\MultiplayerHoeingAssistant\MultiplayerHoeingAssistant.csproj]
E:\Program Files\better-genshin-impact-LCB\MultiplayerHoeingAssistant\Services\TaskCenter\MigrationSwitchTransaction.cs(1378,23): warning CS8604: “bool MigrationSwitchTransaction.IsWithin(string path, string root)”中的形参“path”可能传入 null 引用实参。 [E:\Program Files\better-genshin-impact-LCB\MultiplayerHoeingAssistant\MultiplayerHoeingAssistant.csproj]
E:\Program Files\better-genshin-impact-LCB\MultiplayerHoeingAssistant\Services\TaskCenter\TaskCenterHost.Admission.cs(1862,44): warning CS8602: 解引用可能出现空引用。 [E:\Program Files\better-genshin-impact-LCB\MultiplayerHoeingAssistant\MultiplayerHoeingAssistant.csproj]
E:\Program Files\better-genshin-impact-LCB\MultiplayerHoeingAssistant\ViewModels\MainViewModel.cs(3331,20): warning CS8602: 解引用可能出现空引用。 [E:\Program Files\better-genshin-impact-LCB\MultiplayerHoeingAssistant\MultiplayerHoeingAssistant.csproj]
E:\Program Files\better-genshin-impact-LCB\MultiplayerHoeingAssistant\ViewModels\MainViewModel.cs(3804,43): warning CS8602: 解引用可能出现空引用。 [E:\Program Files\better-genshin-impact-LCB\MultiplayerHoeingAssistant\MultiplayerHoeingAssistant.csproj]
E:\Program Files\better-genshin-impact-LCB\MultiplayerHoeingAssistant\ViewModels\MainViewModel.cs(3820,25): warning CS8602: 解引用可能出现空引用。 [E:\Program Files\better-genshin-impact-LCB\MultiplayerHoeingAssistant\MultiplayerHoeingAssistant.csproj]
E:\Program Files\better-genshin-impact-LCB\MultiplayerHoeingAssistant\ViewModels\MainViewModel.cs(4526,38): warning CS8604: “bool List<string>.Contains(string item)”中的形参“item”可能传入 null 引用实参。 [E:\Program Files\better-genshin-impact-LCB\MultiplayerHoeingAssistant\MultiplayerHoeingAssistant.csproj]
E:\Program Files\better-genshin-impact-LCB\MultiplayerHoeingAssistant\ViewModels\MainViewModel.cs(6124,24): warning CS1998: 此异步方法缺少 "await" 运算符，将以同步方式运行。请考虑使用 "await" 运算符等待非阻止的 API 调用，或者使用 "await Task.Run(...)" 在后台线程上执行占用大量 CPU 的工作。 [E:\Program Files\better-genshin-impact-LCB\MultiplayerHoeingAssistant\MultiplayerHoeingAssistant.csproj]
E:\Program Files\better-genshin-impact-LCB\MultiplayerHoeingAssistant\ViewModels\MainViewModel.cs(6448,52): warning CS8604: “string string.Join(string? separator, IEnumerable<string?> values)”中的形参“values”可能传入 null 引用实参。 [E:\Program Files\better-genshin-impact-LCB\MultiplayerHoeingAssistant\MultiplayerHoeingAssistant.csproj]
E:\Program Files\better-genshin-impact-LCB\MultiplayerHoeingAssistant\Services\TaskCenter\Arbitration\ArbitrationAdmissionService.cs(6899,23): warning CS8604: “ArchivedOperationRecord? Enumerable.FirstOrDefault<ArchivedOperationRecord>(IEnumerable<ArchivedOperationRecord> source, Func<ArchivedOperationRecord, bool> predicate)”中的形参“source”可能传入 null 引用实参。 [E:\Program Files\better-genshin-impact-LCB\MultiplayerHoeingAssistant\MultiplayerHoeingAssistant.csproj]
E:\Program Files\better-genshin-impact-LCB\MultiplayerHoeingAssistant\Services\TaskCenter\Arbitration\ArbitrationAdmissionService.cs(6903,23): warning CS8604: “OperationRecord? Enumerable.FirstOrDefault<OperationRecord>(IEnumerable<OperationRecord> source, Func<OperationRecord, bool> predicate)”中的形参“source”可能传入 null 引用实参。 [E:\Program Files\better-genshin-impact-LCB\MultiplayerHoeingAssistant\MultiplayerHoeingAssistant.csproj]
E:\Program Files\better-genshin-impact-LCB\MultiplayerHoeingAssistant\Services\TaskCenter\Arbitration\ArbitrationAdmissionService.cs(6906,24): warning CS8604: “OperationRecord? Enumerable.FirstOrDefault<OperationRecord>(IEnumerable<OperationRecord> source, Func<OperationRecord, bool> predicate)”中的形参“source”可能传入 null 引用实参。 [E:\Program Files\better-genshin-impact-LCB\MultiplayerHoeingAssistant\MultiplayerHoeingAssistant.csproj]
E:\Program Files\better-genshin-impact-LCB\MultiplayerHoeingAssistant\ViewModels\MainViewModel.cs(20,24): warning CS0169: 从不使用字段“MainViewModel._ipcClient” [E:\Program Files\better-genshin-impact-LCB\MultiplayerHoeingAssistant\MultiplayerHoeingAssistant.csproj]
    59 个警告
    0 个错误

已用时间 00:00:02.78

[exit=0]
