<?xml version="1.0" encoding="utf-8"?>
<TestRun id="b2f88810-4ec7-4fbf-8c60-b69da1f20a16" name="kaedelcb@KAEDELCBPC 2026-10-04 11:24:16" runUser="KAEDELCBPC\kaedelcb" xmlns="http://microsoft.com/schemas/VisualStudio/TeamTest/2010">
  <Times creation="2026-10-04T11:24:16.8638851+08:00" queuing="2026-10-04T11:24:16.8638853+08:00" start="2026-10-04T11:24:16.2589588+08:00" finish="2026-10-04T11:24:16.8851273+08:00" />
  <TestSettings name="default" id="4dff7fce-76b3-4311-be6a-d46caadb3f6c">
    <Deployment runDeploymentRoot="kaedelcb_KAEDELCBPC_2026-10-04_11_24_16" />
  </TestSettings>
  <Results>
    <UnitTestResult executionId="a11d066d-769e-483d-aa69-c8172db6d56b" testId="6f2196ed-e27d-ab6c-c2e1-61d4df401457" testName="MultiplayerHoeingAssistant.UnitTest.ServiceTests.TaskCenter.TerminalReleaseSealTests.RecoveryAssociation_MismatchedOriginalFacts_MustNotPublish(drift: &quot;job&quot;)" computerName="KAEDELCBPC" duration="00:00:00.0056168" startTime="2026-10-04T11:24:16.8248258+08:00" endTime="2026-10-04T11:24:16.8248259+08:00" testType="13cdc9d9-ddb5-4fa4-a97d-d965ccfc6d4b" outcome="Passed" testListId="8c84fa94-04c1-424b-9868-57a2d4851a1d" relativeResultsDirectory="a11d066d-769e-483d-aa69-c8172db6d56b" />
    <UnitTestResult executionId="49833abd-90eb-4767-9a6f-08b1b800233f" testId="d933e1c2-8003-6db7-ffae-9ce93538cbd3" testName="MultiplayerHoeingAssistant.UnitTest.ServiceTests.TaskCenter.BgiWorkflowExecutionBoundaryPortSeamTests.ReconcileThroughWorkflowInterface_UsesRealBoundaryQuery" computerName="KAEDELCBPC" duration="00:00:00.0657203" startTime="2026-10-04T11:24:16.7874441+08:00" endTime="2026-10-04T11:24:16.7874525+08:00" testType="13cdc9d9-ddb5-4fa4-a97d-d965ccfc6d4b" outcome="Passed" testListId="8c84fa94-04c1-424b-9868-57a2d4851a1d" relativeResultsDirectory="49833abd-90eb-4767-9a6f-08b1b800233f" />
    <UnitTestResult executionId="2e8670e8-347e-4eec-8e46-d0efd5fa218f" testId="bf07129f-c975-8921-ebe2-41724f2cc8ac" testName="MultiplayerHoeingAssistant.UnitTest.ServiceTests.TaskCenter.TerminalReleaseSealTests.RecoveryAssociation_MismatchedOriginalFacts_MustNotPublish(drift: &quot;epoch&quot;)" computerName="KAEDELCBPC" duration="00:00:00.0054950" startTime="2026-10-04T11:24:16.8303835+08:00" endTime="2026-10-04T11:24:16.8303838+08:00" testType="13cdc9d9-ddb5-4fa4-a97d-d965ccfc6d4b" outcome="Passed" testListId="8c84fa94-04c1-424b-9868-57a2d4851a1d" relativeResultsDirectory="2e8670e8-347e-4eec-8e46-d0efd5fa218f" />
    <UnitTestResult executionId="e2104008-e503-4f6c-bcd2-f3ca31708c39" testId="7cce2949-5d58-a901-d093-066753ff8eb1" testName="MultiplayerHoeingAssistant.UnitTest.ServiceTests.TaskCenter.TerminalReleaseSealTests.RecoveryAssociation_MismatchedOriginalFacts_MustNotPublish(drift: &quot;identity&quot;)" computerName="KAEDELCBPC" duration="00:00:00.0673393" startTime="2026-10-04T11:24:16.7888026+08:00" endTime="2026-10-04T11:24:16.7888026+08:00" testType="13cdc9d9-ddb5-4fa4-a97d-d965ccfc6d4b" outcome="Passed" testListId="8c84fa94-04c1-424b-9868-57a2d4851a1d" relativeResultsDirectory="e2104008-e503-4f6c-bcd2-f3ca31708c39" />
    <UnitTestResult executionId="17782999-4e1f-4a02-9ab0-7f6645c1f2d0" testId="73ff7d99-87d9-624a-aa92-4a52874a8049" testName="MultiplayerHoeingAssistant.UnitTest.ServiceTests.TaskCenter.TerminalReleaseSealTests.OrdinaryWriter_CannotAppendRecoveryAssociation" computerName="KAEDELCBPC" duration="00:00:00.0024478" startTime="2026-10-04T11:24:16.8494356+08:00" endTime="2026-10-04T11:24:16.8494357+08:00" testType="13cdc9d9-ddb5-4fa4-a97d-d965ccfc6d4b" outcome="Passed" testListId="8c84fa94-04c1-424b-9868-57a2d4851a1d" relativeResultsDirectory="17782999-4e1f-4a02-9ab0-7f6645c1f2d0" />
    <UnitTestResult executionId="c31e244e-6ffb-4530-a604-e0f273f2234d" testId="0c86296d-042b-58fc-c73c-8a8639e6eb42" testName="MultiplayerHoeingAssistant.UnitTest.ServiceTests.TaskCenter.TerminalReleaseSealTests.RecoveryAssociation_MismatchedOriginalFacts_MustNotPublish(drift: &quot;historyHash&quot;)" computerName="KAEDELCBPC" duration="00:00:00.0074217" startTime="2026-10-04T11:24:16.8191581+08:00" endTime="2026-10-04T11:24:16.8191582+08:00" testType="13cdc9d9-ddb5-4fa4-a97d-d965ccfc6d4b" outcome="Passed" testListId="8c84fa94-04c1-424b-9868-57a2d4851a1d" relativeResultsDirectory="c31e244e-6ffb-4530-a604-e0f273f2234d" />
    <UnitTestResult executionId="ac45aece-a270-4913-a07c-1ed3673a12f7" testId="1f47d669-e33e-9e5e-97f8-b34946f2dc3c" testName="MultiplayerHoeingAssistant.UnitTest.ServiceTests.TaskCenter.TerminalReleaseSealTests.RecoveryAssociation_MismatchedOriginalFacts_MustNotPublish(drift: &quot;historyIndex&quot;)" computerName="KAEDELCBPC" duration="00:00:00.0056165" startTime="2026-10-04T11:24:16.8046290+08:00" endTime="2026-10-04T11:24:16.8046290+08:00" testType="13cdc9d9-ddb5-4fa4-a97d-d965ccfc6d4b" outcome="Passed" testListId="8c84fa94-04c1-424b-9868-57a2d4851a1d" relativeResultsDirectory="ac45aece-a270-4913-a07c-1ed3673a12f7" />
    <UnitTestResult executionId="b4c6447e-bd2f-4f79-a5e4-06732cd95b94" testId="cccf252d-d950-a143-cf5c-7f5e91f34a84" testName="MultiplayerHoeingAssistant.UnitTest.ServiceTests.TaskCenter.TerminalReleaseSealTests.LegacyRunSeal_WithoutRecoveryAssociationsProperty_RemainsValidAfterReopen(includesEmptyAssociationField: True)" computerName="KAEDELCBPC" duration="00:00:00.0035775" startTime="2026-10-04T11:24:16.8493614+08:00" endTime="2026-10-04T11:24:16.8493615+08:00" testType="13cdc9d9-ddb5-4fa4-a97d-d965ccfc6d4b" outcome="Passed" testListId="8c84fa94-04c1-424b-9868-57a2d4851a1d" relativeResultsDirectory="b4c6447e-bd2f-4f79-a5e4-06732cd95b94" />
    <UnitTestResult executionId="5aa48028-450e-471f-a78f-9b75bf62e4e6" testId="1de2135d-9495-43da-4eb0-f4c6265dff71" testName="MultiplayerHoeingAssistant.UnitTest.ServiceTests.TaskCenter.TerminalReleaseSealTests.RecoveryAssociation_MismatchedOriginalFacts_MustNotPublish(drift: &quot;outcomeHash&quot;)" computerName="KAEDELCBPC" duration="00:00:00.0069961" startTime="2026-10-04T11:24:16.8117357+08:00" endTime="2026-10-04T11:24:16.8117358+08:00" testType="13cdc9d9-ddb5-4fa4-a97d-d965ccfc6d4b" outcome="Passed" testListId="8c84fa94-04c1-424b-9868-57a2d4851a1d" relativeResultsDirectory="5aa48028-450e-471f-a78f-9b75bf62e4e6" />
    <UnitTestResult executionId="6c783764-4bca-4a6a-9052-fce41c10aa20" testId="29853f2c-524c-1efd-39a3-9157934ef34c" testName="MultiplayerHoeingAssistant.UnitTest.ServiceTests.TaskCenter.TerminalReleaseSealTests.LegacyRunSeal_WithoutRecoveryAssociationsProperty_RemainsValidAfterReopen(includesEmptyAssociationField: False)" computerName="KAEDELCBPC" duration="00:00:00.0063505" startTime="2026-10-04T11:24:16.8367910+08:00" endTime="2026-10-04T11:24:16.8367910+08:00" testType="13cdc9d9-ddb5-4fa4-a97d-d965ccfc6d4b" outcome="Passed" testListId="8c84fa94-04c1-424b-9868-57a2d4851a1d" relativeResultsDirectory="6c783764-4bca-4a6a-9052-fce41c10aa20" />
    <UnitTestResult executionId="4ea5529a-21f9-4435-bf42-671876b5c82b" testId="04431a56-9152-41d2-b544-320b597ec5f1" testName="MultiplayerHoeingAssistant.UnitTest.ServiceTests.TaskCenter.TerminalReleaseSealTests.RecoveryAssociation_SealsOriginalHistoryWithoutRewritingSubmissionOrOutcome" computerName="KAEDELCBPC" duration="00:00:00.0111425" startTime="2026-10-04T11:24:16.8541395+08:00" endTime="2026-10-04T11:24:16.8541396+08:00" testType="13cdc9d9-ddb5-4fa4-a97d-d965ccfc6d4b" outcome="Passed" testListId="8c84fa94-04c1-424b-9868-57a2d4851a1d" relativeResultsDirectory="4ea5529a-21f9-4435-bf42-671876b5c82b" />
    <UnitTestResult executionId="b3f05ca8-95ee-444e-9695-63f409d9bcac" testId="c232f5d4-1804-0d96-6e89-d3afac99b597" testName="MultiplayerHoeingAssistant.UnitTest.ServiceTests.TaskCenter.TerminalReleaseSealTests.RecoveryAssociation_MismatchedOriginalFacts_MustNotPublish(drift: &quot;sequence&quot;)" computerName="KAEDELCBPC" duration="00:00:00.0112094" startTime="2026-10-04T11:24:16.7989520+08:00" endTime="2026-10-04T11:24:16.7989521+08:00" testType="13cdc9d9-ddb5-4fa4-a97d-d965ccfc6d4b" outcome="Passed" testListId="8c84fa94-04c1-424b-9868-57a2d4851a1d" relativeResultsDirectory="b3f05ca8-95ee-444e-9695-63f409d9bcac" />
  </Results>
  <TestDefinitions>
    <UnitTest name="MultiplayerHoeingAssistant.UnitTest.ServiceTests.TaskCenter.TerminalReleaseSealTests.RecoveryAssociation_MismatchedOriginalFacts_MustNotPublish(drift: &quot;identity&quot;)" storage="e:\program files\better-genshin-impact-lcb\test\multiplayerhoeingassistant.unittest\bin\debug\net8.0-windows\multiplayerhoeingassistant.unittest.dll" id="7cce2949-5d58-a901-d093-066753ff8eb1">
      <Execution id="e2104008-e503-4f6c-bcd2-f3ca31708c39" />
      <TestMethod codeBase="E:\Program Files\better-genshin-impact-LCB\Test\MultiplayerHoeingAssistant.UnitTest\bin\Debug\net8.0-windows\MultiplayerHoeingAssistant.UnitTest.dll" adapterTypeName="executor://xunit/VsTestRunner2/netcoreapp" className="MultiplayerHoeingAssistant.UnitTest.ServiceTests.TaskCenter.TerminalReleaseSealTests" name="RecoveryAssociation_MismatchedOriginalFacts_MustNotPublish" />
    </UnitTest>
    <UnitTest name="MultiplayerHoeingAssistant.UnitTest.ServiceTests.TaskCenter.TerminalReleaseSealTests.RecoveryAssociation_MismatchedOriginalFacts_MustNotPublish(drift: &quot;outcomeHash&quot;)" storage="e:\program files\better-genshin-impact-lcb\test\multiplayerhoeingassistant.unittest\bin\debug\net8.0-windows\multiplayerhoeingassistant.unittest.dll" id="1de2135d-9495-43da-4eb0-f4c6265dff71">
      <Execution id="5aa48028-450e-471f-a78f-9b75bf62e4e6" />
      <TestMethod codeBase="E:\Program Files\better-genshin-impact-LCB\Test\MultiplayerHoeingAssistant.UnitTest\bin\Debug\net8.0-windows\MultiplayerHoeingAssistant.UnitTest.dll" adapterTypeName="executor://xunit/VsTestRunner2/netcoreapp" className="MultiplayerHoeingAssistant.UnitTest.ServiceTests.TaskCenter.TerminalReleaseSealTests" name="RecoveryAssociation_MismatchedOriginalFacts_MustNotPublish" />
    </UnitTest>
    <UnitTest name="MultiplayerHoeingAssistant.UnitTest.ServiceTests.TaskCenter.TerminalReleaseSealTests.RecoveryAssociation_MismatchedOriginalFacts_MustNotPublish(drift: &quot;historyIndex&quot;)" storage="e:\program files\better-genshin-impact-lcb\test\multiplayerhoeingassistant.unittest\bin\debug\net8.0-windows\multiplayerhoeingassistant.unittest.dll" id="1f47d669-e33e-9e5e-97f8-b34946f2dc3c">
      <Execution id="ac45aece-a270-4913-a07c-1ed3673a12f7" />
      <TestMethod codeBase="E:\Program Files\better-genshin-impact-LCB\Test\MultiplayerHoeingAssistant.UnitTest\bin\Debug\net8.0-windows\MultiplayerHoeingAssistant.UnitTest.dll" adapterTypeName="executor://xunit/VsTestRunner2/netcoreapp" className="MultiplayerHoeingAssistant.UnitTest.ServiceTests.TaskCenter.TerminalReleaseSealTests" name="RecoveryAssociation_MismatchedOriginalFacts_MustNotPublish" />
    </UnitTest>
    <UnitTest name="MultiplayerHoeingAssistant.UnitTest.ServiceTests.TaskCenter.TerminalReleaseSealTests.LegacyRunSeal_WithoutRecoveryAssociationsProperty_RemainsValidAfterReopen(includesEmptyAssociationField: False)" storage="e:\program files\better-genshin-impact-lcb\test\multiplayerhoeingassistant.unittest\bin\debug\net8.0-windows\multiplayerhoeingassistant.unittest.dll" id="29853f2c-524c-1efd-39a3-9157934ef34c">
      <Execution id="6c783764-4bca-4a6a-9052-fce41c10aa20" />
      <TestMethod codeBase="E:\Program Files\better-genshin-impact-LCB\Test\MultiplayerHoeingAssistant.UnitTest\bin\Debug\net8.0-windows\MultiplayerHoeingAssistant.UnitTest.dll" adapterTypeName="executor://xunit/VsTestRunner2/netcoreapp" className="MultiplayerHoeingAssistant.UnitTest.ServiceTests.TaskCenter.TerminalReleaseSealTests" name="LegacyRunSeal_WithoutRecoveryAssociationsProperty_RemainsValidAfterReopen" />
    </UnitTest>
    <UnitTest name="MultiplayerHoeingAssistant.UnitTest.ServiceTests.TaskCenter.TerminalReleaseSealTests.RecoveryAssociation_SealsOriginalHistoryWithoutRewritingSubmissionOrOutcome" storage="e:\program files\better-genshin-impact-lcb\test\multiplayerhoeingassistant.unittest\bin\debug\net8.0-windows\multiplayerhoeingassistant.unittest.dll" id="04431a56-9152-41d2-b544-320b597ec5f1">
      <Execution id="4ea5529a-21f9-4435-bf42-671876b5c82b" />
      <TestMethod codeBase="E:\Program Files\better-genshin-impact-LCB\Test\MultiplayerHoeingAssistant.UnitTest\bin\Debug\net8.0-windows\MultiplayerHoeingAssistant.UnitTest.dll" adapterTypeName="executor://xunit/VsTestRunner2/netcoreapp" className="MultiplayerHoeingAssistant.UnitTest.ServiceTests.TaskCenter.TerminalReleaseSealTests" name="RecoveryAssociation_SealsOriginalHistoryWithoutRewritingSubmissionOrOutcome" />
    </UnitTest>
    <UnitTest name="MultiplayerHoeingAssistant.UnitTest.ServiceTests.TaskCenter.TerminalReleaseSealTests.RecoveryAssociation_MismatchedOriginalFacts_MustNotPublish(drift: &quot;job&quot;)" storage="e:\program files\better-genshin-impact-lcb\test\multiplayerhoeingassistant.unittest\bin\debug\net8.0-windows\multiplayerhoeingassistant.unittest.dll" id="6f2196ed-e27d-ab6c-c2e1-61d4df401457">
      <Execution id="a11d066d-769e-483d-aa69-c8172db6d56b" />
      <TestMethod codeBase="E:\Program Files\better-genshin-impact-LCB\Test\MultiplayerHoeingAssistant.UnitTest\bin\Debug\net8.0-windows\MultiplayerHoeingAssistant.UnitTest.dll" adapterTypeName="executor://xunit/VsTestRunner2/netcoreapp" className="MultiplayerHoeingAssistant.UnitTest.ServiceTests.TaskCenter.TerminalReleaseSealTests" name="RecoveryAssociation_MismatchedOriginalFacts_MustNotPublish" />
    </UnitTest>
    <UnitTest name="MultiplayerHoeingAssistant.UnitTest.ServiceTests.TaskCenter.TerminalReleaseSealTests.RecoveryAssociation_MismatchedOriginalFacts_MustNotPublish(drift: &quot;historyHash&quot;)" storage="e:\program files\better-genshin-impact-lcb\test\multiplayerhoeingassistant.unittest\bin\debug\net8.0-windows\multiplayerhoeingassistant.unittest.dll" id="0c86296d-042b-58fc-c73c-8a8639e6eb42">
      <Execution id="c31e244e-6ffb-4530-a604-e0f273f2234d" />
      <TestMethod codeBase="E:\Program Files\better-genshin-impact-LCB\Test\MultiplayerHoeingAssistant.UnitTest\bin\Debug\net8.0-windows\MultiplayerHoeingAssistant.UnitTest.dll" adapterTypeName="executor://xunit/VsTestRunner2/netcoreapp" className="MultiplayerHoeingAssistant.UnitTest.ServiceTests.TaskCenter.TerminalReleaseSealTests" name="RecoveryAssociation_MismatchedOriginalFacts_MustNotPublish" />
    </UnitTest>
    <UnitTest name="MultiplayerHoeingAssistant.UnitTest.ServiceTests.TaskCenter.TerminalReleaseSealTests.LegacyRunSeal_WithoutRecoveryAssociationsProperty_RemainsValidAfterReopen(includesEmptyAssociationField: True)" storage="e:\program files\better-genshin-impact-lcb\test\multiplayerhoeingassistant.unittest\bin\debug\net8.0-windows\multiplayerhoeingassistant.unittest.dll" id="cccf252d-d950-a143-cf5c-7f5e91f34a84">
      <Execution id="b4c6447e-bd2f-4f79-a5e4-06732cd95b94" />
      <TestMethod codeBase="E:\Program Files\better-genshin-impact-LCB\Test\MultiplayerHoeingAssistant.UnitTest\bin\Debug\net8.0-windows\MultiplayerHoeingAssistant.UnitTest.dll" adapterTypeName="executor://xunit/VsTestRunner2/netcoreapp" className="MultiplayerHoeingAssistant.UnitTest.ServiceTests.TaskCenter.TerminalReleaseSealTests" name="LegacyRunSeal_WithoutRecoveryAssociationsProperty_RemainsValidAfterReopen" />
    </UnitTest>
    <UnitTest name="MultiplayerHoeingAssistant.UnitTest.ServiceTests.TaskCenter.TerminalReleaseSealTests.RecoveryAssociation_MismatchedOriginalFacts_MustNotPublish(drift: &quot;epoch&quot;)" storage="e:\program files\better-genshin-impact-lcb\test\multiplayerhoeingassistant.unittest\bin\debug\net8.0-windows\multiplayerhoeingassistant.unittest.dll" id="bf07129f-c975-8921-ebe2-41724f2cc8ac">
      <Execution id="2e8670e8-347e-4eec-8e46-d0efd5fa218f" />
      <TestMethod codeBase="E:\Program Files\better-genshin-impact-LCB\Test\MultiplayerHoeingAssistant.UnitTest\bin\Debug\net8.0-windows\MultiplayerHoeingAssistant.UnitTest.dll" adapterTypeName="executor://xunit/VsTestRunner2/netcoreapp" className="MultiplayerHoeingAssistant.UnitTest.ServiceTests.TaskCenter.TerminalReleaseSealTests" name="RecoveryAssociation_MismatchedOriginalFacts_MustNotPublish" />
    </UnitTest>
    <UnitTest name="MultiplayerHoeingAssistant.UnitTest.ServiceTests.TaskCenter.TerminalReleaseSealTests.OrdinaryWriter_CannotAppendRecoveryAssociation" storage="e:\program files\better-genshin-impact-lcb\test\multiplayerhoeingassistant.unittest\bin\debug\net8.0-windows\multiplayerhoeingassistant.unittest.dll" id="73ff7d99-87d9-624a-aa92-4a52874a8049">
      <Execution id="17782999-4e1f-4a02-9ab0-7f6645c1f2d0" />
      <TestMethod codeBase="E:\Program Files\better-genshin-impact-LCB\Test\MultiplayerHoeingAssistant.UnitTest\bin\Debug\net8.0-windows\MultiplayerHoeingAssistant.UnitTest.dll" adapterTypeName="executor://xunit/VsTestRunner2/netcoreapp" className="MultiplayerHoeingAssistant.UnitTest.ServiceTests.TaskCenter.TerminalReleaseSealTests" name="OrdinaryWriter_CannotAppendRecoveryAssociation" />
    </UnitTest>
    <UnitTest name="MultiplayerHoeingAssistant.UnitTest.ServiceTests.TaskCenter.TerminalReleaseSealTests.RecoveryAssociation_MismatchedOriginalFacts_MustNotPublish(drift: &quot;sequence&quot;)" storage="e:\program files\better-genshin-impact-lcb\test\multiplayerhoeingassistant.unittest\bin\debug\net8.0-windows\multiplayerhoeingassistant.unittest.dll" id="c232f5d4-1804-0d96-6e89-d3afac99b597">
      <Execution id="b3f05ca8-95ee-444e-9695-63f409d9bcac" />
      <TestMethod codeBase="E:\Program Files\better-genshin-impact-LCB\Test\MultiplayerHoeingAssistant.UnitTest\bin\Debug\net8.0-windows\MultiplayerHoeingAssistant.UnitTest.dll" adapterTypeName="executor://xunit/VsTestRunner2/netcoreapp" className="MultiplayerHoeingAssistant.UnitTest.ServiceTests.TaskCenter.TerminalReleaseSealTests" name="RecoveryAssociation_MismatchedOriginalFacts_MustNotPublish" />
    </UnitTest>
    <UnitTest name="MultiplayerHoeingAssistant.UnitTest.ServiceTests.TaskCenter.BgiWorkflowExecutionBoundaryPortSeamTests.ReconcileThroughWorkflowInterface_UsesRealBoundaryQuery" storage="e:\program files\better-genshin-impact-lcb\test\multiplayerhoeingassistant.unittest\bin\debug\net8.0-windows\multiplayerhoeingassistant.unittest.dll" id="d933e1c2-8003-6db7-ffae-9ce93538cbd3">
      <Execution id="49833abd-90eb-4767-9a6f-08b1b800233f" />
      <TestMethod codeBase="E:\Program Files\better-genshin-impact-LCB\Test\MultiplayerHoeingAssistant.UnitTest\bin\Debug\net8.0-windows\MultiplayerHoeingAssistant.UnitTest.dll" adapterTypeName="executor://xunit/VsTestRunner2/netcoreapp" className="MultiplayerHoeingAssistant.UnitTest.ServiceTests.TaskCenter.BgiWorkflowExecutionBoundaryPortSeamTests" name="ReconcileThroughWorkflowInterface_UsesRealBoundaryQuery" />
    </UnitTest>
  </TestDefinitions>
  <TestEntries>
    <TestEntry testId="6f2196ed-e27d-ab6c-c2e1-61d4df401457" executionId="a11d066d-769e-483d-aa69-c8172db6d56b" testListId="8c84fa94-04c1-424b-9868-57a2d4851a1d" />
    <TestEntry testId="d933e1c2-8003-6db7-ffae-9ce93538cbd3" executionId="49833abd-90eb-4767-9a6f-08b1b800233f" testListId="8c84fa94-04c1-424b-9868-57a2d4851a1d" />
    <TestEntry testId="bf07129f-c975-8921-ebe2-41724f2cc8ac" executionId="2e8670e8-347e-4eec-8e46-d0efd5fa218f" testListId="8c84fa94-04c1-424b-9868-57a2d4851a1d" />
    <TestEntry testId="7cce2949-5d58-a901-d093-066753ff8eb1" executionId="e2104008-e503-4f6c-bcd2-f3ca31708c39" testListId="8c84fa94-04c1-424b-9868-57a2d4851a1d" />
    <TestEntry testId="73ff7d99-87d9-624a-aa92-4a52874a8049" executionId="17782999-4e1f-4a02-9ab0-7f6645c1f2d0" testListId="8c84fa94-04c1-424b-9868-57a2d4851a1d" />
    <TestEntry testId="0c86296d-042b-58fc-c73c-8a8639e6eb42" executionId="c31e244e-6ffb-4530-a604-e0f273f2234d" testListId="8c84fa94-04c1-424b-9868-57a2d4851a1d" />
    <TestEntry testId="1f47d669-e33e-9e5e-97f8-b34946f2dc3c" executionId="ac45aece-a270-4913-a07c-1ed3673a12f7" testListId="8c84fa94-04c1-424b-9868-57a2d4851a1d" />
    <TestEntry testId="cccf252d-d950-a143-cf5c-7f5e91f34a84" executionId="b4c6447e-bd2f-4f79-a5e4-06732cd95b94" testListId="8c84fa94-04c1-424b-9868-57a2d4851a1d" />
    <TestEntry testId="1de2135d-9495-43da-4eb0-f4c6265dff71" executionId="5aa48028-450e-471f-a78f-9b75bf62e4e6" testListId="8c84fa94-04c1-424b-9868-57a2d4851a1d" />
    <TestEntry testId="29853f2c-524c-1efd-39a3-9157934ef34c" executionId="6c783764-4bca-4a6a-9052-fce41c10aa20" testListId="8c84fa94-04c1-424b-9868-57a2d4851a1d" />
    <TestEntry testId="04431a56-9152-41d2-b544-320b597ec5f1" executionId="4ea5529a-21f9-4435-bf42-671876b5c82b" testListId="8c84fa94-04c1-424b-9868-57a2d4851a1d" />
    <TestEntry testId="c232f5d4-1804-0d96-6e89-d3afac99b597" executionId="b3f05ca8-95ee-444e-9695-63f409d9bcac" testListId="8c84fa94-04c1-424b-9868-57a2d4851a1d" />
  </TestEntries>
  <TestLists>
    <TestList name="列表中未列出的结果" id="8c84fa94-04c1-424b-9868-57a2d4851a1d" />
    <TestList name="所有已加载的结果" id="19431567-8539-422a-85d7-44ee4e166bda" />
  </TestLists>
  <ResultSummary outcome="Completed">
    <Counters total="12" executed="12" passed="12" failed="0" error="0" timeout="0" aborted="0" inconclusive="0" passedButRunAborted="0" notRunnable="0" notExecuted="0" disconnected="0" warning="0" completed="0" inProgress="0" pending="0" />
    <Output>
      <StdOut>[xUnit.net 00:00:00.00] xUnit.net VSTest Adapter v2.5.3.1+6b60a9e56a (64-bit .NET 8.0.14)&#xD;
[xUnit.net 00:00:00.09]   Discovering: MultiplayerHoeingAssistant.UnitTest&#xD;
[xUnit.net 00:00:00.22]   Discovered:  MultiplayerHoeingAssistant.UnitTest&#xD;
[xUnit.net 00:00:00.23]   Starting:    MultiplayerHoeingAssistant.UnitTest&#xD;
[xUnit.net 00:00:00.38]   Finished:    MultiplayerHoeingAssistant.UnitTest&#xD;
</StdOut>
    </Output>
  </ResultSummary>
</TestRun>