VSTest 版本 17.11.1 (x64)

正在启动测试执行，请稍候...
总共 1 个测试文件与指定模式相匹配。
[xUnit.net 00:00:00.38]     MultiplayerHoeingAssistant.UnitTest.ServiceTests.TaskCenter.TaskCenterExternalStartAdmissionTests.OriginalLedgerCausality_CurrentReceiptAndTerminal(terminal: False, reopen: False) [FAIL]
[xUnit.net 00:00:00.41]     MultiplayerHoeingAssistant.UnitTest.ServiceTests.TaskCenter.TaskCenterExternalStartAdmissionTests.OriginalLedgerCausality_CurrentReceiptAndTerminal(terminal: True, reopen: False) [FAIL]
[xUnit.net 00:00:00.44]     MultiplayerHoeingAssistant.UnitTest.ServiceTests.TaskCenter.TaskCenterExternalStartAdmissionTests.OriginalLedgerCausality_CurrentReceiptAndTerminal(terminal: False, reopen: True) [FAIL]
[xUnit.net 00:00:00.47]     MultiplayerHoeingAssistant.UnitTest.ServiceTests.TaskCenter.TaskCenterExternalStartAdmissionTests.OriginalLedgerCausality_CurrentReceiptAndTerminal(terminal: True, reopen: True) [FAIL]
[xUnit.net 00:00:00.57]     MultiplayerHoeingAssistant.UnitTest.ServiceTests.TaskCenter.TaskCenterExternalStartAdmissionTests.OriginalLateRound_HostArchivedResponsibility(archiveBeforeReceipt: False, archiveAfterTerminal: False, fault: "causal-matrix") [FAIL]
[xUnit.net 00:00:00.65]     MultiplayerHoeingAssistant.UnitTest.ServiceTests.TaskCenter.TaskCenterExternalStartAdmissionTests.OriginalLateRound_HostArchivedResponsibility(archiveBeforeReceipt: True, archiveAfterTerminal: True, fault: "causal-matrix") [FAIL]
  失败 MultiplayerHoeingAssistant.UnitTest.ServiceTests.TaskCenter.TaskCenterExternalStartAdmissionTests.OriginalLedgerCausality_CurrentReceiptAndTerminal(terminal: False, reopen: False) [141 ms]
  错误消息:
   current original ledger causality False/False/candidateId/False: 观察中保留 1；终局补写成功 0／失败 0；台账终态缺 PendingTerminal 0；租约/台账终局不一致 0；台账孤儿 0；冲突待决（归裁决入口） 0；载荷不完整（不驱动终局） 0；观察责任重绑 1；迟到受理回执接管 0；旧轮受理回执冲突阻断 0；旧轮 Accepted 终态结案 0
  堆栈跟踪:
     at MultiplayerHoeingAssistant.UnitTest.ServiceTests.TaskCenter.TaskCenterExternalStartAdmissionTests.OriginalLedgerCausality_CurrentReceiptAndTerminal(Boolean terminal, Boolean reopen) in E:\Program Files\better-genshin-impact-LCB\Test\MultiplayerHoeingAssistant.UnitTest\ServiceTests\TaskCenter\TaskCenterExternalStartAdmissionTests.cs:line 361
   at MultiplayerHoeingAssistant.UnitTest.ServiceTests.TaskCenter.TaskCenterExternalStartAdmissionTests.OriginalLedgerCausality_CurrentReceiptAndTerminal(Boolean terminal, Boolean reopen) in E:\Program Files\better-genshin-impact-LCB\Test\MultiplayerHoeingAssistant.UnitTest\ServiceTests\TaskCenter\TaskCenterExternalStartAdmissionTests.cs:line 372
--- End of stack trace from previous location ---
  失败 MultiplayerHoeingAssistant.UnitTest.ServiceTests.TaskCenter.TaskCenterExternalStartAdmissionTests.OriginalLedgerCausality_CurrentReceiptAndTerminal(terminal: True, reopen: False) [30 ms]
  错误消息:
   current original ledger causality True/False/candidateId/False: 观察中保留 0；终局补写成功 0／失败 0；台账终态缺 PendingTerminal 0；租约/台账终局不一致 0；台账孤儿 0；冲突待决（归裁决入口） 0；载荷不完整（不驱动终局） 0；观察责任重绑 0；迟到受理回执接管 0；旧轮受理回执冲突阻断 0；旧轮 Accepted 终态结案 0
  堆栈跟踪:
     at MultiplayerHoeingAssistant.UnitTest.ServiceTests.TaskCenter.TaskCenterExternalStartAdmissionTests.OriginalLedgerCausality_CurrentReceiptAndTerminal(Boolean terminal, Boolean reopen) in E:\Program Files\better-genshin-impact-LCB\Test\MultiplayerHoeingAssistant.UnitTest\ServiceTests\TaskCenter\TaskCenterExternalStartAdmissionTests.cs:line 361
   at MultiplayerHoeingAssistant.UnitTest.ServiceTests.TaskCenter.TaskCenterExternalStartAdmissionTests.OriginalLedgerCausality_CurrentReceiptAndTerminal(Boolean terminal, Boolean reopen) in E:\Program Files\better-genshin-impact-LCB\Test\MultiplayerHoeingAssistant.UnitTest\ServiceTests\TaskCenter\TaskCenterExternalStartAdmissionTests.cs:line 372
--- End of stack trace from previous location ---
  失败 MultiplayerHoeingAssistant.UnitTest.ServiceTests.TaskCenter.TaskCenterExternalStartAdmissionTests.OriginalLedgerCausality_CurrentReceiptAndTerminal(terminal: False, reopen: True) [26 ms]
  错误消息:
   current original ledger causality False/True/candidateId/False: 观察中保留 1；终局补写成功 0／失败 0；台账终态缺 PendingTerminal 0；租约/台账终局不一致 0；台账孤儿 0；冲突待决（归裁决入口） 0；载荷不完整（不驱动终局） 0；观察责任重绑 1；迟到受理回执接管 0；旧轮受理回执冲突阻断 0；旧轮 Accepted 终态结案 0
  堆栈跟踪:
     at MultiplayerHoeingAssistant.UnitTest.ServiceTests.TaskCenter.TaskCenterExternalStartAdmissionTests.OriginalLedgerCausality_CurrentReceiptAndTerminal(Boolean terminal, Boolean reopen) in E:\Program Files\better-genshin-impact-LCB\Test\MultiplayerHoeingAssistant.UnitTest\ServiceTests\TaskCenter\TaskCenterExternalStartAdmissionTests.cs:line 361
   at MultiplayerHoeingAssistant.UnitTest.ServiceTests.TaskCenter.TaskCenterExternalStartAdmissionTests.OriginalLedgerCausality_CurrentReceiptAndTerminal(Boolean terminal, Boolean reopen) in E:\Program Files\better-genshin-impact-LCB\Test\MultiplayerHoeingAssistant.UnitTest\ServiceTests\TaskCenter\TaskCenterExternalStartAdmissionTests.cs:line 372
--- End of stack trace from previous location ---
  失败 MultiplayerHoeingAssistant.UnitTest.ServiceTests.TaskCenter.TaskCenterExternalStartAdmissionTests.OriginalLedgerCausality_CurrentReceiptAndTerminal(terminal: True, reopen: True) [29 ms]
  错误消息:
   current original ledger causality True/True/candidateId/False: 观察中保留 0；终局补写成功 0／失败 0；台账终态缺 PendingTerminal 0；租约/台账终局不一致 0；台账孤儿 0；冲突待决（归裁决入口） 0；载荷不完整（不驱动终局） 0；观察责任重绑 0；迟到受理回执接管 0；旧轮受理回执冲突阻断 0；旧轮 Accepted 终态结案 0
  堆栈跟踪:
     at MultiplayerHoeingAssistant.UnitTest.ServiceTests.TaskCenter.TaskCenterExternalStartAdmissionTests.OriginalLedgerCausality_CurrentReceiptAndTerminal(Boolean terminal, Boolean reopen) in E:\Program Files\better-genshin-impact-LCB\Test\MultiplayerHoeingAssistant.UnitTest\ServiceTests\TaskCenter\TaskCenterExternalStartAdmissionTests.cs:line 361
   at MultiplayerHoeingAssistant.UnitTest.ServiceTests.TaskCenter.TaskCenterExternalStartAdmissionTests.OriginalLedgerCausality_CurrentReceiptAndTerminal(Boolean terminal, Boolean reopen) in E:\Program Files\better-genshin-impact-LCB\Test\MultiplayerHoeingAssistant.UnitTest\ServiceTests\TaskCenter\TaskCenterExternalStartAdmissionTests.cs:line 372
--- End of stack trace from previous location ---
  失败 MultiplayerHoeingAssistant.UnitTest.ServiceTests.TaskCenter.TaskCenterExternalStartAdmissionTests.OriginalLateRound_HostArchivedResponsibility(archiveBeforeReceipt: False, archiveAfterTerminal: False, fault: "causal-matrix") [29 ms]
  错误消息:
   original ledger causality late-receipt/candidateId/missing=False: 观察中保留 0；终局补写成功 0／失败 0；台账终态缺 PendingTerminal 0；租约/台账终局不一致 0；台账孤儿 0；冲突待决（归裁决入口） 0；载荷不完整（不驱动终局） 0；观察责任重绑 0；迟到受理回执接管 0；旧轮受理回执冲突阻断 1；旧轮 Accepted 终态结案 0
  堆栈跟踪:
     at MultiplayerHoeingAssistant.UnitTest.ServiceTests.TaskCenter.TaskCenterExternalStartAdmissionTests.<>c__DisplayClass17_0.<<OriginalLateRound_HostArchivedResponsibility>g__CheckOriginalLedgerCausality|3>d.MoveNext() in E:\Program Files\better-genshin-impact-LCB\Test\MultiplayerHoeingAssistant.UnitTest\ServiceTests\TaskCenter\TaskCenterExternalStartAdmissionTests.cs:line 482
--- End of stack trace from previous location ---
   at MultiplayerHoeingAssistant.UnitTest.ServiceTests.TaskCenter.TaskCenterExternalStartAdmissionTests.OriginalLateRound_HostArchivedResponsibility(Boolean archiveBeforeReceipt, Boolean archiveAfterTerminal, String fault) in E:\Program Files\better-genshin-impact-LCB\Test\MultiplayerHoeingAssistant.UnitTest\ServiceTests\TaskCenter\TaskCenterExternalStartAdmissionTests.cs:line 553
   at MultiplayerHoeingAssistant.UnitTest.ServiceTests.TaskCenter.TaskCenterExternalStartAdmissionTests.OriginalLateRound_HostArchivedResponsibility(Boolean archiveBeforeReceipt, Boolean archiveAfterTerminal, String fault) in E:\Program Files\better-genshin-impact-LCB\Test\MultiplayerHoeingAssistant.UnitTest\ServiceTests\TaskCenter\TaskCenterExternalStartAdmissionTests.cs:line 641
--- End of stack trace from previous location ---
  失败 MultiplayerHoeingAssistant.UnitTest.ServiceTests.TaskCenter.TaskCenterExternalStartAdmissionTests.OriginalLateRound_HostArchivedResponsibility(archiveBeforeReceipt: True, archiveAfterTerminal: True, fault: "causal-matrix") [30 ms]
  错误消息:
   original ledger causality late-receipt/candidateId/missing=False: 观察中保留 0；终局补写成功 0／失败 0；台账终态缺 PendingTerminal 0；租约/台账终局不一致 0；台账孤儿 0；冲突待决（归裁决入口） 0；载荷不完整（不驱动终局） 0；观察责任重绑 0；迟到受理回执接管 0；旧轮受理回执冲突阻断 1；旧轮 Accepted 终态结案 0
  堆栈跟踪:
     at MultiplayerHoeingAssistant.UnitTest.ServiceTests.TaskCenter.TaskCenterExternalStartAdmissionTests.<>c__DisplayClass17_0.<<OriginalLateRound_HostArchivedResponsibility>g__CheckOriginalLedgerCausality|3>d.MoveNext() in E:\Program Files\better-genshin-impact-LCB\Test\MultiplayerHoeingAssistant.UnitTest\ServiceTests\TaskCenter\TaskCenterExternalStartAdmissionTests.cs:line 482
--- End of stack trace from previous location ---
   at MultiplayerHoeingAssistant.UnitTest.ServiceTests.TaskCenter.TaskCenterExternalStartAdmissionTests.OriginalLateRound_HostArchivedResponsibility(Boolean archiveBeforeReceipt, Boolean archiveAfterTerminal, String fault) in E:\Program Files\better-genshin-impact-LCB\Test\MultiplayerHoeingAssistant.UnitTest\ServiceTests\TaskCenter\TaskCenterExternalStartAdmissionTests.cs:line 553
   at MultiplayerHoeingAssistant.UnitTest.ServiceTests.TaskCenter.TaskCenterExternalStartAdmissionTests.OriginalLateRound_HostArchivedResponsibility(Boolean archiveBeforeReceipt, Boolean archiveAfterTerminal, String fault) in E:\Program Files\better-genshin-impact-LCB\Test\MultiplayerHoeingAssistant.UnitTest\ServiceTests\TaskCenter\TaskCenterExternalStartAdmissionTests.cs:line 641
--- End of stack trace from previous location ---
[xUnit.net 00:00:00.84]     MultiplayerHoeingAssistant.UnitTest.ServiceTests.TaskCenter.TaskCenterExternalStartAdmissionTests.OriginalLateRound_HostArchivedResponsibility(archiveBeforeReceipt: True, archiveAfterTerminal: False, fault: "causal-matrix") [FAIL]
[xUnit.net 00:00:01.01]     MultiplayerHoeingAssistant.UnitTest.ServiceTests.TaskCenter.TaskCenterExternalStartAdmissionTests.OriginalLateRound_HostArchivedResponsibility(archiveBeforeReceipt: False, archiveAfterTerminal: True, fault: "causal-matrix") [FAIL]
  失败 MultiplayerHoeingAssistant.UnitTest.ServiceTests.TaskCenter.TaskCenterExternalStartAdmissionTests.OriginalLateRound_HostArchivedResponsibility(archiveBeforeReceipt: True, archiveAfterTerminal: False, fault: "causal-matrix") [31 ms]
  错误消息:
   original ledger causality late-receipt/candidateId/missing=False: 观察中保留 0；终局补写成功 0／失败 0；台账终态缺 PendingTerminal 0；租约/台账终局不一致 0；台账孤儿 0；冲突待决（归裁决入口） 0；载荷不完整（不驱动终局） 0；观察责任重绑 0；迟到受理回执接管 0；旧轮受理回执冲突阻断 1；旧轮 Accepted 终态结案 0
  堆栈跟踪:
     at MultiplayerHoeingAssistant.UnitTest.ServiceTests.TaskCenter.TaskCenterExternalStartAdmissionTests.<>c__DisplayClass17_0.<<OriginalLateRound_HostArchivedResponsibility>g__CheckOriginalLedgerCausality|3>d.MoveNext() in E:\Program Files\better-genshin-impact-LCB\Test\MultiplayerHoeingAssistant.UnitTest\ServiceTests\TaskCenter\TaskCenterExternalStartAdmissionTests.cs:line 482
--- End of stack trace from previous location ---
   at MultiplayerHoeingAssistant.UnitTest.ServiceTests.TaskCenter.TaskCenterExternalStartAdmissionTests.OriginalLateRound_HostArchivedResponsibility(Boolean archiveBeforeReceipt, Boolean archiveAfterTerminal, String fault) in E:\Program Files\better-genshin-impact-LCB\Test\MultiplayerHoeingAssistant.UnitTest\ServiceTests\TaskCenter\TaskCenterExternalStartAdmissionTests.cs:line 553
   at MultiplayerHoeingAssistant.UnitTest.ServiceTests.TaskCenter.TaskCenterExternalStartAdmissionTests.OriginalLateRound_HostArchivedResponsibility(Boolean archiveBeforeReceipt, Boolean archiveAfterTerminal, String fault) in E:\Program Files\better-genshin-impact-LCB\Test\MultiplayerHoeingAssistant.UnitTest\ServiceTests\TaskCenter\TaskCenterExternalStartAdmissionTests.cs:line 641
--- End of stack trace from previous location ---
  失败 MultiplayerHoeingAssistant.UnitTest.ServiceTests.TaskCenter.TaskCenterExternalStartAdmissionTests.OriginalLateRound_HostArchivedResponsibility(archiveBeforeReceipt: False, archiveAfterTerminal: True, fault: "causal-matrix") [30 ms]
  错误消息:
   original ledger causality late-receipt/candidateId/missing=False: 观察中保留 0；终局补写成功 0／失败 0；台账终态缺 PendingTerminal 0；租约/台账终局不一致 0；台账孤儿 0；冲突待决（归裁决入口） 0；载荷不完整（不驱动终局） 0；观察责任重绑 0；迟到受理回执接管 0；旧轮受理回执冲突阻断 1；旧轮 Accepted 终态结案 0
  堆栈跟踪:
     at MultiplayerHoeingAssistant.UnitTest.ServiceTests.TaskCenter.TaskCenterExternalStartAdmissionTests.<>c__DisplayClass17_0.<<OriginalLateRound_HostArchivedResponsibility>g__CheckOriginalLedgerCausality|3>d.MoveNext() in E:\Program Files\better-genshin-impact-LCB\Test\MultiplayerHoeingAssistant.UnitTest\ServiceTests\TaskCenter\TaskCenterExternalStartAdmissionTests.cs:line 482
--- End of stack trace from previous location ---
   at MultiplayerHoeingAssistant.UnitTest.ServiceTests.TaskCenter.TaskCenterExternalStartAdmissionTests.OriginalLateRound_HostArchivedResponsibility(Boolean archiveBeforeReceipt, Boolean archiveAfterTerminal, String fault) in E:\Program Files\better-genshin-impact-LCB\Test\MultiplayerHoeingAssistant.UnitTest\ServiceTests\TaskCenter\TaskCenterExternalStartAdmissionTests.cs:line 553
   at MultiplayerHoeingAssistant.UnitTest.ServiceTests.TaskCenter.TaskCenterExternalStartAdmissionTests.OriginalLateRound_HostArchivedResponsibility(Boolean archiveBeforeReceipt, Boolean archiveAfterTerminal, String fault) in E:\Program Files\better-genshin-impact-LCB\Test\MultiplayerHoeingAssistant.UnitTest\ServiceTests\TaskCenter\TaskCenterExternalStartAdmissionTests.cs:line 641
--- End of stack trace from previous location ---
结果文件: E:\Program Files\better-genshin-impact-LCB\_workflow\local-wait-admission-gates-20261004\auto-relay-external-original-causality-20261004-from-01a1067e\mutations\M2-original-match\mutant.trx

失败!  - 失败:     8，通过:    11，已跳过:     0，总计:    19，持续时间: 747 ms - MultiplayerHoeingAssistant.UnitTest.dll (net8.0)
