VSTest 版本 17.11.1 (x64)

正在启动测试执行，请稍候...
总共 1 个测试文件与指定模式相匹配。
[xUnit.net 00:00:00.48]     MultiplayerHoeingAssistant.UnitTest.ServiceTests.TaskCenter.LocalWaitFinalizationContractTests.TerminalStop_MissingAcceptedLeaseNeverProvesNoMapping(finalWindow: False, residue: False) [FAIL]
[xUnit.net 00:00:00.51]     MultiplayerHoeingAssistant.UnitTest.ServiceTests.TaskCenter.LocalWaitFinalizationContractTests.TerminalStop_MissingAcceptedLeaseNeverProvesNoMapping(finalWindow: False, residue: True) [FAIL]
[xUnit.net 00:00:00.54]     MultiplayerHoeingAssistant.UnitTest.ServiceTests.TaskCenter.LocalWaitFinalizationContractTests.TerminalStop_MissingAcceptedLeaseNeverProvesNoMapping(finalWindow: True, residue: False) [FAIL]
[xUnit.net 00:00:00.57]     MultiplayerHoeingAssistant.UnitTest.ServiceTests.TaskCenter.LocalWaitFinalizationContractTests.TerminalStop_MissingAcceptedLeaseNeverProvesNoMapping(finalWindow: True, residue: True) [FAIL]
[xUnit.net 00:00:00.69]     MultiplayerHoeingAssistant.UnitTest.ServiceTests.TaskCenter.TaskCenterSuccessorPathGateTests.OriginalHost_RepeatedShutdownWaitsForSameCompleteLifecycle(handoff: True, beforeSeal: False) [FAIL]
[xUnit.net 00:00:00.76]     MultiplayerHoeingAssistant.UnitTest.ServiceTests.TaskCenter.TaskCenterSuccessorPathGateTests.OriginalHost_RepeatedShutdownWaitsForSameCompleteLifecycle(handoff: False, beforeSeal: True) [FAIL]
[xUnit.net 00:00:00.82]     MultiplayerHoeingAssistant.UnitTest.ServiceTests.TaskCenter.TaskCenterSuccessorPathGateTests.OriginalHost_RepeatedShutdownWaitsForSameCompleteLifecycle(handoff: True, beforeSeal: True) [FAIL]
[xUnit.net 00:00:00.89]     MultiplayerHoeingAssistant.UnitTest.ServiceTests.TaskCenter.TaskCenterSuccessorPathGateTests.OriginalHost_RepeatedShutdownWaitsForSameCompleteLifecycle(handoff: False, beforeSeal: False) [FAIL]
  失败 MultiplayerHoeingAssistant.UnitTest.ServiceTests.TaskCenter.LocalWaitFinalizationContractTests.TerminalStop_MissingAcceptedLeaseNeverProvesNoMapping(finalWindow: False, residue: False) [221 ms]
  错误消息:
   Assert.Equal() Failure: Values differ
Expected: Unavailable
Actual:   Effective
  堆栈跟踪:
     at MultiplayerHoeingAssistant.UnitTest.ServiceTests.TaskCenter.LocalWaitFinalizationContractTests.TerminalStop_MissingAcceptedLeaseNeverProvesNoMapping(Boolean finalWindow, Boolean residue) in E:\Program Files\better-genshin-impact-LCB\Test\MultiplayerHoeingAssistant.UnitTest\ServiceTests\TaskCenter\LocalWaitFinalizationContractTests.cs:line 1265
   at MultiplayerHoeingAssistant.UnitTest.ServiceTests.TaskCenter.LocalWaitFinalizationContractTests.TerminalStop_MissingAcceptedLeaseNeverProvesNoMapping(Boolean finalWindow, Boolean residue) in E:\Program Files\better-genshin-impact-LCB\Test\MultiplayerHoeingAssistant.UnitTest\ServiceTests\TaskCenter\LocalWaitFinalizationContractTests.cs:line 1277
--- End of stack trace from previous location ---
  失败 MultiplayerHoeingAssistant.UnitTest.ServiceTests.TaskCenter.LocalWaitFinalizationContractTests.TerminalStop_MissingAcceptedLeaseNeverProvesNoMapping(finalWindow: False, residue: True) [29 ms]
  错误消息:
   Assert.Equal() Failure: Values differ
Expected: Unavailable
Actual:   Effective
  堆栈跟踪:
     at MultiplayerHoeingAssistant.UnitTest.ServiceTests.TaskCenter.LocalWaitFinalizationContractTests.TerminalStop_MissingAcceptedLeaseNeverProvesNoMapping(Boolean finalWindow, Boolean residue) in E:\Program Files\better-genshin-impact-LCB\Test\MultiplayerHoeingAssistant.UnitTest\ServiceTests\TaskCenter\LocalWaitFinalizationContractTests.cs:line 1265
   at MultiplayerHoeingAssistant.UnitTest.ServiceTests.TaskCenter.LocalWaitFinalizationContractTests.TerminalStop_MissingAcceptedLeaseNeverProvesNoMapping(Boolean finalWindow, Boolean residue) in E:\Program Files\better-genshin-impact-LCB\Test\MultiplayerHoeingAssistant.UnitTest\ServiceTests\TaskCenter\LocalWaitFinalizationContractTests.cs:line 1277
--- End of stack trace from previous location ---
  失败 MultiplayerHoeingAssistant.UnitTest.ServiceTests.TaskCenter.LocalWaitFinalizationContractTests.TerminalStop_MissingAcceptedLeaseNeverProvesNoMapping(finalWindow: True, residue: False) [32 ms]
  错误消息:
   Assert.Equal() Failure: Values differ
Expected: Unavailable
Actual:   Effective
  堆栈跟踪:
     at MultiplayerHoeingAssistant.UnitTest.ServiceTests.TaskCenter.LocalWaitFinalizationContractTests.TerminalStop_MissingAcceptedLeaseNeverProvesNoMapping(Boolean finalWindow, Boolean residue) in E:\Program Files\better-genshin-impact-LCB\Test\MultiplayerHoeingAssistant.UnitTest\ServiceTests\TaskCenter\LocalWaitFinalizationContractTests.cs:line 1265
   at MultiplayerHoeingAssistant.UnitTest.ServiceTests.TaskCenter.LocalWaitFinalizationContractTests.TerminalStop_MissingAcceptedLeaseNeverProvesNoMapping(Boolean finalWindow, Boolean residue) in E:\Program Files\better-genshin-impact-LCB\Test\MultiplayerHoeingAssistant.UnitTest\ServiceTests\TaskCenter\LocalWaitFinalizationContractTests.cs:line 1277
--- End of stack trace from previous location ---
  失败 MultiplayerHoeingAssistant.UnitTest.ServiceTests.TaskCenter.LocalWaitFinalizationContractTests.TerminalStop_MissingAcceptedLeaseNeverProvesNoMapping(finalWindow: True, residue: True) [30 ms]
  错误消息:
   Assert.Equal() Failure: Values differ
Expected: Unavailable
Actual:   Effective
  堆栈跟踪:
     at MultiplayerHoeingAssistant.UnitTest.ServiceTests.TaskCenter.LocalWaitFinalizationContractTests.TerminalStop_MissingAcceptedLeaseNeverProvesNoMapping(Boolean finalWindow, Boolean residue) in E:\Program Files\better-genshin-impact-LCB\Test\MultiplayerHoeingAssistant.UnitTest\ServiceTests\TaskCenter\LocalWaitFinalizationContractTests.cs:line 1265
   at MultiplayerHoeingAssistant.UnitTest.ServiceTests.TaskCenter.LocalWaitFinalizationContractTests.TerminalStop_MissingAcceptedLeaseNeverProvesNoMapping(Boolean finalWindow, Boolean residue) in E:\Program Files\better-genshin-impact-LCB\Test\MultiplayerHoeingAssistant.UnitTest\ServiceTests\TaskCenter\LocalWaitFinalizationContractTests.cs:line 1277
--- End of stack trace from previous location ---
  失败 MultiplayerHoeingAssistant.UnitTest.ServiceTests.TaskCenter.TaskCenterSuccessorPathGateTests.OriginalHost_RepeatedShutdownWaitsForSameCompleteLifecycle(handoff: True, beforeSeal: False) [118 ms]
  错误消息:
   Repeated Shutdown returned while original terminal lifecycle was held
  堆栈跟踪:
     at MultiplayerHoeingAssistant.UnitTest.ServiceTests.TaskCenter.TaskCenterSuccessorPathGateTests.<>c__DisplayClass3_0.<<ProbeTerminalShutdownAsync>b__1>d.MoveNext() in E:\Program Files\better-genshin-impact-LCB\Test\MultiplayerHoeingAssistant.UnitTest\ServiceTests\TaskCenter\TaskCenterSuccessorPathGateTests.cs:line 137
--- End of stack trace from previous location ---
   at MultiplayerHoeingAssistant.UnitTest.ServiceTests.TaskCenter.TaskCenterSuccessorPathGateTests.ProbeNodeSubmitRoutingAsync(String root, Boolean successorWired, Action`1 concurrentWriteBeforeSend, Action`2 onBeforeSend, String[] nodeIds, Action afterLedgerBeforeClose, TaskCompletionSource holdFirstAccept, Func`1 beforeSuccessorAdmission, Action`3 onBeforeSendWithPayload, Action`1 configurePort, Action`1 configureSeams, Action`1 configureRuns, Boolean startViaHandoff, Action`1 afterOccupyBeforeSend, Func`5 afterConverged, Boolean requirePanelSourceForProbe, Func`4 afterRegistered, Action`1 observeLog) in E:\Program Files\better-genshin-impact-LCB\Test\MultiplayerHoeingAssistant.UnitTest\ServiceTests\TaskCenter\TaskCenterSuccessorPathGateTests.cs:line 2502
   at MultiplayerHoeingAssistant.UnitTest.ServiceTests.TaskCenter.TaskCenterSuccessorPathGateTests.ProbeNodeSubmitRoutingAsync(String root, Boolean successorWired, Action`1 concurrentWriteBeforeSend, Action`2 onBeforeSend, String[] nodeIds, Action afterLedgerBeforeClose, TaskCompletionSource holdFirstAccept, Func`1 beforeSuccessorAdmission, Action`3 onBeforeSendWithPayload, Action`1 configurePort, Action`1 configureSeams, Action`1 configureRuns, Boolean startViaHandoff, Action`1 afterOccupyBeforeSend, Func`5 afterConverged, Boolean requirePanelSourceForProbe, Func`4 afterRegistered, Action`1 observeLog) in E:\Program Files\better-genshin-impact-LCB\Test\MultiplayerHoeingAssistant.UnitTest\ServiceTests\TaskCenter\TaskCenterSuccessorPathGateTests.cs:line 2546
   at MultiplayerHoeingAssistant.UnitTest.ServiceTests.TaskCenter.TaskCenterSuccessorPathGateTests.ProbeTerminalShutdownAsync(Boolean handoff, Boolean beforeSeal, Boolean repeated) in E:\Program Files\better-genshin-impact-LCB\Test\MultiplayerHoeingAssistant.UnitTest\ServiceTests\TaskCenter\TaskCenterSuccessorPathGateTests.cs:line 81
--- End of stack trace from previous location ---
  失败 MultiplayerHoeingAssistant.UnitTest.ServiceTests.TaskCenter.TaskCenterSuccessorPathGateTests.OriginalHost_RepeatedShutdownWaitsForSameCompleteLifecycle(handoff: False, beforeSeal: True) [68 ms]
  错误消息:
   Repeated Shutdown returned while original terminal lifecycle was held
  堆栈跟踪:
     at MultiplayerHoeingAssistant.UnitTest.ServiceTests.TaskCenter.TaskCenterSuccessorPathGateTests.<>c__DisplayClass3_0.<<ProbeTerminalShutdownAsync>b__1>d.MoveNext() in E:\Program Files\better-genshin-impact-LCB\Test\MultiplayerHoeingAssistant.UnitTest\ServiceTests\TaskCenter\TaskCenterSuccessorPathGateTests.cs:line 137
--- End of stack trace from previous location ---
   at MultiplayerHoeingAssistant.UnitTest.ServiceTests.TaskCenter.TaskCenterSuccessorPathGateTests.ProbeNodeSubmitRoutingAsync(String root, Boolean successorWired, Action`1 concurrentWriteBeforeSend, Action`2 onBeforeSend, String[] nodeIds, Action afterLedgerBeforeClose, TaskCompletionSource holdFirstAccept, Func`1 beforeSuccessorAdmission, Action`3 onBeforeSendWithPayload, Action`1 configurePort, Action`1 configureSeams, Action`1 configureRuns, Boolean startViaHandoff, Action`1 afterOccupyBeforeSend, Func`5 afterConverged, Boolean requirePanelSourceForProbe, Func`4 afterRegistered, Action`1 observeLog) in E:\Program Files\better-genshin-impact-LCB\Test\MultiplayerHoeingAssistant.UnitTest\ServiceTests\TaskCenter\TaskCenterSuccessorPathGateTests.cs:line 2502
   at MultiplayerHoeingAssistant.UnitTest.ServiceTests.TaskCenter.TaskCenterSuccessorPathGateTests.ProbeNodeSubmitRoutingAsync(String root, Boolean successorWired, Action`1 concurrentWriteBeforeSend, Action`2 onBeforeSend, String[] nodeIds, Action afterLedgerBeforeClose, TaskCompletionSource holdFirstAccept, Func`1 beforeSuccessorAdmission, Action`3 onBeforeSendWithPayload, Action`1 configurePort, Action`1 configureSeams, Action`1 configureRuns, Boolean startViaHandoff, Action`1 afterOccupyBeforeSend, Func`5 afterConverged, Boolean requirePanelSourceForProbe, Func`4 afterRegistered, Action`1 observeLog) in E:\Program Files\better-genshin-impact-LCB\Test\MultiplayerHoeingAssistant.UnitTest\ServiceTests\TaskCenter\TaskCenterSuccessorPathGateTests.cs:line 2546
   at MultiplayerHoeingAssistant.UnitTest.ServiceTests.TaskCenter.TaskCenterSuccessorPathGateTests.ProbeTerminalShutdownAsync(Boolean handoff, Boolean beforeSeal, Boolean repeated) in E:\Program Files\better-genshin-impact-LCB\Test\MultiplayerHoeingAssistant.UnitTest\ServiceTests\TaskCenter\TaskCenterSuccessorPathGateTests.cs:line 81
--- End of stack trace from previous location ---
  失败 MultiplayerHoeingAssistant.UnitTest.ServiceTests.TaskCenter.TaskCenterSuccessorPathGateTests.OriginalHost_RepeatedShutdownWaitsForSameCompleteLifecycle(handoff: True, beforeSeal: True) [57 ms]
  错误消息:
   Repeated Shutdown returned while original terminal lifecycle was held
  堆栈跟踪:
     at MultiplayerHoeingAssistant.UnitTest.ServiceTests.TaskCenter.TaskCenterSuccessorPathGateTests.<>c__DisplayClass3_0.<<ProbeTerminalShutdownAsync>b__1>d.MoveNext() in E:\Program Files\better-genshin-impact-LCB\Test\MultiplayerHoeingAssistant.UnitTest\ServiceTests\TaskCenter\TaskCenterSuccessorPathGateTests.cs:line 137
--- End of stack trace from previous location ---
   at MultiplayerHoeingAssistant.UnitTest.ServiceTests.TaskCenter.TaskCenterSuccessorPathGateTests.ProbeNodeSubmitRoutingAsync(String root, Boolean successorWired, Action`1 concurrentWriteBeforeSend, Action`2 onBeforeSend, String[] nodeIds, Action afterLedgerBeforeClose, TaskCompletionSource holdFirstAccept, Func`1 beforeSuccessorAdmission, Action`3 onBeforeSendWithPayload, Action`1 configurePort, Action`1 configureSeams, Action`1 configureRuns, Boolean startViaHandoff, Action`1 afterOccupyBeforeSend, Func`5 afterConverged, Boolean requirePanelSourceForProbe, Func`4 afterRegistered, Action`1 observeLog) in E:\Program Files\better-genshin-impact-LCB\Test\MultiplayerHoeingAssistant.UnitTest\ServiceTests\TaskCenter\TaskCenterSuccessorPathGateTests.cs:line 2502
   at MultiplayerHoeingAssistant.UnitTest.ServiceTests.TaskCenter.TaskCenterSuccessorPathGateTests.ProbeNodeSubmitRoutingAsync(String root, Boolean successorWired, Action`1 concurrentWriteBeforeSend, Action`2 onBeforeSend, String[] nodeIds, Action afterLedgerBeforeClose, TaskCompletionSource holdFirstAccept, Func`1 beforeSuccessorAdmission, Action`3 onBeforeSendWithPayload, Action`1 configurePort, Action`1 configureSeams, Action`1 configureRuns, Boolean startViaHandoff, Action`1 afterOccupyBeforeSend, Func`5 afterConverged, Boolean requirePanelSourceForProbe, Func`4 afterRegistered, Action`1 observeLog) in E:\Program Files\better-genshin-impact-LCB\Test\MultiplayerHoeingAssistant.UnitTest\ServiceTests\TaskCenter\TaskCenterSuccessorPathGateTests.cs:line 2546
   at MultiplayerHoeingAssistant.UnitTest.ServiceTests.TaskCenter.TaskCenterSuccessorPathGateTests.ProbeTerminalShutdownAsync(Boolean handoff, Boolean beforeSeal, Boolean repeated) in E:\Program Files\better-genshin-impact-LCB\Test\MultiplayerHoeingAssistant.UnitTest\ServiceTests\TaskCenter\TaskCenterSuccessorPathGateTests.cs:line 81
--- End of stack trace from previous location ---
  失败 MultiplayerHoeingAssistant.UnitTest.ServiceTests.TaskCenter.TaskCenterSuccessorPathGateTests.OriginalHost_RepeatedShutdownWaitsForSameCompleteLifecycle(handoff: False, beforeSeal: False) [63 ms]
  错误消息:
   Repeated Shutdown returned while original terminal lifecycle was held
  堆栈跟踪:
     at MultiplayerHoeingAssistant.UnitTest.ServiceTests.TaskCenter.TaskCenterSuccessorPathGateTests.<>c__DisplayClass3_0.<<ProbeTerminalShutdownAsync>b__1>d.MoveNext() in E:\Program Files\better-genshin-impact-LCB\Test\MultiplayerHoeingAssistant.UnitTest\ServiceTests\TaskCenter\TaskCenterSuccessorPathGateTests.cs:line 137
--- End of stack trace from previous location ---
   at MultiplayerHoeingAssistant.UnitTest.ServiceTests.TaskCenter.TaskCenterSuccessorPathGateTests.ProbeNodeSubmitRoutingAsync(String root, Boolean successorWired, Action`1 concurrentWriteBeforeSend, Action`2 onBeforeSend, String[] nodeIds, Action afterLedgerBeforeClose, TaskCompletionSource holdFirstAccept, Func`1 beforeSuccessorAdmission, Action`3 onBeforeSendWithPayload, Action`1 configurePort, Action`1 configureSeams, Action`1 configureRuns, Boolean startViaHandoff, Action`1 afterOccupyBeforeSend, Func`5 afterConverged, Boolean requirePanelSourceForProbe, Func`4 afterRegistered, Action`1 observeLog) in E:\Program Files\better-genshin-impact-LCB\Test\MultiplayerHoeingAssistant.UnitTest\ServiceTests\TaskCenter\TaskCenterSuccessorPathGateTests.cs:line 2502
   at MultiplayerHoeingAssistant.UnitTest.ServiceTests.TaskCenter.TaskCenterSuccessorPathGateTests.ProbeNodeSubmitRoutingAsync(String root, Boolean successorWired, Action`1 concurrentWriteBeforeSend, Action`2 onBeforeSend, String[] nodeIds, Action afterLedgerBeforeClose, TaskCompletionSource holdFirstAccept, Func`1 beforeSuccessorAdmission, Action`3 onBeforeSendWithPayload, Action`1 configurePort, Action`1 configureSeams, Action`1 configureRuns, Boolean startViaHandoff, Action`1 afterOccupyBeforeSend, Func`5 afterConverged, Boolean requirePanelSourceForProbe, Func`4 afterRegistered, Action`1 observeLog) in E:\Program Files\better-genshin-impact-LCB\Test\MultiplayerHoeingAssistant.UnitTest\ServiceTests\TaskCenter\TaskCenterSuccessorPathGateTests.cs:line 2546
   at MultiplayerHoeingAssistant.UnitTest.ServiceTests.TaskCenter.TaskCenterSuccessorPathGateTests.ProbeTerminalShutdownAsync(Boolean handoff, Boolean beforeSeal, Boolean repeated) in E:\Program Files\better-genshin-impact-LCB\Test\MultiplayerHoeingAssistant.UnitTest\ServiceTests\TaskCenter\TaskCenterSuccessorPathGateTests.cs:line 81
--- End of stack trace from previous location ---
结果文件: E:/Program Files/better-genshin-impact-LCB/_workflow/local-wait-admission-gates-20261004/auto-relay-host-owner-wiring-20261005-from-01a107a2/host-red-r1\red.trx

失败!  - 失败:     8，通过:     0，已跳过:     0，总计:     8，持续时间: 404 ms - MultiplayerHoeingAssistant.UnitTest.dll (net8.0)
