VSTest 版本 17.11.1 (x64)

正在启动测试执行，请稍候...
总共 1 个测试文件与指定模式相匹配。
[xUnit.net 00:00:00.31]     MultiplayerHoeingAssistant.UnitTest.ServiceTests.TaskCenter.HistoricalExecutionObservationTests.HistoricalObservation_DirectBoundSealsRejectConflictingOutcomeSet(fault: "duplicate-identity") [FAIL]
[xUnit.net 00:00:00.32]     MultiplayerHoeingAssistant.UnitTest.ServiceTests.TaskCenter.HistoricalExecutionObservationTests.HistoricalObservation_DirectBoundSealsRejectConflictingOutcomeSet(fault: "result") [FAIL]
[xUnit.net 00:00:00.32]     MultiplayerHoeingAssistant.UnitTest.ServiceTests.TaskCenter.HistoricalExecutionObservationTests.HistoricalObservation_DirectBoundSealsRejectConflictingOutcomeSet(fault: "duplicate-key") [FAIL]
  失败 MultiplayerHoeingAssistant.UnitTest.ServiceTests.TaskCenter.HistoricalExecutionObservationTests.HistoricalObservation_DirectBoundSealsRejectConflictingOutcomeSet(fault: "duplicate-identity") [76 ms]
  错误消息:
   Assert.Null() Failure: Value is not null
Expected: null
Actual:   TerminalReleaseSeal { Id = 70c9e4b0fe8d4150a7ceba20699e2a7a, Scope = run, RunId = run-d017d984c2d2, WireRunId = 8bbaf67e36b249429691d03d0b3bc882, RecordRevision = 2, FactsHash = 24B9E284FE2278D5643E525831209592A0407249295CEF7C0913DC4BF22F3432, SubmissionIdentity =  }
  堆栈跟踪:
     at MultiplayerHoeingAssistant.UnitTest.ServiceTests.TaskCenter.HistoricalExecutionObservationTests.HistoricalObservation_DirectBoundSealsRejectConflictingOutcomeSet(String fault) in E:\Program Files\better-genshin-impact-LCB\Test\MultiplayerHoeingAssistant.UnitTest\ServiceTests\TaskCenter\HistoricalExecutionObservationTests.cs:line 112
   at System.RuntimeMethodHandle.InvokeMethod(Object target, Void** arguments, Signature sig, Boolean isConstructor)
   at System.Reflection.MethodBaseInvoker.InvokeDirectByRefWithFewArgs(Object obj, Span`1 copyOfArgs, BindingFlags invokeAttr)
  失败 MultiplayerHoeingAssistant.UnitTest.ServiceTests.TaskCenter.HistoricalExecutionObservationTests.HistoricalObservation_DirectBoundSealsRejectConflictingOutcomeSet(fault: "result") [4 ms]
  错误消息:
   Assert.Null() Failure: Value is not null
Expected: null
Actual:   TerminalReleaseSeal { Id = 92d161d01aa24680995e8ee197fd03cd, Scope = run, RunId = run-4f402e28bb99, WireRunId = 043ef1e47a16417b9ada2fa19a652ebe, RecordRevision = 2, FactsHash = E3E5E995878094602F12B231A102444001A61FD41C8CE29997B75FB65A0FE95D, SubmissionIdentity =  }
  堆栈跟踪:
     at MultiplayerHoeingAssistant.UnitTest.ServiceTests.TaskCenter.HistoricalExecutionObservationTests.HistoricalObservation_DirectBoundSealsRejectConflictingOutcomeSet(String fault) in E:\Program Files\better-genshin-impact-LCB\Test\MultiplayerHoeingAssistant.UnitTest\ServiceTests\TaskCenter\HistoricalExecutionObservationTests.cs:line 112
   at InvokeStub_HistoricalExecutionObservationTests.HistoricalObservation_DirectBoundSealsRejectConflictingOutcomeSet(Object, Span`1)
   at System.Reflection.MethodBaseInvoker.InvokeWithOneArg(Object obj, BindingFlags invokeAttr, Binder binder, Object[] parameters, CultureInfo culture)
  失败 MultiplayerHoeingAssistant.UnitTest.ServiceTests.TaskCenter.HistoricalExecutionObservationTests.HistoricalObservation_DirectBoundSealsRejectConflictingOutcomeSet(fault: "duplicate-key") [4 ms]
  错误消息:
   Assert.Null() Failure: Value is not null
Expected: null
Actual:   TerminalReleaseSeal { Id = d4905a9fffc24fffad0afcafa027a6f6, Scope = run, RunId = run-4df656a7dd59, WireRunId = 8566c66398214d5d865d51015f05cd2c, RecordRevision = 2, FactsHash = 709FF3ABD62D6362C8D1C54773C4B081C02533E8BAABDD1F8328D13BFCB8512F, SubmissionIdentity =  }
  堆栈跟踪:
     at MultiplayerHoeingAssistant.UnitTest.ServiceTests.TaskCenter.HistoricalExecutionObservationTests.HistoricalObservation_DirectBoundSealsRejectConflictingOutcomeSet(String fault) in E:\Program Files\better-genshin-impact-LCB\Test\MultiplayerHoeingAssistant.UnitTest\ServiceTests\TaskCenter\HistoricalExecutionObservationTests.cs:line 112
   at InvokeStub_HistoricalExecutionObservationTests.HistoricalObservation_DirectBoundSealsRejectConflictingOutcomeSet(Object, Span`1)
   at System.Reflection.MethodBaseInvoker.InvokeWithOneArg(Object obj, BindingFlags invokeAttr, Binder binder, Object[] parameters, CultureInfo culture)
结果文件: E:\Program Files\better-genshin-impact-LCB\_workflow\local-wait-admission-gates-20261004\auto-relay-history-outcome-20261004-from-01a10699\mutations\M3-run-seal\mutant.trx

失败!  - 失败:     3，通过:     0，已跳过:     0，总计:     3，持续时间: 7 ms - MultiplayerHoeingAssistant.UnitTest.dll (net8.0)
