<?xml version="1.0" encoding="utf-8"?>
<TestRun id="e88fcbfa-80b2-4991-b6b1-bb46eaf5dc75" name="kaedelcb@KAEDELCBPC 2026-10-04 18:56:15" runUser="KAEDELCBPC\kaedelcb" xmlns="http://microsoft.com/schemas/VisualStudio/TeamTest/2010">
  <Times creation="2026-10-04T18:56:15.2790770+08:00" queuing="2026-10-04T18:56:15.2790771+08:00" start="2026-10-04T18:56:14.1999401+08:00" finish="2026-10-04T18:56:15.3766157+08:00" />
  <TestSettings name="default" id="b9687386-bd73-41ee-88d4-12600c6427d6">
    <Deployment runDeploymentRoot="kaedelcb_KAEDELCBPC_2026-10-04_18_56_15" />
  </TestSettings>
  <Results>
    <UnitTestResult executionId="a7dc5719-2380-4dfa-939d-7350b717f641" testId="a9b672fe-a531-085a-9c28-7b85c924e9d9" testName="MultiplayerHoeingAssistant.UnitTest.ServiceTests.TaskCenter.TaskCenterExternalStartAdmissionTests.OriginalLateRound_HostArchivedResponsibility(archiveBeforeReceipt: True, archiveAfterTerminal: True, fault: &quot;wrong-terminal&quot;)" computerName="KAEDELCBPC" duration="00:00:00.0484413" startTime="2026-10-04T18:56:15.1495778+08:00" endTime="2026-10-04T18:56:15.1495780+08:00" testType="13cdc9d9-ddb5-4fa4-a97d-d965ccfc6d4b" outcome="Passed" testListId="8c84fa94-04c1-424b-9868-57a2d4851a1d" relativeResultsDirectory="a7dc5719-2380-4dfa-939d-7350b717f641" />
    <UnitTestResult executionId="bd5fd6ca-cb12-43ec-944c-a2ddb5645527" testId="77c3a20b-4b7a-8f9d-a321-dde5ecfbcd73" testName="MultiplayerHoeingAssistant.UnitTest.ServiceTests.TaskCenter.TaskCenterExternalStartAdmissionTests.OriginalLateRound_HostArchivedResponsibility(archiveBeforeReceipt: True, archiveAfterTerminal: True, fault: &quot;wrong-job&quot;)" computerName="KAEDELCBPC" duration="00:00:00.0555467" startTime="2026-10-04T18:56:15.2524274+08:00" endTime="2026-10-04T18:56:15.2524276+08:00" testType="13cdc9d9-ddb5-4fa4-a97d-d965ccfc6d4b" outcome="Passed" testListId="8c84fa94-04c1-424b-9868-57a2d4851a1d" relativeResultsDirectory="bd5fd6ca-cb12-43ec-944c-a2ddb5645527" />
    <UnitTestResult executionId="dabdc775-778d-4237-8375-e5f5abb5373f" testId="2a9f9d8c-5735-6b9c-188b-df361edfb853" testName="MultiplayerHoeingAssistant.UnitTest.ServiceTests.TaskCenter.TaskCenterExternalStartAdmissionTests.OriginalLateRound_HostArchivedResponsibility(archiveBeforeReceipt: True, archiveAfterTerminal: True, fault: &quot;valid&quot;)" computerName="KAEDELCBPC" duration="00:00:00.0540860" startTime="2026-10-04T18:56:14.9038055+08:00" endTime="2026-10-04T18:56:14.9038057+08:00" testType="13cdc9d9-ddb5-4fa4-a97d-d965ccfc6d4b" outcome="Passed" testListId="8c84fa94-04c1-424b-9868-57a2d4851a1d" relativeResultsDirectory="dabdc775-778d-4237-8375-e5f5abb5373f" />
    <UnitTestResult executionId="9e3c04a7-e411-406b-a499-ebb4cafeddcc" testId="d23169c9-e83d-0f62-928b-f9d448e0a4d7" testName="MultiplayerHoeingAssistant.UnitTest.ServiceTests.TaskCenter.TaskCenterExternalStartAdmissionTests.OriginalLateRound_HostArchivedResponsibility(archiveBeforeReceipt: True, archiveAfterTerminal: False, fault: &quot;valid&quot;)" computerName="KAEDELCBPC" duration="00:00:00.2086079" startTime="2026-10-04T18:56:14.8498903+08:00" endTime="2026-10-04T18:56:14.8498986+08:00" testType="13cdc9d9-ddb5-4fa4-a97d-d965ccfc6d4b" outcome="Passed" testListId="8c84fa94-04c1-424b-9868-57a2d4851a1d" relativeResultsDirectory="9e3c04a7-e411-406b-a499-ebb4cafeddcc" />
    <UnitTestResult executionId="1a751b0e-46e3-4683-b228-5292b25f69d2" testId="7c69dfe0-8326-5f08-59ac-fe52eb622bd8" testName="MultiplayerHoeingAssistant.UnitTest.ServiceTests.TaskCenter.TaskCenterExternalStartAdmissionTests.OriginalLateRound_HostArchivedResponsibility(archiveBeforeReceipt: True, archiveAfterTerminal: True, fault: &quot;wrong-time&quot;)" computerName="KAEDELCBPC" duration="00:00:00.0604285" startTime="2026-10-04T18:56:15.0566086+08:00" endTime="2026-10-04T18:56:15.0566087+08:00" testType="13cdc9d9-ddb5-4fa4-a97d-d965ccfc6d4b" outcome="Passed" testListId="8c84fa94-04c1-424b-9868-57a2d4851a1d" relativeResultsDirectory="1a751b0e-46e3-4683-b228-5292b25f69d2" />
    <UnitTestResult executionId="d9fbdefb-0c5a-480b-b8ed-bd4b602b5da0" testId="c3b180af-2f90-7402-8e39-d19c2121dc51" testName="MultiplayerHoeingAssistant.UnitTest.ServiceTests.TaskCenter.TaskCenterExternalStartAdmissionTests.OriginalLateRound_HostArchivedResponsibility(archiveBeforeReceipt: True, archiveAfterTerminal: True, fault: &quot;missing-terminal&quot;)" computerName="KAEDELCBPC" duration="00:00:00.0471267" startTime="2026-10-04T18:56:15.1967817+08:00" endTime="2026-10-04T18:56:15.1967818+08:00" testType="13cdc9d9-ddb5-4fa4-a97d-d965ccfc6d4b" outcome="Passed" testListId="8c84fa94-04c1-424b-9868-57a2d4851a1d" relativeResultsDirectory="d9fbdefb-0c5a-480b-b8ed-bd4b602b5da0" />
    <UnitTestResult executionId="4427297c-f5e3-40c0-b6ea-daf20317e09f" testId="e2a63dbc-a8fb-4536-84a1-74bf348043ed" testName="MultiplayerHoeingAssistant.UnitTest.ServiceTests.TaskCenter.TaskCenterExternalStartAdmissionTests.OriginalLateRound_CurrentTerminalArchiveReplays" computerName="KAEDELCBPC" duration="00:00:00.0379029" startTime="2026-10-04T18:56:15.3445568+08:00" endTime="2026-10-04T18:56:15.3445569+08:00" testType="13cdc9d9-ddb5-4fa4-a97d-d965ccfc6d4b" outcome="Passed" testListId="8c84fa94-04c1-424b-9868-57a2d4851a1d" relativeResultsDirectory="4427297c-f5e3-40c0-b6ea-daf20317e09f" />
    <UnitTestResult executionId="5e72d96c-eefa-4af2-a3db-fa34866e8a8a" testId="01262bcc-2076-b8f8-0265-0f5512c6c685" testName="MultiplayerHoeingAssistant.UnitTest.ServiceTests.TaskCenter.TaskCenterExternalStartAdmissionTests.OriginalLateRound_HostArchivedResponsibility(archiveBeforeReceipt: False, archiveAfterTerminal: True, fault: &quot;valid&quot;)" computerName="KAEDELCBPC" duration="00:00:00.0444082" startTime="2026-10-04T18:56:15.1010717+08:00" endTime="2026-10-04T18:56:15.1010718+08:00" testType="13cdc9d9-ddb5-4fa4-a97d-d965ccfc6d4b" outcome="Passed" testListId="8c84fa94-04c1-424b-9868-57a2d4851a1d" relativeResultsDirectory="5e72d96c-eefa-4af2-a3db-fa34866e8a8a" />
    <UnitTestResult executionId="ec5fdc64-19a1-4d35-871b-a70ad1e593ea" testId="e2447e20-9237-0d48-e6c2-468a5f05c460" testName="MultiplayerHoeingAssistant.UnitTest.ServiceTests.TaskCenter.TaskCenterExternalStartAdmissionTests.OriginalLateRound_HostArchivedResponsibility(archiveBeforeReceipt: False, archiveAfterTerminal: False, fault: &quot;valid&quot;)" computerName="KAEDELCBPC" duration="00:00:00.0434512" startTime="2026-10-04T18:56:14.9472942+08:00" endTime="2026-10-04T18:56:14.9472943+08:00" testType="13cdc9d9-ddb5-4fa4-a97d-d965ccfc6d4b" outcome="Passed" testListId="8c84fa94-04c1-424b-9868-57a2d4851a1d" relativeResultsDirectory="ec5fdc64-19a1-4d35-871b-a70ad1e593ea" />
    <UnitTestResult executionId="ea6d112a-d2b0-4772-acc1-55c46f9c89dd" testId="c6551b9c-acb0-5e9c-ddfe-f7949beb041c" testName="MultiplayerHoeingAssistant.UnitTest.ServiceTests.TaskCenter.TaskCenterExternalStartAdmissionTests.OriginalLateRound_HostArchivedResponsibility(archiveBeforeReceipt: True, archiveAfterTerminal: True, fault: &quot;wrong-source&quot;)" computerName="KAEDELCBPC" duration="00:00:00.0535002" startTime="2026-10-04T18:56:15.3060096+08:00" endTime="2026-10-04T18:56:15.3060097+08:00" testType="13cdc9d9-ddb5-4fa4-a97d-d965ccfc6d4b" outcome="Passed" testListId="8c84fa94-04c1-424b-9868-57a2d4851a1d" relativeResultsDirectory="ea6d112a-d2b0-4772-acc1-55c46f9c89dd" />
    <UnitTestResult executionId="eb354475-9168-42d2-9e6f-03b3b20c6318" testId="c015b4fd-5ed9-ffb9-921d-f63b2930e111" testName="MultiplayerHoeingAssistant.UnitTest.ServiceTests.TaskCenter.TaskCenterExternalStartAdmissionTests.OriginalLateRound_HostArchivedResponsibility(archiveBeforeReceipt: True, archiveAfterTerminal: True, fault: &quot;unconfirmed&quot;)" computerName="KAEDELCBPC" duration="00:00:00.0487081" startTime="2026-10-04T18:56:14.9960791+08:00" endTime="2026-10-04T18:56:14.9960792+08:00" testType="13cdc9d9-ddb5-4fa4-a97d-d965ccfc6d4b" outcome="Passed" testListId="8c84fa94-04c1-424b-9868-57a2d4851a1d" relativeResultsDirectory="eb354475-9168-42d2-9e6f-03b3b20c6318" />
  </Results>
  <TestDefinitions>
    <UnitTest name="MultiplayerHoeingAssistant.UnitTest.ServiceTests.TaskCenter.TaskCenterExternalStartAdmissionTests.OriginalLateRound_HostArchivedResponsibility(archiveBeforeReceipt: False, archiveAfterTerminal: False, fault: &quot;valid&quot;)" storage="e:\program files\better-genshin-impact-lcb\_workflow\local-wait-admission-gates-20261004\g10-completion\products\multiplayerhoeingassistant.unittest.dll" id="e2447e20-9237-0d48-e6c2-468a5f05c460">
      <Execution id="ec5fdc64-19a1-4d35-871b-a70ad1e593ea" />
      <TestMethod codeBase="E:\Program Files\better-genshin-impact-LCB\_workflow\local-wait-admission-gates-20261004\g10-completion\products\MultiplayerHoeingAssistant.UnitTest.dll" adapterTypeName="executor://xunit/VsTestRunner2/netcoreapp" className="MultiplayerHoeingAssistant.UnitTest.ServiceTests.TaskCenter.TaskCenterExternalStartAdmissionTests" name="OriginalLateRound_HostArchivedResponsibility" />
    </UnitTest>
    <UnitTest name="MultiplayerHoeingAssistant.UnitTest.ServiceTests.TaskCenter.TaskCenterExternalStartAdmissionTests.OriginalLateRound_HostArchivedResponsibility(archiveBeforeReceipt: True, archiveAfterTerminal: True, fault: &quot;wrong-source&quot;)" storage="e:\program files\better-genshin-impact-lcb\_workflow\local-wait-admission-gates-20261004\g10-completion\products\multiplayerhoeingassistant.unittest.dll" id="c6551b9c-acb0-5e9c-ddfe-f7949beb041c">
      <Execution id="ea6d112a-d2b0-4772-acc1-55c46f9c89dd" />
      <TestMethod codeBase="E:\Program Files\better-genshin-impact-LCB\_workflow\local-wait-admission-gates-20261004\g10-completion\products\MultiplayerHoeingAssistant.UnitTest.dll" adapterTypeName="executor://xunit/VsTestRunner2/netcoreapp" className="MultiplayerHoeingAssistant.UnitTest.ServiceTests.TaskCenter.TaskCenterExternalStartAdmissionTests" name="OriginalLateRound_HostArchivedResponsibility" />
    </UnitTest>
    <UnitTest name="MultiplayerHoeingAssistant.UnitTest.ServiceTests.TaskCenter.TaskCenterExternalStartAdmissionTests.OriginalLateRound_HostArchivedResponsibility(archiveBeforeReceipt: True, archiveAfterTerminal: True, fault: &quot;wrong-job&quot;)" storage="e:\program files\better-genshin-impact-lcb\_workflow\local-wait-admission-gates-20261004\g10-completion\products\multiplayerhoeingassistant.unittest.dll" id="77c3a20b-4b7a-8f9d-a321-dde5ecfbcd73">
      <Execution id="bd5fd6ca-cb12-43ec-944c-a2ddb5645527" />
      <TestMethod codeBase="E:\Program Files\better-genshin-impact-LCB\_workflow\local-wait-admission-gates-20261004\g10-completion\products\MultiplayerHoeingAssistant.UnitTest.dll" adapterTypeName="executor://xunit/VsTestRunner2/netcoreapp" className="MultiplayerHoeingAssistant.UnitTest.ServiceTests.TaskCenter.TaskCenterExternalStartAdmissionTests" name="OriginalLateRound_HostArchivedResponsibility" />
    </UnitTest>
    <UnitTest name="MultiplayerHoeingAssistant.UnitTest.ServiceTests.TaskCenter.TaskCenterExternalStartAdmissionTests.OriginalLateRound_HostArchivedResponsibility(archiveBeforeReceipt: True, archiveAfterTerminal: True, fault: &quot;missing-terminal&quot;)" storage="e:\program files\better-genshin-impact-lcb\_workflow\local-wait-admission-gates-20261004\g10-completion\products\multiplayerhoeingassistant.unittest.dll" id="c3b180af-2f90-7402-8e39-d19c2121dc51">
      <Execution id="d9fbdefb-0c5a-480b-b8ed-bd4b602b5da0" />
      <TestMethod codeBase="E:\Program Files\better-genshin-impact-LCB\_workflow\local-wait-admission-gates-20261004\g10-completion\products\MultiplayerHoeingAssistant.UnitTest.dll" adapterTypeName="executor://xunit/VsTestRunner2/netcoreapp" className="MultiplayerHoeingAssistant.UnitTest.ServiceTests.TaskCenter.TaskCenterExternalStartAdmissionTests" name="OriginalLateRound_HostArchivedResponsibility" />
    </UnitTest>
    <UnitTest name="MultiplayerHoeingAssistant.UnitTest.ServiceTests.TaskCenter.TaskCenterExternalStartAdmissionTests.OriginalLateRound_HostArchivedResponsibility(archiveBeforeReceipt: True, archiveAfterTerminal: True, fault: &quot;unconfirmed&quot;)" storage="e:\program files\better-genshin-impact-lcb\_workflow\local-wait-admission-gates-20261004\g10-completion\products\multiplayerhoeingassistant.unittest.dll" id="c015b4fd-5ed9-ffb9-921d-f63b2930e111">
      <Execution id="eb354475-9168-42d2-9e6f-03b3b20c6318" />
      <TestMethod codeBase="E:\Program Files\better-genshin-impact-LCB\_workflow\local-wait-admission-gates-20261004\g10-completion\products\MultiplayerHoeingAssistant.UnitTest.dll" adapterTypeName="executor://xunit/VsTestRunner2/netcoreapp" className="MultiplayerHoeingAssistant.UnitTest.ServiceTests.TaskCenter.TaskCenterExternalStartAdmissionTests" name="OriginalLateRound_HostArchivedResponsibility" />
    </UnitTest>
    <UnitTest name="MultiplayerHoeingAssistant.UnitTest.ServiceTests.TaskCenter.TaskCenterExternalStartAdmissionTests.OriginalLateRound_HostArchivedResponsibility(archiveBeforeReceipt: True, archiveAfterTerminal: True, fault: &quot;valid&quot;)" storage="e:\program files\better-genshin-impact-lcb\_workflow\local-wait-admission-gates-20261004\g10-completion\products\multiplayerhoeingassistant.unittest.dll" id="2a9f9d8c-5735-6b9c-188b-df361edfb853">
      <Execution id="dabdc775-778d-4237-8375-e5f5abb5373f" />
      <TestMethod codeBase="E:\Program Files\better-genshin-impact-LCB\_workflow\local-wait-admission-gates-20261004\g10-completion\products\MultiplayerHoeingAssistant.UnitTest.dll" adapterTypeName="executor://xunit/VsTestRunner2/netcoreapp" className="MultiplayerHoeingAssistant.UnitTest.ServiceTests.TaskCenter.TaskCenterExternalStartAdmissionTests" name="OriginalLateRound_HostArchivedResponsibility" />
    </UnitTest>
    <UnitTest name="MultiplayerHoeingAssistant.UnitTest.ServiceTests.TaskCenter.TaskCenterExternalStartAdmissionTests.OriginalLateRound_HostArchivedResponsibility(archiveBeforeReceipt: True, archiveAfterTerminal: True, fault: &quot;wrong-terminal&quot;)" storage="e:\program files\better-genshin-impact-lcb\_workflow\local-wait-admission-gates-20261004\g10-completion\products\multiplayerhoeingassistant.unittest.dll" id="a9b672fe-a531-085a-9c28-7b85c924e9d9">
      <Execution id="a7dc5719-2380-4dfa-939d-7350b717f641" />
      <TestMethod codeBase="E:\Program Files\better-genshin-impact-LCB\_workflow\local-wait-admission-gates-20261004\g10-completion\products\MultiplayerHoeingAssistant.UnitTest.dll" adapterTypeName="executor://xunit/VsTestRunner2/netcoreapp" className="MultiplayerHoeingAssistant.UnitTest.ServiceTests.TaskCenter.TaskCenterExternalStartAdmissionTests" name="OriginalLateRound_HostArchivedResponsibility" />
    </UnitTest>
    <UnitTest name="MultiplayerHoeingAssistant.UnitTest.ServiceTests.TaskCenter.TaskCenterExternalStartAdmissionTests.OriginalLateRound_HostArchivedResponsibility(archiveBeforeReceipt: True, archiveAfterTerminal: False, fault: &quot;valid&quot;)" storage="e:\program files\better-genshin-impact-lcb\_workflow\local-wait-admission-gates-20261004\g10-completion\products\multiplayerhoeingassistant.unittest.dll" id="d23169c9-e83d-0f62-928b-f9d448e0a4d7">
      <Execution id="9e3c04a7-e411-406b-a499-ebb4cafeddcc" />
      <TestMethod codeBase="E:\Program Files\better-genshin-impact-LCB\_workflow\local-wait-admission-gates-20261004\g10-completion\products\MultiplayerHoeingAssistant.UnitTest.dll" adapterTypeName="executor://xunit/VsTestRunner2/netcoreapp" className="MultiplayerHoeingAssistant.UnitTest.ServiceTests.TaskCenter.TaskCenterExternalStartAdmissionTests" name="OriginalLateRound_HostArchivedResponsibility" />
    </UnitTest>
    <UnitTest name="MultiplayerHoeingAssistant.UnitTest.ServiceTests.TaskCenter.TaskCenterExternalStartAdmissionTests.OriginalLateRound_HostArchivedResponsibility(archiveBeforeReceipt: True, archiveAfterTerminal: True, fault: &quot;wrong-time&quot;)" storage="e:\program files\better-genshin-impact-lcb\_workflow\local-wait-admission-gates-20261004\g10-completion\products\multiplayerhoeingassistant.unittest.dll" id="7c69dfe0-8326-5f08-59ac-fe52eb622bd8">
      <Execution id="1a751b0e-46e3-4683-b228-5292b25f69d2" />
      <TestMethod codeBase="E:\Program Files\better-genshin-impact-LCB\_workflow\local-wait-admission-gates-20261004\g10-completion\products\MultiplayerHoeingAssistant.UnitTest.dll" adapterTypeName="executor://xunit/VsTestRunner2/netcoreapp" className="MultiplayerHoeingAssistant.UnitTest.ServiceTests.TaskCenter.TaskCenterExternalStartAdmissionTests" name="OriginalLateRound_HostArchivedResponsibility" />
    </UnitTest>
    <UnitTest name="MultiplayerHoeingAssistant.UnitTest.ServiceTests.TaskCenter.TaskCenterExternalStartAdmissionTests.OriginalLateRound_CurrentTerminalArchiveReplays" storage="e:\program files\better-genshin-impact-lcb\_workflow\local-wait-admission-gates-20261004\g10-completion\products\multiplayerhoeingassistant.unittest.dll" id="e2a63dbc-a8fb-4536-84a1-74bf348043ed">
      <Execution id="4427297c-f5e3-40c0-b6ea-daf20317e09f" />
      <TestMethod codeBase="E:\Program Files\better-genshin-impact-LCB\_workflow\local-wait-admission-gates-20261004\g10-completion\products\MultiplayerHoeingAssistant.UnitTest.dll" adapterTypeName="executor://xunit/VsTestRunner2/netcoreapp" className="MultiplayerHoeingAssistant.UnitTest.ServiceTests.TaskCenter.TaskCenterExternalStartAdmissionTests" name="OriginalLateRound_CurrentTerminalArchiveReplays" />
    </UnitTest>
    <UnitTest name="MultiplayerHoeingAssistant.UnitTest.ServiceTests.TaskCenter.TaskCenterExternalStartAdmissionTests.OriginalLateRound_HostArchivedResponsibility(archiveBeforeReceipt: False, archiveAfterTerminal: True, fault: &quot;valid&quot;)" storage="e:\program files\better-genshin-impact-lcb\_workflow\local-wait-admission-gates-20261004\g10-completion\products\multiplayerhoeingassistant.unittest.dll" id="01262bcc-2076-b8f8-0265-0f5512c6c685">
      <Execution id="5e72d96c-eefa-4af2-a3db-fa34866e8a8a" />
      <TestMethod codeBase="E:\Program Files\better-genshin-impact-LCB\_workflow\local-wait-admission-gates-20261004\g10-completion\products\MultiplayerHoeingAssistant.UnitTest.dll" adapterTypeName="executor://xunit/VsTestRunner2/netcoreapp" className="MultiplayerHoeingAssistant.UnitTest.ServiceTests.TaskCenter.TaskCenterExternalStartAdmissionTests" name="OriginalLateRound_HostArchivedResponsibility" />
    </UnitTest>
  </TestDefinitions>
  <TestEntries>
    <TestEntry testId="a9b672fe-a531-085a-9c28-7b85c924e9d9" executionId="a7dc5719-2380-4dfa-939d-7350b717f641" testListId="8c84fa94-04c1-424b-9868-57a2d4851a1d" />
    <TestEntry testId="77c3a20b-4b7a-8f9d-a321-dde5ecfbcd73" executionId="bd5fd6ca-cb12-43ec-944c-a2ddb5645527" testListId="8c84fa94-04c1-424b-9868-57a2d4851a1d" />
    <TestEntry testId="2a9f9d8c-5735-6b9c-188b-df361edfb853" executionId="dabdc775-778d-4237-8375-e5f5abb5373f" testListId="8c84fa94-04c1-424b-9868-57a2d4851a1d" />
    <TestEntry testId="d23169c9-e83d-0f62-928b-f9d448e0a4d7" executionId="9e3c04a7-e411-406b-a499-ebb4cafeddcc" testListId="8c84fa94-04c1-424b-9868-57a2d4851a1d" />
    <TestEntry testId="7c69dfe0-8326-5f08-59ac-fe52eb622bd8" executionId="1a751b0e-46e3-4683-b228-5292b25f69d2" testListId="8c84fa94-04c1-424b-9868-57a2d4851a1d" />
    <TestEntry testId="c3b180af-2f90-7402-8e39-d19c2121dc51" executionId="d9fbdefb-0c5a-480b-b8ed-bd4b602b5da0" testListId="8c84fa94-04c1-424b-9868-57a2d4851a1d" />
    <TestEntry testId="e2a63dbc-a8fb-4536-84a1-74bf348043ed" executionId="4427297c-f5e3-40c0-b6ea-daf20317e09f" testListId="8c84fa94-04c1-424b-9868-57a2d4851a1d" />
    <TestEntry testId="01262bcc-2076-b8f8-0265-0f5512c6c685" executionId="5e72d96c-eefa-4af2-a3db-fa34866e8a8a" testListId="8c84fa94-04c1-424b-9868-57a2d4851a1d" />
    <TestEntry testId="e2447e20-9237-0d48-e6c2-468a5f05c460" executionId="ec5fdc64-19a1-4d35-871b-a70ad1e593ea" testListId="8c84fa94-04c1-424b-9868-57a2d4851a1d" />
    <TestEntry testId="c6551b9c-acb0-5e9c-ddfe-f7949beb041c" executionId="ea6d112a-d2b0-4772-acc1-55c46f9c89dd" testListId="8c84fa94-04c1-424b-9868-57a2d4851a1d" />
    <TestEntry testId="c015b4fd-5ed9-ffb9-921d-f63b2930e111" executionId="eb354475-9168-42d2-9e6f-03b3b20c6318" testListId="8c84fa94-04c1-424b-9868-57a2d4851a1d" />
  </TestEntries>
  <TestLists>
    <TestList name="列表中未列出的结果" id="8c84fa94-04c1-424b-9868-57a2d4851a1d" />
    <TestList name="所有已加载的结果" id="19431567-8539-422a-85d7-44ee4e166bda" />
  </TestLists>
  <ResultSummary outcome="Completed">
    <Counters total="11" executed="11" passed="11" failed="0" error="0" timeout="0" aborted="0" inconclusive="0" passedButRunAborted="0" notRunnable="0" notExecuted="0" disconnected="0" warning="0" completed="0" inProgress="0" pending="0" />
    <Output>
      <StdOut>[xUnit.net 00:00:00.00] xUnit.net VSTest Adapter v2.5.3.1+6b60a9e56a (64-bit .NET 8.0.14)&#xD;
[xUnit.net 00:00:00.06]   Discovering: MultiplayerHoeingAssistant.UnitTest&#xD;
[xUnit.net 00:00:00.21]   Discovered:  MultiplayerHoeingAssistant.UnitTest&#xD;
[xUnit.net 00:00:00.21]   Starting:    MultiplayerHoeingAssistant.UnitTest&#xD;
[xUnit.net 00:00:00.94]   Finished:    MultiplayerHoeingAssistant.UnitTest&#xD;
</StdOut>
    </Output>
  </ResultSummary>
</TestRun>