warning: in the working copy of 'MultiplayerHoeingAssistant/Services/TaskCenter/WorkflowStopAuthority.cs', LF will be replaced by CRLF the next time Git touches it
warning: in the working copy of 'MultiplayerHoeingAssistant/ViewModels/TaskCenterPanelViewModel.EditParts.cs', LF will be replaced by CRLF the next time Git touches it
warning: in the working copy of 'Test/MultiplayerHoeingAssistant.UnitTest/ServiceTests/TaskCenter/NativeSingleAuthoringTests.cs', LF will be replaced by CRLF the next time Git touches it
warning: in the working copy of 'Test/MultiplayerHoeingAssistant.UnitTest/ServiceTests/TaskCenter/StopFenceWireCompatibilityTests.cs', LF will be replaced by CRLF the next time Git touches it
warning: in the working copy of '_workflow/closeout-01a10cef/01a10cef-new-goal-readback.json', LF will be replaced by CRLF the next time Git touches it
warning: in the working copy of '_workflow/closeout-01a10cef/01a10cef-new-handshake-observation.json', LF will be replaced by CRLF the next time Git touches it
warning: in the working copy of '_workflow/closeout-01a10cef/FINAL-CANDIDATE.json', LF will be replaced by CRLF the next time Git touches it
warning: in the working copy of '_workflow/closeout-01a10cef/KNOWN-ISSUES.json', LF will be replaced by CRLF the next time Git touches it
warning: in the working copy of '_workflow/closeout-01a10cef/VALIDATION.md', LF will be replaced by CRLF the next time Git touches it
warning: in the working copy of '_workflow/closeout-01a10cef/bgi-focused/baseline-modules.json', LF will be replaced by CRLF the next time Git touches it
warning: in the working copy of '_workflow/closeout-01a10cef/bgi-focused/baseline-process-identity.json', LF will be replaced by CRLF the next time Git touches it
warning: in the working copy of '_workflow/closeout-01a10cef/bgi-focused/baseline-process-request.json', LF will be replaced by CRLF the next time Git touches it
warning: in the working copy of '_workflow/closeout-01a10cef/bgi-focused/baseline-process-result.json', LF will be replaced by CRLF the next time Git touches it
warning: in the working copy of '_workflow/closeout-01a10cef/bgi-focused/baseline-property/argv.json', LF will be replaced by CRLF the next time Git touches it
warning: in the working copy of '_workflow/closeout-01a10cef/bgi-focused/baseline-property/property-process-identity.json', LF will be replaced by CRLF the next time Git touches it
warning: in the working copy of '_workflow/closeout-01a10cef/bgi-focused/baseline-property/property-process-request.json', LF will be replaced by CRLF the next time Git touches it
warning: in the working copy of '_workflow/closeout-01a10cef/bgi-focused/baseline-property/property-process-result.json', LF will be replaced by CRLF the next time Git touches it
warning: in the working copy of '_workflow/closeout-01a10cef/bgi-focused/baseline-property/property-tree-terminal.json', LF will be replaced by CRLF the next time Git touches it
warning: in the working copy of '_workflow/closeout-01a10cef/bgi-focused/baseline-summary.json', LF will be replaced by CRLF the next time Git touches it
warning: in the working copy of '_workflow/closeout-01a10cef/bgi-focused/baseline-tree-terminal.json', LF will be replaced by CRLF the next time Git touches it
warning: in the working copy of '_workflow/closeout-01a10cef/bgi-focused/baseline.trx', LF will be replaced by CRLF the next time Git touches it
warning: in the working copy of '_workflow/closeout-01a10cef/bgi-focused/candidate-modules-final-readback.json', LF will be replaced by CRLF the next time Git touches it
warning: in the working copy of '_workflow/closeout-01a10cef/bgi-focused/candidate-modules.json', LF will be replaced by CRLF the next time Git touches it
warning: in the working copy of '_workflow/closeout-01a10cef/bgi-focused/candidate-process-identity.json', LF will be replaced by CRLF the next time Git touches it
warning: in the working copy of '_workflow/closeout-01a10cef/bgi-focused/candidate-process-request.json', LF will be replaced by CRLF the next time Git touches it
warning: in the working copy of '_workflow/closeout-01a10cef/bgi-focused/candidate-process-result.json', LF will be replaced by CRLF the next time Git touches it
warning: in the working copy of '_workflow/closeout-01a10cef/bgi-focused/candidate-property/argv.json', LF will be replaced by CRLF the next time Git touches it
warning: in the working copy of '_workflow/closeout-01a10cef/bgi-focused/candidate-property/property-process-identity.json', LF will be replaced by CRLF the next time Git touches it
warning: in the working copy of '_workflow/closeout-01a10cef/bgi-focused/candidate-property/property-process-request.json', LF will be replaced by CRLF the next time Git touches it
warning: in the working copy of '_workflow/closeout-01a10cef/bgi-focused/candidate-property/property-process-result.json', LF will be replaced by CRLF the next time Git touches it
warning: in the working copy of '_workflow/closeout-01a10cef/bgi-focused/candidate-property/property-tree-terminal.json', LF will be replaced by CRLF the next time Git touches it
warning: in the working copy of '_workflow/closeout-01a10cef/bgi-focused/candidate-summary.json', LF will be replaced by CRLF the next time Git touches it
warning: in the working copy of '_workflow/closeout-01a10cef/bgi-focused/candidate-tree-terminal.json', LF will be replaced by CRLF the next time Git touches it
warning: in the working copy of '_workflow/closeout-01a10cef/bgi-focused/candidate.trx', LF will be replaced by CRLF the next time Git touches it
warning: in the working copy of '_workflow/closeout-01a10cef/bgi-focused/conditions.json', LF will be replaced by CRLF the next time Git touches it
warning: in the working copy of '_workflow/closeout-01a10cef/bgi-focused/counterexample-helper-build-process-identity.json', LF will be replaced by CRLF the next time Git touches it
warning: in the working copy of '_workflow/closeout-01a10cef/bgi-focused/counterexample-helper-build-process-request.json', LF will be replaced by CRLF the next time Git touches it
warning: in the working copy of '_workflow/closeout-01a10cef/bgi-focused/counterexample-helper-build-process-result.json', LF will be replaced by CRLF the next time Git touches it
warning: in the working copy of '_workflow/closeout-01a10cef/bgi-focused/counterexample-helper-build-tree-terminal.json', LF will be replaced by CRLF the next time Git touches it
warning: in the working copy of '_workflow/closeout-01a10cef/bgi-focused/summary.json', LF will be replaced by CRLF the next time Git touches it
warning: in the working copy of '_workflow/closeout-01a10cef/bgi-sequential/baseline-modules.json', LF will be replaced by CRLF the next time Git touches it
warning: in the working copy of '_workflow/closeout-01a10cef/bgi-sequential/baseline-process-identity.json', LF will be replaced by CRLF the next time Git touches it
warning: in the working copy of '_workflow/closeout-01a10cef/bgi-sequential/baseline-process-request.json', LF will be replaced by CRLF the next time Git touches it
warning: in the working copy of '_workflow/closeout-01a10cef/bgi-sequential/baseline-process-result.json', LF will be replaced by CRLF the next time Git touches it
warning: in the working copy of '_workflow/closeout-01a10cef/bgi-sequential/baseline-summary.json', LF will be replaced by CRLF the next time Git touches it
warning: in the working copy of '_workflow/closeout-01a10cef/bgi-sequential/baseline-tree-terminal.json', LF will be replaced by CRLF the next time Git touches it
warning: in the working copy of '_workflow/closeout-01a10cef/bgi-sequential/baseline.trx', LF will be replaced by CRLF the next time Git touches it
warning: in the working copy of '_workflow/closeout-01a10cef/bgi-sequential/candidate-modules-final-readback.json', LF will be replaced by CRLF the next time Git touches it
warning: in the working copy of '_workflow/closeout-01a10cef/bgi-sequential/candidate-modules.json', LF will be replaced by CRLF the next time Git touches it
warning: in the working copy of '_workflow/closeout-01a10cef/bgi-sequential/candidate-process-identity.json', LF will be replaced by CRLF the next time Git touches it
warning: in the working copy of '_workflow/closeout-01a10cef/bgi-sequential/candidate-process-request.json', LF will be replaced by CRLF the next time Git touches it
warning: in the working copy of '_workflow/closeout-01a10cef/bgi-sequential/candidate-process-result.json', LF will be replaced by CRLF the next time Git touches it
warning: in the working copy of '_workflow/closeout-01a10cef/bgi-sequential/candidate-summary.json', LF will be replaced by CRLF the next time Git touches it
warning: in the working copy of '_workflow/closeout-01a10cef/bgi-sequential/candidate-tree-terminal.json', LF will be replaced by CRLF the next time Git touches it
warning: in the working copy of '_workflow/closeout-01a10cef/bgi-sequential/candidate.trx', LF will be replaced by CRLF the next time Git touches it
warning: in the working copy of '_workflow/closeout-01a10cef/bgi-sequential/conditions.json', LF will be replaced by CRLF the next time Git touches it
warning: in the working copy of '_workflow/closeout-01a10cef/bgi-sequential/summary.json', LF will be replaced by CRLF the next time Git touches it
warning: in the working copy of '_workflow/closeout-01a10cef/bundle.result.json', LF will be replaced by CRLF the next time Git touches it
warning: in the working copy of '_workflow/closeout-01a10cef/completion-material-audit.json', LF will be replaced by CRLF the next time Git touches it
warning: in the working copy of '_workflow/closeout-01a10cef/deliveries.result.json', LF will be replaced by CRLF the next time Git touches it
warning: in the working copy of '_workflow/closeout-01a10cef/emergency-restore.py', LF will be replaced by CRLF the next time Git touches it
warning: in the working copy of '_workflow/closeout-01a10cef/fence-check.py', LF will be replaced by CRLF the next time Git touches it
warning: in the working copy of '_workflow/closeout-01a10cef/fence-green/build-argv.json', LF will be replaced by CRLF the next time Git touches it
warning: in the working copy of '_workflow/closeout-01a10cef/fence-green/build-process-identity.json', LF will be replaced by CRLF the next time Git touches it
warning: in the working copy of '_workflow/closeout-01a10cef/fence-green/build-process-request.json', LF will be replaced by CRLF the next time Git touches it
warning: in the working copy of '_workflow/closeout-01a10cef/fence-green/build-process-result.json', LF will be replaced by CRLF the next time Git touches it
warning: in the working copy of '_workflow/closeout-01a10cef/fence-green/build-tree-terminal.json', LF will be replaced by CRLF the next time Git touches it
warning: in the working copy of '_workflow/closeout-01a10cef/fence-green/full-argv.json', LF will be replaced by CRLF the next time Git touches it
warning: in the working copy of '_workflow/closeout-01a10cef/fence-green/full-process-identity.json', LF will be replaced by CRLF the next time Git touches it
warning: in the working copy of '_workflow/closeout-01a10cef/fence-green/full-process-request.json', LF will be replaced by CRLF the next time Git touches it
warning: in the working copy of '_workflow/closeout-01a10cef/fence-green/full-process-result.json', LF will be replaced by CRLF the next time Git touches it
warning: in the working copy of '_workflow/closeout-01a10cef/fence-green/full-summary.json', LF will be replaced by CRLF the next time Git touches it
warning: in the working copy of '_workflow/closeout-01a10cef/fence-green/full-tree-terminal.json', LF will be replaced by CRLF the next time Git touches it
warning: in the working copy of '_workflow/closeout-01a10cef/fence-green/full.trx', LF will be replaced by CRLF the next time Git touches it
warning: in the working copy of '_workflow/closeout-01a10cef/fence-green/module.json', LF will be replaced by CRLF the next time Git touches it
warning: in the working copy of '_workflow/closeout-01a10cef/fence-green/runtime-build-argv.json', LF will be replaced by CRLF the next time Git touches it
warning: in the working copy of '_workflow/closeout-01a10cef/fence-green/runtime-build-process-identity.json', LF will be replaced by CRLF the next time Git touches it
warning: in the working copy of '_workflow/closeout-01a10cef/fence-green/runtime-build-process-request.json', LF will be replaced by CRLF the next time Git touches it
warning: in the working copy of '_workflow/closeout-01a10cef/fence-green/runtime-build-process-result.json', LF will be replaced by CRLF the next time Git touches it
warning: in the working copy of '_workflow/closeout-01a10cef/fence-green/runtime-build-tree-terminal.json', LF will be replaced by CRLF the next time Git touches it
warning: in the working copy of '_workflow/closeout-01a10cef/fence-green/source-after.json', LF will be replaced by CRLF the next time Git touches it
warning: in the working copy of '_workflow/closeout-01a10cef/fence-green/source-before.cs', LF will be replaced by CRLF the next time Git touches it
warning: in the working copy of '_workflow/closeout-01a10cef/fence-green/source-before.json', LF will be replaced by CRLF the next time Git touches it
warning: in the working copy of '_workflow/closeout-01a10cef/fence-green/targeted-argv.json', LF will be replaced by CRLF the next time Git touches it
warning: in the working copy of '_workflow/closeout-01a10cef/fence-green/targeted-process-identity.json', LF will be replaced by CRLF the next time Git touches it
warning: in the working copy of '_workflow/closeout-01a10cef/fence-green/targeted-process-request.json', LF will be replaced by CRLF the next time Git touches it
warning: in the working copy of '_workflow/closeout-01a10cef/fence-green/targeted-process-result.json', LF will be replaced by CRLF the next time Git touches it
warning: in the working copy of '_workflow/closeout-01a10cef/fence-green/targeted-summary.json', LF will be replaced by CRLF the next time Git touches it
warning: in the working copy of '_workflow/closeout-01a10cef/fence-green/targeted-tree-terminal.json', LF will be replaced by CRLF the next time Git touches it
warning: in the working copy of '_workflow/closeout-01a10cef/fence-green/targeted.trx', LF will be replaced by CRLF the next time Git touches it
warning: in the working copy of '_workflow/closeout-01a10cef/fence-implementation-before.cs', LF will be replaced by CRLF the next time Git touches it
warning: in the working copy of '_workflow/closeout-01a10cef/fence-implementation.json', LF will be replaced by CRLF the next time Git touches it
warning: in the working copy of '_workflow/closeout-01a10cef/fence-red/build-argv.json', LF will be replaced by CRLF the next time Git touches it
warning: in the working copy of '_workflow/closeout-01a10cef/fence-red/build-process-identity.json', LF will be replaced by CRLF the next time Git touches it
warning: in the working copy of '_workflow/closeout-01a10cef/fence-red/build-process-request.json', LF will be replaced by CRLF the next time Git touches it
warning: in the working copy of '_workflow/closeout-01a10cef/fence-red/build-process-result.json', LF will be replaced by CRLF the next time Git touches it
warning: in the working copy of '_workflow/closeout-01a10cef/fence-red/build-tree-terminal.json', LF will be replaced by CRLF the next time Git touches it
warning: in the working copy of '_workflow/closeout-01a10cef/fence-red/module.json', LF will be replaced by CRLF the next time Git touches it
warning: in the working copy of '_workflow/closeout-01a10cef/fence-red/source-after.json', LF will be replaced by CRLF the next time Git touches it
warning: in the working copy of '_workflow/closeout-01a10cef/fence-red/source-before.cs', LF will be replaced by CRLF the next time Git touches it
warning: in the working copy of '_workflow/closeout-01a10cef/fence-red/source-before.json', LF will be replaced by CRLF the next time Git touches it
warning: in the working copy of '_workflow/closeout-01a10cef/fence-red/targeted-argv.json', LF will be replaced by CRLF the next time Git touches it
warning: in the working copy of '_workflow/closeout-01a10cef/fence-red/targeted-process-identity.json', LF will be replaced by CRLF the next time Git touches it
warning: in the working copy of '_workflow/closeout-01a10cef/fence-red/targeted-process-request.json', LF will be replaced by CRLF the next time Git touches it
warning: in the working copy of '_workflow/closeout-01a10cef/fence-red/targeted-process-result.json', LF will be replaced by CRLF the next time Git touches it
warning: in the working copy of '_workflow/closeout-01a10cef/fence-red/targeted-summary.json', LF will be replaced by CRLF the next time Git touches it
warning: in the working copy of '_workflow/closeout-01a10cef/fence-red/targeted-tree-terminal.json', LF will be replaced by CRLF the next time Git touches it
warning: in the working copy of '_workflow/closeout-01a10cef/fence-red/targeted.trx', LF will be replaced by CRLF the next time Git touches it
warning: in the working copy of '_workflow/closeout-01a10cef/final-runtime-manifest.json', LF will be replaced by CRLF the next time Git touches it
warning: in the working copy of '_workflow/closeout-01a10cef/final-source-manifest.json', LF will be replaced by CRLF the next time Git touches it
warning: in the working copy of '_workflow/closeout-01a10cef/finalize-candidate.py', LF will be replaced by CRLF the next time Git touches it
warning: in the working copy of '_workflow/closeout-01a10cef/implement-fence.py', LF will be replaced by CRLF the next time Git touches it
warning: in the working copy of '_workflow/closeout-01a10cef/joint-migration-process-identity.json', LF will be replaced by CRLF the next time Git touches it
warning: in the working copy of '_workflow/closeout-01a10cef/joint-migration-process-request.json', LF will be replaced by CRLF the next time Git touches it
warning: in the working copy of '_workflow/closeout-01a10cef/joint-migration-process-result.json', LF will be replaced by CRLF the next time Git touches it
warning: in the working copy of '_workflow/closeout-01a10cef/joint-migration-tree-terminal.json', LF will be replaced by CRLF the next time Git touches it
warning: in the working copy of '_workflow/closeout-01a10cef/live-ipc/Program.cs', LF will be replaced by CRLF the next time Git touches it
warning: in the working copy of '_workflow/closeout-01a10cef/live-ipc/editor-r1/build-process-identity.json', LF will be replaced by CRLF the next time Git touches it
warning: in the working copy of '_workflow/closeout-01a10cef/live-ipc/editor-r1/build-process-request.json', LF will be replaced by CRLF the next time Git touches it
warning: in the working copy of '_workflow/closeout-01a10cef/live-ipc/editor-r1/build-process-result.json', LF will be replaced by CRLF the next time Git touches it
warning: in the working copy of '_workflow/closeout-01a10cef/live-ipc/editor-r1/build-tree-terminal.json', LF will be replaced by CRLF the next time Git touches it
warning: in the working copy of '_workflow/closeout-01a10cef/live-ipc/editor-r1/real-ipc-process-identity.json', LF will be replaced by CRLF the next time Git touches it
warning: in the working copy of '_workflow/closeout-01a10cef/live-ipc/editor-r1/real-ipc-process-request.json', LF will be replaced by CRLF the next time Git touches it
warning: in the working copy of '_workflow/closeout-01a10cef/live-ipc/editor-r1/real-ipc-process-result.json', LF will be replaced by CRLF the next time Git touches it
warning: in the working copy of '_workflow/closeout-01a10cef/live-ipc/editor-r1/real-ipc-tree-terminal.json', LF will be replaced by CRLF the next time Git touches it
warning: in the working copy of '_workflow/closeout-01a10cef/live-ipc/evidence-r2/build-process-identity.json', LF will be replaced by CRLF the next time Git touches it
warning: in the working copy of '_workflow/closeout-01a10cef/live-ipc/evidence-r2/build-process-request.json', LF will be replaced by CRLF the next time Git touches it
warning: in the working copy of '_workflow/closeout-01a10cef/live-ipc/evidence-r2/build-process-result.json', LF will be replaced by CRLF the next time Git touches it
warning: in the working copy of '_workflow/closeout-01a10cef/live-ipc/evidence-r2/build-tree-terminal.json', LF will be replaced by CRLF the next time Git touches it
warning: in the working copy of '_workflow/closeout-01a10cef/live-ipc/evidence-r2/real-ipc-process-identity.json', LF will be replaced by CRLF the next time Git touches it
warning: in the working copy of '_workflow/closeout-01a10cef/live-ipc/evidence-r2/real-ipc-process-request.json', LF will be replaced by CRLF the next time Git touches it
warning: in the working copy of '_workflow/closeout-01a10cef/live-ipc/evidence-r2/real-ipc-process-result.json', LF will be replaced by CRLF the next time Git touches it
warning: in the working copy of '_workflow/closeout-01a10cef/live-ipc/evidence/build-process-identity.json', LF will be replaced by CRLF the next time Git touches it
warning: in the working copy of '_workflow/closeout-01a10cef/live-ipc/evidence/build-process-request.json', LF will be replaced by CRLF the next time Git touches it
warning: in the working copy of '_workflow/closeout-01a10cef/live-ipc/evidence/build-process-result.json', LF will be replaced by CRLF the next time Git touches it
warning: in the working copy of '_workflow/closeout-01a10cef/live-ipc/evidence/build-tree-terminal.json', LF will be replaced by CRLF the next time Git touches it
warning: in the working copy of '_workflow/closeout-01a10cef/live-ipc/r3-fence-inspect/build-process-identity.json', LF will be replaced by CRLF the next time Git touches it
warning: in the working copy of '_workflow/closeout-01a10cef/live-ipc/r3-fence-inspect/build-process-request.json', LF will be replaced by CRLF the next time Git touches it
warning: in the working copy of '_workflow/closeout-01a10cef/live-ipc/r3-fence-inspect/build-process-result.json', LF will be replaced by CRLF the next time Git touches it
warning: in the working copy of '_workflow/closeout-01a10cef/live-ipc/r3-fence-inspect/build-tree-terminal.json', LF will be replaced by CRLF the next time Git touches it
warning: in the working copy of '_workflow/closeout-01a10cef/live-ipc/r3-fence-inspect/real-ipc-process-identity.json', LF will be replaced by CRLF the next time Git touches it
warning: in the working copy of '_workflow/closeout-01a10cef/live-ipc/r3-fence-inspect/real-ipc-process-request.json', LF will be replaced by CRLF the next time Git touches it
warning: in the working copy of '_workflow/closeout-01a10cef/live-ipc/r3-fence-inspect/real-ipc-process-result.json', LF will be replaced by CRLF the next time Git touches it
warning: in the working copy of '_workflow/closeout-01a10cef/live-ipc/r3-fence-inspect/real-ipc-tree-terminal.json', LF will be replaced by CRLF the next time Git touches it
warning: in the working copy of '_workflow/closeout-01a10cef/live-ipc/r3-migration/build-process-identity.json', LF will be replaced by CRLF the next time Git touches it
warning: in the working copy of '_workflow/closeout-01a10cef/live-ipc/r3-migration/build-process-request.json', LF will be replaced by CRLF the next time Git touches it
warning: in the working copy of '_workflow/closeout-01a10cef/live-ipc/r3-migration/build-process-result.json', LF will be replaced by CRLF the next time Git touches it
warning: in the working copy of '_workflow/closeout-01a10cef/live-ipc/r3-migration/build-tree-terminal.json', LF will be replaced by CRLF the next time Git touches it
warning: in the working copy of '_workflow/closeout-01a10cef/live-ipc/r3-migration/real-ipc-process-identity.json', LF will be replaced by CRLF the next time Git touches it
warning: in the working copy of '_workflow/closeout-01a10cef/live-ipc/r3-migration/real-ipc-process-request.json', LF will be replaced by CRLF the next time Git touches it
warning: in the working copy of '_workflow/closeout-01a10cef/live-ipc/r3-migration/real-ipc-process-result.json', LF will be replaced by CRLF the next time Git touches it
warning: in the working copy of '_workflow/closeout-01a10cef/live-ipc/r3-migration/real-ipc-tree-terminal.json', LF will be replaced by CRLF the next time Git touches it
warning: in the working copy of '_workflow/closeout-01a10cef/live-ipc/run.py', LF will be replaced by CRLF the next time Git touches it
warning: in the working copy of '_workflow/closeout-01a10cef/prepare-ui-inputs.py', LF will be replaced by CRLF the next time Git touches it
warning: in the working copy of '_workflow/closeout-01a10cef/rebuilt-dependency-source-binding.json', LF will be replaced by CRLF the next time Git touches it
warning: in the working copy of '_workflow/closeout-01a10cef/save-final-checkpoint.py', LF will be replaced by CRLF the next time Git touches it
warning: in the working copy of '_workflow/closeout-01a10cef/single-after.json', LF will be replaced by CRLF the next time Git touches it
warning: in the working copy of '_workflow/closeout-01a10cef/single-before/MultiplayerHoeingAssistant/ViewModels/TaskCenterPanelViewModel.EditParts.cs', LF will be replaced by CRLF the next time Git touches it
warning: in the working copy of '_workflow/closeout-01a10cef/single-check.py', LF will be replaced by CRLF the next time Git touches it
warning: in the working copy of '_workflow/closeout-01a10cef/single-green-r2/assistant-build-process-identity.json', LF will be replaced by CRLF the next time Git touches it
warning: in the working copy of '_workflow/closeout-01a10cef/single-green-r2/assistant-build-process-request.json', LF will be replaced by CRLF the next time Git touches it
warning: in the working copy of '_workflow/closeout-01a10cef/single-green-r2/assistant-build-process-result.json', LF will be replaced by CRLF the next time Git touches it
warning: in the working copy of '_workflow/closeout-01a10cef/single-green-r2/assistant-build-tree-terminal.json', LF will be replaced by CRLF the next time Git touches it
warning: in the working copy of '_workflow/closeout-01a10cef/single-green-r2/assistant-runtime-build-process-identity.json', LF will be replaced by CRLF the next time Git touches it
warning: in the working copy of '_workflow/closeout-01a10cef/single-green-r2/assistant-runtime-build-process-request.json', LF will be replaced by CRLF the next time Git touches it
warning: in the working copy of '_workflow/closeout-01a10cef/single-green-r2/assistant-runtime-build-process-result.json', LF will be replaced by CRLF the next time Git touches it
warning: in the working copy of '_workflow/closeout-01a10cef/single-green-r2/assistant-runtime-build-tree-terminal.json', LF will be replaced by CRLF the next time Git touches it
warning: in the working copy of '_workflow/closeout-01a10cef/single-green-r2/assistant-targeted-process-identity.json', LF will be replaced by CRLF the next time Git touches it
warning: in the working copy of '_workflow/closeout-01a10cef/single-green-r2/assistant-targeted-process-request.json', LF will be replaced by CRLF the next time Git touches it
warning: in the working copy of '_workflow/closeout-01a10cef/single-green-r2/assistant-targeted-process-result.json', LF will be replaced by CRLF the next time Git touches it
warning: in the working copy of '_workflow/closeout-01a10cef/single-green-r2/assistant-targeted-tree-terminal.json', LF will be replaced by CRLF the next time Git touches it
warning: in the working copy of '_workflow/closeout-01a10cef/single-green-r2/assistant.trx', LF will be replaced by CRLF the next time Git touches it
warning: in the working copy of '_workflow/closeout-01a10cef/single-green-r2/bgi-targeted-process-identity.json', LF will be replaced by CRLF the next time Git touches it
warning: in the working copy of '_workflow/closeout-01a10cef/single-green-r2/bgi-targeted-process-request.json', LF will be replaced by CRLF the next time Git touches it
warning: in the working copy of '_workflow/closeout-01a10cef/single-green-r2/bgi-targeted-process-result.json', LF will be replaced by CRLF the next time Git touches it
warning: in the working copy of '_workflow/closeout-01a10cef/single-green-r2/bgi-targeted-tree-terminal.json', LF will be replaced by CRLF the next time Git touches it
warning: in the working copy of '_workflow/closeout-01a10cef/single-green-r2/bgi.trx', LF will be replaced by CRLF the next time Git touches it
warning: in the working copy of '_workflow/closeout-01a10cef/single-green-r2/modules-before.json', LF will be replaced by CRLF the next time Git touches it
warning: in the working copy of '_workflow/closeout-01a10cef/single-green-r2/summary.json', LF will be replaced by CRLF the next time Git touches it
warning: in the working copy of '_workflow/closeout-01a10cef/single-green/assistant-build-process-identity.json', LF will be replaced by CRLF the next time Git touches it
warning: in the working copy of '_workflow/closeout-01a10cef/single-green/assistant-build-process-request.json', LF will be replaced by CRLF the next time Git touches it
warning: in the working copy of '_workflow/closeout-01a10cef/single-green/assistant-build-process-result.json', LF will be replaced by CRLF the next time Git touches it
warning: in the working copy of '_workflow/closeout-01a10cef/single-green/assistant-build-tree-terminal.json', LF will be replaced by CRLF the next time Git touches it
warning: in the working copy of '_workflow/closeout-01a10cef/single-green/assistant-runtime-build-process-identity.json', LF will be replaced by CRLF the next time Git touches it
warning: in the working copy of '_workflow/closeout-01a10cef/single-green/assistant-runtime-build-process-request.json', LF will be replaced by CRLF the next time Git touches it
warning: in the working copy of '_workflow/closeout-01a10cef/single-green/assistant-runtime-build-process-result.json', LF will be replaced by CRLF the next time Git touches it
warning: in the working copy of '_workflow/closeout-01a10cef/single-green/assistant-runtime-build-tree-terminal.json', LF will be replaced by CRLF the next time Git touches it
warning: in the working copy of '_workflow/closeout-01a10cef/single-green/assistant-targeted-process-identity.json', LF will be replaced by CRLF the next time Git touches it
warning: in the working copy of '_workflow/closeout-01a10cef/single-green/assistant-targeted-process-request.json', LF will be replaced by CRLF the next time Git touches it
warning: in the working copy of '_workflow/closeout-01a10cef/single-green/assistant-targeted-process-result.json', LF will be replaced by CRLF the next time Git touches it
warning: in the working copy of '_workflow/closeout-01a10cef/single-green/assistant-targeted-tree-terminal.json', LF will be replaced by CRLF the next time Git touches it
warning: in the working copy of '_workflow/closeout-01a10cef/single-green/assistant.trx', LF will be replaced by CRLF the next time Git touches it
warning: in the working copy of '_workflow/closeout-01a10cef/single-green/bgi-build-process-identity.json', LF will be replaced by CRLF the next time Git touches it
warning: in the working copy of '_workflow/closeout-01a10cef/single-green/bgi-build-process-request.json', LF will be replaced by CRLF the next time Git touches it
warning: in the working copy of '_workflow/closeout-01a10cef/single-green/bgi-build-process-result.json', LF will be replaced by CRLF the next time Git touches it
warning: in the working copy of '_workflow/closeout-01a10cef/single-green/bgi-build-tree-terminal.json', LF will be replaced by CRLF the next time Git touches it
warning: in the working copy of '_workflow/closeout-01a10cef/single-green/bgi-runtime-build-process-identity.json', LF will be replaced by CRLF the next time Git touches it
warning: in the working copy of '_workflow/closeout-01a10cef/single-green/bgi-runtime-build-process-request.json', LF will be replaced by CRLF the next time Git touches it
warning: in the working copy of '_workflow/closeout-01a10cef/single-green/bgi-runtime-build-process-result.json', LF will be replaced by CRLF the next time Git touches it
warning: in the working copy of '_workflow/closeout-01a10cef/single-green/bgi-runtime-build-tree-terminal.json', LF will be replaced by CRLF the next time Git touches it
warning: in the working copy of '_workflow/closeout-01a10cef/single-green/bgi-targeted-process-identity.json', LF will be replaced by CRLF the next time Git touches it
warning: in the working copy of '_workflow/closeout-01a10cef/single-green/bgi-targeted-process-request.json', LF will be replaced by CRLF the next time Git touches it
warning: in the working copy of '_workflow/closeout-01a10cef/single-green/bgi-targeted-process-result.json', LF will be replaced by CRLF the next time Git touches it
warning: in the working copy of '_workflow/closeout-01a10cef/single-green/bgi-targeted-tree-terminal.json', LF will be replaced by CRLF the next time Git touches it
warning: in the working copy of '_workflow/closeout-01a10cef/single-green/bgi.trx', LF will be replaced by CRLF the next time Git touches it
warning: in the working copy of '_workflow/closeout-01a10cef/single-green/modules-before.json', LF will be replaced by CRLF the next time Git touches it
warning: in the working copy of '_workflow/closeout-01a10cef/single-green/summary.json', LF will be replaced by CRLF the next time Git touches it
warning: in the working copy of '_workflow/closeout-01a10cef/single-plan-before.json', LF will be replaced by CRLF the next time Git touches it
warning: in the working copy of '_workflow/closeout-01a10cef/single-red/assistant-build-process-identity.json', LF will be replaced by CRLF the next time Git touches it
warning: in the working copy of '_workflow/closeout-01a10cef/single-red/assistant-build-process-request.json', LF will be replaced by CRLF the next time Git touches it
warning: in the working copy of '_workflow/closeout-01a10cef/single-red/assistant-build-process-result.json', LF will be replaced by CRLF the next time Git touches it
warning: in the working copy of '_workflow/closeout-01a10cef/single-red/assistant-build-tree-terminal.json', LF will be replaced by CRLF the next time Git touches it
warning: in the working copy of '_workflow/closeout-01a10cef/single-red/assistant-targeted-process-identity.json', LF will be replaced by CRLF the next time Git touches it
warning: in the working copy of '_workflow/closeout-01a10cef/single-red/assistant-targeted-process-request.json', LF will be replaced by CRLF the next time Git touches it
warning: in the working copy of '_workflow/closeout-01a10cef/single-red/assistant-targeted-process-result.json', LF will be replaced by CRLF the next time Git touches it
warning: in the working copy of '_workflow/closeout-01a10cef/single-red/assistant-targeted-tree-terminal.json', LF will be replaced by CRLF the next time Git touches it
warning: in the working copy of '_workflow/closeout-01a10cef/single-red/bgi-build-process-identity.json', LF will be replaced by CRLF the next time Git touches it
warning: in the working copy of '_workflow/closeout-01a10cef/single-red/bgi-build-process-request.json', LF will be replaced by CRLF the next time Git touches it
warning: in the working copy of '_workflow/closeout-01a10cef/single-red/bgi-build-process-result.json', LF will be replaced by CRLF the next time Git touches it
warning: in the working copy of '_workflow/closeout-01a10cef/single-red/bgi-build-tree-terminal.json', LF will be replaced by CRLF the next time Git touches it
warning: in the working copy of '_workflow/closeout-01a10cef/single-red/bgi-targeted-process-identity.json', LF will be replaced by CRLF the next time Git touches it
warning: in the working copy of '_workflow/closeout-01a10cef/single-red/bgi-targeted-process-request.json', LF will be replaced by CRLF the next time Git touches it
warning: in the working copy of '_workflow/closeout-01a10cef/single-red/bgi-targeted-process-result.json', LF will be replaced by CRLF the next time Git touches it
warning: in the working copy of '_workflow/closeout-01a10cef/single-red/bgi-targeted-tree-terminal.json', LF will be replaced by CRLF the next time Git touches it
warning: in the working copy of '_workflow/closeout-01a10cef/single-red/modules-before.json', LF will be replaced by CRLF the next time Git touches it
warning: in the working copy of '_workflow/closeout-01a10cef/single-restored-full/assistant-full-argv.json', LF will be replaced by CRLF the next time Git touches it
warning: in the working copy of '_workflow/closeout-01a10cef/single-restored-full/assistant-full-process-identity.json', LF will be replaced by CRLF the next time Git touches it
warning: in the working copy of '_workflow/closeout-01a10cef/single-restored-full/assistant-full-process-request.json', LF will be replaced by CRLF the next time Git touches it
warning: in the working copy of '_workflow/closeout-01a10cef/single-restored-full/assistant-full-process-result.json', LF will be replaced by CRLF the next time Git touches it
warning: in the working copy of '_workflow/closeout-01a10cef/single-restored-full/assistant-full-summary.json', LF will be replaced by CRLF the next time Git touches it
warning: in the working copy of '_workflow/closeout-01a10cef/single-restored-full/assistant-full-tree-terminal.json', LF will be replaced by CRLF the next time Git touches it
warning: in the working copy of '_workflow/closeout-01a10cef/single-restored-full/assistant-full.trx', LF will be replaced by CRLF the next time Git touches it
warning: in the working copy of '_workflow/closeout-01a10cef/single-restored-full/bgi-full-argv.json', LF will be replaced by CRLF the next time Git touches it
warning: in the working copy of '_workflow/closeout-01a10cef/single-restored-full/bgi-full-process-identity.json', LF will be replaced by CRLF the next time Git touches it
warning: in the working copy of '_workflow/closeout-01a10cef/single-restored-full/bgi-full-process-request.json', LF will be replaced by CRLF the next time Git touches it
warning: in the working copy of '_workflow/closeout-01a10cef/single-restored-full/bgi-full-process-result.json', LF will be replaced by CRLF the next time Git touches it
warning: in the working copy of '_workflow/closeout-01a10cef/single-restored-full/bgi-full-summary.json', LF will be replaced by CRLF the next time Git touches it
warning: in the working copy of '_workflow/closeout-01a10cef/single-restored-full/bgi-full-tree-terminal.json', LF will be replaced by CRLF the next time Git touches it
warning: in the working copy of '_workflow/closeout-01a10cef/single-restored-full/bgi-full.trx', LF will be replaced by CRLF the next time Git touches it
warning: in the working copy of '_workflow/closeout-01a10cef/single-restored-full/candidate-module-readback.json', LF will be replaced by CRLF the next time Git touches it
warning: in the working copy of '_workflow/closeout-01a10cef/single-restored-full/candidate-modules-before.json', LF will be replaced by CRLF the next time Git touches it
warning: in the working copy of '_workflow/closeout-01a10cef/single-restored-full/owner-argv.json', LF will be replaced by CRLF the next time Git touches it
warning: in the working copy of '_workflow/closeout-01a10cef/single-restored-full/owner-build-argv.json', LF will be replaced by CRLF the next time Git touches it
warning: in the working copy of '_workflow/closeout-01a10cef/single-restored-full/owner-build-process-identity.json', LF will be replaced by CRLF the next time Git touches it
warning: in the working copy of '_workflow/closeout-01a10cef/single-restored-full/owner-build-process-request.json', LF will be replaced by CRLF the next time Git touches it
warning: in the working copy of '_workflow/closeout-01a10cef/single-restored-full/owner-build-process-result.json', LF will be replaced by CRLF the next time Git touches it
warning: in the working copy of '_workflow/closeout-01a10cef/single-restored-full/owner-build-tree-terminal.json', LF will be replaced by CRLF the next time Git touches it
warning: in the working copy of '_workflow/closeout-01a10cef/single-restored-full/owner-mutation.json', LF will be replaced by CRLF the next time Git touches it
warning: in the working copy of '_workflow/closeout-01a10cef/single-restored-full/owner-process-identity.json', LF will be replaced by CRLF the next time Git touches it
warning: in the working copy of '_workflow/closeout-01a10cef/single-restored-full/owner-process-request.json', LF will be replaced by CRLF the next time Git touches it
warning: in the working copy of '_workflow/closeout-01a10cef/single-restored-full/owner-process-result.json', LF will be replaced by CRLF the next time Git touches it
warning: in the working copy of '_workflow/closeout-01a10cef/single-restored-full/owner-restored.json', LF will be replaced by CRLF the next time Git touches it
warning: in the working copy of '_workflow/closeout-01a10cef/single-restored-full/owner-summary.json', LF will be replaced by CRLF the next time Git touches it
warning: in the working copy of '_workflow/closeout-01a10cef/single-restored-full/owner-tree-terminal.json', LF will be replaced by CRLF the next time Git touches it
warning: in the working copy of '_workflow/closeout-01a10cef/single-restored-full/owner.trx', LF will be replaced by CRLF the next time Git touches it
warning: in the working copy of '_workflow/closeout-01a10cef/single-restored-full/restored-assistant-build-argv.json', LF will be replaced by CRLF the next time Git touches it
warning: in the working copy of '_workflow/closeout-01a10cef/single-restored-full/restored-assistant-build-process-identity.json', LF will be replaced by CRLF the next time Git touches it
warning: in the working copy of '_workflow/closeout-01a10cef/single-restored-full/restored-assistant-build-process-request.json', LF will be replaced by CRLF the next time Git touches it
warning: in the working copy of '_workflow/closeout-01a10cef/single-restored-full/restored-assistant-build-process-result.json', LF will be replaced by CRLF the next time Git touches it
warning: in the working copy of '_workflow/closeout-01a10cef/single-restored-full/restored-assistant-build-tree-terminal.json', LF will be replaced by CRLF the next time Git touches it
warning: in the working copy of '_workflow/closeout-01a10cef/single-restored-full/source-after.json', LF will be replaced by CRLF the next time Git touches it
warning: in the working copy of '_workflow/closeout-01a10cef/single-restored-full/source-before.json', LF will be replaced by CRLF the next time Git touches it
warning: in the working copy of '_workflow/closeout-01a10cef/single-restored-full/source-original.cs', LF will be replaced by CRLF the next time Git touches it
warning: in the working copy of '_workflow/closeout-01a10cef/single-restored-full/summary.json', LF will be replaced by CRLF the next time Git touches it
warning: in the working copy of '_workflow/closeout-01a10cef/single-restored-full/task-id-argv.json', LF will be replaced by CRLF the next time Git touches it
warning: in the working copy of '_workflow/closeout-01a10cef/single-restored-full/task-id-build-argv.json', LF will be replaced by CRLF the next time Git touches it
warning: in the working copy of '_workflow/closeout-01a10cef/single-restored-full/task-id-build-process-identity.json', LF will be replaced by CRLF the next time Git touches it
warning: in the working copy of '_workflow/closeout-01a10cef/single-restored-full/task-id-build-process-request.json', LF will be replaced by CRLF the next time Git touches it
warning: in the working copy of '_workflow/closeout-01a10cef/single-restored-full/task-id-build-process-result.json', LF will be replaced by CRLF the next time Git touches it
warning: in the working copy of '_workflow/closeout-01a10cef/single-restored-full/task-id-build-tree-terminal.json', LF will be replaced by CRLF the next time Git touches it
warning: in the working copy of '_workflow/closeout-01a10cef/single-restored-full/task-id-mutation.json', LF will be replaced by CRLF the next time Git touches it
warning: in the working copy of '_workflow/closeout-01a10cef/single-restored-full/task-id-process-identity.json', LF will be replaced by CRLF the next time Git touches it
warning: in the working copy of '_workflow/closeout-01a10cef/single-restored-full/task-id-process-request.json', LF will be replaced by CRLF the next time Git touches it
warning: in the working copy of '_workflow/closeout-01a10cef/single-restored-full/task-id-process-result.json', LF will be replaced by CRLF the next time Git touches it
warning: in the working copy of '_workflow/closeout-01a10cef/single-restored-full/task-id-restored.json', LF will be replaced by CRLF the next time Git touches it
warning: in the working copy of '_workflow/closeout-01a10cef/single-restored-full/task-id-summary.json', LF will be replaced by CRLF the next time Git touches it
warning: in the working copy of '_workflow/closeout-01a10cef/single-restored-full/task-id-tree-terminal.json', LF will be replaced by CRLF the next time Git touches it
warning: in the working copy of '_workflow/closeout-01a10cef/single-restored-full/task-id.trx', LF will be replaced by CRLF the next time Git touches it
warning: in the working copy of '_workflow/closeout-01a10cef/startup-negative/baseline-process-identity.json', LF will be replaced by CRLF the next time Git touches it
warning: in the working copy of '_workflow/closeout-01a10cef/startup-negative/baseline-process-request.json', LF will be replaced by CRLF the next time Git touches it
warning: in the working copy of '_workflow/closeout-01a10cef/startup-negative/baseline-process-result.json', LF will be replaced by CRLF the next time Git touches it
warning: in the working copy of '_workflow/closeout-01a10cef/startup-negative/baseline-summary.json', LF will be replaced by CRLF the next time Git touches it
warning: in the working copy of '_workflow/closeout-01a10cef/startup-negative/baseline-tree-terminal.json', LF will be replaced by CRLF the next time Git touches it
warning: in the working copy of '_workflow/closeout-01a10cef/startup-negative/baseline.trx', LF will be replaced by CRLF the next time Git touches it
warning: in the working copy of '_workflow/closeout-01a10cef/startup-negative/candidate-process-identity.json', LF will be replaced by CRLF the next time Git touches it
warning: in the working copy of '_workflow/closeout-01a10cef/startup-negative/candidate-process-request.json', LF will be replaced by CRLF the next time Git touches it
warning: in the working copy of '_workflow/closeout-01a10cef/startup-negative/candidate-process-result.json', LF will be replaced by CRLF the next time Git touches it
warning: in the working copy of '_workflow/closeout-01a10cef/startup-negative/candidate-summary.json', LF will be replaced by CRLF the next time Git touches it
warning: in the working copy of '_workflow/closeout-01a10cef/startup-negative/candidate-tree-terminal.json', LF will be replaced by CRLF the next time Git touches it
warning: in the working copy of '_workflow/closeout-01a10cef/startup-negative/candidate.trx', LF will be replaced by CRLF the next time Git touches it
warning: in the working copy of '_workflow/closeout-01a10cef/startup-negative/summary.json', LF will be replaced by CRLF the next time Git touches it
warning: in the working copy of '_workflow/closeout-01a10cef/storage-blocked-terminal.json', LF will be replaced by CRLF the next time Git touches it
warning: in the working copy of '_workflow/closeout-01a10cef/storage-tightening-authorization.json', LF will be replaced by CRLF the next time Git touches it
warning: in the working copy of '_workflow/closeout-01a10cef/ui-emergency-restored.json', LF will be replaced by CRLF the next time Git touches it
warning: in the working copy of '_workflow/closeout-01a10cef/ui-legacy-source.json', LF will be replaced by CRLF the next time Git touches it
warning: in the working copy of '_workflow/closeout-01a10cef/ui-protocol-terminal.json', LF will be replaced by CRLF the next time Git touches it
warning: in the working copy of '_workflow/closeout-01a10cef/ui-r3.py', LF will be replaced by CRLF the next time Git touches it
warning: in the working copy of '_workflow/closeout-01a10cef/ui-r3/own-resource-inputs.json', LF will be replaced by CRLF the next time Git touches it
warning: in the working copy of '_workflow/closeout-01a10cef/ui-r3/prepared.json', LF will be replaced by CRLF the next time Git touches it
warning: in the working copy of '_workflow/closeout-01a10cef/ui-r3/protocol-before.json', LF will be replaced by CRLF the next time Git touches it
warning: in the working copy of '_workflow/closeout-01a10cef/ui-r3/restored.json', LF will be replaced by CRLF the next time Git touches it
warning: in the working copy of '_workflow/closeout-01a10cef/ui-r3/verification-facts.json', LF will be replaced by CRLF the next time Git touches it
warning: in the working copy of '_workflow/closeout-01a10cef/ui-safety.py', LF will be replaced by CRLF the next time Git touches it
warning: in the working copy of '_workflow/closeout-01a10cef/verify-bgi-sequential.py', LF will be replaced by CRLF the next time Git touches it
warning: in the working copy of '_workflow/closeout-01a10cef/verify-native.py', LF will be replaced by CRLF the next time Git touches it
warning: in the working copy of '_workflow/closeout-01a10cef/verify-startup-negative.py', LF will be replaced by CRLF the next time Git touches it
warning: in the working copy of '_workflow/local-wait-admission-gates-20261004/plan.json', LF will be replaced by CRLF the next time Git touches it
warning: in the working copy of '_workflow/storage-policy.json', LF will be replaced by CRLF the next time Git touches it
warning: in the working copy of 'MultiplayerHoeingAssistant/Services/TaskCenter/WorkflowStopAuthority.cs', LF will be replaced by CRLF the next time Git touches it
warning: in the working copy of 'MultiplayerHoeingAssistant/ViewModels/TaskCenterPanelViewModel.EditParts.cs', LF will be replaced by CRLF the next time Git touches it
warning: in the working copy of 'Test/MultiplayerHoeingAssistant.UnitTest/ServiceTests/TaskCenter/NativeSingleAuthoringTests.cs', LF will be replaced by CRLF the next time Git touches it
warning: in the working copy of 'Test/MultiplayerHoeingAssistant.UnitTest/ServiceTests/TaskCenter/StopFenceWireCompatibilityTests.cs', LF will be replaced by CRLF the next time Git touches it
warning: in the working copy of '_workflow/closeout-01a10cef/01a10cef-new-goal-readback.json', LF will be replaced by CRLF the next time Git touches it
warning: in the working copy of '_workflow/closeout-01a10cef/01a10cef-new-handshake-observation.json', LF will be replaced by CRLF the next time Git touches it
warning: in the working copy of '_workflow/closeout-01a10cef/FINAL-CANDIDATE.json', LF will be replaced by CRLF the next time Git touches it
warning: in the working copy of '_workflow/closeout-01a10cef/KNOWN-ISSUES.json', LF will be replaced by CRLF the next time Git touches it
warning: in the working copy of '_workflow/closeout-01a10cef/VALIDATION.md', LF will be replaced by CRLF the next time Git touches it
warning: in the working copy of '_workflow/closeout-01a10cef/bgi-focused/baseline-modules.json', LF will be replaced by CRLF the next time Git touches it
warning: in the working copy of '_workflow/closeout-01a10cef/bgi-focused/baseline-process-identity.json', LF will be replaced by CRLF the next time Git touches it
warning: in the working copy of '_workflow/closeout-01a10cef/bgi-focused/baseline-process-request.json', LF will be replaced by CRLF the next time Git touches it
warning: in the working copy of '_workflow/closeout-01a10cef/bgi-focused/baseline-process-result.json', LF will be replaced by CRLF the next time Git touches it
warning: in the working copy of '_workflow/closeout-01a10cef/bgi-focused/baseline-property/argv.json', LF will be replaced by CRLF the next time Git touches it
warning: in the working copy of '_workflow/closeout-01a10cef/bgi-focused/baseline-property/property-process-identity.json', LF will be replaced by CRLF the next time Git touches it
warning: in the working copy of '_workflow/closeout-01a10cef/bgi-focused/baseline-property/property-process-request.json', LF will be replaced by CRLF the next time Git touches it
warning: in the working copy of '_workflow/closeout-01a10cef/bgi-focused/baseline-property/property-process-result.json', LF will be replaced by CRLF the next time Git touches it
warning: in the working copy of '_workflow/closeout-01a10cef/bgi-focused/baseline-property/property-tree-terminal.json', LF will be replaced by CRLF the next time Git touches it
warning: in the working copy of '_workflow/closeout-01a10cef/bgi-focused/baseline-summary.json', LF will be replaced by CRLF the next time Git touches it
warning: in the working copy of '_workflow/closeout-01a10cef/bgi-focused/baseline-tree-terminal.json', LF will be replaced by CRLF the next time Git touches it
warning: in the working copy of '_workflow/closeout-01a10cef/bgi-focused/baseline.trx', LF will be replaced by CRLF the next time Git touches it
warning: in the working copy of '_workflow/closeout-01a10cef/bgi-focused/candidate-modules-final-readback.json', LF will be replaced by CRLF the next time Git touches it
warning: in the working copy of '_workflow/closeout-01a10cef/bgi-focused/candidate-modules.json', LF will be replaced by CRLF the next time Git touches it
warning: in the working copy of '_workflow/closeout-01a10cef/bgi-focused/candidate-process-identity.json', LF will be replaced by CRLF the next time Git touches it
warning: in the working copy of '_workflow/closeout-01a10cef/bgi-focused/candidate-process-request.json', LF will be replaced by CRLF the next time Git touches it
warning: in the working copy of '_workflow/closeout-01a10cef/bgi-focused/candidate-process-result.json', LF will be replaced by CRLF the next time Git touches it
warning: in the working copy of '_workflow/closeout-01a10cef/bgi-focused/candidate-property/argv.json', LF will be replaced by CRLF the next time Git touches it
warning: in the working copy of '_workflow/closeout-01a10cef/bgi-focused/candidate-property/property-process-identity.json', LF will be replaced by CRLF the next time Git touches it
warning: in the working copy of '_workflow/closeout-01a10cef/bgi-focused/candidate-property/property-process-request.json', LF will be replaced by CRLF the next time Git touches it
warning: in the working copy of '_workflow/closeout-01a10cef/bgi-focused/candidate-property/property-process-result.json', LF will be replaced by CRLF the next time Git touches it
warning: in the working copy of '_workflow/closeout-01a10cef/bgi-focused/candidate-property/property-tree-terminal.json', LF will be replaced by CRLF the next time Git touches it
warning: in the working copy of '_workflow/closeout-01a10cef/bgi-focused/candidate-summary.json', LF will be replaced by CRLF the next time Git touches it
warning: in the working copy of '_workflow/closeout-01a10cef/bgi-focused/candidate-tree-terminal.json', LF will be replaced by CRLF the next time Git touches it
warning: in the working copy of '_workflow/closeout-01a10cef/bgi-focused/candidate.trx', LF will be replaced by CRLF the next time Git touches it
warning: in the working copy of '_workflow/closeout-01a10cef/bgi-focused/conditions.json', LF will be replaced by CRLF the next time Git touches it
warning: in the working copy of '_workflow/closeout-01a10cef/bgi-focused/counterexample-helper-build-process-identity.json', LF will be replaced by CRLF the next time Git touches it
warning: in the working copy of '_workflow/closeout-01a10cef/bgi-focused/counterexample-helper-build-process-request.json', LF will be replaced by CRLF the next time Git touches it
warning: in the working copy of '_workflow/closeout-01a10cef/bgi-focused/counterexample-helper-build-process-result.json', LF will be replaced by CRLF the next time Git touches it
warning: in the working copy of '_workflow/closeout-01a10cef/bgi-focused/counterexample-helper-build-tree-terminal.json', LF will be replaced by CRLF the next time Git touches it
warning: in the working copy of '_workflow/closeout-01a10cef/bgi-focused/summary.json', LF will be replaced by CRLF the next time Git touches it
warning: in the working copy of '_workflow/closeout-01a10cef/bgi-sequential/baseline-modules.json', LF will be replaced by CRLF the next time Git touches it
warning: in the working copy of '_workflow/closeout-01a10cef/bgi-sequential/baseline-process-identity.json', LF will be replaced by CRLF the next time Git touches it
warning: in the working copy of '_workflow/closeout-01a10cef/bgi-sequential/baseline-process-request.json', LF will be replaced by CRLF the next time Git touches it
warning: in the working copy of '_workflow/closeout-01a10cef/bgi-sequential/baseline-process-result.json', LF will be replaced by CRLF the next time Git touches it
warning: in the working copy of '_workflow/closeout-01a10cef/bgi-sequential/baseline-summary.json', LF will be replaced by CRLF the next time Git touches it
warning: in the working copy of '_workflow/closeout-01a10cef/bgi-sequential/baseline-tree-terminal.json', LF will be replaced by CRLF the next time Git touches it
warning: in the working copy of '_workflow/closeout-01a10cef/bgi-sequential/baseline.trx', LF will be replaced by CRLF the next time Git touches it
warning: in the working copy of '_workflow/closeout-01a10cef/bgi-sequential/candidate-modules-final-readback.json', LF will be replaced by CRLF the next time Git touches it
warning: in the working copy of '_workflow/closeout-01a10cef/bgi-sequential/candidate-modules.json', LF will be replaced by CRLF the next time Git touches it
warning: in the working copy of '_workflow/closeout-01a10cef/bgi-sequential/candidate-process-identity.json', LF will be replaced by CRLF the next time Git touches it
warning: in the working copy of '_workflow/closeout-01a10cef/bgi-sequential/candidate-process-request.json', LF will be replaced by CRLF the next time Git touches it
warning: in the working copy of '_workflow/closeout-01a10cef/bgi-sequential/candidate-process-result.json', LF will be replaced by CRLF the next time Git touches it
warning: in the working copy of '_workflow/closeout-01a10cef/bgi-sequential/candidate-summary.json', LF will be replaced by CRLF the next time Git touches it
warning: in the working copy of '_workflow/closeout-01a10cef/bgi-sequential/candidate-tree-terminal.json', LF will be replaced by CRLF the next time Git touches it
warning: in the working copy of '_workflow/closeout-01a10cef/bgi-sequential/candidate.trx', LF will be replaced by CRLF the next time Git touches it
warning: in the working copy of '_workflow/closeout-01a10cef/bgi-sequential/conditions.json', LF will be replaced by CRLF the next time Git touches it
warning: in the working copy of '_workflow/closeout-01a10cef/bgi-sequential/summary.json', LF will be replaced by CRLF the next time Git touches it
warning: in the working copy of '_workflow/closeout-01a10cef/bundle.result.json', LF will be replaced by CRLF the next time Git touches it
warning: in the working copy of '_workflow/closeout-01a10cef/completion-material-audit.json', LF will be replaced by CRLF the next time Git touches it
warning: in the working copy of '_workflow/closeout-01a10cef/deliveries.result.json', LF will be replaced by CRLF the next time Git touches it
warning: in the working copy of '_workflow/closeout-01a10cef/emergency-restore.py', LF will be replaced by CRLF the next time Git touches it
warning: in the working copy of '_workflow/closeout-01a10cef/fence-check.py', LF will be replaced by CRLF the next time Git touches it
warning: in the working copy of '_workflow/closeout-01a10cef/fence-green/build-argv.json', LF will be replaced by CRLF the next time Git touches it
warning: in the working copy of '_workflow/closeout-01a10cef/fence-green/build-process-identity.json', LF will be replaced by CRLF the next time Git touches it
warning: in the working copy of '_workflow/closeout-01a10cef/fence-green/build-process-request.json', LF will be replaced by CRLF the next time Git touches it
warning: in the working copy of '_workflow/closeout-01a10cef/fence-green/build-process-result.json', LF will be replaced by CRLF the next time Git touches it
warning: in the working copy of '_workflow/closeout-01a10cef/fence-green/build-tree-terminal.json', LF will be replaced by CRLF the next time Git touches it
warning: in the working copy of '_workflow/closeout-01a10cef/fence-green/full-argv.json', LF will be replaced by CRLF the next time Git touches it
warning: in the working copy of '_workflow/closeout-01a10cef/fence-green/full-process-identity.json', LF will be replaced by CRLF the next time Git touches it
warning: in the working copy of '_workflow/closeout-01a10cef/fence-green/full-process-request.json', LF will be replaced by CRLF the next time Git touches it
warning: in the working copy of '_workflow/closeout-01a10cef/fence-green/full-process-result.json', LF will be replaced by CRLF the next time Git touches it
warning: in the working copy of '_workflow/closeout-01a10cef/fence-green/full-summary.json', LF will be replaced by CRLF the next time Git touches it
warning: in the working copy of '_workflow/closeout-01a10cef/fence-green/full-tree-terminal.json', LF will be replaced by CRLF the next time Git touches it
warning: in the working copy of '_workflow/closeout-01a10cef/fence-green/full.trx', LF will be replaced by CRLF the next time Git touches it
warning: in the working copy of '_workflow/closeout-01a10cef/fence-green/module.json', LF will be replaced by CRLF the next time Git touches it
warning: in the working copy of '_workflow/closeout-01a10cef/fence-green/runtime-build-argv.json', LF will be replaced by CRLF the next time Git touches it
warning: in the working copy of '_workflow/closeout-01a10cef/fence-green/runtime-build-process-identity.json', LF will be replaced by CRLF the next time Git touches it
warning: in the working copy of '_workflow/closeout-01a10cef/fence-green/runtime-build-process-request.json', LF will be replaced by CRLF the next time Git touches it
warning: in the working copy of '_workflow/closeout-01a10cef/fence-green/runtime-build-process-result.json', LF will be replaced by CRLF the next time Git touches it
warning: in the working copy of '_workflow/closeout-01a10cef/fence-green/runtime-build-tree-terminal.json', LF will be replaced by CRLF the next time Git touches it
warning: in the working copy of '_workflow/closeout-01a10cef/fence-green/source-after.json', LF will be replaced by CRLF the next time Git touches it
warning: in the working copy of '_workflow/closeout-01a10cef/fence-green/source-before.cs', LF will be replaced by CRLF the next time Git touches it
warning: in the working copy of '_workflow/closeout-01a10cef/fence-green/source-before.json', LF will be replaced by CRLF the next time Git touches it
warning: in the working copy of '_workflow/closeout-01a10cef/fence-green/targeted-argv.json', LF will be replaced by CRLF the next time Git touches it
warning: in the working copy of '_workflow/closeout-01a10cef/fence-green/targeted-process-identity.json', LF will be replaced by CRLF the next time Git touches it
warning: in the working copy of '_workflow/closeout-01a10cef/fence-green/targeted-process-request.json', LF will be replaced by CRLF the next time Git touches it
warning: in the working copy of '_workflow/closeout-01a10cef/fence-green/targeted-process-result.json', LF will be replaced by CRLF the next time Git touches it
warning: in the working copy of '_workflow/closeout-01a10cef/fence-green/targeted-summary.json', LF will be replaced by CRLF the next time Git touches it
warning: in the working copy of '_workflow/closeout-01a10cef/fence-green/targeted-tree-terminal.json', LF will be replaced by CRLF the next time Git touches it
warning: in the working copy of '_workflow/closeout-01a10cef/fence-green/targeted.trx', LF will be replaced by CRLF the next time Git touches it
warning: in the working copy of '_workflow/closeout-01a10cef/fence-implementation-before.cs', LF will be replaced by CRLF the next time Git touches it
warning: in the working copy of '_workflow/closeout-01a10cef/fence-implementation.json', LF will be replaced by CRLF the next time Git touches it
warning: in the working copy of '_workflow/closeout-01a10cef/fence-red/build-argv.json', LF will be replaced by CRLF the next time Git touches it
warning: in the working copy of '_workflow/closeout-01a10cef/fence-red/build-process-identity.json', LF will be replaced by CRLF the next time Git touches it
warning: in the working copy of '_workflow/closeout-01a10cef/fence-red/build-process-request.json', LF will be replaced by CRLF the next time Git touches it
warning: in the working copy of '_workflow/closeout-01a10cef/fence-red/build-process-result.json', LF will be replaced by CRLF the next time Git touches it
warning: in the working copy of '_workflow/closeout-01a10cef/fence-red/build-tree-terminal.json', LF will be replaced by CRLF the next time Git touches it
warning: in the working copy of '_workflow/closeout-01a10cef/fence-red/module.json', LF will be replaced by CRLF the next time Git touches it
warning: in the working copy of '_workflow/closeout-01a10cef/fence-red/source-after.json', LF will be replaced by CRLF the next time Git touches it
warning: in the working copy of '_workflow/closeout-01a10cef/fence-red/source-before.cs', LF will be replaced by CRLF the next time Git touches it
warning: in the working copy of '_workflow/closeout-01a10cef/fence-red/source-before.json', LF will be replaced by CRLF the next time Git touches it
warning: in the working copy of '_workflow/closeout-01a10cef/fence-red/targeted-argv.json', LF will be replaced by CRLF the next time Git touches it
warning: in the working copy of '_workflow/closeout-01a10cef/fence-red/targeted-process-identity.json', LF will be replaced by CRLF the next time Git touches it
warning: in the working copy of '_workflow/closeout-01a10cef/fence-red/targeted-process-request.json', LF will be replaced by CRLF the next time Git touches it
warning: in the working copy of '_workflow/closeout-01a10cef/fence-red/targeted-process-result.json', LF will be replaced by CRLF the next time Git touches it
warning: in the working copy of '_workflow/closeout-01a10cef/fence-red/targeted-summary.json', LF will be replaced by CRLF the next time Git touches it
warning: in the working copy of '_workflow/closeout-01a10cef/fence-red/targeted-tree-terminal.json', LF will be replaced by CRLF the next time Git touches it
warning: in the working copy of '_workflow/closeout-01a10cef/fence-red/targeted.trx', LF will be replaced by CRLF the next time Git touches it
warning: in the working copy of '_workflow/closeout-01a10cef/final-runtime-manifest.json', LF will be replaced by CRLF the next time Git touches it
warning: in the working copy of '_workflow/closeout-01a10cef/final-source-manifest.json', LF will be replaced by CRLF the next time Git touches it
warning: in the working copy of '_workflow/closeout-01a10cef/finalize-candidate.py', LF will be replaced by CRLF the next time Git touches it
warning: in the working copy of '_workflow/closeout-01a10cef/implement-fence.py', LF will be replaced by CRLF the next time Git touches it
warning: in the working copy of '_workflow/closeout-01a10cef/joint-migration-process-identity.json', LF will be replaced by CRLF the next time Git touches it
warning: in the working copy of '_workflow/closeout-01a10cef/joint-migration-process-request.json', LF will be replaced by CRLF the next time Git touches it
warning: in the working copy of '_workflow/closeout-01a10cef/joint-migration-process-result.json', LF will be replaced by CRLF the next time Git touches it
warning: in the working copy of '_workflow/closeout-01a10cef/joint-migration-tree-terminal.json', LF will be replaced by CRLF the next time Git touches it
warning: in the working copy of '_workflow/closeout-01a10cef/live-ipc/Program.cs', LF will be replaced by CRLF the next time Git touches it
warning: in the working copy of '_workflow/closeout-01a10cef/live-ipc/editor-r1/build-process-identity.json', LF will be replaced by CRLF the next time Git touches it
warning: in the working copy of '_workflow/closeout-01a10cef/live-ipc/editor-r1/build-process-request.json', LF will be replaced by CRLF the next time Git touches it
warning: in the working copy of '_workflow/closeout-01a10cef/live-ipc/editor-r1/build-process-result.json', LF will be replaced by CRLF the next time Git touches it
warning: in the working copy of '_workflow/closeout-01a10cef/live-ipc/editor-r1/build-tree-terminal.json', LF will be replaced by CRLF the next time Git touches it
warning: in the working copy of '_workflow/closeout-01a10cef/live-ipc/editor-r1/real-ipc-process-identity.json', LF will be replaced by CRLF the next time Git touches it
warning: in the working copy of '_workflow/closeout-01a10cef/live-ipc/editor-r1/real-ipc-process-request.json', LF will be replaced by CRLF the next time Git touches it
warning: in the working copy of '_workflow/closeout-01a10cef/live-ipc/editor-r1/real-ipc-process-result.json', LF will be replaced by CRLF the next time Git touches it
warning: in the working copy of '_workflow/closeout-01a10cef/live-ipc/editor-r1/real-ipc-tree-terminal.json', LF will be replaced by CRLF the next time Git touches it
warning: in the working copy of '_workflow/closeout-01a10cef/live-ipc/evidence-r2/build-process-identity.json', LF will be replaced by CRLF the next time Git touches it
warning: in the working copy of '_workflow/closeout-01a10cef/live-ipc/evidence-r2/build-process-request.json', LF will be replaced by CRLF the next time Git touches it
warning: in the working copy of '_workflow/closeout-01a10cef/live-ipc/evidence-r2/build-process-result.json', LF will be replaced by CRLF the next time Git touches it
warning: in the working copy of '_workflow/closeout-01a10cef/live-ipc/evidence-r2/build-tree-terminal.json', LF will be replaced by CRLF the next time Git touches it
warning: in the working copy of '_workflow/closeout-01a10cef/live-ipc/evidence-r2/real-ipc-process-identity.json', LF will be replaced by CRLF the next time Git touches it
warning: in the working copy of '_workflow/closeout-01a10cef/live-ipc/evidence-r2/real-ipc-process-request.json', LF will be replaced by CRLF the next time Git touches it
warning: in the working copy of '_workflow/closeout-01a10cef/live-ipc/evidence-r2/real-ipc-process-result.json', LF will be replaced by CRLF the next time Git touches it
warning: in the working copy of '_workflow/closeout-01a10cef/live-ipc/evidence/build-process-identity.json', LF will be replaced by CRLF the next time Git touches it
warning: in the working copy of '_workflow/closeout-01a10cef/live-ipc/evidence/build-process-request.json', LF will be replaced by CRLF the next time Git touches it
warning: in the working copy of '_workflow/closeout-01a10cef/live-ipc/evidence/build-process-result.json', LF will be replaced by CRLF the next time Git touches it
warning: in the working copy of '_workflow/closeout-01a10cef/live-ipc/evidence/build-tree-terminal.json', LF will be replaced by CRLF the next time Git touches it
warning: in the working copy of '_workflow/closeout-01a10cef/live-ipc/r3-fence-inspect/build-process-identity.json', LF will be replaced by CRLF the next time Git touches it
warning: in the working copy of '_workflow/closeout-01a10cef/live-ipc/r3-fence-inspect/build-process-request.json', LF will be replaced by CRLF the next time Git touches it
warning: in the working copy of '_workflow/closeout-01a10cef/live-ipc/r3-fence-inspect/build-process-result.json', LF will be replaced by CRLF the next time Git touches it
warning: in the working copy of '_workflow/closeout-01a10cef/live-ipc/r3-fence-inspect/build-tree-terminal.json', LF will be replaced by CRLF the next time Git touches it
warning: in the working copy of '_workflow/closeout-01a10cef/live-ipc/r3-fence-inspect/real-ipc-process-identity.json', LF will be replaced by CRLF the next time Git touches it
warning: in the working copy of '_workflow/closeout-01a10cef/live-ipc/r3-fence-inspect/real-ipc-process-request.json', LF will be replaced by CRLF the next time Git touches it
warning: in the working copy of '_workflow/closeout-01a10cef/live-ipc/r3-fence-inspect/real-ipc-process-result.json', LF will be replaced by CRLF the next time Git touches it
warning: in the working copy of '_workflow/closeout-01a10cef/live-ipc/r3-fence-inspect/real-ipc-tree-terminal.json', LF will be replaced by CRLF the next time Git touches it
warning: in the working copy of '_workflow/closeout-01a10cef/live-ipc/r3-migration/build-process-identity.json', LF will be replaced by CRLF the next time Git touches it
warning: in the working copy of '_workflow/closeout-01a10cef/live-ipc/r3-migration/build-process-request.json', LF will be replaced by CRLF the next time Git touches it
warning: in the working copy of '_workflow/closeout-01a10cef/live-ipc/r3-migration/build-process-result.json', LF will be replaced by CRLF the next time Git touches it
warning: in the working copy of '_workflow/closeout-01a10cef/live-ipc/r3-migration/build-tree-terminal.json', LF will be replaced by CRLF the next time Git touches it
warning: in the working copy of '_workflow/closeout-01a10cef/live-ipc/r3-migration/real-ipc-process-identity.json', LF will be replaced by CRLF the next time Git touches it
warning: in the working copy of '_workflow/closeout-01a10cef/live-ipc/r3-migration/real-ipc-process-request.json', LF will be replaced by CRLF the next time Git touches it
warning: in the working copy of '_workflow/closeout-01a10cef/live-ipc/r3-migration/real-ipc-process-result.json', LF will be replaced by CRLF the next time Git touches it
warning: in the working copy of '_workflow/closeout-01a10cef/live-ipc/r3-migration/real-ipc-tree-terminal.json', LF will be replaced by CRLF the next time Git touches it
warning: in the working copy of '_workflow/closeout-01a10cef/live-ipc/run.py', LF will be replaced by CRLF the next time Git touches it
warning: in the working copy of '_workflow/closeout-01a10cef/prepare-ui-inputs.py', LF will be replaced by CRLF the next time Git touches it
warning: in the working copy of '_workflow/closeout-01a10cef/rebuilt-dependency-source-binding.json', LF will be replaced by CRLF the next time Git touches it
warning: in the working copy of '_workflow/closeout-01a10cef/save-final-checkpoint.py', LF will be replaced by CRLF the next time Git touches it
warning: in the working copy of '_workflow/closeout-01a10cef/single-after.json', LF will be replaced by CRLF the next time Git touches it
warning: in the working copy of '_workflow/closeout-01a10cef/single-before/MultiplayerHoeingAssistant/ViewModels/TaskCenterPanelViewModel.EditParts.cs', LF will be replaced by CRLF the next time Git touches it
warning: in the working copy of '_workflow/closeout-01a10cef/single-check.py', LF will be replaced by CRLF the next time Git touches it
warning: in the working copy of '_workflow/closeout-01a10cef/single-green-r2/assistant-build-process-identity.json', LF will be replaced by CRLF the next time Git touches it
warning: in the working copy of '_workflow/closeout-01a10cef/single-green-r2/assistant-build-process-request.json', LF will be replaced by CRLF the next time Git touches it
warning: in the working copy of '_workflow/closeout-01a10cef/single-green-r2/assistant-build-process-result.json', LF will be replaced by CRLF the next time Git touches it
warning: in the working copy of '_workflow/closeout-01a10cef/single-green-r2/assistant-build-tree-terminal.json', LF will be replaced by CRLF the next time Git touches it
warning: in the working copy of '_workflow/closeout-01a10cef/single-green-r2/assistant-runtime-build-process-identity.json', LF will be replaced by CRLF the next time Git touches it
warning: in the working copy of '_workflow/closeout-01a10cef/single-green-r2/assistant-runtime-build-process-request.json', LF will be replaced by CRLF the next time Git touches it
warning: in the working copy of '_workflow/closeout-01a10cef/single-green-r2/assistant-runtime-build-process-result.json', LF will be replaced by CRLF the next time Git touches it
warning: in the working copy of '_workflow/closeout-01a10cef/single-green-r2/assistant-runtime-build-tree-terminal.json', LF will be replaced by CRLF the next time Git touches it
warning: in the working copy of '_workflow/closeout-01a10cef/single-green-r2/assistant-targeted-process-identity.json', LF will be replaced by CRLF the next time Git touches it
warning: in the working copy of '_workflow/closeout-01a10cef/single-green-r2/assistant-targeted-process-request.json', LF will be replaced by CRLF the next time Git touches it
warning: in the working copy of '_workflow/closeout-01a10cef/single-green-r2/assistant-targeted-process-result.json', LF will be replaced by CRLF the next time Git touches it
warning: in the working copy of '_workflow/closeout-01a10cef/single-green-r2/assistant-targeted-tree-terminal.json', LF will be replaced by CRLF the next time Git touches it
warning: in the working copy of '_workflow/closeout-01a10cef/single-green-r2/assistant.trx', LF will be replaced by CRLF the next time Git touches it
warning: in the working copy of '_workflow/closeout-01a10cef/single-green-r2/bgi-targeted-process-identity.json', LF will be replaced by CRLF the next time Git touches it
warning: in the working copy of '_workflow/closeout-01a10cef/single-green-r2/bgi-targeted-process-request.json', LF will be replaced by CRLF the next time Git touches it
warning: in the working copy of '_workflow/closeout-01a10cef/single-green-r2/bgi-targeted-process-result.json', LF will be replaced by CRLF the next time Git touches it
warning: in the working copy of '_workflow/closeout-01a10cef/single-green-r2/bgi-targeted-tree-terminal.json', LF will be replaced by CRLF the next time Git touches it
warning: in the working copy of '_workflow/closeout-01a10cef/single-green-r2/bgi.trx', LF will be replaced by CRLF the next time Git touches it
warning: in the working copy of '_workflow/closeout-01a10cef/single-green-r2/modules-before.json', LF will be replaced by CRLF the next time Git touches it
warning: in the working copy of '_workflow/closeout-01a10cef/single-green-r2/summary.json', LF will be replaced by CRLF the next time Git touches it
warning: in the working copy of '_workflow/closeout-01a10cef/single-green/assistant-build-process-identity.json', LF will be replaced by CRLF the next time Git touches it
warning: in the working copy of '_workflow/closeout-01a10cef/single-green/assistant-build-process-request.json', LF will be replaced by CRLF the next time Git touches it
warning: in the working copy of '_workflow/closeout-01a10cef/single-green/assistant-build-process-result.json', LF will be replaced by CRLF the next time Git touches it
warning: in the working copy of '_workflow/closeout-01a10cef/single-green/assistant-build-tree-terminal.json', LF will be replaced by CRLF the next time Git touches it
warning: in the working copy of '_workflow/closeout-01a10cef/single-green/assistant-runtime-build-process-identity.json', LF will be replaced by CRLF the next time Git touches it
warning: in the working copy of '_workflow/closeout-01a10cef/single-green/assistant-runtime-build-process-request.json', LF will be replaced by CRLF the next time Git touches it
warning: in the working copy of '_workflow/closeout-01a10cef/single-green/assistant-runtime-build-process-result.json', LF will be replaced by CRLF the next time Git touches it
warning: in the working copy of '_workflow/closeout-01a10cef/single-green/assistant-runtime-build-tree-terminal.json', LF will be replaced by CRLF the next time Git touches it
warning: in the working copy of '_workflow/closeout-01a10cef/single-green/assistant-targeted-process-identity.json', LF will be replaced by CRLF the next time Git touches it
warning: in the working copy of '_workflow/closeout-01a10cef/single-green/assistant-targeted-process-request.json', LF will be replaced by CRLF the next time Git touches it
warning: in the working copy of '_workflow/closeout-01a10cef/single-green/assistant-targeted-process-result.json', LF will be replaced by CRLF the next time Git touches it
warning: in the working copy of '_workflow/closeout-01a10cef/single-green/assistant-targeted-tree-terminal.json', LF will be replaced by CRLF the next time Git touches it
warning: in the working copy of '_workflow/closeout-01a10cef/single-green/assistant.trx', LF will be replaced by CRLF the next time Git touches it
warning: in the working copy of '_workflow/closeout-01a10cef/single-green/bgi-build-process-identity.json', LF will be replaced by CRLF the next time Git touches it
warning: in the working copy of '_workflow/closeout-01a10cef/single-green/bgi-build-process-request.json', LF will be replaced by CRLF the next time Git touches it
warning: in the working copy of '_workflow/closeout-01a10cef/single-green/bgi-build-process-result.json', LF will be replaced by CRLF the next time Git touches it
warning: in the working copy of '_workflow/closeout-01a10cef/single-green/bgi-build-tree-terminal.json', LF will be replaced by CRLF the next time Git touches it
warning: in the working copy of '_workflow/closeout-01a10cef/single-green/bgi-runtime-build-process-identity.json', LF will be replaced by CRLF the next time Git touches it
warning: in the working copy of '_workflow/closeout-01a10cef/single-green/bgi-runtime-build-process-request.json', LF will be replaced by CRLF the next time Git touches it
warning: in the working copy of '_workflow/closeout-01a10cef/single-green/bgi-runtime-build-process-result.json', LF will be replaced by CRLF the next time Git touches it
warning: in the working copy of '_workflow/closeout-01a10cef/single-green/bgi-runtime-build-tree-terminal.json', LF will be replaced by CRLF the next time Git touches it
warning: in the working copy of '_workflow/closeout-01a10cef/single-green/bgi-targeted-process-identity.json', LF will be replaced by CRLF the next time Git touches it
warning: in the working copy of '_workflow/closeout-01a10cef/single-green/bgi-targeted-process-request.json', LF will be replaced by CRLF the next time Git touches it
warning: in the working copy of '_workflow/closeout-01a10cef/single-green/bgi-targeted-process-result.json', LF will be replaced by CRLF the next time Git touches it
warning: in the working copy of '_workflow/closeout-01a10cef/single-green/bgi-targeted-tree-terminal.json', LF will be replaced by CRLF the next time Git touches it
warning: in the working copy of '_workflow/closeout-01a10cef/single-green/bgi.trx', LF will be replaced by CRLF the next time Git touches it
warning: in the working copy of '_workflow/closeout-01a10cef/single-green/modules-before.json', LF will be replaced by CRLF the next time Git touches it
warning: in the working copy of '_workflow/closeout-01a10cef/single-green/summary.json', LF will be replaced by CRLF the next time Git touches it
warning: in the working copy of '_workflow/closeout-01a10cef/single-plan-before.json', LF will be replaced by CRLF the next time Git touches it
warning: in the working copy of '_workflow/closeout-01a10cef/single-red/assistant-build-process-identity.json', LF will be replaced by CRLF the next time Git touches it
warning: in the working copy of '_workflow/closeout-01a10cef/single-red/assistant-build-process-request.json', LF will be replaced by CRLF the next time Git touches it
warning: in the working copy of '_workflow/closeout-01a10cef/single-red/assistant-build-process-result.json', LF will be replaced by CRLF the next time Git touches it
warning: in the working copy of '_workflow/closeout-01a10cef/single-red/assistant-build-tree-terminal.json', LF will be replaced by CRLF the next time Git touches it
warning: in the working copy of '_workflow/closeout-01a10cef/single-red/assistant-targeted-process-identity.json', LF will be replaced by CRLF the next time Git touches it
warning: in the working copy of '_workflow/closeout-01a10cef/single-red/assistant-targeted-process-request.json', LF will be replaced by CRLF the next time Git touches it
warning: in the working copy of '_workflow/closeout-01a10cef/single-red/assistant-targeted-process-result.json', LF will be replaced by CRLF the next time Git touches it
warning: in the working copy of '_workflow/closeout-01a10cef/single-red/assistant-targeted-tree-terminal.json', LF will be replaced by CRLF the next time Git touches it
warning: in the working copy of '_workflow/closeout-01a10cef/single-red/bgi-build-process-identity.json', LF will be replaced by CRLF the next time Git touches it
warning: in the working copy of '_workflow/closeout-01a10cef/single-red/bgi-build-process-request.json', LF will be replaced by CRLF the next time Git touches it
warning: in the working copy of '_workflow/closeout-01a10cef/single-red/bgi-build-process-result.json', LF will be replaced by CRLF the next time Git touches it
warning: in the working copy of '_workflow/closeout-01a10cef/single-red/bgi-build-tree-terminal.json', LF will be replaced by CRLF the next time Git touches it
warning: in the working copy of '_workflow/closeout-01a10cef/single-red/bgi-targeted-process-identity.json', LF will be replaced by CRLF the next time Git touches it
warning: in the working copy of '_workflow/closeout-01a10cef/single-red/bgi-targeted-process-request.json', LF will be replaced by CRLF the next time Git touches it
warning: in the working copy of '_workflow/closeout-01a10cef/single-red/bgi-targeted-process-result.json', LF will be replaced by CRLF the next time Git touches it
warning: in the working copy of '_workflow/closeout-01a10cef/single-red/bgi-targeted-tree-terminal.json', LF will be replaced by CRLF the next time Git touches it
warning: in the working copy of '_workflow/closeout-01a10cef/single-red/modules-before.json', LF will be replaced by CRLF the next time Git touches it
warning: in the working copy of '_workflow/closeout-01a10cef/single-restored-full/assistant-full-argv.json', LF will be replaced by CRLF the next time Git touches it
warning: in the working copy of '_workflow/closeout-01a10cef/single-restored-full/assistant-full-process-identity.json', LF will be replaced by CRLF the next time Git touches it
warning: in the working copy of '_workflow/closeout-01a10cef/single-restored-full/assistant-full-process-request.json', LF will be replaced by CRLF the next time Git touches it
warning: in the working copy of '_workflow/closeout-01a10cef/single-restored-full/assistant-full-process-result.json', LF will be replaced by CRLF the next time Git touches it
warning: in the working copy of '_workflow/closeout-01a10cef/single-restored-full/assistant-full-summary.json', LF will be replaced by CRLF the next time Git touches it
warning: in the working copy of '_workflow/closeout-01a10cef/single-restored-full/assistant-full-tree-terminal.json', LF will be replaced by CRLF the next time Git touches it
warning: in the working copy of '_workflow/closeout-01a10cef/single-restored-full/assistant-full.trx', LF will be replaced by CRLF the next time Git touches it
warning: in the working copy of '_workflow/closeout-01a10cef/single-restored-full/bgi-full-argv.json', LF will be replaced by CRLF the next time Git touches it
warning: in the working copy of '_workflow/closeout-01a10cef/single-restored-full/bgi-full-process-identity.json', LF will be replaced by CRLF the next time Git touches it
warning: in the working copy of '_workflow/closeout-01a10cef/single-restored-full/bgi-full-process-request.json', LF will be replaced by CRLF the next time Git touches it
warning: in the working copy of '_workflow/closeout-01a10cef/single-restored-full/bgi-full-process-result.json', LF will be replaced by CRLF the next time Git touches it
warning: in the working copy of '_workflow/closeout-01a10cef/single-restored-full/bgi-full-summary.json', LF will be replaced by CRLF the next time Git touches it
warning: in the working copy of '_workflow/closeout-01a10cef/single-restored-full/bgi-full-tree-terminal.json', LF will be replaced by CRLF the next time Git touches it
warning: in the working copy of '_workflow/closeout-01a10cef/single-restored-full/bgi-full.trx', LF will be replaced by CRLF the next time Git touches it
warning: in the working copy of '_workflow/closeout-01a10cef/single-restored-full/candidate-module-readback.json', LF will be replaced by CRLF the next time Git touches it
warning: in the working copy of '_workflow/closeout-01a10cef/single-restored-full/candidate-modules-before.json', LF will be replaced by CRLF the next time Git touches it
warning: in the working copy of '_workflow/closeout-01a10cef/single-restored-full/owner-argv.json', LF will be replaced by CRLF the next time Git touches it
warning: in the working copy of '_workflow/closeout-01a10cef/single-restored-full/owner-build-argv.json', LF will be replaced by CRLF the next time Git touches it
warning: in the working copy of '_workflow/closeout-01a10cef/single-restored-full/owner-build-process-identity.json', LF will be replaced by CRLF the next time Git touches it
warning: in the working copy of '_workflow/closeout-01a10cef/single-restored-full/owner-build-process-request.json', LF will be replaced by CRLF the next time Git touches it
warning: in the working copy of '_workflow/closeout-01a10cef/single-restored-full/owner-build-process-result.json', LF will be replaced by CRLF the next time Git touches it
warning: in the working copy of '_workflow/closeout-01a10cef/single-restored-full/owner-build-tree-terminal.json', LF will be replaced by CRLF the next time Git touches it
warning: in the working copy of '_workflow/closeout-01a10cef/single-restored-full/owner-mutation.json', LF will be replaced by CRLF the next time Git touches it
warning: in the working copy of '_workflow/closeout-01a10cef/single-restored-full/owner-process-identity.json', LF will be replaced by CRLF the next time Git touches it
warning: in the working copy of '_workflow/closeout-01a10cef/single-restored-full/owner-process-request.json', LF will be replaced by CRLF the next time Git touches it
warning: in the working copy of '_workflow/closeout-01a10cef/single-restored-full/owner-process-result.json', LF will be replaced by CRLF the next time Git touches it
warning: in the working copy of '_workflow/closeout-01a10cef/single-restored-full/owner-restored.json', LF will be replaced by CRLF the next time Git touches it
warning: in the working copy of '_workflow/closeout-01a10cef/single-restored-full/owner-summary.json', LF will be replaced by CRLF the next time Git touches it
warning: in the working copy of '_workflow/closeout-01a10cef/single-restored-full/owner-tree-terminal.json', LF will be replaced by CRLF the next time Git touches it
warning: in the working copy of '_workflow/closeout-01a10cef/single-restored-full/owner.trx', LF will be replaced by CRLF the next time Git touches it
warning: in the working copy of '_workflow/closeout-01a10cef/single-restored-full/restored-assistant-build-argv.json', LF will be replaced by CRLF the next time Git touches it
warning: in the working copy of '_workflow/closeout-01a10cef/single-restored-full/restored-assistant-build-process-identity.json', LF will be replaced by CRLF the next time Git touches it
warning: in the working copy of '_workflow/closeout-01a10cef/single-restored-full/restored-assistant-build-process-request.json', LF will be replaced by CRLF the next time Git touches it
warning: in the working copy of '_workflow/closeout-01a10cef/single-restored-full/restored-assistant-build-process-result.json', LF will be replaced by CRLF the next time Git touches it
warning: in the working copy of '_workflow/closeout-01a10cef/single-restored-full/restored-assistant-build-tree-terminal.json', LF will be replaced by CRLF the next time Git touches it
warning: in the working copy of '_workflow/closeout-01a10cef/single-restored-full/source-after.json', LF will be replaced by CRLF the next time Git touches it
warning: in the working copy of '_workflow/closeout-01a10cef/single-restored-full/source-before.json', LF will be replaced by CRLF the next time Git touches it
warning: in the working copy of '_workflow/closeout-01a10cef/single-restored-full/source-original.cs', LF will be replaced by CRLF the next time Git touches it
warning: in the working copy of '_workflow/closeout-01a10cef/single-restored-full/summary.json', LF will be replaced by CRLF the next time Git touches it
warning: in the working copy of '_workflow/closeout-01a10cef/single-restored-full/task-id-argv.json', LF will be replaced by CRLF the next time Git touches it
warning: in the working copy of '_workflow/closeout-01a10cef/single-restored-full/task-id-build-argv.json', LF will be replaced by CRLF the next time Git touches it
warning: in the working copy of '_workflow/closeout-01a10cef/single-restored-full/task-id-build-process-identity.json', LF will be replaced by CRLF the next time Git touches it
warning: in the working copy of '_workflow/closeout-01a10cef/single-restored-full/task-id-build-process-request.json', LF will be replaced by CRLF the next time Git touches it
warning: in the working copy of '_workflow/closeout-01a10cef/single-restored-full/task-id-build-process-result.json', LF will be replaced by CRLF the next time Git touches it
warning: in the working copy of '_workflow/closeout-01a10cef/single-restored-full/task-id-build-tree-terminal.json', LF will be replaced by CRLF the next time Git touches it
warning: in the working copy of '_workflow/closeout-01a10cef/single-restored-full/task-id-mutation.json', LF will be replaced by CRLF the next time Git touches it
warning: in the working copy of '_workflow/closeout-01a10cef/single-restored-full/task-id-process-identity.json', LF will be replaced by CRLF the next time Git touches it
warning: in the working copy of '_workflow/closeout-01a10cef/single-restored-full/task-id-process-request.json', LF will be replaced by CRLF the next time Git touches it
warning: in the working copy of '_workflow/closeout-01a10cef/single-restored-full/task-id-process-result.json', LF will be replaced by CRLF the next time Git touches it
warning: in the working copy of '_workflow/closeout-01a10cef/single-restored-full/task-id-restored.json', LF will be replaced by CRLF the next time Git touches it
warning: in the working copy of '_workflow/closeout-01a10cef/single-restored-full/task-id-summary.json', LF will be replaced by CRLF the next time Git touches it
warning: in the working copy of '_workflow/closeout-01a10cef/single-restored-full/task-id-tree-terminal.json', LF will be replaced by CRLF the next time Git touches it
warning: in the working copy of '_workflow/closeout-01a10cef/single-restored-full/task-id.trx', LF will be replaced by CRLF the next time Git touches it
warning: in the working copy of '_workflow/closeout-01a10cef/startup-negative/baseline-process-identity.json', LF will be replaced by CRLF the next time Git touches it
warning: in the working copy of '_workflow/closeout-01a10cef/startup-negative/baseline-process-request.json', LF will be replaced by CRLF the next time Git touches it
warning: in the working copy of '_workflow/closeout-01a10cef/startup-negative/baseline-process-result.json', LF will be replaced by CRLF the next time Git touches it
warning: in the working copy of '_workflow/closeout-01a10cef/startup-negative/baseline-summary.json', LF will be replaced by CRLF the next time Git touches it
warning: in the working copy of '_workflow/closeout-01a10cef/startup-negative/baseline-tree-terminal.json', LF will be replaced by CRLF the next time Git touches it
warning: in the working copy of '_workflow/closeout-01a10cef/startup-negative/baseline.trx', LF will be replaced by CRLF the next time Git touches it
warning: in the working copy of '_workflow/closeout-01a10cef/startup-negative/candidate-process-identity.json', LF will be replaced by CRLF the next time Git touches it
warning: in the working copy of '_workflow/closeout-01a10cef/startup-negative/candidate-process-request.json', LF will be replaced by CRLF the next time Git touches it
warning: in the working copy of '_workflow/closeout-01a10cef/startup-negative/candidate-process-result.json', LF will be replaced by CRLF the next time Git touches it
warning: in the working copy of '_workflow/closeout-01a10cef/startup-negative/candidate-summary.json', LF will be replaced by CRLF the next time Git touches it
warning: in the working copy of '_workflow/closeout-01a10cef/startup-negative/candidate-tree-terminal.json', LF will be replaced by CRLF the next time Git touches it
warning: in the working copy of '_workflow/closeout-01a10cef/startup-negative/candidate.trx', LF will be replaced by CRLF the next time Git touches it
warning: in the working copy of '_workflow/closeout-01a10cef/startup-negative/summary.json', LF will be replaced by CRLF the next time Git touches it
warning: in the working copy of '_workflow/closeout-01a10cef/storage-blocked-terminal.json', LF will be replaced by CRLF the next time Git touches it
warning: in the working copy of '_workflow/closeout-01a10cef/storage-tightening-authorization.json', LF will be replaced by CRLF the next time Git touches it
warning: in the working copy of '_workflow/closeout-01a10cef/ui-emergency-restored.json', LF will be replaced by CRLF the next time Git touches it
warning: in the working copy of '_workflow/closeout-01a10cef/ui-legacy-source.json', LF will be replaced by CRLF the next time Git touches it
warning: in the working copy of '_workflow/closeout-01a10cef/ui-protocol-terminal.json', LF will be replaced by CRLF the next time Git touches it
warning: in the working copy of '_workflow/closeout-01a10cef/ui-r3.py', LF will be replaced by CRLF the next time Git touches it
warning: in the working copy of '_workflow/closeout-01a10cef/ui-r3/own-resource-inputs.json', LF will be replaced by CRLF the next time Git touches it
warning: in the working copy of '_workflow/closeout-01a10cef/ui-r3/prepared.json', LF will be replaced by CRLF the next time Git touches it
warning: in the working copy of '_workflow/closeout-01a10cef/ui-r3/protocol-before.json', LF will be replaced by CRLF the next time Git touches it
warning: in the working copy of '_workflow/closeout-01a10cef/ui-r3/restored.json', LF will be replaced by CRLF the next time Git touches it
warning: in the working copy of '_workflow/closeout-01a10cef/ui-r3/verification-facts.json', LF will be replaced by CRLF the next time Git touches it
warning: in the working copy of '_workflow/closeout-01a10cef/ui-safety.py', LF will be replaced by CRLF the next time Git touches it
warning: in the working copy of '_workflow/closeout-01a10cef/verify-bgi-sequential.py', LF will be replaced by CRLF the next time Git touches it
warning: in the working copy of '_workflow/closeout-01a10cef/verify-native.py', LF will be replaced by CRLF the next time Git touches it
warning: in the working copy of '_workflow/closeout-01a10cef/verify-startup-negative.py', LF will be replaced by CRLF the next time Git touches it
warning: in the working copy of '_workflow/local-wait-admission-gates-20261004/plan.json', LF will be replaced by CRLF the next time Git touches it
warning: in the working copy of '_workflow/storage-policy.json', LF will be replaced by CRLF the next time Git touches it
Auto packing the repository for optimum performance.
See "git help gc" for manual housekeeping.
