[main-OldTeaBag-B168 616b19c0e] fix: expose native single authoring and accept fresh stop-fence wire shape
 491 files changed, 116270 insertions(+), 17 deletions(-)
 create mode 100644 Test/MultiplayerHoeingAssistant.UnitTest/ServiceTests/TaskCenter/StopFenceWireCompatibilityTests.cs
 create mode 100644 _workflow/closeout-01a10cef/01a10cef-new-goal-readback.json
 create mode 100644 _workflow/closeout-01a10cef/01a10cef-new-handshake-observation.json
 create mode 100644 _workflow/closeout-01a10cef/FINAL-CANDIDATE.json
 create mode 100644 _workflow/closeout-01a10cef/KNOWN-ISSUES.json
 create mode 100644 _workflow/closeout-01a10cef/VALIDATION.md
 create mode 100644 _workflow/closeout-01a10cef/bgi-focused/baseline-modules.json
 create mode 100644 _workflow/closeout-01a10cef/bgi-focused/baseline-process-identity.json
 create mode 100644 _workflow/closeout-01a10cef/bgi-focused/baseline-process-request.json
 create mode 100644 _workflow/closeout-01a10cef/bgi-focused/baseline-process-result.json
 create mode 100644 _workflow/closeout-01a10cef/bgi-focused/baseline-property/argv.json
 create mode 100644 _workflow/closeout-01a10cef/bgi-focused/baseline-property/property-counterexample.json
 create mode 100644 _workflow/closeout-01a10cef/bgi-focused/baseline-property/property-process-identity.json
 create mode 100644 _workflow/closeout-01a10cef/bgi-focused/baseline-property/property-process-request.json
 create mode 100644 _workflow/closeout-01a10cef/bgi-focused/baseline-property/property-process-result.json
 create mode 100644 _workflow/closeout-01a10cef/bgi-focused/baseline-property/property-stderr.log
 create mode 100644 _workflow/closeout-01a10cef/bgi-focused/baseline-property/property-stdin.txt
 create mode 100644 _workflow/closeout-01a10cef/bgi-focused/baseline-property/property-stdout.log
 create mode 100644 _workflow/closeout-01a10cef/bgi-focused/baseline-property/property-tree-terminal.json
 create mode 100644 _workflow/closeout-01a10cef/bgi-focused/baseline-stderr.log
 create mode 100644 _workflow/closeout-01a10cef/bgi-focused/baseline-stdin.txt
 create mode 100644 _workflow/closeout-01a10cef/bgi-focused/baseline-stdout.log
 create mode 100644 _workflow/closeout-01a10cef/bgi-focused/baseline-summary.json
 create mode 100644 _workflow/closeout-01a10cef/bgi-focused/baseline-tree-terminal.json
 create mode 100644 _workflow/closeout-01a10cef/bgi-focused/baseline.trx
 create mode 100644 _workflow/closeout-01a10cef/bgi-focused/candidate-modules-final-readback.json
 create mode 100644 _workflow/closeout-01a10cef/bgi-focused/candidate-modules.json
 create mode 100644 _workflow/closeout-01a10cef/bgi-focused/candidate-process-identity.json
 create mode 100644 _workflow/closeout-01a10cef/bgi-focused/candidate-process-request.json
 create mode 100644 _workflow/closeout-01a10cef/bgi-focused/candidate-process-result.json
 create mode 100644 _workflow/closeout-01a10cef/bgi-focused/candidate-property/argv.json
 create mode 100644 _workflow/closeout-01a10cef/bgi-focused/candidate-property/property-counterexample.json
 create mode 100644 _workflow/closeout-01a10cef/bgi-focused/candidate-property/property-process-identity.json
 create mode 100644 _workflow/closeout-01a10cef/bgi-focused/candidate-property/property-process-request.json
 create mode 100644 _workflow/closeout-01a10cef/bgi-focused/candidate-property/property-process-result.json
 create mode 100644 _workflow/closeout-01a10cef/bgi-focused/candidate-property/property-stderr.log
 create mode 100644 _workflow/closeout-01a10cef/bgi-focused/candidate-property/property-stdin.txt
 create mode 100644 _workflow/closeout-01a10cef/bgi-focused/candidate-property/property-stdout.log
 create mode 100644 _workflow/closeout-01a10cef/bgi-focused/candidate-property/property-tree-terminal.json
 create mode 100644 _workflow/closeout-01a10cef/bgi-focused/candidate-stderr.log
 create mode 100644 _workflow/closeout-01a10cef/bgi-focused/candidate-stdin.txt
 create mode 100644 _workflow/closeout-01a10cef/bgi-focused/candidate-stdout.log
 create mode 100644 _workflow/closeout-01a10cef/bgi-focused/candidate-summary.json
 create mode 100644 _workflow/closeout-01a10cef/bgi-focused/candidate-tree-terminal.json
 create mode 100644 _workflow/closeout-01a10cef/bgi-focused/candidate.trx
 create mode 100644 _workflow/closeout-01a10cef/bgi-focused/conditions.json
 create mode 100644 _workflow/closeout-01a10cef/bgi-focused/counterexample-helper-build-process-identity.json
 create mode 100644 _workflow/closeout-01a10cef/bgi-focused/counterexample-helper-build-process-request.json
 create mode 100644 _workflow/closeout-01a10cef/bgi-focused/counterexample-helper-build-process-result.json
 create mode 100644 _workflow/closeout-01a10cef/bgi-focused/counterexample-helper-build-stderr.log
 create mode 100644 _workflow/closeout-01a10cef/bgi-focused/counterexample-helper-build-stdin.txt
 create mode 100644 _workflow/closeout-01a10cef/bgi-focused/counterexample-helper-build-stdout.log
 create mode 100644 _workflow/closeout-01a10cef/bgi-focused/counterexample-helper-build-tree-terminal.json
 create mode 100644 _workflow/closeout-01a10cef/bgi-focused/settings-before.json
 create mode 100644 _workflow/closeout-01a10cef/bgi-focused/summary.json
 create mode 100644 _workflow/closeout-01a10cef/bgi-sequential/baseline-modules.json
 create mode 100644 _workflow/closeout-01a10cef/bgi-sequential/baseline-process-identity.json
 create mode 100644 _workflow/closeout-01a10cef/bgi-sequential/baseline-process-request.json
 create mode 100644 _workflow/closeout-01a10cef/bgi-sequential/baseline-process-result.json
 create mode 100644 _workflow/closeout-01a10cef/bgi-sequential/baseline-stderr.log
 create mode 100644 _workflow/closeout-01a10cef/bgi-sequential/baseline-stdin.txt
 create mode 100644 _workflow/closeout-01a10cef/bgi-sequential/baseline-stdout.log
 create mode 100644 _workflow/closeout-01a10cef/bgi-sequential/baseline-summary.json
 create mode 100644 _workflow/closeout-01a10cef/bgi-sequential/baseline-tree-terminal.json
 create mode 100644 _workflow/closeout-01a10cef/bgi-sequential/baseline.trx
 create mode 100644 _workflow/closeout-01a10cef/bgi-sequential/candidate-modules-final-readback.json
 create mode 100644 _workflow/closeout-01a10cef/bgi-sequential/candidate-modules.json
 create mode 100644 _workflow/closeout-01a10cef/bgi-sequential/candidate-process-identity.json
 create mode 100644 _workflow/closeout-01a10cef/bgi-sequential/candidate-process-request.json
 create mode 100644 _workflow/closeout-01a10cef/bgi-sequential/candidate-process-result.json
 create mode 100644 _workflow/closeout-01a10cef/bgi-sequential/candidate-stderr.log
 create mode 100644 _workflow/closeout-01a10cef/bgi-sequential/candidate-stdin.txt
 create mode 100644 _workflow/closeout-01a10cef/bgi-sequential/candidate-stdout.log
 create mode 100644 _workflow/closeout-01a10cef/bgi-sequential/candidate-summary.json
 create mode 100644 _workflow/closeout-01a10cef/bgi-sequential/candidate-tree-terminal.json
 create mode 100644 _workflow/closeout-01a10cef/bgi-sequential/candidate.trx
 create mode 100644 _workflow/closeout-01a10cef/bgi-sequential/conditions.json
 create mode 100644 _workflow/closeout-01a10cef/bgi-sequential/summary.json
 create mode 100644 _workflow/closeout-01a10cef/bundle.result.json
 create mode 100644 _workflow/closeout-01a10cef/bundle.stderr.txt
 create mode 100644 _workflow/closeout-01a10cef/bundle.stdout.txt
 create mode 100644 _workflow/closeout-01a10cef/completion-material-audit.json
 create mode 100644 _workflow/closeout-01a10cef/deliveries.result.json
 create mode 100644 _workflow/closeout-01a10cef/deliveries.stderr.txt
 create mode 100644 _workflow/closeout-01a10cef/deliveries.stdout.txt
 create mode 100644 _workflow/closeout-01a10cef/emergency-restore.py
 create mode 100644 _workflow/closeout-01a10cef/fence-check.py
 create mode 100644 _workflow/closeout-01a10cef/fence-green/build-argv.json
 create mode 100644 _workflow/closeout-01a10cef/fence-green/build-process-identity.json
 create mode 100644 _workflow/closeout-01a10cef/fence-green/build-process-request.json
 create mode 100644 _workflow/closeout-01a10cef/fence-green/build-process-result.json
 create mode 100644 _workflow/closeout-01a10cef/fence-green/build-stderr.log
 create mode 100644 _workflow/closeout-01a10cef/fence-green/build-stdin.txt
 create mode 100644 _workflow/closeout-01a10cef/fence-green/build-stdout.log
 create mode 100644 _workflow/closeout-01a10cef/fence-green/build-tree-terminal.json
 create mode 100644 _workflow/closeout-01a10cef/fence-green/full-argv.json
 create mode 100644 _workflow/closeout-01a10cef/fence-green/full-process-identity.json
 create mode 100644 _workflow/closeout-01a10cef/fence-green/full-process-request.json
 create mode 100644 _workflow/closeout-01a10cef/fence-green/full-process-result.json
 create mode 100644 _workflow/closeout-01a10cef/fence-green/full-stderr.log
 create mode 100644 _workflow/closeout-01a10cef/fence-green/full-stdin.txt
 create mode 100644 _workflow/closeout-01a10cef/fence-green/full-stdout.log
 create mode 100644 _workflow/closeout-01a10cef/fence-green/full-summary.json
 create mode 100644 _workflow/closeout-01a10cef/fence-green/full-tree-terminal.json
 create mode 100644 _workflow/closeout-01a10cef/fence-green/full.trx
 create mode 100644 _workflow/closeout-01a10cef/fence-green/module.json
 create mode 100644 _workflow/closeout-01a10cef/fence-green/runtime-build-argv.json
 create mode 100644 _workflow/closeout-01a10cef/fence-green/runtime-build-process-identity.json
 create mode 100644 _workflow/closeout-01a10cef/fence-green/runtime-build-process-request.json
 create mode 100644 _workflow/closeout-01a10cef/fence-green/runtime-build-process-result.json
 create mode 100644 _workflow/closeout-01a10cef/fence-green/runtime-build-stderr.log
 create mode 100644 _workflow/closeout-01a10cef/fence-green/runtime-build-stdin.txt
 create mode 100644 _workflow/closeout-01a10cef/fence-green/runtime-build-stdout.log
 create mode 100644 _workflow/closeout-01a10cef/fence-green/runtime-build-tree-terminal.json
 create mode 100644 _workflow/closeout-01a10cef/fence-green/source-after.json
 create mode 100644 _workflow/closeout-01a10cef/fence-green/source-before.cs
 create mode 100644 _workflow/closeout-01a10cef/fence-green/source-before.json
 create mode 100644 _workflow/closeout-01a10cef/fence-green/targeted-argv.json
 create mode 100644 _workflow/closeout-01a10cef/fence-green/targeted-process-identity.json
 create mode 100644 _workflow/closeout-01a10cef/fence-green/targeted-process-request.json
 create mode 100644 _workflow/closeout-01a10cef/fence-green/targeted-process-result.json
 create mode 100644 _workflow/closeout-01a10cef/fence-green/targeted-stderr.log
 create mode 100644 _workflow/closeout-01a10cef/fence-green/targeted-stdin.txt
 create mode 100644 _workflow/closeout-01a10cef/fence-green/targeted-stdout.log
 create mode 100644 _workflow/closeout-01a10cef/fence-green/targeted-summary.json
 create mode 100644 _workflow/closeout-01a10cef/fence-green/targeted-tree-terminal.json
 create mode 100644 _workflow/closeout-01a10cef/fence-green/targeted.trx
 create mode 100644 _workflow/closeout-01a10cef/fence-implementation-before.cs
 create mode 100644 _workflow/closeout-01a10cef/fence-implementation.json
 create mode 100644 _workflow/closeout-01a10cef/fence-red/build-argv.json
 create mode 100644 _workflow/closeout-01a10cef/fence-red/build-process-identity.json
 create mode 100644 _workflow/closeout-01a10cef/fence-red/build-process-request.json
 create mode 100644 _workflow/closeout-01a10cef/fence-red/build-process-result.json
 create mode 100644 _workflow/closeout-01a10cef/fence-red/build-stderr.log
 create mode 100644 _workflow/closeout-01a10cef/fence-red/build-stdin.txt
 create mode 100644 _workflow/closeout-01a10cef/fence-red/build-stdout.log
 create mode 100644 _workflow/closeout-01a10cef/fence-red/build-tree-terminal.json
 create mode 100644 _workflow/closeout-01a10cef/fence-red/module.json
 create mode 100644 _workflow/closeout-01a10cef/fence-red/source-after.json
 create mode 100644 _workflow/closeout-01a10cef/fence-red/source-before.cs
 create mode 100644 _workflow/closeout-01a10cef/fence-red/source-before.json
 create mode 100644 _workflow/closeout-01a10cef/fence-red/targeted-argv.json
 create mode 100644 _workflow/closeout-01a10cef/fence-red/targeted-process-identity.json
 create mode 100644 _workflow/closeout-01a10cef/fence-red/targeted-process-request.json
 create mode 100644 _workflow/closeout-01a10cef/fence-red/targeted-process-result.json
 create mode 100644 _workflow/closeout-01a10cef/fence-red/targeted-stderr.log
 create mode 100644 _workflow/closeout-01a10cef/fence-red/targeted-stdin.txt
 create mode 100644 _workflow/closeout-01a10cef/fence-red/targeted-stdout.log
 create mode 100644 _workflow/closeout-01a10cef/fence-red/targeted-summary.json
 create mode 100644 _workflow/closeout-01a10cef/fence-red/targeted-tree-terminal.json
 create mode 100644 _workflow/closeout-01a10cef/fence-red/targeted.trx
 create mode 100644 _workflow/closeout-01a10cef/final-dotnet-info.txt
 create mode 100644 _workflow/closeout-01a10cef/final-runtime-manifest.json
 create mode 100644 _workflow/closeout-01a10cef/final-source-manifest.json
 create mode 100644 _workflow/closeout-01a10cef/finalize-candidate.py
 create mode 100644 _workflow/closeout-01a10cef/implement-fence.py
 create mode 100644 _workflow/closeout-01a10cef/joint-migration-process-identity.json
 create mode 100644 _workflow/closeout-01a10cef/joint-migration-process-request.json
 create mode 100644 _workflow/closeout-01a10cef/joint-migration-process-result.json
 create mode 100644 _workflow/closeout-01a10cef/joint-migration-stderr.log
 create mode 100644 _workflow/closeout-01a10cef/joint-migration-stdin.txt
 create mode 100644 _workflow/closeout-01a10cef/joint-migration-stdout.log
 create mode 100644 _workflow/closeout-01a10cef/joint-migration-tree-terminal.json
 create mode 100644 _workflow/closeout-01a10cef/live-ipc/editor-r1/build-argv.json
 create mode 100644 _workflow/closeout-01a10cef/live-ipc/editor-r1/build-process-identity.json
 create mode 100644 _workflow/closeout-01a10cef/live-ipc/editor-r1/build-process-request.json
 create mode 100644 _workflow/closeout-01a10cef/live-ipc/editor-r1/build-process-result.json
 create mode 100644 _workflow/closeout-01a10cef/live-ipc/editor-r1/build-stderr.log
 create mode 100644 _workflow/closeout-01a10cef/live-ipc/editor-r1/build-stdin.txt
 create mode 100644 _workflow/closeout-01a10cef/live-ipc/editor-r1/build-stdout.log
 create mode 100644 _workflow/closeout-01a10cef/live-ipc/editor-r1/build-tree-terminal.json
 create mode 100644 _workflow/closeout-01a10cef/live-ipc/editor-r1/hello-status.json
 create mode 100644 _workflow/closeout-01a10cef/live-ipc/editor-r1/real-ipc-process-identity.json
 create mode 100644 _workflow/closeout-01a10cef/live-ipc/editor-r1/real-ipc-process-request.json
 create mode 100644 _workflow/closeout-01a10cef/live-ipc/editor-r1/real-ipc-process-result.json
 create mode 100644 _workflow/closeout-01a10cef/live-ipc/editor-r1/real-ipc-stderr.log
 create mode 100644 _workflow/closeout-01a10cef/live-ipc/editor-r1/real-ipc-stdin.txt
 create mode 100644 _workflow/closeout-01a10cef/live-ipc/editor-r1/real-ipc-stdout.log
 create mode 100644 _workflow/closeout-01a10cef/live-ipc/editor-r1/real-ipc-tree-terminal.json
 create mode 100644 _workflow/closeout-01a10cef/live-ipc/editor-r1/run-argv.json
 create mode 100644 _workflow/closeout-01a10cef/live-ipc/evidence-r2/build-argv.json
 create mode 100644 _workflow/closeout-01a10cef/live-ipc/evidence-r2/build-process-identity.json
 create mode 100644 _workflow/closeout-01a10cef/live-ipc/evidence-r2/build-process-request.json
 create mode 100644 _workflow/closeout-01a10cef/live-ipc/evidence-r2/build-process-result.json
 create mode 100644 _workflow/closeout-01a10cef/live-ipc/evidence-r2/build-stderr.log
 create mode 100644 _workflow/closeout-01a10cef/live-ipc/evidence-r2/build-stdin.txt
 create mode 100644 _workflow/closeout-01a10cef/live-ipc/evidence-r2/build-stdout.log
 create mode 100644 _workflow/closeout-01a10cef/live-ipc/evidence-r2/build-tree-terminal.json
 create mode 100644 _workflow/closeout-01a10cef/live-ipc/evidence-r2/hello-status.json
 create mode 100644 _workflow/closeout-01a10cef/live-ipc/evidence-r2/real-ipc-process-identity.json
 create mode 100644 _workflow/closeout-01a10cef/live-ipc/evidence-r2/real-ipc-process-request.json
 create mode 100644 _workflow/closeout-01a10cef/live-ipc/evidence-r2/real-ipc-process-result.json
 create mode 100644 _workflow/closeout-01a10cef/live-ipc/evidence-r2/real-ipc-stderr.log
 create mode 100644 _workflow/closeout-01a10cef/live-ipc/evidence-r2/real-ipc-stdin.txt
 create mode 100644 _workflow/closeout-01a10cef/live-ipc/evidence-r2/real-ipc-stdout.log
 create mode 100644 _workflow/closeout-01a10cef/live-ipc/evidence/build-argv.json
 create mode 100644 _workflow/closeout-01a10cef/live-ipc/evidence/build-process-identity.json
 create mode 100644 _workflow/closeout-01a10cef/live-ipc/evidence/build-process-request.json
 create mode 100644 _workflow/closeout-01a10cef/live-ipc/evidence/build-process-result.json
 create mode 100644 _workflow/closeout-01a10cef/live-ipc/evidence/build-stderr.log
 create mode 100644 _workflow/closeout-01a10cef/live-ipc/evidence/build-stdin.txt
 create mode 100644 _workflow/closeout-01a10cef/live-ipc/evidence/build-stdout.log
 create mode 100644 _workflow/closeout-01a10cef/live-ipc/evidence/build-tree-terminal.json
 create mode 100644 _workflow/closeout-01a10cef/live-ipc/r3-fence-inspect/build-argv.json
 create mode 100644 _workflow/closeout-01a10cef/live-ipc/r3-fence-inspect/build-process-identity.json
 create mode 100644 _workflow/closeout-01a10cef/live-ipc/r3-fence-inspect/build-process-request.json
 create mode 100644 _workflow/closeout-01a10cef/live-ipc/r3-fence-inspect/build-process-result.json
 create mode 100644 _workflow/closeout-01a10cef/live-ipc/r3-fence-inspect/build-stderr.log
 create mode 100644 _workflow/closeout-01a10cef/live-ipc/r3-fence-inspect/build-stdin.txt
 create mode 100644 _workflow/closeout-01a10cef/live-ipc/r3-fence-inspect/build-stdout.log
 create mode 100644 _workflow/closeout-01a10cef/live-ipc/r3-fence-inspect/build-tree-terminal.json
 create mode 100644 _workflow/closeout-01a10cef/live-ipc/r3-fence-inspect/hello-status.json
 create mode 100644 _workflow/closeout-01a10cef/live-ipc/r3-fence-inspect/manual-stop-fence.json
 create mode 100644 _workflow/closeout-01a10cef/live-ipc/r3-fence-inspect/real-ipc-process-identity.json
 create mode 100644 _workflow/closeout-01a10cef/live-ipc/r3-fence-inspect/real-ipc-process-request.json
 create mode 100644 _workflow/closeout-01a10cef/live-ipc/r3-fence-inspect/real-ipc-process-result.json
 create mode 100644 _workflow/closeout-01a10cef/live-ipc/r3-fence-inspect/real-ipc-stderr.log
 create mode 100644 _workflow/closeout-01a10cef/live-ipc/r3-fence-inspect/real-ipc-stdin.txt
 create mode 100644 _workflow/closeout-01a10cef/live-ipc/r3-fence-inspect/real-ipc-stdout.log
 create mode 100644 _workflow/closeout-01a10cef/live-ipc/r3-fence-inspect/real-ipc-tree-terminal.json
 create mode 100644 _workflow/closeout-01a10cef/live-ipc/r3-fence-inspect/run-argv.json
 create mode 100644 _workflow/closeout-01a10cef/live-ipc/r3-migration/activation.json
 create mode 100644 _workflow/closeout-01a10cef/live-ipc/r3-migration/active-readback.json
 create mode 100644 _workflow/closeout-01a10cef/live-ipc/r3-migration/build-argv.json
 create mode 100644 _workflow/closeout-01a10cef/live-ipc/r3-migration/build-process-identity.json
 create mode 100644 _workflow/closeout-01a10cef/live-ipc/r3-migration/build-process-request.json
 create mode 100644 _workflow/closeout-01a10cef/live-ipc/r3-migration/build-process-result.json
 create mode 100644 _workflow/closeout-01a10cef/live-ipc/r3-migration/build-stderr.log
 create mode 100644 _workflow/closeout-01a10cef/live-ipc/r3-migration/build-stdin.txt
 create mode 100644 _workflow/closeout-01a10cef/live-ipc/r3-migration/build-stdout.log
 create mode 100644 _workflow/closeout-01a10cef/live-ipc/r3-migration/build-tree-terminal.json
 create mode 100644 _workflow/closeout-01a10cef/live-ipc/r3-migration/hello-status.json
 create mode 100644 _workflow/closeout-01a10cef/live-ipc/r3-migration/real-ipc-process-identity.json
 create mode 100644 _workflow/closeout-01a10cef/live-ipc/r3-migration/real-ipc-process-request.json
 create mode 100644 _workflow/closeout-01a10cef/live-ipc/r3-migration/real-ipc-process-result.json
 create mode 100644 _workflow/closeout-01a10cef/live-ipc/r3-migration/real-ipc-stderr.log
 create mode 100644 _workflow/closeout-01a10cef/live-ipc/r3-migration/real-ipc-stdin.txt
 create mode 100644 _workflow/closeout-01a10cef/live-ipc/r3-migration/real-ipc-stdout.log
 create mode 100644 _workflow/closeout-01a10cef/live-ipc/r3-migration/real-ipc-tree-terminal.json
 create mode 100644 _workflow/closeout-01a10cef/live-ipc/r3-migration/result.json
 create mode 100644 _workflow/closeout-01a10cef/live-ipc/r3-migration/run-argv.json
 create mode 100644 _workflow/closeout-01a10cef/prepare-ui-inputs.py
 create mode 100644 _workflow/closeout-01a10cef/protocol-before.json
 create mode 100644 _workflow/closeout-01a10cef/rebuilt-dependency-source-binding.json
 create mode 100644 _workflow/closeout-01a10cef/save-final-checkpoint.py
 create mode 100644 _workflow/closeout-01a10cef/single-after.json
 create mode 100644 _workflow/closeout-01a10cef/single-before/BetterGenshinImpact/Service/ExternalInterface/ExternalInterfaceConfigurationPlane.cs
 create mode 100644 _workflow/closeout-01a10cef/single-before/MultiplayerHoeingAssistant/ViewModels/TaskCenterPanelViewModel.EditParts.cs
 create mode 100644 _workflow/closeout-01a10cef/single-green-r2/assistant-build-argv.json
 create mode 100644 _workflow/closeout-01a10cef/single-green-r2/assistant-build-process-identity.json
 create mode 100644 _workflow/closeout-01a10cef/single-green-r2/assistant-build-process-request.json
 create mode 100644 _workflow/closeout-01a10cef/single-green-r2/assistant-build-process-result.json
 create mode 100644 _workflow/closeout-01a10cef/single-green-r2/assistant-build-stderr.log
 create mode 100644 _workflow/closeout-01a10cef/single-green-r2/assistant-build-stdin.txt
 create mode 100644 _workflow/closeout-01a10cef/single-green-r2/assistant-build-stdout.log
 create mode 100644 _workflow/closeout-01a10cef/single-green-r2/assistant-build-tree-terminal.json
 create mode 100644 _workflow/closeout-01a10cef/single-green-r2/assistant-runtime-build-argv.json
 create mode 100644 _workflow/closeout-01a10cef/single-green-r2/assistant-runtime-build-process-identity.json
 create mode 100644 _workflow/closeout-01a10cef/single-green-r2/assistant-runtime-build-process-request.json
 create mode 100644 _workflow/closeout-01a10cef/single-green-r2/assistant-runtime-build-process-result.json
 create mode 100644 _workflow/closeout-01a10cef/single-green-r2/assistant-runtime-build-stderr.log
 create mode 100644 _workflow/closeout-01a10cef/single-green-r2/assistant-runtime-build-stdin.txt
 create mode 100644 _workflow/closeout-01a10cef/single-green-r2/assistant-runtime-build-stdout.log
 create mode 100644 _workflow/closeout-01a10cef/single-green-r2/assistant-runtime-build-tree-terminal.json
 create mode 100644 _workflow/closeout-01a10cef/single-green-r2/assistant-targeted-argv.json
 create mode 100644 _workflow/closeout-01a10cef/single-green-r2/assistant-targeted-process-identity.json
 create mode 100644 _workflow/closeout-01a10cef/single-green-r2/assistant-targeted-process-request.json
 create mode 100644 _workflow/closeout-01a10cef/single-green-r2/assistant-targeted-process-result.json
 create mode 100644 _workflow/closeout-01a10cef/single-green-r2/assistant-targeted-stderr.log
 create mode 100644 _workflow/closeout-01a10cef/single-green-r2/assistant-targeted-stdin.txt
 create mode 100644 _workflow/closeout-01a10cef/single-green-r2/assistant-targeted-stdout.log
 create mode 100644 _workflow/closeout-01a10cef/single-green-r2/assistant-targeted-tree-terminal.json
 create mode 100644 _workflow/closeout-01a10cef/single-green-r2/assistant.trx
 create mode 100644 _workflow/closeout-01a10cef/single-green-r2/bgi-targeted-argv.json
 create mode 100644 _workflow/closeout-01a10cef/single-green-r2/bgi-targeted-process-identity.json
 create mode 100644 _workflow/closeout-01a10cef/single-green-r2/bgi-targeted-process-request.json
 create mode 100644 _workflow/closeout-01a10cef/single-green-r2/bgi-targeted-process-result.json
 create mode 100644 _workflow/closeout-01a10cef/single-green-r2/bgi-targeted-stderr.log
 create mode 100644 _workflow/closeout-01a10cef/single-green-r2/bgi-targeted-stdin.txt
 create mode 100644 _workflow/closeout-01a10cef/single-green-r2/bgi-targeted-stdout.log
 create mode 100644 _workflow/closeout-01a10cef/single-green-r2/bgi-targeted-tree-terminal.json
 create mode 100644 _workflow/closeout-01a10cef/single-green-r2/bgi.trx
 create mode 100644 _workflow/closeout-01a10cef/single-green-r2/modules-before.json
 create mode 100644 _workflow/closeout-01a10cef/single-green-r2/summary.json
 create mode 100644 _workflow/closeout-01a10cef/single-green/assistant-build-argv.json
 create mode 100644 _workflow/closeout-01a10cef/single-green/assistant-build-process-identity.json
 create mode 100644 _workflow/closeout-01a10cef/single-green/assistant-build-process-request.json
 create mode 100644 _workflow/closeout-01a10cef/single-green/assistant-build-process-result.json
 create mode 100644 _workflow/closeout-01a10cef/single-green/assistant-build-stderr.log
 create mode 100644 _workflow/closeout-01a10cef/single-green/assistant-build-stdin.txt
 create mode 100644 _workflow/closeout-01a10cef/single-green/assistant-build-stdout.log
 create mode 100644 _workflow/closeout-01a10cef/single-green/assistant-build-tree-terminal.json
 create mode 100644 _workflow/closeout-01a10cef/single-green/assistant-runtime-build-argv.json
 create mode 100644 _workflow/closeout-01a10cef/single-green/assistant-runtime-build-process-identity.json
 create mode 100644 _workflow/closeout-01a10cef/single-green/assistant-runtime-build-process-request.json
 create mode 100644 _workflow/closeout-01a10cef/single-green/assistant-runtime-build-process-result.json
 create mode 100644 _workflow/closeout-01a10cef/single-green/assistant-runtime-build-stderr.log
 create mode 100644 _workflow/closeout-01a10cef/single-green/assistant-runtime-build-stdin.txt
 create mode 100644 _workflow/closeout-01a10cef/single-green/assistant-runtime-build-stdout.log
 create mode 100644 _workflow/closeout-01a10cef/single-green/assistant-runtime-build-tree-terminal.json
 create mode 100644 _workflow/closeout-01a10cef/single-green/assistant-targeted-argv.json
 create mode 100644 _workflow/closeout-01a10cef/single-green/assistant-targeted-process-identity.json
 create mode 100644 _workflow/closeout-01a10cef/single-green/assistant-targeted-process-request.json
 create mode 100644 _workflow/closeout-01a10cef/single-green/assistant-targeted-process-result.json
 create mode 100644 _workflow/closeout-01a10cef/single-green/assistant-targeted-stderr.log
 create mode 100644 _workflow/closeout-01a10cef/single-green/assistant-targeted-stdin.txt
 create mode 100644 _workflow/closeout-01a10cef/single-green/assistant-targeted-stdout.log
 create mode 100644 _workflow/closeout-01a10cef/single-green/assistant-targeted-tree-terminal.json
 create mode 100644 _workflow/closeout-01a10cef/single-green/assistant.trx
 create mode 100644 _workflow/closeout-01a10cef/single-green/bgi-build-argv.json
 create mode 100644 _workflow/closeout-01a10cef/single-green/bgi-build-process-identity.json
 create mode 100644 _workflow/closeout-01a10cef/single-green/bgi-build-process-request.json
 create mode 100644 _workflow/closeout-01a10cef/single-green/bgi-build-process-result.json
 create mode 100644 _workflow/closeout-01a10cef/single-green/bgi-build-stderr.log
 create mode 100644 _workflow/closeout-01a10cef/single-green/bgi-build-stdin.txt
 create mode 100644 _workflow/closeout-01a10cef/single-green/bgi-build-stdout.log
 create mode 100644 _workflow/closeout-01a10cef/single-green/bgi-build-tree-terminal.json
 create mode 100644 _workflow/closeout-01a10cef/single-green/bgi-runtime-build-argv.json
 create mode 100644 _workflow/closeout-01a10cef/single-green/bgi-runtime-build-process-identity.json
 create mode 100644 _workflow/closeout-01a10cef/single-green/bgi-runtime-build-process-request.json
 create mode 100644 _workflow/closeout-01a10cef/single-green/bgi-runtime-build-process-result.json
 create mode 100644 _workflow/closeout-01a10cef/single-green/bgi-runtime-build-stderr.log
 create mode 100644 _workflow/closeout-01a10cef/single-green/bgi-runtime-build-stdin.txt
 create mode 100644 _workflow/closeout-01a10cef/single-green/bgi-runtime-build-stdout.log
 create mode 100644 _workflow/closeout-01a10cef/single-green/bgi-runtime-build-tree-terminal.json
 create mode 100644 _workflow/closeout-01a10cef/single-green/bgi-targeted-argv.json
 create mode 100644 _workflow/closeout-01a10cef/single-green/bgi-targeted-process-identity.json
 create mode 100644 _workflow/closeout-01a10cef/single-green/bgi-targeted-process-request.json
 create mode 100644 _workflow/closeout-01a10cef/single-green/bgi-targeted-process-result.json
 create mode 100644 _workflow/closeout-01a10cef/single-green/bgi-targeted-stderr.log
 create mode 100644 _workflow/closeout-01a10cef/single-green/bgi-targeted-stdin.txt
 create mode 100644 _workflow/closeout-01a10cef/single-green/bgi-targeted-stdout.log
 create mode 100644 _workflow/closeout-01a10cef/single-green/bgi-targeted-tree-terminal.json
 create mode 100644 _workflow/closeout-01a10cef/single-green/bgi.trx
 create mode 100644 _workflow/closeout-01a10cef/single-green/modules-before.json
 create mode 100644 _workflow/closeout-01a10cef/single-green/summary.json
 create mode 100644 _workflow/closeout-01a10cef/single-plan-before.json
 create mode 100644 _workflow/closeout-01a10cef/single-red/assistant-build-argv.json
 create mode 100644 _workflow/closeout-01a10cef/single-red/assistant-build-process-identity.json
 create mode 100644 _workflow/closeout-01a10cef/single-red/assistant-build-process-request.json
 create mode 100644 _workflow/closeout-01a10cef/single-red/assistant-build-process-result.json
 create mode 100644 _workflow/closeout-01a10cef/single-red/assistant-build-stderr.log
 create mode 100644 _workflow/closeout-01a10cef/single-red/assistant-build-stdin.txt
 create mode 100644 _workflow/closeout-01a10cef/single-red/assistant-build-stdout.log
 create mode 100644 _workflow/closeout-01a10cef/single-red/assistant-build-tree-terminal.json
 create mode 100644 _workflow/closeout-01a10cef/single-red/assistant-targeted-argv.json
 create mode 100644 _workflow/closeout-01a10cef/single-red/assistant-targeted-process-identity.json
 create mode 100644 _workflow/closeout-01a10cef/single-red/assistant-targeted-process-request.json
 create mode 100644 _workflow/closeout-01a10cef/single-red/assistant-targeted-process-result.json
 create mode 100644 _workflow/closeout-01a10cef/single-red/assistant-targeted-stderr.log
 create mode 100644 _workflow/closeout-01a10cef/single-red/assistant-targeted-stdin.txt
 create mode 100644 _workflow/closeout-01a10cef/single-red/assistant-targeted-stdout.log
 create mode 100644 _workflow/closeout-01a10cef/single-red/assistant-targeted-tree-terminal.json
 create mode 100644 _workflow/closeout-01a10cef/single-red/bgi-build-argv.json
 create mode 100644 _workflow/closeout-01a10cef/single-red/bgi-build-process-identity.json
 create mode 100644 _workflow/closeout-01a10cef/single-red/bgi-build-process-request.json
 create mode 100644 _workflow/closeout-01a10cef/single-red/bgi-build-process-result.json
 create mode 100644 _workflow/closeout-01a10cef/single-red/bgi-build-stderr.log
 create mode 100644 _workflow/closeout-01a10cef/single-red/bgi-build-stdin.txt
 create mode 100644 _workflow/closeout-01a10cef/single-red/bgi-build-stdout.log
 create mode 100644 _workflow/closeout-01a10cef/single-red/bgi-build-tree-terminal.json
 create mode 100644 _workflow/closeout-01a10cef/single-red/bgi-targeted-argv.json
 create mode 100644 _workflow/closeout-01a10cef/single-red/bgi-targeted-process-identity.json
 create mode 100644 _workflow/closeout-01a10cef/single-red/bgi-targeted-process-request.json
 create mode 100644 _workflow/closeout-01a10cef/single-red/bgi-targeted-process-result.json
 create mode 100644 _workflow/closeout-01a10cef/single-red/bgi-targeted-stderr.log
 create mode 100644 _workflow/closeout-01a10cef/single-red/bgi-targeted-stdin.txt
 create mode 100644 _workflow/closeout-01a10cef/single-red/bgi-targeted-stdout.log
 create mode 100644 _workflow/closeout-01a10cef/single-red/bgi-targeted-tree-terminal.json
 create mode 100644 _workflow/closeout-01a10cef/single-red/modules-before.json
 create mode 100644 _workflow/closeout-01a10cef/single-restored-full/assistant-full-argv.json
 create mode 100644 _workflow/closeout-01a10cef/single-restored-full/assistant-full-process-identity.json
 create mode 100644 _workflow/closeout-01a10cef/single-restored-full/assistant-full-process-request.json
 create mode 100644 _workflow/closeout-01a10cef/single-restored-full/assistant-full-process-result.json
 create mode 100644 _workflow/closeout-01a10cef/single-restored-full/assistant-full-stderr.log
 create mode 100644 _workflow/closeout-01a10cef/single-restored-full/assistant-full-stdin.txt
 create mode 100644 _workflow/closeout-01a10cef/single-restored-full/assistant-full-stdout.log
 create mode 100644 _workflow/closeout-01a10cef/single-restored-full/assistant-full-summary.json
 create mode 100644 _workflow/closeout-01a10cef/single-restored-full/assistant-full-tree-terminal.json
 create mode 100644 _workflow/closeout-01a10cef/single-restored-full/assistant-full.trx
 create mode 100644 _workflow/closeout-01a10cef/single-restored-full/bgi-full-argv.json
 create mode 100644 _workflow/closeout-01a10cef/single-restored-full/bgi-full-process-identity.json
 create mode 100644 _workflow/closeout-01a10cef/single-restored-full/bgi-full-process-request.json
 create mode 100644 _workflow/closeout-01a10cef/single-restored-full/bgi-full-process-result.json
 create mode 100644 _workflow/closeout-01a10cef/single-restored-full/bgi-full-stderr.log
 create mode 100644 _workflow/closeout-01a10cef/single-restored-full/bgi-full-stdin.txt
 create mode 100644 _workflow/closeout-01a10cef/single-restored-full/bgi-full-stdout.log
 create mode 100644 _workflow/closeout-01a10cef/single-restored-full/bgi-full-summary.json
 create mode 100644 _workflow/closeout-01a10cef/single-restored-full/bgi-full-tree-terminal.json
 create mode 100644 _workflow/closeout-01a10cef/single-restored-full/bgi-full.trx
 create mode 100644 _workflow/closeout-01a10cef/single-restored-full/candidate-module-readback.json
 create mode 100644 _workflow/closeout-01a10cef/single-restored-full/candidate-modules-before.json
 create mode 100644 _workflow/closeout-01a10cef/single-restored-full/owner-argv.json
 create mode 100644 _workflow/closeout-01a10cef/single-restored-full/owner-build-argv.json
 create mode 100644 _workflow/closeout-01a10cef/single-restored-full/owner-build-process-identity.json
 create mode 100644 _workflow/closeout-01a10cef/single-restored-full/owner-build-process-request.json
 create mode 100644 _workflow/closeout-01a10cef/single-restored-full/owner-build-process-result.json
 create mode 100644 _workflow/closeout-01a10cef/single-restored-full/owner-build-stderr.log
 create mode 100644 _workflow/closeout-01a10cef/single-restored-full/owner-build-stdin.txt
 create mode 100644 _workflow/closeout-01a10cef/single-restored-full/owner-build-stdout.log
 create mode 100644 _workflow/closeout-01a10cef/single-restored-full/owner-build-tree-terminal.json
 create mode 100644 _workflow/closeout-01a10cef/single-restored-full/owner-mutation.json
 create mode 100644 _workflow/closeout-01a10cef/single-restored-full/owner-process-identity.json
 create mode 100644 _workflow/closeout-01a10cef/single-restored-full/owner-process-request.json
 create mode 100644 _workflow/closeout-01a10cef/single-restored-full/owner-process-result.json
 create mode 100644 _workflow/closeout-01a10cef/single-restored-full/owner-restored.json
 create mode 100644 _workflow/closeout-01a10cef/single-restored-full/owner-stderr.log
 create mode 100644 _workflow/closeout-01a10cef/single-restored-full/owner-stdin.txt
 create mode 100644 _workflow/closeout-01a10cef/single-restored-full/owner-stdout.log
 create mode 100644 _workflow/closeout-01a10cef/single-restored-full/owner-summary.json
 create mode 100644 _workflow/closeout-01a10cef/single-restored-full/owner-tree-terminal.json
 create mode 100644 _workflow/closeout-01a10cef/single-restored-full/owner.trx
 create mode 100644 _workflow/closeout-01a10cef/single-restored-full/restored-assistant-build-argv.json
 create mode 100644 _workflow/closeout-01a10cef/single-restored-full/restored-assistant-build-process-identity.json
 create mode 100644 _workflow/closeout-01a10cef/single-restored-full/restored-assistant-build-process-request.json
 create mode 100644 _workflow/closeout-01a10cef/single-restored-full/restored-assistant-build-process-result.json
 create mode 100644 _workflow/closeout-01a10cef/single-restored-full/restored-assistant-build-stderr.log
 create mode 100644 _workflow/closeout-01a10cef/single-restored-full/restored-assistant-build-stdin.txt
 create mode 100644 _workflow/closeout-01a10cef/single-restored-full/restored-assistant-build-stdout.log
 create mode 100644 _workflow/closeout-01a10cef/single-restored-full/restored-assistant-build-tree-terminal.json
 create mode 100644 _workflow/closeout-01a10cef/single-restored-full/source-after.json
 create mode 100644 _workflow/closeout-01a10cef/single-restored-full/source-before.json
 create mode 100644 _workflow/closeout-01a10cef/single-restored-full/source-original.cs
 create mode 100644 _workflow/closeout-01a10cef/single-restored-full/summary.json
 create mode 100644 _workflow/closeout-01a10cef/single-restored-full/task-id-argv.json
 create mode 100644 _workflow/closeout-01a10cef/single-restored-full/task-id-build-argv.json
 create mode 100644 _workflow/closeout-01a10cef/single-restored-full/task-id-build-process-identity.json
 create mode 100644 _workflow/closeout-01a10cef/single-restored-full/task-id-build-process-request.json
 create mode 100644 _workflow/closeout-01a10cef/single-restored-full/task-id-build-process-result.json
 create mode 100644 _workflow/closeout-01a10cef/single-restored-full/task-id-build-stderr.log
 create mode 100644 _workflow/closeout-01a10cef/single-restored-full/task-id-build-stdin.txt
 create mode 100644 _workflow/closeout-01a10cef/single-restored-full/task-id-build-stdout.log
 create mode 100644 _workflow/closeout-01a10cef/single-restored-full/task-id-build-tree-terminal.json
 create mode 100644 _workflow/closeout-01a10cef/single-restored-full/task-id-mutation.json
 create mode 100644 _workflow/closeout-01a10cef/single-restored-full/task-id-process-identity.json
 create mode 100644 _workflow/closeout-01a10cef/single-restored-full/task-id-process-request.json
 create mode 100644 _workflow/closeout-01a10cef/single-restored-full/task-id-process-result.json
 create mode 100644 _workflow/closeout-01a10cef/single-restored-full/task-id-restored.json
 create mode 100644 _workflow/closeout-01a10cef/single-restored-full/task-id-stderr.log
 create mode 100644 _workflow/closeout-01a10cef/single-restored-full/task-id-stdin.txt
 create mode 100644 _workflow/closeout-01a10cef/single-restored-full/task-id-stdout.log
 create mode 100644 _workflow/closeout-01a10cef/single-restored-full/task-id-summary.json
 create mode 100644 _workflow/closeout-01a10cef/single-restored-full/task-id-tree-terminal.json
 create mode 100644 _workflow/closeout-01a10cef/single-restored-full/task-id.trx
 create mode 100644 _workflow/closeout-01a10cef/startup-negative/baseline-process-identity.json
 create mode 100644 _workflow/closeout-01a10cef/startup-negative/baseline-process-request.json
 create mode 100644 _workflow/closeout-01a10cef/startup-negative/baseline-process-result.json
 create mode 100644 _workflow/closeout-01a10cef/startup-negative/baseline-stderr.log
 create mode 100644 _workflow/closeout-01a10cef/startup-negative/baseline-stdin.txt
 create mode 100644 _workflow/closeout-01a10cef/startup-negative/baseline-stdout.log
 create mode 100644 _workflow/closeout-01a10cef/startup-negative/baseline-summary.json
 create mode 100644 _workflow/closeout-01a10cef/startup-negative/baseline-tree-terminal.json
 create mode 100644 _workflow/closeout-01a10cef/startup-negative/baseline.trx
 create mode 100644 _workflow/closeout-01a10cef/startup-negative/candidate-process-identity.json
 create mode 100644 _workflow/closeout-01a10cef/startup-negative/candidate-process-request.json
 create mode 100644 _workflow/closeout-01a10cef/startup-negative/candidate-process-result.json
 create mode 100644 _workflow/closeout-01a10cef/startup-negative/candidate-stderr.log
 create mode 100644 _workflow/closeout-01a10cef/startup-negative/candidate-stdin.txt
 create mode 100644 _workflow/closeout-01a10cef/startup-negative/candidate-stdout.log
 create mode 100644 _workflow/closeout-01a10cef/startup-negative/candidate-summary.json
 create mode 100644 _workflow/closeout-01a10cef/startup-negative/candidate-tree-terminal.json
 create mode 100644 _workflow/closeout-01a10cef/startup-negative/candidate.trx
 create mode 100644 _workflow/closeout-01a10cef/startup-negative/summary.json
 create mode 100644 _workflow/closeout-01a10cef/storage-blocked-terminal.json
 create mode 100644 _workflow/closeout-01a10cef/storage-tightening-authorization.json
 create mode 100644 _workflow/closeout-01a10cef/ui-emergency-restored.json
 create mode 100644 _workflow/closeout-01a10cef/ui-legacy-source.json
 create mode 100644 _workflow/closeout-01a10cef/ui-protocol-terminal.json
 create mode 100644 _workflow/closeout-01a10cef/ui-r3.py
 create mode 100644 _workflow/closeout-01a10cef/ui-r3/own-resource-inputs.json
 create mode 100644 _workflow/closeout-01a10cef/ui-r3/prepared.json
 create mode 100644 _workflow/closeout-01a10cef/ui-r3/protocol-before.json
 create mode 100644 _workflow/closeout-01a10cef/ui-r3/public-proof/run-cfb748b14d5d.run.json
 create mode 100644 _workflow/closeout-01a10cef/ui-r3/public-proof/wf-edc5b117.flow.json
 create mode 100644 _workflow/closeout-01a10cef/ui-r3/public-proof/wf-ui-import-01a10cef.flow.json
 create mode 100644 _workflow/closeout-01a10cef/ui-r3/restored.json
 create mode 100644 _workflow/closeout-01a10cef/ui-r3/verification-facts.json
 create mode 100644 _workflow/closeout-01a10cef/ui-safe-prepared.json
 create mode 100644 _workflow/closeout-01a10cef/ui-safety.py
 create mode 100644 _workflow/closeout-01a10cef/verify-bgi-sequential.py
 create mode 100644 _workflow/closeout-01a10cef/verify-native.py
 create mode 100644 _workflow/closeout-01a10cef/verify-startup-negative.py
 create mode 100644 _workflow/storage-policy.json
