VSTest 版本 17.11.1 (x64)

正在启动测试执行，请稍候...
总共 1 个测试文件与指定模式相匹配。
[xUnit.net 00:00:00.71]     MultiplayerHoeingAssistant.UnitTest.ServiceTests.TaskCenter.R56MigrationConsistencyTests.ControlledRootWindow_BlocksTwoActualWriterProcessesUntilSnapshotPublicationEnds [FAIL]
  失败 MultiplayerHoeingAssistant.UnitTest.ServiceTests.TaskCenter.R56MigrationConsistencyTests.ControlledRootWindow_BlocksTwoActualWriterProcessesUntilSnapshotPublicationEnds [3 ms]
  错误消息:
   Build the controlled writer probe into this execution's fresh products.
  堆栈跟踪:
     at MultiplayerHoeingAssistant.UnitTest.ServiceTests.TaskCenter.R56MigrationConsistencyTests.ControlledRootWindow_BlocksTwoActualWriterProcessesUntilSnapshotPublicationEnds() in E:\Program Files\better-genshin-impact-LCB\Test\MultiplayerHoeingAssistant.UnitTest\ServiceTests\TaskCenter\R56MigrationConsistencyTests.cs:line 20
--- End of stack trace from previous location ---
[xUnit.net 00:00:12.76]     MultiplayerHoeingAssistant.UnitTest.ServiceTests.TaskCenter.R56MigrationSwitchTransactionTests_Part2.CurrentV14_ConcurrencyNoCallbackValidationAndRollback_AreSerialized [FAIL]
  失败 MultiplayerHoeingAssistant.UnitTest.ServiceTests.TaskCenter.R56MigrationSwitchTransactionTests_Part2.CurrentV14_ConcurrencyNoCallbackValidationAndRollback_AreSerialized [1 s]
  错误消息:
   no-callback entry must wait for serialization
  堆栈跟踪:
     at MultiplayerHoeingAssistant.UnitTest.ServiceTests.TaskCenter.R56MigrationSwitchTransactionTests_Part2.CurrentV14_ConcurrencyNoCallbackValidationAndRollback_AreSerialized() in E:\Program Files\better-genshin-impact-LCB\Test\MultiplayerHoeingAssistant.UnitTest\ServiceTests\TaskCenter\R56MigrationSwitchTransactionTests.cs:line 743
   at MultiplayerHoeingAssistant.UnitTest.ServiceTests.TaskCenter.R56MigrationSwitchTransactionTests_Part2.CurrentV14_ConcurrencyNoCallbackValidationAndRollback_AreSerialized() in E:\Program Files\better-genshin-impact-LCB\Test\MultiplayerHoeingAssistant.UnitTest\ServiceTests\TaskCenter\R56MigrationSwitchTransactionTests.cs:line 748
--- End of stack trace from previous location ---
[xUnit.net 00:01:01.41]     MultiplayerHoeingAssistant.UnitTest.ServiceTests.TaskCenter.R56ReferenceActivationWiringTests.RepeatedModernSuccess_RequiresFreshWholeRootWithoutRepeatingEffects(stage: "Activated", reopen: True, drift: "clean") [FAIL]
  失败 MultiplayerHoeingAssistant.UnitTest.ServiceTests.TaskCenter.R56ReferenceActivationWiringTests.RepeatedModernSuccess_RequiresFreshWholeRootWithoutRepeatingEffects(stage: "Activated", reopen: True, drift: "clean") [1 s]
  错误消息:
   Assert.Equal() Failure: Values differ
Expected: True
Actual:   False
  堆栈跟踪:
     at MultiplayerHoeingAssistant.UnitTest.ServiceTests.TaskCenter.R56ReferenceActivationWiringTests.RepeatedModernSuccess_RequiresFreshWholeRootWithoutRepeatingEffects(String stage, Boolean reopen, String drift) in E:\Program Files\better-genshin-impact-LCB\Test\MultiplayerHoeingAssistant.UnitTest\ServiceTests\TaskCenter\R56ReferenceActivationWiringTests.cs:line 493
   at InvokeStub_R56ReferenceActivationWiringTests.RepeatedModernSuccess_RequiresFreshWholeRootWithoutRepeatingEffects(Object, Span`1)
   at System.Reflection.MethodBaseInvoker.InvokeWithFewArgs(Object obj, BindingFlags invokeAttr, Binder binder, Object[] parameters, CultureInfo culture)
[xUnit.net 00:01:03.26]     MultiplayerHoeingAssistant.UnitTest.ServiceTests.TaskCenter.R56ReferenceActivationWiringTests.CurrentV5_RealProducerExit_PreservesFactAndNewInstanceRecovers(station: "undo:after_commit") [FAIL]
[xUnit.net 00:01:03.43]     MultiplayerHoeingAssistant.UnitTest.ServiceTests.TaskCenter.R56ReferenceActivationWiringTests.CurrentV5_RealProducerExit_PreservesFactAndNewInstanceRecovers(station: "after_receipt") [FAIL]
[xUnit.net 00:01:03.59]     MultiplayerHoeingAssistant.UnitTest.ServiceTests.TaskCenter.R56ReferenceActivationWiringTests.CurrentV5_RealProducerExit_PreservesFactAndNewInstanceRecovers(station: "restore:after_commit") [FAIL]
  失败 MultiplayerHoeingAssistant.UnitTest.ServiceTests.TaskCenter.R56ReferenceActivationWiringTests.CurrentV5_RealProducerExit_PreservesFactAndNewInstanceRecovers(station: "undo:after_commit") [163 ms]
  错误消息:
   Assert.Equal() Failure: Values differ
Expected: 71
Actual:   1
  堆栈跟踪:
     at MultiplayerHoeingAssistant.UnitTest.ServiceTests.TaskCenter.R56ReferenceActivationWiringTests.CurrentV5_RealProducerExit_PreservesFactAndNewInstanceRecovers(String station) in E:\Program Files\better-genshin-impact-LCB\Test\MultiplayerHoeingAssistant.UnitTest\ServiceTests\TaskCenter\R56ReferenceActivationWiringTests.cs:line 2186
--- End of stack trace from previous location ---
  失败 MultiplayerHoeingAssistant.UnitTest.ServiceTests.TaskCenter.R56ReferenceActivationWiringTests.CurrentV5_RealProducerExit_PreservesFactAndNewInstanceRecovers(station: "after_receipt") [170 ms]
  错误消息:
   Assert.Equal() Failure: Values differ
Expected: 71
Actual:   1
  堆栈跟踪:
     at MultiplayerHoeingAssistant.UnitTest.ServiceTests.TaskCenter.R56ReferenceActivationWiringTests.CurrentV5_RealProducerExit_PreservesFactAndNewInstanceRecovers(String station) in E:\Program Files\better-genshin-impact-LCB\Test\MultiplayerHoeingAssistant.UnitTest\ServiceTests\TaskCenter\R56ReferenceActivationWiringTests.cs:line 2186
--- End of stack trace from previous location ---
  失败 MultiplayerHoeingAssistant.UnitTest.ServiceTests.TaskCenter.R56ReferenceActivationWiringTests.CurrentV5_RealProducerExit_PreservesFactAndNewInstanceRecovers(station: "restore:after_commit") [161 ms]
  错误消息:
   Assert.Equal() Failure: Values differ
Expected: 71
Actual:   1
  堆栈跟踪:
     at MultiplayerHoeingAssistant.UnitTest.ServiceTests.TaskCenter.R56ReferenceActivationWiringTests.CurrentV5_RealProducerExit_PreservesFactAndNewInstanceRecovers(String station) in E:\Program Files\better-genshin-impact-LCB\Test\MultiplayerHoeingAssistant.UnitTest\ServiceTests\TaskCenter\R56ReferenceActivationWiringTests.cs:line 2186
--- End of stack trace from previous location ---
[xUnit.net 00:01:03.78]     MultiplayerHoeingAssistant.UnitTest.ServiceTests.TaskCenter.R56ReferenceActivationWiringTests.CurrentV5_RealProducerExit_PreservesFactAndNewInstanceRecovers(station: "undo:after_data") [FAIL]
[xUnit.net 00:01:03.94]     MultiplayerHoeingAssistant.UnitTest.ServiceTests.TaskCenter.R56ReferenceActivationWiringTests.CurrentV5_RealProducerExit_PreservesFactAndNewInstanceRecovers(station: "after_handles") [FAIL]
[xUnit.net 00:01:04.09]     MultiplayerHoeingAssistant.UnitTest.ServiceTests.TaskCenter.R56ReferenceActivationWiringTests.CurrentV5_RealProducerExit_PreservesFactAndNewInstanceRecovers(station: "activate:after_commit") [FAIL]
[xUnit.net 00:01:04.25]     MultiplayerHoeingAssistant.UnitTest.ServiceTests.TaskCenter.R56ReferenceActivationWiringTests.CurrentV5_RealProducerExit_PreservesFactAndNewInstanceRecovers(station: "activate:after_data") [FAIL]
[xUnit.net 00:01:04.44]     MultiplayerHoeingAssistant.UnitTest.ServiceTests.TaskCenter.R56ReferenceActivationWiringTests.CurrentV5_RealProducerExit_PreservesFactAndNewInstanceRecovers(station: "after_commit") [FAIL]
[xUnit.net 00:01:04.63]     MultiplayerHoeingAssistant.UnitTest.ServiceTests.TaskCenter.R56ReferenceActivationWiringTests.CurrentV5_RealProducerExit_PreservesFactAndNewInstanceRecovers(station: "restore:after_data") [FAIL]
[xUnit.net 00:01:04.79]     MultiplayerHoeingAssistant.UnitTest.ServiceTests.TaskCenter.R56ReferenceActivationWiringTests.CurrentV5_RealProducerExit_PreservesFactAndNewInstanceRecovers(station: "after_data") [FAIL]
[xUnit.net 00:01:04.98]     MultiplayerHoeingAssistant.UnitTest.ServiceTests.TaskCenter.R56ReferenceActivationWiringTests.CurrentV5_RealProducerExit_PreservesFactAndNewInstanceRecovers(station: "after_prepared") [FAIL]
  失败 MultiplayerHoeingAssistant.UnitTest.ServiceTests.TaskCenter.R56ReferenceActivationWiringTests.CurrentV5_RealProducerExit_PreservesFactAndNewInstanceRecovers(station: "undo:after_data") [186 ms]
  错误消息:
   Assert.Equal() Failure: Values differ
Expected: 71
Actual:   1
  堆栈跟踪:
     at MultiplayerHoeingAssistant.UnitTest.ServiceTests.TaskCenter.R56ReferenceActivationWiringTests.CurrentV5_RealProducerExit_PreservesFactAndNewInstanceRecovers(String station) in E:\Program Files\better-genshin-impact-LCB\Test\MultiplayerHoeingAssistant.UnitTest\ServiceTests\TaskCenter\R56ReferenceActivationWiringTests.cs:line 2186
--- End of stack trace from previous location ---
  失败 MultiplayerHoeingAssistant.UnitTest.ServiceTests.TaskCenter.R56ReferenceActivationWiringTests.CurrentV5_RealProducerExit_PreservesFactAndNewInstanceRecovers(station: "after_handles") [158 ms]
  错误消息:
   Assert.Equal() Failure: Values differ
Expected: 71
Actual:   1
  堆栈跟踪:
     at MultiplayerHoeingAssistant.UnitTest.ServiceTests.TaskCenter.R56ReferenceActivationWiringTests.CurrentV5_RealProducerExit_PreservesFactAndNewInstanceRecovers(String station) in E:\Program Files\better-genshin-impact-LCB\Test\MultiplayerHoeingAssistant.UnitTest\ServiceTests\TaskCenter\R56ReferenceActivationWiringTests.cs:line 2186
--- End of stack trace from previous location ---
  失败 MultiplayerHoeingAssistant.UnitTest.ServiceTests.TaskCenter.R56ReferenceActivationWiringTests.CurrentV5_RealProducerExit_PreservesFactAndNewInstanceRecovers(station: "activate:after_commit") [157 ms]
  错误消息:
   Assert.Equal() Failure: Values differ
Expected: 71
Actual:   1
  堆栈跟踪:
     at MultiplayerHoeingAssistant.UnitTest.ServiceTests.TaskCenter.R56ReferenceActivationWiringTests.CurrentV5_RealProducerExit_PreservesFactAndNewInstanceRecovers(String station) in E:\Program Files\better-genshin-impact-LCB\Test\MultiplayerHoeingAssistant.UnitTest\ServiceTests\TaskCenter\R56ReferenceActivationWiringTests.cs:line 2186
--- End of stack trace from previous location ---
  失败 MultiplayerHoeingAssistant.UnitTest.ServiceTests.TaskCenter.R56ReferenceActivationWiringTests.CurrentV5_RealProducerExit_PreservesFactAndNewInstanceRecovers(station: "activate:after_data") [161 ms]
  错误消息:
   Assert.Equal() Failure: Values differ
Expected: 71
Actual:   1
  堆栈跟踪:
     at MultiplayerHoeingAssistant.UnitTest.ServiceTests.TaskCenter.R56ReferenceActivationWiringTests.CurrentV5_RealProducerExit_PreservesFactAndNewInstanceRecovers(String station) in E:\Program Files\better-genshin-impact-LCB\Test\MultiplayerHoeingAssistant.UnitTest\ServiceTests\TaskCenter\R56ReferenceActivationWiringTests.cs:line 2186
--- End of stack trace from previous location ---
  失败 MultiplayerHoeingAssistant.UnitTest.ServiceTests.TaskCenter.R56ReferenceActivationWiringTests.CurrentV5_RealProducerExit_PreservesFactAndNewInstanceRecovers(station: "after_commit") [187 ms]
  错误消息:
   Assert.Equal() Failure: Values differ
Expected: 71
Actual:   1
  堆栈跟踪:
     at MultiplayerHoeingAssistant.UnitTest.ServiceTests.TaskCenter.R56ReferenceActivationWiringTests.CurrentV5_RealProducerExit_PreservesFactAndNewInstanceRecovers(String station) in E:\Program Files\better-genshin-impact-LCB\Test\MultiplayerHoeingAssistant.UnitTest\ServiceTests\TaskCenter\R56ReferenceActivationWiringTests.cs:line 2186
--- End of stack trace from previous location ---
  失败 MultiplayerHoeingAssistant.UnitTest.ServiceTests.TaskCenter.R56ReferenceActivationWiringTests.CurrentV5_RealProducerExit_PreservesFactAndNewInstanceRecovers(station: "restore:after_data") [185 ms]
  错误消息:
   Assert.Equal() Failure: Values differ
Expected: 71
Actual:   1
  堆栈跟踪:
     at MultiplayerHoeingAssistant.UnitTest.ServiceTests.TaskCenter.R56ReferenceActivationWiringTests.CurrentV5_RealProducerExit_PreservesFactAndNewInstanceRecovers(String station) in E:\Program Files\better-genshin-impact-LCB\Test\MultiplayerHoeingAssistant.UnitTest\ServiceTests\TaskCenter\R56ReferenceActivationWiringTests.cs:line 2186
--- End of stack trace from previous location ---
  失败 MultiplayerHoeingAssistant.UnitTest.ServiceTests.TaskCenter.R56ReferenceActivationWiringTests.CurrentV5_RealProducerExit_PreservesFactAndNewInstanceRecovers(station: "after_data") [162 ms]
  错误消息:
   Assert.Equal() Failure: Values differ
Expected: 71
Actual:   1
  堆栈跟踪:
     at MultiplayerHoeingAssistant.UnitTest.ServiceTests.TaskCenter.R56ReferenceActivationWiringTests.CurrentV5_RealProducerExit_PreservesFactAndNewInstanceRecovers(String station) in E:\Program Files\better-genshin-impact-LCB\Test\MultiplayerHoeingAssistant.UnitTest\ServiceTests\TaskCenter\R56ReferenceActivationWiringTests.cs:line 2186
--- End of stack trace from previous location ---
  失败 MultiplayerHoeingAssistant.UnitTest.ServiceTests.TaskCenter.R56ReferenceActivationWiringTests.CurrentV5_RealProducerExit_PreservesFactAndNewInstanceRecovers(station: "after_prepared") [192 ms]
  错误消息:
   Assert.Equal() Failure: Values differ
Expected: 71
Actual:   1
  堆栈跟踪:
     at MultiplayerHoeingAssistant.UnitTest.ServiceTests.TaskCenter.R56ReferenceActivationWiringTests.CurrentV5_RealProducerExit_PreservesFactAndNewInstanceRecovers(String station) in E:\Program Files\better-genshin-impact-LCB\Test\MultiplayerHoeingAssistant.UnitTest\ServiceTests\TaskCenter\R56ReferenceActivationWiringTests.cs:line 2186
--- End of stack trace from previous location ---
[xUnit.net 00:02:07.49]     MultiplayerHoeingAssistant.UnitTest.ServiceTests.TaskCenter.R56ReferenceActivationWiringTests.CurrentV8_MissingMainDoesNotErasePendingAuthorityOrAdmitNewTransaction [FAIL]
  失败 MultiplayerHoeingAssistant.UnitTest.ServiceTests.TaskCenter.R56ReferenceActivationWiringTests.CurrentV8_MissingMainDoesNotErasePendingAuthorityOrAdmitNewTransaction [306 ms]
  错误消息:
   Assert.True() Failure
Expected: True
Actual:   False
  堆栈跟踪:
     at MultiplayerHoeingAssistant.UnitTest.ServiceTests.TaskCenter.R56ReferenceActivationWiringTests.CurrentV8_MissingMainDoesNotErasePendingAuthorityOrAdmitNewTransaction() in E:\Program Files\better-genshin-impact-LCB\Test\MultiplayerHoeingAssistant.UnitTest\ServiceTests\TaskCenter\R56ReferenceActivationWiringTests.cs:line 1162
   at System.RuntimeMethodHandle.InvokeMethod(Object target, Void** arguments, Signature sig, Boolean isConstructor)
   at System.Reflection.MethodBaseInvoker.InvokeWithNoArgs(Object obj, BindingFlags invokeAttr)
[xUnit.net 00:02:10.88]     MultiplayerHoeingAssistant.UnitTest.ServiceTests.TaskCenter.R56ReferenceActivationWiringTests.CurrentV14_AbortTerminalWithUnknownJournalOrOrphanFacts_IsNotExempt [FAIL]
  失败 MultiplayerHoeingAssistant.UnitTest.ServiceTests.TaskCenter.R56ReferenceActivationWiringTests.CurrentV14_AbortTerminalWithUnknownJournalOrOrphanFacts_IsNotExempt [416 ms]
  错误消息:
   Assert.True() Failure
Expected: True
Actual:   False
  堆栈跟踪:
     at MultiplayerHoeingAssistant.UnitTest.ServiceTests.TaskCenter.R56ReferenceActivationWiringTests.CurrentV14_AbortTerminalWithUnknownJournalOrOrphanFacts_IsNotExempt() in E:\Program Files\better-genshin-impact-LCB\Test\MultiplayerHoeingAssistant.UnitTest\ServiceTests\TaskCenter\R56ReferenceActivationWiringTests.cs:line 1661
   at System.RuntimeMethodHandle.InvokeMethod(Object target, Void** arguments, Signature sig, Boolean isConstructor)
   at System.Reflection.MethodBaseInvoker.InvokeWithNoArgs(Object obj, BindingFlags invokeAttr)
[xUnit.net 00:02:42.24]     MultiplayerHoeingAssistant.UnitTest.ServiceTests.TaskCenter.R56ReferenceActivationWiringTests.PhysicalConfigRoot_SecondArtifactRootCannotBypassExclusiveAuthority [FAIL]
  失败 MultiplayerHoeingAssistant.UnitTest.ServiceTests.TaskCenter.R56ReferenceActivationWiringTests.PhysicalConfigRoot_SecondArtifactRootCannotBypassExclusiveAuthority [292 ms]
  错误消息:
   System.IO.InvalidDataException : migration_observer_binding_root_or_pending_mismatch
  堆栈跟踪:
     at MultiplayerHoeingAssistant.Services.MigrationRootAuthority.ObservePersistentFacts(String configRoot, String artifactRoot) in E:\Program Files\better-genshin-impact-LCB\MultiplayerHoeingAssistant\Services\TaskCenter\MigrationConsistency.cs:line 213
   at MultiplayerHoeingAssistant.Services.MigrationSwitchTransaction.ClassifyPersistentProtocol() in E:\Program Files\better-genshin-impact-LCB\MultiplayerHoeingAssistant\Services\TaskCenter\MigrationSwitchTransaction.cs:line 3219
   at MultiplayerHoeingAssistant.Services.MigrationSwitchTransaction.TryAcquireExclusive() in E:\Program Files\better-genshin-impact-LCB\MultiplayerHoeingAssistant\Services\TaskCenter\MigrationSwitchTransaction.cs:line 374
   at MultiplayerHoeingAssistant.UnitTest.ServiceTests.TaskCenter.R56ReferenceActivationWiringTests.PhysicalConfigRoot_SecondArtifactRootCannotBypassExclusiveAuthority() in E:\Program Files\better-genshin-impact-LCB\Test\MultiplayerHoeingAssistant.UnitTest\ServiceTests\TaskCenter\R56ReferenceActivationWiringTests.cs:line 2279
   at System.RuntimeMethodHandle.InvokeMethod(Object target, Void** arguments, Signature sig, Boolean isConstructor)
   at System.Reflection.MethodBaseInvoker.InvokeWithNoArgs(Object obj, BindingFlags invokeAttr)
[xUnit.net 00:03:22.92]     MultiplayerHoeingAssistant.UnitTest.ServiceTests.TaskCenter.R56ReferenceActivationWiringTests.LegacyUpgrade_PublicationInterrupted_PreservesOriginalAndCanResume [FAIL]
  失败 MultiplayerHoeingAssistant.UnitTest.ServiceTests.TaskCenter.R56ReferenceActivationWiringTests.LegacyUpgrade_PublicationInterrupted_PreservesOriginalAndCanResume [315 ms]
  错误消息:
   Assert.True() Failure
Expected: True
Actual:   False
  堆栈跟踪:
     at MultiplayerHoeingAssistant.UnitTest.ServiceTests.TaskCenter.R56ReferenceActivationWiringTests.LegacyUpgrade_PublicationInterrupted_PreservesOriginalAndCanResume() in E:\Program Files\better-genshin-impact-LCB\Test\MultiplayerHoeingAssistant.UnitTest\ServiceTests\TaskCenter\R56ReferenceActivationWiringTests.cs:line 2492
   at System.RuntimeMethodHandle.InvokeMethod(Object target, Void** arguments, Signature sig, Boolean isConstructor)
   at System.Reflection.MethodBaseInvoker.InvokeWithNoArgs(Object obj, BindingFlags invokeAttr)
[xUnit.net 00:03:37.90]     MultiplayerHoeingAssistant.UnitTest.ServiceTests.TaskCenter.TaskCenterSuccessorPathGateTests.P50_LoadRepro_WholeClass_UnderControlledLoad [SKIP]
  已跳过 MultiplayerHoeingAssistant.UnitTest.ServiceTests.TaskCenter.TaskCenterSuccessorPathGateTests.P50_LoadRepro_WholeClass_UnderControlledLoad [1 ms]
[xUnit.net 00:03:47.36]     MultiplayerHoeingAssistant.UnitTest.ServiceTests.TaskCenter.TaskCenterSuccessorPathGateTests.P50_DiagnosticRepeat_OptIn [SKIP]
  已跳过 MultiplayerHoeingAssistant.UnitTest.ServiceTests.TaskCenter.TaskCenterSuccessorPathGateTests.P50_DiagnosticRepeat_OptIn [1 ms]
结果文件: E:\Program Files\better-genshin-impact-LCB\_workflow\local-wait-admission-gates-20261004\typed-parent\final\full.trx

失败!  - 失败:    18，通过:  1968，已跳过:     2，总计:  1988，持续时间: 4 m 17 s - MultiplayerHoeingAssistant.UnitTest.dll (net8.0)
