warning: in the working copy of '_workflow/local-wait-admission-gates-20261004/CURRENT-HANDOFF.md', LF will be replaced by CRLF the next time Git touches it
warning: in the working copy of 'Test/MultiplayerHoeingAssistant.UnitTest/ServiceTests/TaskCenter/LegacyHistoricalSealIntegrityTests.cs', LF will be replaced by CRLF the next time Git touches it
warning: in the working copy of '_workflow/local-wait-admission-gates-20261004/auto-relay-history-seal-certification-20261004-from-01a106ad/CANDIDATE.md', LF will be replaced by CRLF the next time Git touches it
warning: in the working copy of '_workflow/local-wait-admission-gates-20261004/auto-relay-history-seal-certification-20261004-from-01a106ad/LEGACY-SEAL-PLAN.md', LF will be replaced by CRLF the next time Git touches it
warning: in the working copy of '_workflow/local-wait-admission-gates-20261004/auto-relay-history-seal-certification-20261004-from-01a106ad/create-thread-result.json', LF will be replaced by CRLF the next time Git touches it
warning: in the working copy of '_workflow/local-wait-admission-gates-20261004/auto-relay-history-seal-certification-20261004-from-01a106ad/finalize-source-observation.py', LF will be replaced by CRLF the next time Git touches it
warning: in the working copy of '_workflow/local-wait-admission-gates-20261004/auto-relay-history-seal-certification-20261004-from-01a106ad/git-status-before-checkpoint.txt', LF will be replaced by CRLF the next time Git touches it
warning: in the working copy of '_workflow/local-wait-admission-gates-20261004/auto-relay-history-seal-certification-20261004-from-01a106ad/legacy-final/claims-regenerate.trx', LF will be replaced by CRLF the next time Git touches it
warning: in the working copy of '_workflow/local-wait-admission-gates-20261004/auto-relay-history-seal-certification-20261004-from-01a106ad/legacy-final/full.trx', LF will be replaced by CRLF the next time Git touches it
warning: in the working copy of '_workflow/local-wait-admission-gates-20261004/auto-relay-history-seal-certification-20261004-from-01a106ad/legacy-final/history-matrix.trx', LF will be replaced by CRLF the next time Git touches it
warning: in the working copy of '_workflow/local-wait-admission-gates-20261004/auto-relay-history-seal-certification-20261004-from-01a106ad/legacy-final/target.trx', LF will be replaced by CRLF the next time Git touches it
warning: in the working copy of '_workflow/local-wait-admission-gates-20261004/auto-relay-history-seal-certification-20261004-from-01a106ad/legacy-green.trx', LF will be replaced by CRLF the next time Git touches it
warning: in the working copy of '_workflow/local-wait-admission-gates-20261004/auto-relay-history-seal-certification-20261004-from-01a106ad/legacy-mutations/L1-legacy-association/baseline.trx', LF will be replaced by CRLF the next time Git touches it
warning: in the working copy of '_workflow/local-wait-admission-gates-20261004/auto-relay-history-seal-certification-20261004-from-01a106ad/legacy-mutations/L1-legacy-association/mutant.trx', LF will be replaced by CRLF the next time Git touches it
warning: in the working copy of '_workflow/local-wait-admission-gates-20261004/auto-relay-history-seal-certification-20261004-from-01a106ad/legacy-mutations/L1-legacy-association/restored.trx', LF will be replaced by CRLF the next time Git touches it
warning: in the working copy of '_workflow/local-wait-admission-gates-20261004/auto-relay-history-seal-certification-20261004-from-01a106ad/legacy-mutations/L2-legacy-outcome/baseline.trx', LF will be replaced by CRLF the next time Git touches it
warning: in the working copy of '_workflow/local-wait-admission-gates-20261004/auto-relay-history-seal-certification-20261004-from-01a106ad/legacy-mutations/L2-legacy-outcome/mutant.trx', LF will be replaced by CRLF the next time Git touches it
warning: in the working copy of '_workflow/local-wait-admission-gates-20261004/auto-relay-history-seal-certification-20261004-from-01a106ad/legacy-mutations/L2-legacy-outcome/restored.trx', LF will be replaced by CRLF the next time Git touches it
warning: in the working copy of '_workflow/local-wait-admission-gates-20261004/auto-relay-history-seal-certification-20261004-from-01a106ad/legacy-mutations/L3-terminal-correspondence/baseline.trx', LF will be replaced by CRLF the next time Git touches it
warning: in the working copy of '_workflow/local-wait-admission-gates-20261004/auto-relay-history-seal-certification-20261004-from-01a106ad/legacy-mutations/L3-terminal-correspondence/mutant.trx', LF will be replaced by CRLF the next time Git touches it
warning: in the working copy of '_workflow/local-wait-admission-gates-20261004/auto-relay-history-seal-certification-20261004-from-01a106ad/legacy-mutations/L3-terminal-correspondence/restored.trx', LF will be replaced by CRLF the next time Git touches it
warning: in the working copy of '_workflow/local-wait-admission-gates-20261004/auto-relay-history-seal-certification-20261004-from-01a106ad/legacy-red.trx', LF will be replaced by CRLF the next time Git touches it
warning: in the working copy of '_workflow/local-wait-admission-gates-20261004/auto-relay-history-seal-certification-20261004-from-01a106ad/new-goal-readback.json', LF will be replaced by CRLF the next time Git touches it
warning: in the working copy of '_workflow/local-wait-admission-gates-20261004/auto-relay-history-seal-certification-20261004-from-01a106ad/old-goal-paused-readback.json', LF will be replaced by CRLF the next time Git touches it
warning: in the working copy of '_workflow/local-wait-admission-gates-20261004/auto-relay-history-seal-certification-20261004-from-01a106ad/read-current-evidence.py', LF will be replaced by CRLF the next time Git touches it
warning: in the working copy of '_workflow/local-wait-admission-gates-20261004/auto-relay-history-seal-certification-20261004-from-01a106ad/read-original-request-ledgers.py', LF will be replaced by CRLF the next time Git touches it
warning: in the working copy of '_workflow/local-wait-admission-gates-20261004/auto-relay-history-seal-certification-20261004-from-01a106ad/save-candidate-checkpoint.py', LF will be replaced by CRLF the next time Git touches it
warning: in the working copy of '_workflow/local-wait-admission-gates-20261004/auto-relay-history-seal-certification-20261004-from-01a106ad/verify-legacy-mutations.py', LF will be replaced by CRLF the next time Git touches it
warning: in the working copy of '_workflow/local-wait-admission-gates-20261004/g10-completion/certified-executions/55fcd1ef82ae4a3f97e4d54fb1ce5033/build-process-identity.json', LF will be replaced by CRLF the next time Git touches it
warning: in the working copy of '_workflow/local-wait-admission-gates-20261004/g10-completion/certified-executions/55fcd1ef82ae4a3f97e4d54fb1ce5033/build-process-request.json', LF will be replaced by CRLF the next time Git touches it
warning: in the working copy of '_workflow/local-wait-admission-gates-20261004/g10-completion/certified-executions/55fcd1ef82ae4a3f97e4d54fb1ce5033/build-process-result.json', LF will be replaced by CRLF the next time Git touches it
warning: in the working copy of '_workflow/local-wait-admission-gates-20261004/g10-completion/certified-executions/55fcd1ef82ae4a3f97e4d54fb1ce5033/build-tree-terminal.json', LF will be replaced by CRLF the next time Git touches it
warning: in the working copy of '_workflow/local-wait-admission-gates-20261004/g10-completion/certified-executions/55fcd1ef82ae4a3f97e4d54fb1ce5033/full.trx', LF will be replaced by CRLF the next time Git touches it
warning: in the working copy of '_workflow/local-wait-admission-gates-20261004/g10-completion/certified-executions/55fcd1ef82ae4a3f97e4d54fb1ce5033/input-snapshot/MultiplayerHoeingAssistant/App.xaml.cs', LF will be replaced by CRLF the next time Git touches it
warning: in the working copy of '_workflow/local-wait-admission-gates-20261004/g10-completion/certified-executions/55fcd1ef82ae4a3f97e4d54fb1ce5033/input-snapshot/MultiplayerHoeingAssistant/Directory.Build.targets', LF will be replaced by CRLF the next time Git touches it
warning: in the working copy of '_workflow/local-wait-admission-gates-20261004/g10-completion/certified-executions/55fcd1ef82ae4a3f97e4d54fb1ce5033/input-snapshot/MultiplayerHoeingAssistant/Helpers/DesktopWidgetWindowGuard.cs', LF will be replaced by CRLF the next time Git touches it
warning: in the working copy of '_workflow/local-wait-admission-gates-20261004/g10-completion/certified-executions/55fcd1ef82ae4a3f97e4d54fb1ce5033/input-snapshot/MultiplayerHoeingAssistant/Models/AssistConfig.cs', LF will be replaced by CRLF the next time Git touches it
warning: in the working copy of '_workflow/local-wait-admission-gates-20261004/g10-completion/certified-executions/55fcd1ef82ae4a3f97e4d54fb1ce5033/input-snapshot/MultiplayerHoeingAssistant/Models/CommandResult.cs', LF will be replaced by CRLF the next time Git touches it
warning: in the working copy of '_workflow/local-wait-admission-gates-20261004/g10-completion/certified-executions/55fcd1ef82ae4a3f97e4d54fb1ce5033/input-snapshot/MultiplayerHoeingAssistant/Models/ControlRoomPlayer.cs', LF will be replaced by CRLF the next time Git touches it
warning: in the working copy of '_workflow/local-wait-admission-gates-20261004/g10-completion/certified-executions/55fcd1ef82ae4a3f97e4d54fb1ce5033/input-snapshot/MultiplayerHoeingAssistant/Models/ControlStatus.cs', LF will be replaced by CRLF the next time Git touches it
warning: in the working copy of '_workflow/local-wait-admission-gates-20261004/g10-completion/certified-executions/55fcd1ef82ae4a3f97e4d54fb1ce5033/input-snapshot/MultiplayerHoeingAssistant/Models/StartupFlowModels.cs', LF will be replaced by CRLF the next time Git touches it
warning: in the working copy of '_workflow/local-wait-admission-gates-20261004/g10-completion/certified-executions/55fcd1ef82ae4a3f97e4d54fb1ce5033/input-snapshot/MultiplayerHoeingAssistant/Models/TaskCenter/AdmissionParentSource.cs', LF will be replaced by CRLF the next time Git touches it
warning: in the working copy of '_workflow/local-wait-admission-gates-20261004/g10-completion/certified-executions/55fcd1ef82ae4a3f97e4d54fb1ce5033/input-snapshot/MultiplayerHoeingAssistant/Models/TaskCenter/ArbitrationModels.cs', LF will be replaced by CRLF the next time Git touches it
warning: in the working copy of '_workflow/local-wait-admission-gates-20261004/g10-completion/certified-executions/55fcd1ef82ae4a3f97e4d54fb1ce5033/input-snapshot/MultiplayerHoeingAssistant/Models/TaskCenter/LocalWaitModels.cs', LF will be replaced by CRLF the next time Git touches it
warning: in the working copy of '_workflow/local-wait-admission-gates-20261004/g10-completion/certified-executions/55fcd1ef82ae4a3f97e4d54fb1ce5033/input-snapshot/MultiplayerHoeingAssistant/Models/TaskCenter/LocalWaitPrerequisiteModels.cs', LF will be replaced by CRLF the next time Git touches it
warning: in the working copy of '_workflow/local-wait-admission-gates-20261004/g10-completion/certified-executions/55fcd1ef82ae4a3f97e4d54fb1ce5033/input-snapshot/MultiplayerHoeingAssistant/Models/TaskCenter/LocalWaitReevaluationModels.cs', LF will be replaced by CRLF the next time Git touches it
warning: in the working copy of '_workflow/local-wait-admission-gates-20261004/g10-completion/certified-executions/55fcd1ef82ae4a3f97e4d54fb1ce5033/input-snapshot/MultiplayerHoeingAssistant/Models/TaskCenter/ResourceCatalogModels.cs', LF will be replaced by CRLF the next time Git touches it
warning: in the working copy of '_workflow/local-wait-admission-gates-20261004/g10-completion/certified-executions/55fcd1ef82ae4a3f97e4d54fb1ce5033/input-snapshot/MultiplayerHoeingAssistant/Models/TaskCenter/RunningOccupantModels.cs', LF will be replaced by CRLF the next time Git touches it
warning: in the working copy of '_workflow/local-wait-admission-gates-20261004/g10-completion/certified-executions/55fcd1ef82ae4a3f97e4d54fb1ce5033/input-snapshot/MultiplayerHoeingAssistant/Models/TaskCenter/StartupHandoffModels.cs', LF will be replaced by CRLF the next time Git touches it
warning: in the working copy of '_workflow/local-wait-admission-gates-20261004/g10-completion/certified-executions/55fcd1ef82ae4a3f97e4d54fb1ce5033/input-snapshot/MultiplayerHoeingAssistant/Models/TaskCenter/StartupSourceIntent.cs', LF will be replaced by CRLF the next time Git touches it
warning: in the working copy of '_workflow/local-wait-admission-gates-20261004/g10-completion/certified-executions/55fcd1ef82ae4a3f97e4d54fb1ce5033/input-snapshot/MultiplayerHoeingAssistant/Models/TaskCenter/WorkflowModels.cs', LF will be replaced by CRLF the next time Git touches it
warning: in the working copy of '_workflow/local-wait-admission-gates-20261004/g10-completion/certified-executions/55fcd1ef82ae4a3f97e4d54fb1ce5033/input-snapshot/MultiplayerHoeingAssistant/Models/TaskConflictPolicy.cs', LF will be replaced by CRLF the next time Git touches it
warning: in the working copy of '_workflow/local-wait-admission-gates-20261004/g10-completion/certified-executions/55fcd1ef82ae4a3f97e4d54fb1ce5033/input-snapshot/MultiplayerHoeingAssistant/Services/BackgroundTriggerLedger.cs', LF will be replaced by CRLF the next time Git touches it
warning: in the working copy of '_workflow/local-wait-admission-gates-20261004/g10-completion/certified-executions/55fcd1ef82ae4a3f97e4d54fb1ce5033/input-snapshot/MultiplayerHoeingAssistant/Services/BatchReconcilePlan.cs', LF will be replaced by CRLF the next time Git touches it
warning: in the working copy of '_workflow/local-wait-admission-gates-20261004/g10-completion/certified-executions/55fcd1ef82ae4a3f97e4d54fb1ce5033/input-snapshot/MultiplayerHoeingAssistant/Services/BgiExternalClient.cs', LF will be replaced by CRLF the next time Git touches it
warning: in the working copy of '_workflow/local-wait-admission-gates-20261004/g10-completion/certified-executions/55fcd1ef82ae4a3f97e4d54fb1ce5033/input-snapshot/MultiplayerHoeingAssistant/Services/BgiOriginalRequestFingerprint.cs', LF will be replaced by CRLF the next time Git touches it
warning: in the working copy of '_workflow/local-wait-admission-gates-20261004/g10-completion/certified-executions/55fcd1ef82ae4a3f97e4d54fb1ce5033/input-snapshot/MultiplayerHoeingAssistant/Services/BgiPackageUpdateService.cs', LF will be replaced by CRLF the next time Git touches it
warning: in the working copy of '_workflow/local-wait-admission-gates-20261004/g10-completion/certified-executions/55fcd1ef82ae4a3f97e4d54fb1ce5033/input-snapshot/MultiplayerHoeingAssistant/Services/BgiProcessMonitor.cs', LF will be replaced by CRLF the next time Git touches it
warning: in the working copy of '_workflow/local-wait-admission-gates-20261004/g10-completion/certified-executions/55fcd1ef82ae4a3f97e4d54fb1ce5033/input-snapshot/MultiplayerHoeingAssistant/Services/BgiRemoteUpdateService.cs', LF will be replaced by CRLF the next time Git touches it
warning: in the working copy of '_workflow/local-wait-admission-gates-20261004/g10-completion/certified-executions/55fcd1ef82ae4a3f97e4d54fb1ce5033/input-snapshot/MultiplayerHoeingAssistant/Services/BgiUpdateDecisions.cs', LF will be replaced by CRLF the next time Git touches it
warning: in the working copy of '_workflow/local-wait-admission-gates-20261004/g10-completion/certified-executions/55fcd1ef82ae4a3f97e4d54fb1ce5033/input-snapshot/MultiplayerHoeingAssistant/Services/BgiVersionResolver.cs', LF will be replaced by CRLF the next time Git touches it
warning: in the working copy of '_workflow/local-wait-admission-gates-20261004/g10-completion/certified-executions/55fcd1ef82ae4a3f97e4d54fb1ce5033/input-snapshot/MultiplayerHoeingAssistant/Services/ConfigTransferService.cs', LF will be replaced by CRLF the next time Git touches it
warning: in the working copy of '_workflow/local-wait-admission-gates-20261004/g10-completion/certified-executions/55fcd1ef82ae4a3f97e4d54fb1ce5033/input-snapshot/MultiplayerHoeingAssistant/Services/CoordinatedBatchOutcome.cs', LF will be replaced by CRLF the next time Git touches it
warning: in the working copy of '_workflow/local-wait-admission-gates-20261004/g10-completion/certified-executions/55fcd1ef82ae4a3f97e4d54fb1ce5033/input-snapshot/MultiplayerHoeingAssistant/Services/CoordinatedBatchReads.cs', LF will be replaced by CRLF the next time Git touches it
warning: in the working copy of '_workflow/local-wait-admission-gates-20261004/g10-completion/certified-executions/55fcd1ef82ae4a3f97e4d54fb1ce5033/input-snapshot/MultiplayerHoeingAssistant/Services/CoordinatedBatchSnapshot.cs', LF will be replaced by CRLF the next time Git touches it
warning: in the working copy of '_workflow/local-wait-admission-gates-20261004/g10-completion/certified-executions/55fcd1ef82ae4a3f97e4d54fb1ce5033/input-snapshot/MultiplayerHoeingAssistant/Services/IpcClient.cs', LF will be replaced by CRLF the next time Git touches it
warning: in the working copy of '_workflow/local-wait-admission-gates-20261004/g10-completion/certified-executions/55fcd1ef82ae4a3f97e4d54fb1ce5033/input-snapshot/MultiplayerHoeingAssistant/Services/LocalConfigEditChannel.cs', LF will be replaced by CRLF the next time Git touches it
warning: in the working copy of '_workflow/local-wait-admission-gates-20261004/g10-completion/certified-executions/55fcd1ef82ae4a3f97e4d54fb1ce5033/input-snapshot/MultiplayerHoeingAssistant/Services/PetAnims.cs', LF will be replaced by CRLF the next time Git touches it
warning: in the working copy of '_workflow/local-wait-admission-gates-20261004/g10-completion/certified-executions/55fcd1ef82ae4a3f97e4d54fb1ce5033/input-snapshot/MultiplayerHoeingAssistant/Services/PetSettingsService.cs', LF will be replaced by CRLF the next time Git touches it
warning: in the working copy of '_workflow/local-wait-admission-gates-20261004/g10-completion/certified-executions/55fcd1ef82ae4a3f97e4d54fb1ce5033/input-snapshot/MultiplayerHoeingAssistant/Services/PetSoundPlayer.cs', LF will be replaced by CRLF the next time Git touches it
warning: in the working copy of '_workflow/local-wait-admission-gates-20261004/g10-completion/certified-executions/55fcd1ef82ae4a3f97e4d54fb1ce5033/input-snapshot/MultiplayerHoeingAssistant/Services/PetStateEngine.cs', LF will be replaced by CRLF the next time Git touches it
warning: in the working copy of '_workflow/local-wait-admission-gates-20261004/g10-completion/certified-executions/55fcd1ef82ae4a3f97e4d54fb1ce5033/input-snapshot/MultiplayerHoeingAssistant/Services/StartupFlowRunner.cs', LF will be replaced by CRLF the next time Git touches it
warning: in the working copy of '_workflow/local-wait-admission-gates-20261004/g10-completion/certified-executions/55fcd1ef82ae4a3f97e4d54fb1ce5033/input-snapshot/MultiplayerHoeingAssistant/Services/StartupFlowSchemeStore.cs', LF will be replaced by CRLF the next time Git touches it
error: open("_workflow/local-wait-admission-gates-20261004/g10-completion/certified-executions/55fcd1ef82ae4a3f97e4d54fb1ce5033/input-snapshot/MultiplayerHoeingAssistant/Services/TaskCenter/Arbitration/ArbitrationAdmissionService.cs"): Filename too long
error: unable to index file '_workflow/local-wait-admission-gates-20261004/g10-completion/certified-executions/55fcd1ef82ae4a3f97e4d54fb1ce5033/input-snapshot/MultiplayerHoeingAssistant/Services/TaskCenter/Arbitration/ArbitrationAdmissionService.cs'
fatal: adding files failed
