warning: in the working copy of '_workflow/local-wait-admission-gates-20261004/CURRENT-HANDOFF.md', LF will be replaced by CRLF the next time Git touches it
warning: in the working copy of 'Test/MultiplayerHoeingAssistant.UnitTest/ServiceTests/TaskCenter/LegacyHistoricalSealIntegrityTests.cs', LF will be replaced by CRLF the next time Git touches it
warning: in the working copy of '_workflow/local-wait-admission-gates-20261004/auto-relay-history-seal-certification-20261004-from-01a106ad/CANDIDATE.md', LF will be replaced by CRLF the next time Git touches it
warning: in the working copy of '_workflow/local-wait-admission-gates-20261004/auto-relay-history-seal-certification-20261004-from-01a106ad/LEGACY-SEAL-PLAN.md', LF will be replaced by CRLF the next time Git touches it
warning: in the working copy of '_workflow/local-wait-admission-gates-20261004/auto-relay-history-seal-certification-20261004-from-01a106ad/create-thread-result.json', LF will be replaced by CRLF the next time Git touches it
warning: in the working copy of '_workflow/local-wait-admission-gates-20261004/auto-relay-history-seal-certification-20261004-from-01a106ad/finalize-source-observation.py', LF will be replaced by CRLF the next time Git touches it
warning: in the working copy of '_workflow/local-wait-admission-gates-20261004/auto-relay-history-seal-certification-20261004-from-01a106ad/git-status-before-checkpoint.txt', LF will be replaced by CRLF the next time Git touches it
warning: in the working copy of '_workflow/local-wait-admission-gates-20261004/auto-relay-history-seal-certification-20261004-from-01a106ad/legacy-final/claims-regenerate.trx', LF will be replaced by CRLF the next time Git touches it
warning: in the working copy of '_workflow/local-wait-admission-gates-20261004/auto-relay-history-seal-certification-20261004-from-01a106ad/legacy-final/full.trx', LF will be replaced by CRLF the next time Git touches it
warning: in the working copy of '_workflow/local-wait-admission-gates-20261004/auto-relay-history-seal-certification-20261004-from-01a106ad/legacy-final/history-matrix.trx', LF will be replaced by CRLF the next time Git touches it
warning: in the working copy of '_workflow/local-wait-admission-gates-20261004/auto-relay-history-seal-certification-20261004-from-01a106ad/legacy-final/target.trx', LF will be replaced by CRLF the next time Git touches it
warning: in the working copy of '_workflow/local-wait-admission-gates-20261004/auto-relay-history-seal-certification-20261004-from-01a106ad/legacy-green.trx', LF will be replaced by CRLF the next time Git touches it
warning: in the working copy of '_workflow/local-wait-admission-gates-20261004/auto-relay-history-seal-certification-20261004-from-01a106ad/legacy-mutations/L1-legacy-association/baseline.trx', LF will be replaced by CRLF the next time Git touches it
warning: in the working copy of '_workflow/local-wait-admission-gates-20261004/auto-relay-history-seal-certification-20261004-from-01a106ad/legacy-mutations/L1-legacy-association/mutant.trx', LF will be replaced by CRLF the next time Git touches it
warning: in the working copy of '_workflow/local-wait-admission-gates-20261004/auto-relay-history-seal-certification-20261004-from-01a106ad/legacy-mutations/L1-legacy-association/restored.trx', LF will be replaced by CRLF the next time Git touches it
warning: in the working copy of '_workflow/local-wait-admission-gates-20261004/auto-relay-history-seal-certification-20261004-from-01a106ad/legacy-mutations/L2-legacy-outcome/baseline.trx', LF will be replaced by CRLF the next time Git touches it
warning: in the working copy of '_workflow/local-wait-admission-gates-20261004/auto-relay-history-seal-certification-20261004-from-01a106ad/legacy-mutations/L2-legacy-outcome/mutant.trx', LF will be replaced by CRLF the next time Git touches it
warning: in the working copy of '_workflow/local-wait-admission-gates-20261004/auto-relay-history-seal-certification-20261004-from-01a106ad/legacy-mutations/L2-legacy-outcome/restored.trx', LF will be replaced by CRLF the next time Git touches it
warning: in the working copy of '_workflow/local-wait-admission-gates-20261004/auto-relay-history-seal-certification-20261004-from-01a106ad/legacy-mutations/L3-terminal-correspondence/baseline.trx', LF will be replaced by CRLF the next time Git touches it
warning: in the working copy of '_workflow/local-wait-admission-gates-20261004/auto-relay-history-seal-certification-20261004-from-01a106ad/legacy-mutations/L3-terminal-correspondence/mutant.trx', LF will be replaced by CRLF the next time Git touches it
warning: in the working copy of '_workflow/local-wait-admission-gates-20261004/auto-relay-history-seal-certification-20261004-from-01a106ad/legacy-mutations/L3-terminal-correspondence/restored.trx', LF will be replaced by CRLF the next time Git touches it
warning: in the working copy of '_workflow/local-wait-admission-gates-20261004/auto-relay-history-seal-certification-20261004-from-01a106ad/legacy-red.trx', LF will be replaced by CRLF the next time Git touches it
warning: in the working copy of '_workflow/local-wait-admission-gates-20261004/auto-relay-history-seal-certification-20261004-from-01a106ad/new-goal-readback.json', LF will be replaced by CRLF the next time Git touches it
warning: in the working copy of '_workflow/local-wait-admission-gates-20261004/auto-relay-history-seal-certification-20261004-from-01a106ad/old-goal-paused-readback.json', LF will be replaced by CRLF the next time Git touches it
warning: in the working copy of '_workflow/local-wait-admission-gates-20261004/auto-relay-history-seal-certification-20261004-from-01a106ad/read-current-evidence.py', LF will be replaced by CRLF the next time Git touches it
warning: in the working copy of '_workflow/local-wait-admission-gates-20261004/auto-relay-history-seal-certification-20261004-from-01a106ad/read-original-request-ledgers.py', LF will be replaced by CRLF the next time Git touches it
warning: in the working copy of '_workflow/local-wait-admission-gates-20261004/auto-relay-history-seal-certification-20261004-from-01a106ad/recover-candidate-checkpoint.py', LF will be replaced by CRLF the next time Git touches it
warning: in the working copy of '_workflow/local-wait-admission-gates-20261004/auto-relay-history-seal-certification-20261004-from-01a106ad/save-candidate-checkpoint.py', LF will be replaced by CRLF the next time Git touches it
warning: in the working copy of '_workflow/local-wait-admission-gates-20261004/auto-relay-history-seal-certification-20261004-from-01a106ad/verify-legacy-mutations.py', LF will be replaced by CRLF the next time Git touches it
warning: in the working copy of '_workflow/local-wait-admission-gates-20261004/g10-completion/certified-executions/55fcd1ef82ae4a3f97e4d54fb1ce5033/build-process-identity.json', LF will be replaced by CRLF the next time Git touches it
warning: in the working copy of '_workflow/local-wait-admission-gates-20261004/g10-completion/certified-executions/55fcd1ef82ae4a3f97e4d54fb1ce5033/build-process-request.json', LF will be replaced by CRLF the next time Git touches it
warning: in the working copy of '_workflow/local-wait-admission-gates-20261004/g10-completion/certified-executions/55fcd1ef82ae4a3f97e4d54fb1ce5033/build-process-result.json', LF will be replaced by CRLF the next time Git touches it
warning: in the working copy of '_workflow/local-wait-admission-gates-20261004/g10-completion/certified-executions/55fcd1ef82ae4a3f97e4d54fb1ce5033/build-tree-terminal.json', LF will be replaced by CRLF the next time Git touches it
warning: in the working copy of '_workflow/local-wait-admission-gates-20261004/g10-completion/certified-executions/55fcd1ef82ae4a3f97e4d54fb1ce5033/full.trx', LF will be replaced by CRLF the next time Git touches it
warning: in the working copy of '_workflow/local-wait-admission-gates-20261004/g10-completion/certified-executions/55fcd1ef82ae4a3f97e4d54fb1ce5033/input-snapshot/MultiplayerHoeingAssistant/App.xaml.cs', LF will be replaced by CRLF the next time Git touches it
warning: in the working copy of '_workflow/local-wait-admission-gates-20261004/g10-completion/certified-executions/55fcd1ef82ae4a3f97e4d54fb1ce5033/input-snapshot/MultiplayerHoeingAssistant/Directory.Build.targets', LF will be replaced by CRLF the next time Git touches it
warning: in the working copy of '_workflow/local-wait-admission-gates-20261004/g10-completion/certified-executions/55fcd1ef82ae4a3f97e4d54fb1ce5033/input-snapshot/MultiplayerHoeingAssistant/Helpers/DesktopWidgetWindowGuard.cs', LF will be replaced by CRLF the next time Git touches it
warning: in the working copy of '_workflow/local-wait-admission-gates-20261004/g10-completion/certified-executions/55fcd1ef82ae4a3f97e4d54fb1ce5033/input-snapshot/MultiplayerHoeingAssistant/Models/AssistConfig.cs', LF will be replaced by CRLF the next time Git touches it
warning: in the working copy of '_workflow/local-wait-admission-gates-20261004/g10-completion/certified-executions/55fcd1ef82ae4a3f97e4d54fb1ce5033/input-snapshot/MultiplayerHoeingAssistant/Models/CommandResult.cs', LF will be replaced by CRLF the next time Git touches it
warning: in the working copy of '_workflow/local-wait-admission-gates-20261004/g10-completion/certified-executions/55fcd1ef82ae4a3f97e4d54fb1ce5033/input-snapshot/MultiplayerHoeingAssistant/Models/ControlRoomPlayer.cs', LF will be replaced by CRLF the next time Git touches it
warning: in the working copy of '_workflow/local-wait-admission-gates-20261004/g10-completion/certified-executions/55fcd1ef82ae4a3f97e4d54fb1ce5033/input-snapshot/MultiplayerHoeingAssistant/Models/ControlStatus.cs', LF will be replaced by CRLF the next time Git touches it
warning: in the working copy of '_workflow/local-wait-admission-gates-20261004/g10-completion/certified-executions/55fcd1ef82ae4a3f97e4d54fb1ce5033/input-snapshot/MultiplayerHoeingAssistant/Models/StartupFlowModels.cs', LF will be replaced by CRLF the next time Git touches it
warning: in the working copy of '_workflow/local-wait-admission-gates-20261004/g10-completion/certified-executions/55fcd1ef82ae4a3f97e4d54fb1ce5033/input-snapshot/MultiplayerHoeingAssistant/Models/TaskCenter/AdmissionParentSource.cs', LF will be replaced by CRLF the next time Git touches it
warning: in the working copy of '_workflow/local-wait-admission-gates-20261004/g10-completion/certified-executions/55fcd1ef82ae4a3f97e4d54fb1ce5033/input-snapshot/MultiplayerHoeingAssistant/Models/TaskCenter/ArbitrationModels.cs', LF will be replaced by CRLF the next time Git touches it
warning: in the working copy of '_workflow/local-wait-admission-gates-20261004/g10-completion/certified-executions/55fcd1ef82ae4a3f97e4d54fb1ce5033/input-snapshot/MultiplayerHoeingAssistant/Models/TaskCenter/LocalWaitModels.cs', LF will be replaced by CRLF the next time Git touches it
warning: in the working copy of '_workflow/local-wait-admission-gates-20261004/g10-completion/certified-executions/55fcd1ef82ae4a3f97e4d54fb1ce5033/input-snapshot/MultiplayerHoeingAssistant/Models/TaskCenter/LocalWaitPrerequisiteModels.cs', LF will be replaced by CRLF the next time Git touches it
warning: in the working copy of '_workflow/local-wait-admission-gates-20261004/g10-completion/certified-executions/55fcd1ef82ae4a3f97e4d54fb1ce5033/input-snapshot/MultiplayerHoeingAssistant/Models/TaskCenter/LocalWaitReevaluationModels.cs', LF will be replaced by CRLF the next time Git touches it
warning: in the working copy of '_workflow/local-wait-admission-gates-20261004/g10-completion/certified-executions/55fcd1ef82ae4a3f97e4d54fb1ce5033/input-snapshot/MultiplayerHoeingAssistant/Models/TaskCenter/ResourceCatalogModels.cs', LF will be replaced by CRLF the next time Git touches it
warning: in the working copy of '_workflow/local-wait-admission-gates-20261004/g10-completion/certified-executions/55fcd1ef82ae4a3f97e4d54fb1ce5033/input-snapshot/MultiplayerHoeingAssistant/Models/TaskCenter/RunningOccupantModels.cs', LF will be replaced by CRLF the next time Git touches it
warning: in the working copy of '_workflow/local-wait-admission-gates-20261004/g10-completion/certified-executions/55fcd1ef82ae4a3f97e4d54fb1ce5033/input-snapshot/MultiplayerHoeingAssistant/Models/TaskCenter/StartupHandoffModels.cs', LF will be replaced by CRLF the next time Git touches it
warning: in the working copy of '_workflow/local-wait-admission-gates-20261004/g10-completion/certified-executions/55fcd1ef82ae4a3f97e4d54fb1ce5033/input-snapshot/MultiplayerHoeingAssistant/Models/TaskCenter/StartupSourceIntent.cs', LF will be replaced by CRLF the next time Git touches it
warning: in the working copy of '_workflow/local-wait-admission-gates-20261004/g10-completion/certified-executions/55fcd1ef82ae4a3f97e4d54fb1ce5033/input-snapshot/MultiplayerHoeingAssistant/Models/TaskCenter/WorkflowModels.cs', LF will be replaced by CRLF the next time Git touches it
warning: in the working copy of '_workflow/local-wait-admission-gates-20261004/g10-completion/certified-executions/55fcd1ef82ae4a3f97e4d54fb1ce5033/input-snapshot/MultiplayerHoeingAssistant/Models/TaskConflictPolicy.cs', LF will be replaced by CRLF the next time Git touches it
warning: in the working copy of '_workflow/local-wait-admission-gates-20261004/g10-completion/certified-executions/55fcd1ef82ae4a3f97e4d54fb1ce5033/input-snapshot/MultiplayerHoeingAssistant/Services/BackgroundTriggerLedger.cs', LF will be replaced by CRLF the next time Git touches it
warning: in the working copy of '_workflow/local-wait-admission-gates-20261004/g10-completion/certified-executions/55fcd1ef82ae4a3f97e4d54fb1ce5033/input-snapshot/MultiplayerHoeingAssistant/Services/BatchReconcilePlan.cs', LF will be replaced by CRLF the next time Git touches it
warning: in the working copy of '_workflow/local-wait-admission-gates-20261004/g10-completion/certified-executions/55fcd1ef82ae4a3f97e4d54fb1ce5033/input-snapshot/MultiplayerHoeingAssistant/Services/BgiExternalClient.cs', LF will be replaced by CRLF the next time Git touches it
warning: in the working copy of '_workflow/local-wait-admission-gates-20261004/g10-completion/certified-executions/55fcd1ef82ae4a3f97e4d54fb1ce5033/input-snapshot/MultiplayerHoeingAssistant/Services/BgiOriginalRequestFingerprint.cs', LF will be replaced by CRLF the next time Git touches it
warning: in the working copy of '_workflow/local-wait-admission-gates-20261004/g10-completion/certified-executions/55fcd1ef82ae4a3f97e4d54fb1ce5033/input-snapshot/MultiplayerHoeingAssistant/Services/BgiPackageUpdateService.cs', LF will be replaced by CRLF the next time Git touches it
warning: in the working copy of '_workflow/local-wait-admission-gates-20261004/g10-completion/certified-executions/55fcd1ef82ae4a3f97e4d54fb1ce5033/input-snapshot/MultiplayerHoeingAssistant/Services/BgiProcessMonitor.cs', LF will be replaced by CRLF the next time Git touches it
warning: in the working copy of '_workflow/local-wait-admission-gates-20261004/g10-completion/certified-executions/55fcd1ef82ae4a3f97e4d54fb1ce5033/input-snapshot/MultiplayerHoeingAssistant/Services/BgiRemoteUpdateService.cs', LF will be replaced by CRLF the next time Git touches it
warning: in the working copy of '_workflow/local-wait-admission-gates-20261004/g10-completion/certified-executions/55fcd1ef82ae4a3f97e4d54fb1ce5033/input-snapshot/MultiplayerHoeingAssistant/Services/BgiUpdateDecisions.cs', LF will be replaced by CRLF the next time Git touches it
warning: in the working copy of '_workflow/local-wait-admission-gates-20261004/g10-completion/certified-executions/55fcd1ef82ae4a3f97e4d54fb1ce5033/input-snapshot/MultiplayerHoeingAssistant/Services/BgiVersionResolver.cs', LF will be replaced by CRLF the next time Git touches it
warning: in the working copy of '_workflow/local-wait-admission-gates-20261004/g10-completion/certified-executions/55fcd1ef82ae4a3f97e4d54fb1ce5033/input-snapshot/MultiplayerHoeingAssistant/Services/ConfigTransferService.cs', LF will be replaced by CRLF the next time Git touches it
warning: in the working copy of '_workflow/local-wait-admission-gates-20261004/g10-completion/certified-executions/55fcd1ef82ae4a3f97e4d54fb1ce5033/input-snapshot/MultiplayerHoeingAssistant/Services/CoordinatedBatchOutcome.cs', LF will be replaced by CRLF the next time Git touches it
warning: in the working copy of '_workflow/local-wait-admission-gates-20261004/g10-completion/certified-executions/55fcd1ef82ae4a3f97e4d54fb1ce5033/input-snapshot/MultiplayerHoeingAssistant/Services/CoordinatedBatchReads.cs', LF will be replaced by CRLF the next time Git touches it
warning: in the working copy of '_workflow/local-wait-admission-gates-20261004/g10-completion/certified-executions/55fcd1ef82ae4a3f97e4d54fb1ce5033/input-snapshot/MultiplayerHoeingAssistant/Services/CoordinatedBatchSnapshot.cs', LF will be replaced by CRLF the next time Git touches it
warning: in the working copy of '_workflow/local-wait-admission-gates-20261004/g10-completion/certified-executions/55fcd1ef82ae4a3f97e4d54fb1ce5033/input-snapshot/MultiplayerHoeingAssistant/Services/IpcClient.cs', LF will be replaced by CRLF the next time Git touches it
warning: in the working copy of '_workflow/local-wait-admission-gates-20261004/g10-completion/certified-executions/55fcd1ef82ae4a3f97e4d54fb1ce5033/input-snapshot/MultiplayerHoeingAssistant/Services/LocalConfigEditChannel.cs', LF will be replaced by CRLF the next time Git touches it
warning: in the working copy of '_workflow/local-wait-admission-gates-20261004/g10-completion/certified-executions/55fcd1ef82ae4a3f97e4d54fb1ce5033/input-snapshot/MultiplayerHoeingAssistant/Services/PetAnims.cs', LF will be replaced by CRLF the next time Git touches it
warning: in the working copy of '_workflow/local-wait-admission-gates-20261004/g10-completion/certified-executions/55fcd1ef82ae4a3f97e4d54fb1ce5033/input-snapshot/MultiplayerHoeingAssistant/Services/PetSettingsService.cs', LF will be replaced by CRLF the next time Git touches it
warning: in the working copy of '_workflow/local-wait-admission-gates-20261004/g10-completion/certified-executions/55fcd1ef82ae4a3f97e4d54fb1ce5033/input-snapshot/MultiplayerHoeingAssistant/Services/PetSoundPlayer.cs', LF will be replaced by CRLF the next time Git touches it
warning: in the working copy of '_workflow/local-wait-admission-gates-20261004/g10-completion/certified-executions/55fcd1ef82ae4a3f97e4d54fb1ce5033/input-snapshot/MultiplayerHoeingAssistant/Services/PetStateEngine.cs', LF will be replaced by CRLF the next time Git touches it
warning: in the working copy of '_workflow/local-wait-admission-gates-20261004/g10-completion/certified-executions/55fcd1ef82ae4a3f97e4d54fb1ce5033/input-snapshot/MultiplayerHoeingAssistant/Services/StartupFlowRunner.cs', LF will be replaced by CRLF the next time Git touches it
warning: in the working copy of '_workflow/local-wait-admission-gates-20261004/g10-completion/certified-executions/55fcd1ef82ae4a3f97e4d54fb1ce5033/input-snapshot/MultiplayerHoeingAssistant/Services/StartupFlowSchemeStore.cs', LF will be replaced by CRLF the next time Git touches it
warning: in the working copy of '_workflow/local-wait-admission-gates-20261004/g10-completion/certified-executions/55fcd1ef82ae4a3f97e4d54fb1ce5033/input-snapshot/MultiplayerHoeingAssistant/Services/TaskCenter/Arbitration/ArbitrationLeaseStore.cs', LF will be replaced by CRLF the next time Git touches it
warning: in the working copy of '_workflow/local-wait-admission-gates-20261004/g10-completion/certified-executions/55fcd1ef82ae4a3f97e4d54fb1ce5033/input-snapshot/MultiplayerHoeingAssistant/Services/TaskCenter/Arbitration/ArbitrationOrdering.cs', LF will be replaced by CRLF the next time Git touches it
warning: in the working copy of '_workflow/local-wait-admission-gates-20261004/g10-completion/certified-executions/55fcd1ef82ae4a3f97e4d54fb1ce5033/input-snapshot/MultiplayerHoeingAssistant/Services/TaskCenter/Arbitration/ExternalStartLedger.cs', LF will be replaced by CRLF the next time Git touches it
warning: in the working copy of '_workflow/local-wait-admission-gates-20261004/g10-completion/certified-executions/55fcd1ef82ae4a3f97e4d54fb1ce5033/input-snapshot/MultiplayerHoeingAssistant/Services/TaskCenter/Arbitration/HandoffTransitionPolicy.cs', LF will be replaced by CRLF the next time Git touches it
warning: in the working copy of '_workflow/local-wait-admission-gates-20261004/g10-completion/certified-executions/55fcd1ef82ae4a3f97e4d54fb1ce5033/input-snapshot/MultiplayerHoeingAssistant/Services/TaskCenter/Arbitration/LocalWaitQueuePolicy.cs', LF will be replaced by CRLF the next time Git touches it
warning: in the working copy of '_workflow/local-wait-admission-gates-20261004/g10-completion/certified-executions/55fcd1ef82ae4a3f97e4d54fb1ce5033/input-snapshot/MultiplayerHoeingAssistant/Services/TaskCenter/Arbitration/LocalWaitReevaluationConsumer.cs', LF will be replaced by CRLF the next time Git touches it
warning: in the working copy of '_workflow/local-wait-admission-gates-20261004/g10-completion/certified-executions/55fcd1ef82ae4a3f97e4d54fb1ce5033/input-snapshot/MultiplayerHoeingAssistant/Services/TaskCenter/Arbitration/LocalWaitReevaluationTrigger.cs', LF will be replaced by CRLF the next time Git touches it
warning: in the working copy of '_workflow/local-wait-admission-gates-20261004/g10-completion/certified-executions/55fcd1ef82ae4a3f97e4d54fb1ce5033/input-snapshot/MultiplayerHoeingAssistant/Services/TaskCenter/Arbitration/OccupantLevelResolver.cs', LF will be replaced by CRLF the next time Git touches it
warning: in the working copy of '_workflow/local-wait-admission-gates-20261004/g10-completion/certified-executions/55fcd1ef82ae4a3f97e4d54fb1ce5033/input-snapshot/MultiplayerHoeingAssistant/Services/TaskCenter/Arbitration/RunningOccupancyArbiter.cs', LF will be replaced by CRLF the next time Git touches it
warning: in the working copy of '_workflow/local-wait-admission-gates-20261004/g10-completion/certified-executions/55fcd1ef82ae4a3f97e4d54fb1ce5033/input-snapshot/MultiplayerHoeingAssistant/Services/TaskCenter/Arbitration/SwitchGuardPolicy.cs', LF will be replaced by CRLF the next time Git touches it
warning: in the working copy of '_workflow/local-wait-admission-gates-20261004/g10-completion/certified-executions/55fcd1ef82ae4a3f97e4d54fb1ce5033/input-snapshot/MultiplayerHoeingAssistant/Services/TaskCenter/ArbitrationWorkflowExecutionBoundary.cs', LF will be replaced by CRLF the next time Git touches it
warning: in the working copy of '_workflow/local-wait-admission-gates-20261004/g10-completion/certified-executions/55fcd1ef82ae4a3f97e4d54fb1ce5033/input-snapshot/MultiplayerHoeingAssistant/Services/TaskCenter/BgiJobTerminalPolling.cs', LF will be replaced by CRLF the next time Git touches it
warning: in the working copy of '_workflow/local-wait-admission-gates-20261004/g10-completion/certified-executions/55fcd1ef82ae4a3f97e4d54fb1ce5033/input-snapshot/MultiplayerHoeingAssistant/Services/TaskCenter/BgiSendEvidence.cs', LF will be replaced by CRLF the next time Git touches it
warning: in the working copy of '_workflow/local-wait-admission-gates-20261004/g10-completion/certified-executions/55fcd1ef82ae4a3f97e4d54fb1ce5033/input-snapshot/MultiplayerHoeingAssistant/Services/TaskCenter/BgiWorkflowObservationPersistence.cs', LF will be replaced by CRLF the next time Git touches it
warning: in the working copy of '_workflow/local-wait-admission-gates-20261004/g10-completion/certified-executions/55fcd1ef82ae4a3f97e4d54fb1ce5033/input-snapshot/MultiplayerHoeingAssistant/Services/TaskCenter/BgiWorkflowPrerequisiteAdapter.cs', LF will be replaced by CRLF the next time Git touches it
warning: in the working copy of '_workflow/local-wait-admission-gates-20261004/g10-completion/certified-executions/55fcd1ef82ae4a3f97e4d54fb1ce5033/input-snapshot/MultiplayerHoeingAssistant/Services/TaskCenter/BgiWorkflowTerminalExecutor.cs', LF will be replaced by CRLF the next time Git touches it
warning: in the working copy of '_workflow/local-wait-admission-gates-20261004/g10-completion/certified-executions/55fcd1ef82ae4a3f97e4d54fb1ce5033/input-snapshot/MultiplayerHoeingAssistant/Services/TaskCenter/IBgiExecutionPort.cs', LF will be replaced by CRLF the next time Git touches it
warning: in the working copy of '_workflow/local-wait-admission-gates-20261004/g10-completion/certified-executions/55fcd1ef82ae4a3f97e4d54fb1ce5033/input-snapshot/MultiplayerHoeingAssistant/Services/TaskCenter/LocalNoSendEvidence.cs', LF will be replaced by CRLF the next time Git touches it
warning: in the working copy of '_workflow/local-wait-admission-gates-20261004/g10-completion/certified-executions/55fcd1ef82ae4a3f97e4d54fb1ce5033/input-snapshot/MultiplayerHoeingAssistant/Services/TaskCenter/LocalWaitQueueStore.cs', LF will be replaced by CRLF the next time Git touches it
warning: in the working copy of '_workflow/local-wait-admission-gates-20261004/g10-completion/certified-executions/55fcd1ef82ae4a3f97e4d54fb1ce5033/input-snapshot/MultiplayerHoeingAssistant/Services/TaskCenter/MigrationConsistency.cs', LF will be replaced by CRLF the next time Git touches it
warning: in the working copy of '_workflow/local-wait-admission-gates-20261004/g10-completion/certified-executions/55fcd1ef82ae4a3f97e4d54fb1ce5033/input-snapshot/MultiplayerHoeingAssistant/Services/TaskCenter/MigrationLegacyManifestCodec.cs', LF will be replaced by CRLF the next time Git touches it
warning: in the working copy of '_workflow/local-wait-admission-gates-20261004/g10-completion/certified-executions/55fcd1ef82ae4a3f97e4d54fb1ce5033/input-snapshot/MultiplayerHoeingAssistant/Services/TaskCenter/MigrationOperationJournal.cs', LF will be replaced by CRLF the next time Git touches it
warning: in the working copy of '_workflow/local-wait-admission-gates-20261004/g10-completion/certified-executions/55fcd1ef82ae4a3f97e4d54fb1ce5033/input-snapshot/MultiplayerHoeingAssistant/Services/TaskCenter/MigrationVersionStore.cs', LF will be replaced by CRLF the next time Git touches it
warning: in the working copy of '_workflow/local-wait-admission-gates-20261004/g10-completion/certified-executions/55fcd1ef82ae4a3f97e4d54fb1ce5033/input-snapshot/MultiplayerHoeingAssistant/Services/TaskCenter/PathIdentity.cs', LF will be replaced by CRLF the next time Git touches it
warning: in the working copy of '_workflow/local-wait-admission-gates-20261004/g10-completion/certified-executions/55fcd1ef82ae4a3f97e4d54fb1ce5033/input-snapshot/MultiplayerHoeingAssistant/Services/TaskCenter/ResourceCatalogService.cs', LF will be replaced by CRLF the next time Git touches it
warning: in the working copy of '_workflow/local-wait-admission-gates-20261004/g10-completion/certified-executions/55fcd1ef82ae4a3f97e4d54fb1ce5033/input-snapshot/MultiplayerHoeingAssistant/Services/TaskCenter/RunStoreSendPermit.cs', LF will be replaced by CRLF the next time Git touches it
warning: in the working copy of '_workflow/local-wait-admission-gates-20261004/g10-completion/certified-executions/55fcd1ef82ae4a3f97e4d54fb1ce5033/input-snapshot/MultiplayerHoeingAssistant/Services/TaskCenter/TaskCenterMechanismPolicy.cs', LF will be replaced by CRLF the next time Git touches it
warning: in the working copy of '_workflow/local-wait-admission-gates-20261004/g10-completion/certified-executions/55fcd1ef82ae4a3f97e4d54fb1ce5033/input-snapshot/MultiplayerHoeingAssistant/Services/TaskCenter/WaitDecisionSource.cs', LF will be replaced by CRLF the next time Git touches it
warning: in the working copy of '_workflow/local-wait-admission-gates-20261004/g10-completion/certified-executions/55fcd1ef82ae4a3f97e4d54fb1ce5033/input-snapshot/MultiplayerHoeingAssistant/Services/TaskCenter/WindowsTxfMigrationVersionStore.cs', LF will be replaced by CRLF the next time Git touches it
warning: in the working copy of '_workflow/local-wait-admission-gates-20261004/g10-completion/certified-executions/55fcd1ef82ae4a3f97e4d54fb1ce5033/input-snapshot/MultiplayerHoeingAssistant/Services/TaskCenter/WindowsVssMigrationConsistency.cs', LF will be replaced by CRLF the next time Git touches it
warning: in the working copy of '_workflow/local-wait-admission-gates-20261004/g10-completion/certified-executions/55fcd1ef82ae4a3f97e4d54fb1ce5033/input-snapshot/MultiplayerHoeingAssistant/Services/TaskCenter/WorkflowPlanner.cs', LF will be replaced by CRLF the next time Git touches it
warning: in the working copy of '_workflow/local-wait-admission-gates-20261004/g10-completion/certified-executions/55fcd1ef82ae4a3f97e4d54fb1ce5033/input-snapshot/MultiplayerHoeingAssistant/Services/TaskCenter/WorkflowStopAuthority.cs', LF will be replaced by CRLF the next time Git touches it
warning: in the working copy of '_workflow/local-wait-admission-gates-20261004/g10-completion/certified-executions/55fcd1ef82ae4a3f97e4d54fb1ce5033/input-snapshot/MultiplayerHoeingAssistant/Services/TaskCenter/WorkflowStore.cs', LF will be replaced by CRLF the next time Git touches it
warning: in the working copy of '_workflow/local-wait-admission-gates-20261004/g10-completion/certified-executions/55fcd1ef82ae4a3f97e4d54fb1ce5033/input-snapshot/MultiplayerHoeingAssistant/Services/TaskPolicySyncService.cs', LF will be replaced by CRLF the next time Git touches it
warning: in the working copy of '_workflow/local-wait-admission-gates-20261004/g10-completion/certified-executions/55fcd1ef82ae4a3f97e4d54fb1ce5033/input-snapshot/MultiplayerHoeingAssistant/Services/WindowsSessionIdentity.cs', LF will be replaced by CRLF the next time Git touches it
warning: in the working copy of '_workflow/local-wait-admission-gates-20261004/g10-completion/certified-executions/55fcd1ef82ae4a3f97e4d54fb1ce5033/input-snapshot/MultiplayerHoeingAssistant/ViewModels/DodocoViewModel.cs', LF will be replaced by CRLF the next time Git touches it
warning: in the working copy of '_workflow/local-wait-admission-gates-20261004/g10-completion/certified-executions/55fcd1ef82ae4a3f97e4d54fb1ce5033/input-snapshot/MultiplayerHoeingAssistant/ViewModels/MainViewModel.BgiExternal.cs', LF will be replaced by CRLF the next time Git touches it
warning: in the working copy of '_workflow/local-wait-admission-gates-20261004/g10-completion/certified-executions/55fcd1ef82ae4a3f97e4d54fb1ce5033/input-snapshot/MultiplayerHoeingAssistant/ViewModels/MainViewModel.CoordinatedBatch.cs', LF will be replaced by CRLF the next time Git touches it
warning: in the working copy of '_workflow/local-wait-admission-gates-20261004/g10-completion/certified-executions/55fcd1ef82ae4a3f97e4d54fb1ce5033/input-snapshot/MultiplayerHoeingAssistant/ViewModels/MainViewModel.OnlineBatch.cs', LF will be replaced by CRLF the next time Git touches it
warning: in the working copy of '_workflow/local-wait-admission-gates-20261004/g10-completion/certified-executions/55fcd1ef82ae4a3f97e4d54fb1ce5033/input-snapshot/MultiplayerHoeingAssistant/ViewModels/MainViewModel.RemoteConfig.cs', LF will be replaced by CRLF the next time Git touches it
warning: in the working copy of '_workflow/local-wait-admission-gates-20261004/g10-completion/certified-executions/55fcd1ef82ae4a3f97e4d54fb1ce5033/input-snapshot/MultiplayerHoeingAssistant/ViewModels/MainViewModel.cs', LF will be replaced by CRLF the next time Git touches it
warning: in the working copy of '_workflow/local-wait-admission-gates-20261004/g10-completion/certified-executions/55fcd1ef82ae4a3f97e4d54fb1ce5033/input-snapshot/MultiplayerHoeingAssistant/ViewModels/MistletoeViewModel.cs', LF will be replaced by CRLF the next time Git touches it
warning: in the working copy of '_workflow/local-wait-admission-gates-20261004/g10-completion/certified-executions/55fcd1ef82ae4a3f97e4d54fb1ce5033/input-snapshot/MultiplayerHoeingAssistant/ViewModels/PetViewModel.cs', LF will be replaced by CRLF the next time Git touches it
warning: in the working copy of '_workflow/local-wait-admission-gates-20261004/g10-completion/certified-executions/55fcd1ef82ae4a3f97e4d54fb1ce5033/input-snapshot/MultiplayerHoeingAssistant/ViewModels/TaskCenterPanelViewModel.EditParts.cs', LF will be replaced by CRLF the next time Git touches it
warning: in the working copy of '_workflow/local-wait-admission-gates-20261004/g10-completion/certified-executions/55fcd1ef82ae4a3f97e4d54fb1ce5033/input-snapshot/MultiplayerHoeingAssistant/ViewModels/TaskCenterPanelViewModel.cs', LF will be replaced by CRLF the next time Git touches it
warning: in the working copy of '_workflow/local-wait-admission-gates-20261004/g10-completion/certified-executions/55fcd1ef82ae4a3f97e4d54fb1ce5033/input-snapshot/MultiplayerHoeingAssistant/Views/ConfirmStepWindow.xaml.cs', LF will be replaced by CRLF the next time Git touches it
warning: in the working copy of '_workflow/local-wait-admission-gates-20261004/g10-completion/certified-executions/55fcd1ef82ae4a3f97e4d54fb1ce5033/input-snapshot/MultiplayerHoeingAssistant/Views/DisclaimerWindow.xaml.cs', LF will be replaced by CRLF the next time Git touches it
warning: in the working copy of '_workflow/local-wait-admission-gates-20261004/g10-completion/certified-executions/55fcd1ef82ae4a3f97e4d54fb1ce5033/input-snapshot/MultiplayerHoeingAssistant/Views/DodocoPage.xaml', LF will be replaced by CRLF the next time Git touches it
warning: in the working copy of '_workflow/local-wait-admission-gates-20261004/g10-completion/certified-executions/55fcd1ef82ae4a3f97e4d54fb1ce5033/input-snapshot/MultiplayerHoeingAssistant/Views/FlowChartWindow.xaml.cs', LF will be replaced by CRLF the next time Git touches it
warning: in the working copy of '_workflow/local-wait-admission-gates-20261004/g10-completion/certified-executions/55fcd1ef82ae4a3f97e4d54fb1ce5033/input-snapshot/MultiplayerHoeingAssistant/Views/FlowPreviewWindow.xaml.cs', LF will be replaced by CRLF the next time Git touches it
warning: in the working copy of '_workflow/local-wait-admission-gates-20261004/g10-completion/certified-executions/55fcd1ef82ae4a3f97e4d54fb1ce5033/input-snapshot/MultiplayerHoeingAssistant/Views/ImageZoomWindow.xaml.cs', LF will be replaced by CRLF the next time Git touches it
warning: in the working copy of '_workflow/local-wait-admission-gates-20261004/g10-completion/certified-executions/55fcd1ef82ae4a3f97e4d54fb1ce5033/input-snapshot/MultiplayerHoeingAssistant/Views/IncidentSettingsWindow.xaml.cs', LF will be replaced by CRLF the next time Git touches it
warning: in the working copy of '_workflow/local-wait-admission-gates-20261004/g10-completion/certified-executions/55fcd1ef82ae4a3f97e4d54fb1ce5033/input-snapshot/MultiplayerHoeingAssistant/Views/MistletoePage.xaml', LF will be replaced by CRLF the next time Git touches it
warning: in the working copy of '_workflow/local-wait-admission-gates-20261004/g10-completion/certified-executions/55fcd1ef82ae4a3f97e4d54fb1ce5033/input-snapshot/MultiplayerHoeingAssistant/Views/MistletoePage.xaml.cs', LF will be replaced by CRLF the next time Git touches it
warning: in the working copy of '_workflow/local-wait-admission-gates-20261004/g10-completion/certified-executions/55fcd1ef82ae4a3f97e4d54fb1ce5033/input-snapshot/MultiplayerHoeingAssistant/Views/PasswordSetupWindow.xaml.cs', LF will be replaced by CRLF the next time Git touches it
warning: in the working copy of '_workflow/local-wait-admission-gates-20261004/g10-completion/certified-executions/55fcd1ef82ae4a3f97e4d54fb1ce5033/input-snapshot/MultiplayerHoeingAssistant/Views/PetStatusPanelWindow.xaml', LF will be replaced by CRLF the next time Git touches it
warning: in the working copy of '_workflow/local-wait-admission-gates-20261004/g10-completion/certified-executions/55fcd1ef82ae4a3f97e4d54fb1ce5033/input-snapshot/MultiplayerHoeingAssistant/Views/PetStatusPanelWindow.xaml.cs', LF will be replaced by CRLF the next time Git touches it
warning: in the working copy of '_workflow/local-wait-admission-gates-20261004/g10-completion/certified-executions/55fcd1ef82ae4a3f97e4d54fb1ce5033/input-snapshot/MultiplayerHoeingAssistant/Views/PetWindow.xaml', LF will be replaced by CRLF the next time Git touches it
warning: in the working copy of '_workflow/local-wait-admission-gates-20261004/g10-completion/certified-executions/55fcd1ef82ae4a3f97e4d54fb1ce5033/input-snapshot/MultiplayerHoeingAssistant/Views/PetWindow.xaml.cs', LF will be replaced by CRLF the next time Git touches it
warning: in the working copy of '_workflow/local-wait-admission-gates-20261004/g10-completion/certified-executions/55fcd1ef82ae4a3f97e4d54fb1ce5033/input-snapshot/MultiplayerHoeingAssistant/Views/RemoteConfigGroupSelectWindow.xaml.cs', LF will be replaced by CRLF the next time Git touches it
warning: in the working copy of '_workflow/local-wait-admission-gates-20261004/g10-completion/certified-executions/55fcd1ef82ae4a3f97e4d54fb1ce5033/input-snapshot/MultiplayerHoeingAssistant/Views/SettingsPage.xaml', LF will be replaced by CRLF the next time Git touches it
warning: in the working copy of '_workflow/local-wait-admission-gates-20261004/g10-completion/certified-executions/55fcd1ef82ae4a3f97e4d54fb1ce5033/input-snapshot/MultiplayerHoeingAssistant/Views/SettingsPage.xaml.cs', LF will be replaced by CRLF the next time Git touches it
warning: in the working copy of '_workflow/local-wait-admission-gates-20261004/g10-completion/certified-executions/55fcd1ef82ae4a3f97e4d54fb1ce5033/input-snapshot/MultiplayerHoeingAssistant/Views/SettingsWindow.xaml.cs', LF will be replaced by CRLF the next time Git touches it
warning: in the working copy of '_workflow/local-wait-admission-gates-20261004/g10-completion/certified-executions/55fcd1ef82ae4a3f97e4d54fb1ce5033/input-snapshot/MultiplayerHoeingAssistant/Views/UpdateBgiWindow.xaml', LF will be replaced by CRLF the next time Git touches it
warning: in the working copy of '_workflow/local-wait-admission-gates-20261004/g10-completion/certified-executions/55fcd1ef82ae4a3f97e4d54fb1ce5033/input-snapshot/MultiplayerHoeingAssistant/Views/UpdateBgiWindow.xaml.cs', LF will be replaced by CRLF the next time Git touches it
warning: in the working copy of '_workflow/local-wait-admission-gates-20261004/g10-completion/certified-executions/55fcd1ef82ae4a3f97e4d54fb1ce5033/input-snapshot/Test/MultiplayerHoeingAssistant.UnitTest/CommandContractGuardTests.cs', LF will be replaced by CRLF the next time Git touches it
warning: in the working copy of '_workflow/local-wait-admission-gates-20261004/g10-completion/certified-executions/55fcd1ef82ae4a3f97e4d54fb1ce5033/input-snapshot/Test/MultiplayerHoeingAssistant.UnitTest/ServiceTests/BatchReconcileDeciderTests.cs', LF will be replaced by CRLF the next time Git touches it
warning: in the working copy of '_workflow/local-wait-admission-gates-20261004/g10-completion/certified-executions/55fcd1ef82ae4a3f97e4d54fb1ce5033/input-snapshot/Test/MultiplayerHoeingAssistant.UnitTest/ServiceTests/BatchSubmitRejectionA6Tests.cs', LF will be replaced by CRLF the next time Git touches it
warning: in the working copy of '_workflow/local-wait-admission-gates-20261004/g10-completion/certified-executions/55fcd1ef82ae4a3f97e4d54fb1ce5033/input-snapshot/Test/MultiplayerHoeingAssistant.UnitTest/ServiceTests/BgiPackageUpdateServiceTests.cs', LF will be replaced by CRLF the next time Git touches it
warning: in the working copy of '_workflow/local-wait-admission-gates-20261004/g10-completion/certified-executions/55fcd1ef82ae4a3f97e4d54fb1ce5033/input-snapshot/Test/MultiplayerHoeingAssistant.UnitTest/ServiceTests/BgiRemoteUpdateServiceTests.cs', LF will be replaced by CRLF the next time Git touches it
warning: in the working copy of '_workflow/local-wait-admission-gates-20261004/g10-completion/certified-executions/55fcd1ef82ae4a3f97e4d54fb1ce5033/input-snapshot/Test/MultiplayerHoeingAssistant.UnitTest/ServiceTests/BgiUpdateDecisionsTests.cs', LF will be replaced by CRLF the next time Git touches it
warning: in the working copy of '_workflow/local-wait-admission-gates-20261004/g10-completion/certified-executions/55fcd1ef82ae4a3f97e4d54fb1ce5033/input-snapshot/Test/MultiplayerHoeingAssistant.UnitTest/ServiceTests/BgiUpdateWriteEntryZeroByteTests.cs', LF will be replaced by CRLF the next time Git touches it
warning: in the working copy of '_workflow/local-wait-admission-gates-20261004/g10-completion/certified-executions/55fcd1ef82ae4a3f97e4d54fb1ce5033/input-snapshot/Test/MultiplayerHoeingAssistant.UnitTest/ServiceTests/CommandExecutorExecutionExitProofTests.cs', LF will be replaced by CRLF the next time Git touches it
warning: in the working copy of '_workflow/local-wait-admission-gates-20261004/g10-completion/certified-executions/55fcd1ef82ae4a3f97e4d54fb1ce5033/input-snapshot/Test/MultiplayerHoeingAssistant.UnitTest/ServiceTests/CommandExecutorExternalStartAdmissionTests.cs', LF will be replaced by CRLF the next time Git touches it
warning: in the working copy of '_workflow/local-wait-admission-gates-20261004/g10-completion/certified-executions/55fcd1ef82ae4a3f97e4d54fb1ce5033/input-snapshot/Test/MultiplayerHoeingAssistant.UnitTest/ServiceTests/CoordinatedBatchAdmissionRelationTests.cs', LF will be replaced by CRLF the next time Git touches it
warning: in the working copy of '_workflow/local-wait-admission-gates-20261004/g10-completion/certified-executions/55fcd1ef82ae4a3f97e4d54fb1ce5033/input-snapshot/Test/MultiplayerHoeingAssistant.UnitTest/ServiceTests/MainViewModelTaskStatusParsingTests.cs', LF will be replaced by CRLF the next time Git touches it
warning: in the working copy of '_workflow/local-wait-admission-gates-20261004/g10-completion/certified-executions/55fcd1ef82ae4a3f97e4d54fb1ce5033/input-snapshot/Test/MultiplayerHoeingAssistant.UnitTest/ServiceTests/RemoteConfigEditingTests.cs', LF will be replaced by CRLF the next time Git touches it
warning: in the working copy of '_workflow/local-wait-admission-gates-20261004/g10-completion/certified-executions/55fcd1ef82ae4a3f97e4d54fb1ce5033/input-snapshot/Test/MultiplayerHoeingAssistant.UnitTest/ServiceTests/StartupFlowRunnerHandoffTests.cs', LF will be replaced by CRLF the next time Git touches it
warning: in the working copy of '_workflow/local-wait-admission-gates-20261004/g10-completion/certified-executions/55fcd1ef82ae4a3f97e4d54fb1ce5033/input-snapshot/Test/MultiplayerHoeingAssistant.UnitTest/ServiceTests/StartupFlowSchemeStoreTests.cs', LF will be replaced by CRLF the next time Git touches it
warning: in the working copy of '_workflow/local-wait-admission-gates-20261004/g10-completion/certified-executions/55fcd1ef82ae4a3f97e4d54fb1ce5033/input-snapshot/Test/MultiplayerHoeingAssistant.UnitTest/ServiceTests/StartupSourceStopAuthorityTests.cs', LF will be replaced by CRLF the next time Git touches it
warning: in the working copy of '_workflow/local-wait-admission-gates-20261004/g10-completion/certified-executions/55fcd1ef82ae4a3f97e4d54fb1ce5033/input-snapshot/Test/MultiplayerHoeingAssistant.UnitTest/ServiceTests/TaskCenter/AdapterCancellationObservationTests.cs', LF will be replaced by CRLF the next time Git touches it
warning: in the working copy of '_workflow/local-wait-admission-gates-20261004/g10-completion/certified-executions/55fcd1ef82ae4a3f97e4d54fb1ce5033/input-snapshot/Test/MultiplayerHoeingAssistant.UnitTest/ServiceTests/TaskCenter/AdapterExecutionEvidenceTests.cs', LF will be replaced by CRLF the next time Git touches it
warning: in the working copy of '_workflow/local-wait-admission-gates-20261004/g10-completion/certified-executions/55fcd1ef82ae4a3f97e4d54fb1ce5033/input-snapshot/Test/MultiplayerHoeingAssistant.UnitTest/ServiceTests/TaskCenter/AdapterStopRunnerTests.cs', LF will be replaced by CRLF the next time Git touches it
warning: in the working copy of '_workflow/local-wait-admission-gates-20261004/g10-completion/certified-executions/55fcd1ef82ae4a3f97e4d54fb1ce5033/input-snapshot/Test/MultiplayerHoeingAssistant.UnitTest/ServiceTests/TaskCenter/AdmissionWaitLocallyContractTests.cs', LF will be replaced by CRLF the next time Git touches it
warning: in the working copy of '_workflow/local-wait-admission-gates-20261004/g10-completion/certified-executions/55fcd1ef82ae4a3f97e4d54fb1ce5033/input-snapshot/Test/MultiplayerHoeingAssistant.UnitTest/ServiceTests/TaskCenter/ArbitrationLeaseStoreTests.cs', LF will be replaced by CRLF the next time Git touches it
warning: in the working copy of '_workflow/local-wait-admission-gates-20261004/g10-completion/certified-executions/55fcd1ef82ae4a3f97e4d54fb1ce5033/input-snapshot/Test/MultiplayerHoeingAssistant.UnitTest/ServiceTests/TaskCenter/ArbitrationOrderingTests.cs', LF will be replaced by CRLF the next time Git touches it
warning: in the working copy of '_workflow/local-wait-admission-gates-20261004/g10-completion/certified-executions/55fcd1ef82ae4a3f97e4d54fb1ce5033/input-snapshot/Test/MultiplayerHoeingAssistant.UnitTest/ServiceTests/TaskCenter/ArbitrationWorkflowExecutionBoundaryTests.cs', LF will be replaced by CRLF the next time Git touches it
warning: in the working copy of '_workflow/local-wait-admission-gates-20261004/g10-completion/certified-executions/55fcd1ef82ae4a3f97e4d54fb1ce5033/input-snapshot/Test/MultiplayerHoeingAssistant.UnitTest/ServiceTests/TaskCenter/Batch21WiringRedTests.cs', LF will be replaced by CRLF the next time Git touches it
warning: in the working copy of '_workflow/local-wait-admission-gates-20261004/g10-completion/certified-executions/55fcd1ef82ae4a3f97e4d54fb1ce5033/input-snapshot/Test/MultiplayerHoeingAssistant.UnitTest/ServiceTests/TaskCenter/BgiInstancePipeDouble.cs', LF will be replaced by CRLF the next time Git touches it
warning: in the working copy of '_workflow/local-wait-admission-gates-20261004/g10-completion/certified-executions/55fcd1ef82ae4a3f97e4d54fb1ce5033/input-snapshot/Test/MultiplayerHoeingAssistant.UnitTest/ServiceTests/TaskCenter/BgiJobTerminalPollingTests.cs', LF will be replaced by CRLF the next time Git touches it
warning: in the working copy of '_workflow/local-wait-admission-gates-20261004/g10-completion/certified-executions/55fcd1ef82ae4a3f97e4d54fb1ce5033/input-snapshot/Test/MultiplayerHoeingAssistant.UnitTest/ServiceTests/TaskCenter/ClaimSurfaceGuardTests.cs', LF will be replaced by CRLF the next time Git touches it
warning: in the working copy of '_workflow/local-wait-admission-gates-20261004/g10-completion/certified-executions/55fcd1ef82ae4a3f97e4d54fb1ce5033/input-snapshot/Test/MultiplayerHoeingAssistant.UnitTest/ServiceTests/TaskCenter/DocsFixtureReferenceGuardTests.cs', LF will be replaced by CRLF the next time Git touches it
warning: in the working copy of '_workflow/local-wait-admission-gates-20261004/g10-completion/certified-executions/55fcd1ef82ae4a3f97e4d54fb1ce5033/input-snapshot/Test/MultiplayerHoeingAssistant.UnitTest/ServiceTests/TaskCenter/DurableJobObservationTests.cs', LF will be replaced by CRLF the next time Git touches it
warning: in the working copy of '_workflow/local-wait-admission-gates-20261004/g10-completion/certified-executions/55fcd1ef82ae4a3f97e4d54fb1ce5033/input-snapshot/Test/MultiplayerHoeingAssistant.UnitTest/ServiceTests/TaskCenter/FacadeWaitLocallyConsumerTests.cs', LF will be replaced by CRLF the next time Git touches it
warning: in the working copy of '_workflow/local-wait-admission-gates-20261004/g10-completion/certified-executions/55fcd1ef82ae4a3f97e4d54fb1ce5033/input-snapshot/Test/MultiplayerHoeingAssistant.UnitTest/ServiceTests/TaskCenter/FailureModeCoverageGuardTests.cs', LF will be replaced by CRLF the next time Git touches it
warning: in the working copy of '_workflow/local-wait-admission-gates-20261004/g10-completion/certified-executions/55fcd1ef82ae4a3f97e4d54fb1ce5033/input-snapshot/Test/MultiplayerHoeingAssistant.UnitTest/ServiceTests/TaskCenter/HandoffTransitionPolicyTests.cs', LF will be replaced by CRLF the next time Git touches it
warning: in the working copy of '_workflow/local-wait-admission-gates-20261004/g10-completion/certified-executions/55fcd1ef82ae4a3f97e4d54fb1ce5033/input-snapshot/Test/MultiplayerHoeingAssistant.UnitTest/ServiceTests/TaskCenter/LegacyHistoricalSealIntegrityTests.cs', LF will be replaced by CRLF the next time Git touches it
warning: in the working copy of '_workflow/local-wait-admission-gates-20261004/g10-completion/certified-executions/55fcd1ef82ae4a3f97e4d54fb1ce5033/input-snapshot/Test/MultiplayerHoeingAssistant.UnitTest/ServiceTests/TaskCenter/LegacySchedulerResidueTests.cs', LF will be replaced by CRLF the next time Git touches it
warning: in the working copy of '_workflow/local-wait-admission-gates-20261004/g10-completion/certified-executions/55fcd1ef82ae4a3f97e4d54fb1ce5033/input-snapshot/Test/MultiplayerHoeingAssistant.UnitTest/ServiceTests/TaskCenter/LocalSyntheticWordInventoryTests.cs', LF will be replaced by CRLF the next time Git touches it
warning: in the working copy of '_workflow/local-wait-admission-gates-20261004/g10-completion/certified-executions/55fcd1ef82ae4a3f97e4d54fb1ce5033/input-snapshot/Test/MultiplayerHoeingAssistant.UnitTest/ServiceTests/TaskCenter/LocalWaitFinalizationContractTests.cs', LF will be replaced by CRLF the next time Git touches it
warning: in the working copy of '_workflow/local-wait-admission-gates-20261004/g10-completion/certified-executions/55fcd1ef82ae4a3f97e4d54fb1ce5033/input-snapshot/Test/MultiplayerHoeingAssistant.UnitTest/ServiceTests/TaskCenter/LocalWaitGenerationContractTests.cs', LF will be replaced by CRLF the next time Git touches it
warning: in the working copy of '_workflow/local-wait-admission-gates-20261004/g10-completion/certified-executions/55fcd1ef82ae4a3f97e4d54fb1ce5033/input-snapshot/Test/MultiplayerHoeingAssistant.UnitTest/ServiceTests/TaskCenter/LocalWaitParkingStateContractTests.cs', LF will be replaced by CRLF the next time Git touches it
warning: in the working copy of '_workflow/local-wait-admission-gates-20261004/g10-completion/certified-executions/55fcd1ef82ae4a3f97e4d54fb1ce5033/input-snapshot/Test/MultiplayerHoeingAssistant.UnitTest/ServiceTests/TaskCenter/LocalWaitPrerequisiteContractTests.cs', LF will be replaced by CRLF the next time Git touches it
warning: in the working copy of '_workflow/local-wait-admission-gates-20261004/g10-completion/certified-executions/55fcd1ef82ae4a3f97e4d54fb1ce5033/input-snapshot/Test/MultiplayerHoeingAssistant.UnitTest/ServiceTests/TaskCenter/LocalWaitQueueTests.cs', LF will be replaced by CRLF the next time Git touches it
warning: in the working copy of '_workflow/local-wait-admission-gates-20261004/g10-completion/certified-executions/55fcd1ef82ae4a3f97e4d54fb1ce5033/input-snapshot/Test/MultiplayerHoeingAssistant.UnitTest/ServiceTests/TaskCenter/LocalWaitSnapshotProbeMechanismArchiveTests.cs', LF will be replaced by CRLF the next time Git touches it
warning: in the working copy of '_workflow/local-wait-admission-gates-20261004/g10-completion/certified-executions/55fcd1ef82ae4a3f97e4d54fb1ce5033/input-snapshot/Test/MultiplayerHoeingAssistant.UnitTest/ServiceTests/TaskCenter/OccupantLevelResolverTests.cs', LF will be replaced by CRLF the next time Git touches it
warning: in the working copy of '_workflow/local-wait-admission-gates-20261004/g10-completion/certified-executions/55fcd1ef82ae4a3f97e4d54fb1ce5033/input-snapshot/Test/MultiplayerHoeingAssistant.UnitTest/ServiceTests/TaskCenter/OriginalNodeSendRoundTests.cs', LF will be replaced by CRLF the next time Git touches it
warning: in the working copy of '_workflow/local-wait-admission-gates-20261004/g10-completion/certified-executions/55fcd1ef82ae4a3f97e4d54fb1ce5033/input-snapshot/Test/MultiplayerHoeingAssistant.UnitTest/ServiceTests/TaskCenter/R410ProductionWiringTests.cs', LF will be replaced by CRLF the next time Git touches it
warning: in the working copy of '_workflow/local-wait-admission-gates-20261004/g10-completion/certified-executions/55fcd1ef82ae4a3f97e4d54fb1ce5033/input-snapshot/Test/MultiplayerHoeingAssistant.UnitTest/ServiceTests/TaskCenter/R46Batch3cRunnerTests.cs', LF will be replaced by CRLF the next time Git touches it
warning: in the working copy of '_workflow/local-wait-admission-gates-20261004/g10-completion/certified-executions/55fcd1ef82ae4a3f97e4d54fb1ce5033/input-snapshot/Test/MultiplayerHoeingAssistant.UnitTest/ServiceTests/TaskCenter/R53PrerequisiteBindingTests.cs', LF will be replaced by CRLF the next time Git touches it
warning: in the working copy of '_workflow/local-wait-admission-gates-20261004/g10-completion/certified-executions/55fcd1ef82ae4a3f97e4d54fb1ce5033/input-snapshot/Test/MultiplayerHoeingAssistant.UnitTest/ServiceTests/TaskCenter/R54MechanismSchemaTests.cs', LF will be replaced by CRLF the next time Git touches it
warning: in the working copy of '_workflow/local-wait-admission-gates-20261004/g10-completion/certified-executions/55fcd1ef82ae4a3f97e4d54fb1ce5033/input-snapshot/Test/MultiplayerHoeingAssistant.UnitTest/ServiceTests/TaskCenter/R55BackgroundTriggerLedgerTests.cs', LF will be replaced by CRLF the next time Git touches it
warning: in the working copy of '_workflow/local-wait-admission-gates-20261004/g10-completion/certified-executions/55fcd1ef82ae4a3f97e4d54fb1ce5033/input-snapshot/Test/MultiplayerHoeingAssistant.UnitTest/ServiceTests/TaskCenter/R56MigrationConsistencyTests.cs', LF will be replaced by CRLF the next time Git touches it
warning: in the working copy of '_workflow/local-wait-admission-gates-20261004/g10-completion/certified-executions/55fcd1ef82ae4a3f97e4d54fb1ce5033/input-snapshot/Test/MultiplayerHoeingAssistant.UnitTest/ServiceTests/TaskCenter/R56MigrationRecoveryTests.cs', LF will be replaced by CRLF the next time Git touches it
warning: in the working copy of '_workflow/local-wait-admission-gates-20261004/g10-completion/certified-executions/55fcd1ef82ae4a3f97e4d54fb1ce5033/input-snapshot/Test/MultiplayerHoeingAssistant.UnitTest/ServiceTests/TaskCenter/R56MigrationVersionStoreTests.cs', LF will be replaced by CRLF the next time Git touches it
warning: in the working copy of '_workflow/local-wait-admission-gates-20261004/g10-completion/certified-executions/55fcd1ef82ae4a3f97e4d54fb1ce5033/input-snapshot/Test/MultiplayerHoeingAssistant.UnitTest/ServiceTests/TaskCenter/R58DualRunContestTests.cs', LF will be replaced by CRLF the next time Git touches it
warning: in the working copy of '_workflow/local-wait-admission-gates-20261004/g10-completion/certified-executions/55fcd1ef82ae4a3f97e4d54fb1ce5033/input-snapshot/Test/MultiplayerHoeingAssistant.UnitTest/ServiceTests/TaskCenter/R58MigrationRehearsalHostTests.cs', LF will be replaced by CRLF the next time Git touches it
warning: in the working copy of '_workflow/local-wait-admission-gates-20261004/g10-completion/certified-executions/55fcd1ef82ae4a3f97e4d54fb1ce5033/input-snapshot/Test/MultiplayerHoeingAssistant.UnitTest/ServiceTests/TaskCenter/R58MigrationRehearsalTests.cs', LF will be replaced by CRLF the next time Git touches it
warning: in the working copy of '_workflow/local-wait-admission-gates-20261004/g10-completion/certified-executions/55fcd1ef82ae4a3f97e4d54fb1ce5033/input-snapshot/Test/MultiplayerHoeingAssistant.UnitTest/ServiceTests/TaskCenter/R5CompositionRootAcceptanceTests.cs', LF will be replaced by CRLF the next time Git touches it
warning: in the working copy of '_workflow/local-wait-admission-gates-20261004/g10-completion/certified-executions/55fcd1ef82ae4a3f97e4d54fb1ce5033/input-snapshot/Test/MultiplayerHoeingAssistant.UnitTest/ServiceTests/TaskCenter/ResourceCatalogServiceTests.cs', LF will be replaced by CRLF the next time Git touches it
warning: in the working copy of '_workflow/local-wait-admission-gates-20261004/g10-completion/certified-executions/55fcd1ef82ae4a3f97e4d54fb1ce5033/input-snapshot/Test/MultiplayerHoeingAssistant.UnitTest/ServiceTests/TaskCenter/RunStoreTests.cs', LF will be replaced by CRLF the next time Git touches it
warning: in the working copy of '_workflow/local-wait-admission-gates-20261004/g10-completion/certified-executions/55fcd1ef82ae4a3f97e4d54fb1ce5033/input-snapshot/Test/MultiplayerHoeingAssistant.UnitTest/ServiceTests/TaskCenter/RunningOccupancyArbiterStateTableTests.cs', LF will be replaced by CRLF the next time Git touches it
warning: in the working copy of '_workflow/local-wait-admission-gates-20261004/g10-completion/certified-executions/55fcd1ef82ae4a3f97e4d54fb1ce5033/input-snapshot/Test/MultiplayerHoeingAssistant.UnitTest/ServiceTests/TaskCenter/RunningOccupancyArbiterTests.cs', LF will be replaced by CRLF the next time Git touches it
warning: in the working copy of '_workflow/local-wait-admission-gates-20261004/g10-completion/certified-executions/55fcd1ef82ae4a3f97e4d54fb1ce5033/input-snapshot/Test/MultiplayerHoeingAssistant.UnitTest/ServiceTests/TaskCenter/StartupHandoffHostTests.cs', LF will be replaced by CRLF the next time Git touches it
warning: in the working copy of '_workflow/local-wait-admission-gates-20261004/g10-completion/certified-executions/55fcd1ef82ae4a3f97e4d54fb1ce5033/input-snapshot/Test/MultiplayerHoeingAssistant.UnitTest/ServiceTests/TaskCenter/StopAuthorityPersistenceTests.cs', LF will be replaced by CRLF the next time Git touches it
warning: in the working copy of '_workflow/local-wait-admission-gates-20261004/g10-completion/certified-executions/55fcd1ef82ae4a3f97e4d54fb1ce5033/input-snapshot/Test/MultiplayerHoeingAssistant.UnitTest/ServiceTests/TaskCenter/SubmissionPointInventoryTests.cs', LF will be replaced by CRLF the next time Git touches it
warning: in the working copy of '_workflow/local-wait-admission-gates-20261004/g10-completion/certified-executions/55fcd1ef82ae4a3f97e4d54fb1ce5033/input-snapshot/Test/MultiplayerHoeingAssistant.UnitTest/ServiceTests/TaskCenter/SwitchGuardPolicyTests.cs', LF will be replaced by CRLF the next time Git touches it
warning: in the working copy of '_workflow/local-wait-admission-gates-20261004/g10-completion/certified-executions/55fcd1ef82ae4a3f97e4d54fb1ce5033/input-snapshot/Test/MultiplayerHoeingAssistant.UnitTest/ServiceTests/TaskCenter/TaskCenterEnsureReadyTests.cs', LF will be replaced by CRLF the next time Git touches it
warning: in the working copy of '_workflow/local-wait-admission-gates-20261004/g10-completion/certified-executions/55fcd1ef82ae4a3f97e4d54fb1ce5033/input-snapshot/Test/MultiplayerHoeingAssistant.UnitTest/ServiceTests/TaskCenter/TaskCenterExternalStartAdmissionTests.cs', LF will be replaced by CRLF the next time Git touches it
warning: in the working copy of '_workflow/local-wait-admission-gates-20261004/g10-completion/certified-executions/55fcd1ef82ae4a3f97e4d54fb1ce5033/input-snapshot/Test/MultiplayerHoeingAssistant.UnitTest/ServiceTests/TaskCenter/TaskCenterHostAdmissionTests.cs', LF will be replaced by CRLF the next time Git touches it
warning: in the working copy of '_workflow/local-wait-admission-gates-20261004/g10-completion/certified-executions/55fcd1ef82ae4a3f97e4d54fb1ce5033/input-snapshot/Test/MultiplayerHoeingAssistant.UnitTest/ServiceTests/TaskCenter/TaskCenterHostOccupantLevelResolutionTests.cs', LF will be replaced by CRLF the next time Git touches it
warning: in the working copy of '_workflow/local-wait-admission-gates-20261004/g10-completion/certified-executions/55fcd1ef82ae4a3f97e4d54fb1ce5033/input-snapshot/Test/MultiplayerHoeingAssistant.UnitTest/ServiceTests/TaskCenter/TaskCenterHostRecoveryAdmissionTests.cs', LF will be replaced by CRLF the next time Git touches it
warning: in the working copy of '_workflow/local-wait-admission-gates-20261004/g10-completion/certified-executions/55fcd1ef82ae4a3f97e4d54fb1ce5033/input-snapshot/Test/MultiplayerHoeingAssistant.UnitTest/ServiceTests/TaskCenter/TaskCenterHostTests.cs', LF will be replaced by CRLF the next time Git touches it
warning: in the working copy of '_workflow/local-wait-admission-gates-20261004/g10-completion/certified-executions/55fcd1ef82ae4a3f97e4d54fb1ce5033/input-snapshot/Test/MultiplayerHoeingAssistant.UnitTest/ServiceTests/TaskCenter/TaskCenterPanelViewModelTests.cs', LF will be replaced by CRLF the next time Git touches it
warning: in the working copy of '_workflow/local-wait-admission-gates-20261004/g10-completion/certified-executions/55fcd1ef82ae4a3f97e4d54fb1ce5033/input-snapshot/Test/MultiplayerHoeingAssistant.UnitTest/ServiceTests/TaskCenter/TerminalReleaseFixtureFacts.cs', LF will be replaced by CRLF the next time Git touches it
warning: in the working copy of '_workflow/local-wait-admission-gates-20261004/g10-completion/certified-executions/55fcd1ef82ae4a3f97e4d54fb1ce5033/input-snapshot/Test/MultiplayerHoeingAssistant.UnitTest/ServiceTests/TaskCenter/TerminalReleaseSealTests.cs', LF will be replaced by CRLF the next time Git touches it
warning: in the working copy of '_workflow/local-wait-admission-gates-20261004/g10-completion/certified-executions/55fcd1ef82ae4a3f97e4d54fb1ce5033/input-snapshot/Test/MultiplayerHoeingAssistant.UnitTest/ServiceTests/TaskCenter/TypedAdmissionParentTests.cs', LF will be replaced by CRLF the next time Git touches it
warning: in the working copy of '_workflow/local-wait-admission-gates-20261004/g10-completion/certified-executions/55fcd1ef82ae4a3f97e4d54fb1ce5033/input-snapshot/Test/MultiplayerHoeingAssistant.UnitTest/ServiceTests/TaskCenter/WorkflowStoreTests.cs', LF will be replaced by CRLF the next time Git touches it
warning: in the working copy of '_workflow/local-wait-admission-gates-20261004/g10-completion/certified-executions/55fcd1ef82ae4a3f97e4d54fb1ce5033/input-snapshot/Test/R56ControlledWriterProbe/Program.cs', LF will be replaced by CRLF the next time Git touches it
warning: in the working copy of '_workflow/local-wait-admission-gates-20261004/g10-completion/certified-executions/55fcd1ef82ae4a3f97e4d54fb1ce5033/input-snapshot/Test/R56ControlledWriterProbe/R56ControlledWriterProbe.csproj', LF will be replaced by CRLF the next time Git touches it
warning: in the working copy of '_workflow/local-wait-admission-gates-20261004/g10-completion/certified-executions/55fcd1ef82ae4a3f97e4d54fb1ce5033/receipt.json', LF will be replaced by CRLF the next time Git touches it
warning: in the working copy of '_workflow/local-wait-admission-gates-20261004/g10-completion/certified-executions/55fcd1ef82ae4a3f97e4d54fb1ce5033/run-process-identity.json', LF will be replaced by CRLF the next time Git touches it
warning: in the working copy of '_workflow/local-wait-admission-gates-20261004/g10-completion/certified-executions/55fcd1ef82ae4a3f97e4d54fb1ce5033/run-process-request.json', LF will be replaced by CRLF the next time Git touches it
warning: in the working copy of '_workflow/local-wait-admission-gates-20261004/g10-completion/certified-executions/55fcd1ef82ae4a3f97e4d54fb1ce5033/run-process-result.json', LF will be replaced by CRLF the next time Git touches it
warning: in the working copy of '_workflow/local-wait-admission-gates-20261004/g10-completion/certified-executions/55fcd1ef82ae4a3f97e4d54fb1ce5033/run-tree-terminal.json', LF will be replaced by CRLF the next time Git touches it
