warning: in the working copy of '_workflow/local-wait-admission-gates-20261004/CURRENT-HANDOFF.md', LF will be replaced by CRLF the next time Git touches it
warning: in the working copy of '_workflow/local-wait-admission-gates-20261004/auto-relay-four-entry-recovery-20261004-from-01a1061f/LIFECYCLE-CANDIDATE.md', LF will be replaced by CRLF the next time Git touches it
warning: in the working copy of '_workflow/local-wait-admission-gates-20261004/auto-relay-four-entry-recovery-20261004-from-01a1061f/add-lifecycle-tests.py', LF will be replaced by CRLF the next time Git touches it
warning: in the working copy of '_workflow/local-wait-admission-gates-20261004/auto-relay-four-entry-recovery-20261004-from-01a1061f/add-saturation-and-barrier.py', LF will be replaced by CRLF the next time Git touches it
warning: in the working copy of '_workflow/local-wait-admission-gates-20261004/auto-relay-four-entry-recovery-20261004-from-01a1061f/add-source-faults.py', LF will be replaced by CRLF the next time Git touches it
warning: in the working copy of '_workflow/local-wait-admission-gates-20261004/auto-relay-four-entry-recovery-20261004-from-01a1061f/commit-candidate.py', LF will be replaced by CRLF the next time Git touches it
warning: in the working copy of '_workflow/local-wait-admission-gates-20261004/auto-relay-four-entry-recovery-20261004-from-01a1061f/correct-lifecycle-fixture.py', LF will be replaced by CRLF the next time Git touches it
warning: in the working copy of '_workflow/local-wait-admission-gates-20261004/auto-relay-four-entry-recovery-20261004-from-01a1061f/created-thread-observation.json', LF will be replaced by CRLF the next time Git touches it
warning: in the working copy of '_workflow/local-wait-admission-gates-20261004/auto-relay-four-entry-recovery-20261004-from-01a1061f/final/capacity.trx', LF will be replaced by CRLF the next time Git touches it
warning: in the working copy of '_workflow/local-wait-admission-gates-20261004/auto-relay-four-entry-recovery-20261004-from-01a1061f/final/claims-regenerate.trx', LF will be replaced by CRLF the next time Git touches it
warning: in the working copy of '_workflow/local-wait-admission-gates-20261004/auto-relay-four-entry-recovery-20261004-from-01a1061f/final/full.trx', LF will be replaced by CRLF the next time Git touches it
warning: in the working copy of '_workflow/local-wait-admission-gates-20261004/auto-relay-four-entry-recovery-20261004-from-01a1061f/final/target.trx', LF will be replaced by CRLF the next time Git touches it
warning: in the working copy of '_workflow/local-wait-admission-gates-20261004/auto-relay-four-entry-recovery-20261004-from-01a1061f/fix-recovery-serialization.py', LF will be replaced by CRLF the next time Git touches it
warning: in the working copy of '_workflow/local-wait-admission-gates-20261004/auto-relay-four-entry-recovery-20261004-from-01a1061f/lifecycle-green4.trx', LF will be replaced by CRLF the next time Git touches it
warning: in the working copy of '_workflow/local-wait-admission-gates-20261004/auto-relay-four-entry-recovery-20261004-from-01a1061f/lifecycle-green6.trx', LF will be replaced by CRLF the next time Git touches it
warning: in the working copy of '_workflow/local-wait-admission-gates-20261004/auto-relay-four-entry-recovery-20261004-from-01a1061f/lifecycle-green7.trx', LF will be replaced by CRLF the next time Git touches it
warning: in the working copy of '_workflow/local-wait-admission-gates-20261004/auto-relay-four-entry-recovery-20261004-from-01a1061f/lifecycle-green8.trx', LF will be replaced by CRLF the next time Git touches it
warning: in the working copy of '_workflow/local-wait-admission-gates-20261004/auto-relay-four-entry-recovery-20261004-from-01a1061f/lifecycle-green9.trx', LF will be replaced by CRLF the next time Git touches it
warning: in the working copy of '_workflow/local-wait-admission-gates-20261004/auto-relay-four-entry-recovery-20261004-from-01a1061f/lifecycle-plan.md', LF will be replaced by CRLF the next time Git touches it
warning: in the working copy of '_workflow/local-wait-admission-gates-20261004/auto-relay-four-entry-recovery-20261004-from-01a1061f/lifecycle-red1.trx', LF will be replaced by CRLF the next time Git touches it
warning: in the working copy of '_workflow/local-wait-admission-gates-20261004/auto-relay-four-entry-recovery-20261004-from-01a1061f/lifecycle-red2.trx', LF will be replaced by CRLF the next time Git touches it
warning: in the working copy of '_workflow/local-wait-admission-gates-20261004/auto-relay-four-entry-recovery-20261004-from-01a1061f/lifecycle-red5.trx', LF will be replaced by CRLF the next time Git touches it
warning: in the working copy of '_workflow/local-wait-admission-gates-20261004/auto-relay-four-entry-recovery-20261004-from-01a1061f/move-handoff-fault.py', LF will be replaced by CRLF the next time Git touches it
warning: in the working copy of '_workflow/local-wait-admission-gates-20261004/auto-relay-four-entry-recovery-20261004-from-01a1061f/mutate-lifecycle-r2.py', LF will be replaced by CRLF the next time Git touches it
warning: in the working copy of '_workflow/local-wait-admission-gates-20261004/auto-relay-four-entry-recovery-20261004-from-01a1061f/mutate-lifecycle.py', LF will be replaced by CRLF the next time Git touches it
warning: in the working copy of '_workflow/local-wait-admission-gates-20261004/auto-relay-four-entry-recovery-20261004-from-01a1061f/mutations-r2/M1-recovery-gate/baseline.trx', LF will be replaced by CRLF the next time Git touches it
warning: in the working copy of '_workflow/local-wait-admission-gates-20261004/auto-relay-four-entry-recovery-20261004-from-01a1061f/mutations-r2/M1-recovery-gate/mutant.trx', LF will be replaced by CRLF the next time Git touches it
warning: in the working copy of '_workflow/local-wait-admission-gates-20261004/auto-relay-four-entry-recovery-20261004-from-01a1061f/mutations-r2/M1-recovery-gate/restored.trx', LF will be replaced by CRLF the next time Git touches it
warning: in the working copy of '_workflow/local-wait-admission-gates-20261004/auto-relay-four-entry-recovery-20261004-from-01a1061f/mutations-r2/M2-resume-source/baseline.trx', LF will be replaced by CRLF the next time Git touches it
warning: in the working copy of '_workflow/local-wait-admission-gates-20261004/auto-relay-four-entry-recovery-20261004-from-01a1061f/mutations-r2/M2-resume-source/mutant.trx', LF will be replaced by CRLF the next time Git touches it
warning: in the working copy of '_workflow/local-wait-admission-gates-20261004/auto-relay-four-entry-recovery-20261004-from-01a1061f/mutations-r2/M2-resume-source/restored.trx', LF will be replaced by CRLF the next time Git touches it
warning: in the working copy of '_workflow/local-wait-admission-gates-20261004/auto-relay-four-entry-recovery-20261004-from-01a1061f/mutations-r2/M3-pending-identity/baseline.trx', LF will be replaced by CRLF the next time Git touches it
warning: in the working copy of '_workflow/local-wait-admission-gates-20261004/auto-relay-four-entry-recovery-20261004-from-01a1061f/mutations-r2/M3-pending-identity/mutant.trx', LF will be replaced by CRLF the next time Git touches it
warning: in the working copy of '_workflow/local-wait-admission-gates-20261004/auto-relay-four-entry-recovery-20261004-from-01a1061f/mutations-r2/M3-pending-identity/restored.trx', LF will be replaced by CRLF the next time Git touches it
warning: in the working copy of '_workflow/local-wait-admission-gates-20261004/auto-relay-four-entry-recovery-20261004-from-01a1061f/mutations/M1-recovery-gate/baseline.trx', LF will be replaced by CRLF the next time Git touches it
warning: in the working copy of '_workflow/local-wait-admission-gates-20261004/auto-relay-four-entry-recovery-20261004-from-01a1061f/mutations/M1-recovery-gate/mutant.trx', LF will be replaced by CRLF the next time Git touches it
warning: in the working copy of '_workflow/local-wait-admission-gates-20261004/auto-relay-four-entry-recovery-20261004-from-01a1061f/mutations/M1-recovery-gate/restored.trx', LF will be replaced by CRLF the next time Git touches it
warning: in the working copy of '_workflow/local-wait-admission-gates-20261004/auto-relay-four-entry-recovery-20261004-from-01a1061f/mutations/M2-resume-source/baseline.trx', LF will be replaced by CRLF the next time Git touches it
warning: in the working copy of '_workflow/local-wait-admission-gates-20261004/auto-relay-four-entry-recovery-20261004-from-01a1061f/mutations/M2-resume-source/mutant.trx', LF will be replaced by CRLF the next time Git touches it
warning: in the working copy of '_workflow/local-wait-admission-gates-20261004/auto-relay-four-entry-recovery-20261004-from-01a1061f/new-goal-readback.json', LF will be replaced by CRLF the next time Git touches it
warning: in the working copy of '_workflow/local-wait-admission-gates-20261004/auto-relay-four-entry-recovery-20261004-from-01a1061f/normalize-observation-encoding.py', LF will be replaced by CRLF the next time Git touches it
warning: in the working copy of '_workflow/local-wait-admission-gates-20261004/auto-relay-four-entry-recovery-20261004-from-01a1061f/save-candidate.py', LF will be replaced by CRLF the next time Git touches it
warning: in the working copy of '_workflow/local-wait-admission-gates-20261004/auto-relay-four-entry-recovery-20261004-from-01a1061f/verify-lifecycle.py', LF will be replaced by CRLF the next time Git touches it
