E:\Program Files\better-genshin-impact-LCB\MultiplayerHoeingAssistant\MultiplayerHoeingAssistant.csproj : warning NU1902: 包 "SharpCompress" 0.38.0 具有已知的 中 严重性漏洞，https://github.com/advisories/GHSA-6c8g-7p36-r338
E:\Program Files\better-genshin-impact-LCB\MultiplayerHoeingAssistant\MultiplayerHoeingAssistant_s1deouxf_wpftmp.csproj : warning NU1902: 包 "SharpCompress" 0.38.0 具有已知的 中 严重性漏洞，https://github.com/advisories/GHSA-6c8g-7p36-r338
E:\Program Files\better-genshin-impact-LCB\MultiplayerHoeingAssistant\ViewModels\DodocoViewModel.cs(114,62): warning CS8602: 解引用可能出现空引用。 [E:\Program Files\better-genshin-impact-LCB\MultiplayerHoeingAssistant\MultiplayerHoeingAssistant_s1deouxf_wpftmp.csproj]
E:\Program Files\better-genshin-impact-LCB\MultiplayerHoeingAssistant\Services\BgiLogTailService.cs(177,44): warning CS8604: “FileInfo.FileInfo(string fileName)”中的形参“fileName”可能传入 null 引用实参。 [E:\Program Files\better-genshin-impact-LCB\MultiplayerHoeingAssistant\MultiplayerHoeingAssistant_s1deouxf_wpftmp.csproj]
E:\Program Files\better-genshin-impact-LCB\MultiplayerHoeingAssistant\ViewModels\TaskCenterPanelViewModel.EditParts.cs(136,15): warning CS8620: 由于引用类型的可为 null 性差异，IEnumerable<(CatalogSourceVm v, int i)> 类型的实参不能用于 (CatalogSourceVm?, int) Enumerable.FirstOrDefault<(CatalogSourceVm?, int)>(IEnumerable<(CatalogSourceVm?, int)> source, Func<(CatalogSourceVm?, int), bool> predicate, (CatalogSourceVm?, int) defaultValue) 中 IEnumerable<(CatalogSourceVm?, int)> 类型的形参 source。 [E:\Program Files\better-genshin-impact-LCB\MultiplayerHoeingAssistant\MultiplayerHoeingAssistant_s1deouxf_wpftmp.csproj]
E:\Program Files\better-genshin-impact-LCB\MultiplayerHoeingAssistant\ViewModels\TaskCenterPanelViewModel.EditParts.cs(136,74): warning CS8602: 解引用可能出现空引用。 [E:\Program Files\better-genshin-impact-LCB\MultiplayerHoeingAssistant\MultiplayerHoeingAssistant_s1deouxf_wpftmp.csproj]
E:\Program Files\better-genshin-impact-LCB\MultiplayerHoeingAssistant\ViewModels\TaskCenterPanelViewModel.EditParts.cs(259,17): warning CS8602: 解引用可能出现空引用。 [E:\Program Files\better-genshin-impact-LCB\MultiplayerHoeingAssistant\MultiplayerHoeingAssistant_s1deouxf_wpftmp.csproj]
E:\Program Files\better-genshin-impact-LCB\MultiplayerHoeingAssistant\Services\TaskCenter\WorkflowRunner.cs(1483,49): warning CS8602: 解引用可能出现空引用。 [E:\Program Files\better-genshin-impact-LCB\MultiplayerHoeingAssistant\MultiplayerHoeingAssistant_s1deouxf_wpftmp.csproj]
E:\Program Files\better-genshin-impact-LCB\MultiplayerHoeingAssistant\Services\TaskCenter\WorkflowRunner.cs(1865,37): warning CS8601: 可能的 null 引用赋值。 [E:\Program Files\better-genshin-impact-LCB\MultiplayerHoeingAssistant\MultiplayerHoeingAssistant_s1deouxf_wpftmp.csproj]
E:\Program Files\better-genshin-impact-LCB\MultiplayerHoeingAssistant\Services\CommandExecutor.cs(1834,35): warning CS8602: 解引用可能出现空引用。 [E:\Program Files\better-genshin-impact-LCB\MultiplayerHoeingAssistant\MultiplayerHoeingAssistant_s1deouxf_wpftmp.csproj]
E:\Program Files\better-genshin-impact-LCB\MultiplayerHoeingAssistant\Services\CommandExecutor.cs(1938,105): warning CS8601: 可能的 null 引用赋值。 [E:\Program Files\better-genshin-impact-LCB\MultiplayerHoeingAssistant\MultiplayerHoeingAssistant_s1deouxf_wpftmp.csproj]
E:\Program Files\better-genshin-impact-LCB\MultiplayerHoeingAssistant\Services\TaskCenter\Arbitration\ArbitrationLeaseStore.cs(410,13): warning CS8602: 解引用可能出现空引用。 [E:\Program Files\better-genshin-impact-LCB\MultiplayerHoeingAssistant\MultiplayerHoeingAssistant_s1deouxf_wpftmp.csproj]
E:\Program Files\better-genshin-impact-LCB\MultiplayerHoeingAssistant\ViewModels\MainViewModel.cs(1198,103): warning CS8604: “JsonElement JsonSerializer.Deserialize<JsonElement>(string json, JsonSerializerOptions? options = null)”中的形参“json”可能传入 null 引用实参。 [E:\Program Files\better-genshin-impact-LCB\MultiplayerHoeingAssistant\MultiplayerHoeingAssistant_s1deouxf_wpftmp.csproj]
E:\Program Files\better-genshin-impact-LCB\MultiplayerHoeingAssistant\Services\TaskCenter\TaskCenterHost.Admission.cs(378,30): warning CS8602: 解引用可能出现空引用。 [E:\Program Files\better-genshin-impact-LCB\MultiplayerHoeingAssistant\MultiplayerHoeingAssistant_s1deouxf_wpftmp.csproj]
E:\Program Files\better-genshin-impact-LCB\MultiplayerHoeingAssistant\Services\TaskCenter\Arbitration\ArbitrationLeaseStore.cs(806,17): warning CS8602: 解引用可能出现空引用。 [E:\Program Files\better-genshin-impact-LCB\MultiplayerHoeingAssistant\MultiplayerHoeingAssistant_s1deouxf_wpftmp.csproj]
E:\Program Files\better-genshin-impact-LCB\MultiplayerHoeingAssistant\Services\TaskCenter\MigrationSwitchTransaction.cs(811,23): warning CS8604: “bool MigrationSwitchTransaction.IsWithin(string path, string root)”中的形参“path”可能传入 null 引用实参。 [E:\Program Files\better-genshin-impact-LCB\MultiplayerHoeingAssistant\MultiplayerHoeingAssistant_s1deouxf_wpftmp.csproj]
E:\Program Files\better-genshin-impact-LCB\MultiplayerHoeingAssistant\Services\TaskCenter\TaskCenterHost.Admission.cs(1349,40): warning CS8601: 可能的 null 引用赋值。 [E:\Program Files\better-genshin-impact-LCB\MultiplayerHoeingAssistant\MultiplayerHoeingAssistant_s1deouxf_wpftmp.csproj]
E:\Program Files\better-genshin-impact-LCB\MultiplayerHoeingAssistant\Services\TaskCenter\TaskCenterHost.Admission.cs(1376,21): warning CS8601: 可能的 null 引用赋值。 [E:\Program Files\better-genshin-impact-LCB\MultiplayerHoeingAssistant\MultiplayerHoeingAssistant_s1deouxf_wpftmp.csproj]
E:\Program Files\better-genshin-impact-LCB\MultiplayerHoeingAssistant\Services\TaskCenter\TaskCenterHost.Admission.cs(1845,44): warning CS8602: 解引用可能出现空引用。 [E:\Program Files\better-genshin-impact-LCB\MultiplayerHoeingAssistant\MultiplayerHoeingAssistant_s1deouxf_wpftmp.csproj]
E:\Program Files\better-genshin-impact-LCB\MultiplayerHoeingAssistant\ViewModels\MainViewModel.cs(2427,30): warning CS8602: 解引用可能出现空引用。 [E:\Program Files\better-genshin-impact-LCB\MultiplayerHoeingAssistant\MultiplayerHoeingAssistant_s1deouxf_wpftmp.csproj]
E:\Program Files\better-genshin-impact-LCB\MultiplayerHoeingAssistant\ViewModels\MainViewModel.cs(3331,20): warning CS8602: 解引用可能出现空引用。 [E:\Program Files\better-genshin-impact-LCB\MultiplayerHoeingAssistant\MultiplayerHoeingAssistant_s1deouxf_wpftmp.csproj]
E:\Program Files\better-genshin-impact-LCB\MultiplayerHoeingAssistant\ViewModels\MainViewModel.cs(3804,43): warning CS8602: 解引用可能出现空引用。 [E:\Program Files\better-genshin-impact-LCB\MultiplayerHoeingAssistant\MultiplayerHoeingAssistant_s1deouxf_wpftmp.csproj]
E:\Program Files\better-genshin-impact-LCB\MultiplayerHoeingAssistant\ViewModels\MainViewModel.cs(3820,25): warning CS8602: 解引用可能出现空引用。 [E:\Program Files\better-genshin-impact-LCB\MultiplayerHoeingAssistant\MultiplayerHoeingAssistant_s1deouxf_wpftmp.csproj]
E:\Program Files\better-genshin-impact-LCB\MultiplayerHoeingAssistant\ViewModels\MainViewModel.cs(4526,38): warning CS8604: “bool List<string>.Contains(string item)”中的形参“item”可能传入 null 引用实参。 [E:\Program Files\better-genshin-impact-LCB\MultiplayerHoeingAssistant\MultiplayerHoeingAssistant_s1deouxf_wpftmp.csproj]
E:\Program Files\better-genshin-impact-LCB\MultiplayerHoeingAssistant\ViewModels\MainViewModel.cs(6124,24): warning CS1998: 此异步方法缺少 "await" 运算符，将以同步方式运行。请考虑使用 "await" 运算符等待非阻止的 API 调用，或者使用 "await Task.Run(...)" 在后台线程上执行占用大量 CPU 的工作。 [E:\Program Files\better-genshin-impact-LCB\MultiplayerHoeingAssistant\MultiplayerHoeingAssistant_s1deouxf_wpftmp.csproj]
E:\Program Files\better-genshin-impact-LCB\MultiplayerHoeingAssistant\ViewModels\MainViewModel.cs(6448,52): warning CS8604: “string string.Join(string? separator, IEnumerable<string?> values)”中的形参“values”可能传入 null 引用实参。 [E:\Program Files\better-genshin-impact-LCB\MultiplayerHoeingAssistant\MultiplayerHoeingAssistant_s1deouxf_wpftmp.csproj]
E:\Program Files\better-genshin-impact-LCB\MultiplayerHoeingAssistant\Services\TaskCenter\Arbitration\ArbitrationAdmissionService.cs(6899,23): warning CS8604: “ArchivedOperationRecord? Enumerable.FirstOrDefault<ArchivedOperationRecord>(IEnumerable<ArchivedOperationRecord> source, Func<ArchivedOperationRecord, bool> predicate)”中的形参“source”可能传入 null 引用实参。 [E:\Program Files\better-genshin-impact-LCB\MultiplayerHoeingAssistant\MultiplayerHoeingAssistant_s1deouxf_wpftmp.csproj]
E:\Program Files\better-genshin-impact-LCB\MultiplayerHoeingAssistant\Services\TaskCenter\Arbitration\ArbitrationAdmissionService.cs(6903,23): warning CS8604: “OperationRecord? Enumerable.FirstOrDefault<OperationRecord>(IEnumerable<OperationRecord> source, Func<OperationRecord, bool> predicate)”中的形参“source”可能传入 null 引用实参。 [E:\Program Files\better-genshin-impact-LCB\MultiplayerHoeingAssistant\MultiplayerHoeingAssistant_s1deouxf_wpftmp.csproj]
E:\Program Files\better-genshin-impact-LCB\MultiplayerHoeingAssistant\Services\TaskCenter\Arbitration\ArbitrationAdmissionService.cs(6906,24): warning CS8604: “OperationRecord? Enumerable.FirstOrDefault<OperationRecord>(IEnumerable<OperationRecord> source, Func<OperationRecord, bool> predicate)”中的形参“source”可能传入 null 引用实参。 [E:\Program Files\better-genshin-impact-LCB\MultiplayerHoeingAssistant\MultiplayerHoeingAssistant_s1deouxf_wpftmp.csproj]
E:\Program Files\better-genshin-impact-LCB\MultiplayerHoeingAssistant\ViewModels\MainViewModel.cs(20,24): warning CS0169: 从不使用字段“MainViewModel._ipcClient” [E:\Program Files\better-genshin-impact-LCB\MultiplayerHoeingAssistant\MultiplayerHoeingAssistant_s1deouxf_wpftmp.csproj]
E:\Program Files\better-genshin-impact-LCB\MultiplayerHoeingAssistant\ViewModels\DodocoViewModel.cs(114,62): warning CS8602: 解引用可能出现空引用。 [E:\Program Files\better-genshin-impact-LCB\MultiplayerHoeingAssistant\MultiplayerHoeingAssistant.csproj]
E:\Program Files\better-genshin-impact-LCB\MultiplayerHoeingAssistant\ViewModels\TaskCenterPanelViewModel.EditParts.cs(136,15): warning CS8620: 由于引用类型的可为 null 性差异，IEnumerable<(CatalogSourceVm v, int i)> 类型的实参不能用于 (CatalogSourceVm?, int) Enumerable.FirstOrDefault<(CatalogSourceVm?, int)>(IEnumerable<(CatalogSourceVm?, int)> source, Func<(CatalogSourceVm?, int), bool> predicate, (CatalogSourceVm?, int) defaultValue) 中 IEnumerable<(CatalogSourceVm?, int)> 类型的形参 source。 [E:\Program Files\better-genshin-impact-LCB\MultiplayerHoeingAssistant\MultiplayerHoeingAssistant.csproj]
E:\Program Files\better-genshin-impact-LCB\MultiplayerHoeingAssistant\ViewModels\TaskCenterPanelViewModel.EditParts.cs(136,74): warning CS8602: 解引用可能出现空引用。 [E:\Program Files\better-genshin-impact-LCB\MultiplayerHoeingAssistant\MultiplayerHoeingAssistant.csproj]
E:\Program Files\better-genshin-impact-LCB\MultiplayerHoeingAssistant\Services\BgiLogTailService.cs(177,44): warning CS8604: “FileInfo.FileInfo(string fileName)”中的形参“fileName”可能传入 null 引用实参。 [E:\Program Files\better-genshin-impact-LCB\MultiplayerHoeingAssistant\MultiplayerHoeingAssistant.csproj]
E:\Program Files\better-genshin-impact-LCB\MultiplayerHoeingAssistant\ViewModels\TaskCenterPanelViewModel.EditParts.cs(259,17): warning CS8602: 解引用可能出现空引用。 [E:\Program Files\better-genshin-impact-LCB\MultiplayerHoeingAssistant\MultiplayerHoeingAssistant.csproj]
E:\Program Files\better-genshin-impact-LCB\MultiplayerHoeingAssistant\Services\TaskCenter\Arbitration\ArbitrationLeaseStore.cs(410,13): warning CS8602: 解引用可能出现空引用。 [E:\Program Files\better-genshin-impact-LCB\MultiplayerHoeingAssistant\MultiplayerHoeingAssistant.csproj]
E:\Program Files\better-genshin-impact-LCB\MultiplayerHoeingAssistant\Services\TaskCenter\WorkflowRunner.cs(1483,49): warning CS8602: 解引用可能出现空引用。 [E:\Program Files\better-genshin-impact-LCB\MultiplayerHoeingAssistant\MultiplayerHoeingAssistant.csproj]
E:\Program Files\better-genshin-impact-LCB\MultiplayerHoeingAssistant\ViewModels\MainViewModel.cs(1198,103): warning CS8604: “JsonElement JsonSerializer.Deserialize<JsonElement>(string json, JsonSerializerOptions? options = null)”中的形参“json”可能传入 null 引用实参。 [E:\Program Files\better-genshin-impact-LCB\MultiplayerHoeingAssistant\MultiplayerHoeingAssistant.csproj]
E:\Program Files\better-genshin-impact-LCB\MultiplayerHoeingAssistant\Services\TaskCenter\WorkflowRunner.cs(1865,37): warning CS8601: 可能的 null 引用赋值。 [E:\Program Files\better-genshin-impact-LCB\MultiplayerHoeingAssistant\MultiplayerHoeingAssistant.csproj]
E:\Program Files\better-genshin-impact-LCB\MultiplayerHoeingAssistant\Services\TaskCenter\Arbitration\ArbitrationLeaseStore.cs(806,17): warning CS8602: 解引用可能出现空引用。 [E:\Program Files\better-genshin-impact-LCB\MultiplayerHoeingAssistant\MultiplayerHoeingAssistant.csproj]
E:\Program Files\better-genshin-impact-LCB\MultiplayerHoeingAssistant\Services\TaskCenter\TaskCenterHost.Admission.cs(378,30): warning CS8602: 解引用可能出现空引用。 [E:\Program Files\better-genshin-impact-LCB\MultiplayerHoeingAssistant\MultiplayerHoeingAssistant.csproj]
E:\Program Files\better-genshin-impact-LCB\MultiplayerHoeingAssistant\Services\CommandExecutor.cs(1834,35): warning CS8602: 解引用可能出现空引用。 [E:\Program Files\better-genshin-impact-LCB\MultiplayerHoeingAssistant\MultiplayerHoeingAssistant.csproj]
E:\Program Files\better-genshin-impact-LCB\MultiplayerHoeingAssistant\Services\CommandExecutor.cs(1938,105): warning CS8601: 可能的 null 引用赋值。 [E:\Program Files\better-genshin-impact-LCB\MultiplayerHoeingAssistant\MultiplayerHoeingAssistant.csproj]
E:\Program Files\better-genshin-impact-LCB\MultiplayerHoeingAssistant\Services\TaskCenter\MigrationSwitchTransaction.cs(811,23): warning CS8604: “bool MigrationSwitchTransaction.IsWithin(string path, string root)”中的形参“path”可能传入 null 引用实参。 [E:\Program Files\better-genshin-impact-LCB\MultiplayerHoeingAssistant\MultiplayerHoeingAssistant.csproj]
E:\Program Files\better-genshin-impact-LCB\MultiplayerHoeingAssistant\ViewModels\MainViewModel.cs(2427,30): warning CS8602: 解引用可能出现空引用。 [E:\Program Files\better-genshin-impact-LCB\MultiplayerHoeingAssistant\MultiplayerHoeingAssistant.csproj]
E:\Program Files\better-genshin-impact-LCB\MultiplayerHoeingAssistant\Services\TaskCenter\TaskCenterHost.Admission.cs(1349,40): warning CS8601: 可能的 null 引用赋值。 [E:\Program Files\better-genshin-impact-LCB\MultiplayerHoeingAssistant\MultiplayerHoeingAssistant.csproj]
E:\Program Files\better-genshin-impact-LCB\MultiplayerHoeingAssistant\Services\TaskCenter\TaskCenterHost.Admission.cs(1376,21): warning CS8601: 可能的 null 引用赋值。 [E:\Program Files\better-genshin-impact-LCB\MultiplayerHoeingAssistant\MultiplayerHoeingAssistant.csproj]
E:\Program Files\better-genshin-impact-LCB\MultiplayerHoeingAssistant\Services\TaskCenter\TaskCenterHost.Admission.cs(1845,44): warning CS8602: 解引用可能出现空引用。 [E:\Program Files\better-genshin-impact-LCB\MultiplayerHoeingAssistant\MultiplayerHoeingAssistant.csproj]
E:\Program Files\better-genshin-impact-LCB\MultiplayerHoeingAssistant\ViewModels\MainViewModel.cs(3331,20): warning CS8602: 解引用可能出现空引用。 [E:\Program Files\better-genshin-impact-LCB\MultiplayerHoeingAssistant\MultiplayerHoeingAssistant.csproj]
E:\Program Files\better-genshin-impact-LCB\MultiplayerHoeingAssistant\ViewModels\MainViewModel.cs(3804,43): warning CS8602: 解引用可能出现空引用。 [E:\Program Files\better-genshin-impact-LCB\MultiplayerHoeingAssistant\MultiplayerHoeingAssistant.csproj]
E:\Program Files\better-genshin-impact-LCB\MultiplayerHoeingAssistant\ViewModels\MainViewModel.cs(3820,25): warning CS8602: 解引用可能出现空引用。 [E:\Program Files\better-genshin-impact-LCB\MultiplayerHoeingAssistant\MultiplayerHoeingAssistant.csproj]
E:\Program Files\better-genshin-impact-LCB\MultiplayerHoeingAssistant\ViewModels\MainViewModel.cs(4526,38): warning CS8604: “bool List<string>.Contains(string item)”中的形参“item”可能传入 null 引用实参。 [E:\Program Files\better-genshin-impact-LCB\MultiplayerHoeingAssistant\MultiplayerHoeingAssistant.csproj]
E:\Program Files\better-genshin-impact-LCB\MultiplayerHoeingAssistant\ViewModels\MainViewModel.cs(6124,24): warning CS1998: 此异步方法缺少 "await" 运算符，将以同步方式运行。请考虑使用 "await" 运算符等待非阻止的 API 调用，或者使用 "await Task.Run(...)" 在后台线程上执行占用大量 CPU 的工作。 [E:\Program Files\better-genshin-impact-LCB\MultiplayerHoeingAssistant\MultiplayerHoeingAssistant.csproj]
E:\Program Files\better-genshin-impact-LCB\MultiplayerHoeingAssistant\ViewModels\MainViewModel.cs(6448,52): warning CS8604: “string string.Join(string? separator, IEnumerable<string?> values)”中的形参“values”可能传入 null 引用实参。 [E:\Program Files\better-genshin-impact-LCB\MultiplayerHoeingAssistant\MultiplayerHoeingAssistant.csproj]
E:\Program Files\better-genshin-impact-LCB\MultiplayerHoeingAssistant\Services\TaskCenter\Arbitration\ArbitrationAdmissionService.cs(6899,23): warning CS8604: “ArchivedOperationRecord? Enumerable.FirstOrDefault<ArchivedOperationRecord>(IEnumerable<ArchivedOperationRecord> source, Func<ArchivedOperationRecord, bool> predicate)”中的形参“source”可能传入 null 引用实参。 [E:\Program Files\better-genshin-impact-LCB\MultiplayerHoeingAssistant\MultiplayerHoeingAssistant.csproj]
E:\Program Files\better-genshin-impact-LCB\MultiplayerHoeingAssistant\Services\TaskCenter\Arbitration\ArbitrationAdmissionService.cs(6903,23): warning CS8604: “OperationRecord? Enumerable.FirstOrDefault<OperationRecord>(IEnumerable<OperationRecord> source, Func<OperationRecord, bool> predicate)”中的形参“source”可能传入 null 引用实参。 [E:\Program Files\better-genshin-impact-LCB\MultiplayerHoeingAssistant\MultiplayerHoeingAssistant.csproj]
E:\Program Files\better-genshin-impact-LCB\MultiplayerHoeingAssistant\Services\TaskCenter\Arbitration\ArbitrationAdmissionService.cs(6906,24): warning CS8604: “OperationRecord? Enumerable.FirstOrDefault<OperationRecord>(IEnumerable<OperationRecord> source, Func<OperationRecord, bool> predicate)”中的形参“source”可能传入 null 引用实参。 [E:\Program Files\better-genshin-impact-LCB\MultiplayerHoeingAssistant\MultiplayerHoeingAssistant.csproj]
E:\Program Files\better-genshin-impact-LCB\MultiplayerHoeingAssistant\ViewModels\MainViewModel.cs(20,24): warning CS0169: 从不使用字段“MainViewModel._ipcClient” [E:\Program Files\better-genshin-impact-LCB\MultiplayerHoeingAssistant\MultiplayerHoeingAssistant.csproj]
  MultiplayerHoeingAssistant -> E:\Program Files\better-genshin-impact-LCB\MultiplayerHoeingAssistant\bin\Debug\net8.0-windows\MultiplayerHoeingAssistant.dll
  MultiplayerHoeingAssistant.UnitTest -> E:\Program Files\better-genshin-impact-LCB\Test\MultiplayerHoeingAssistant.UnitTest\bin\Debug\net8.0-windows\MultiplayerHoeingAssistant.UnitTest.dll
E:\Program Files\better-genshin-impact-LCB\Test\MultiplayerHoeingAssistant.UnitTest\bin\Debug\net8.0-windows\MultiplayerHoeingAssistant.UnitTest.dll (.NETCoreApp,Version=v8.0)的测试运行
VSTest 版本 17.11.1 (x64)

正在启动测试执行，请稍候...
总共 1 个测试文件与指定模式相匹配。
[xUnit.net 00:00:00.25]     MultiplayerHoeingAssistant.UnitTest.ServiceTests.TaskCenter.LocalWaitGenerationContractTests.Upsert_NonzeroCallerGeneration_Rejected [FAIL]
  失败 MultiplayerHoeingAssistant.UnitTest.ServiceTests.TaskCenter.LocalWaitGenerationContractTests.Upsert_NonzeroCallerGeneration_Rejected [36 ms]
  错误消息:
   Assert.Throws() Failure: No exception was thrown
Expected: typeof(MultiplayerHoeingAssistant.Services.LocalWaitQueueCorruptException)
  堆栈跟踪:
     at MultiplayerHoeingAssistant.UnitTest.ServiceTests.TaskCenter.LocalWaitGenerationContractTests.Upsert_NonzeroCallerGeneration_Rejected() in E:\Program Files\better-genshin-impact-LCB\Test\MultiplayerHoeingAssistant.UnitTest\ServiceTests\TaskCenter\LocalWaitGenerationContractTests.cs:line 173
   at System.RuntimeMethodHandle.InvokeMethod(Object target, Void** arguments, Signature sig, Boolean isConstructor)
   at System.Reflection.MethodBaseInvoker.InvokeWithNoArgs(Object obj, BindingFlags invokeAttr)
结果文件: E:\Program Files\better-genshin-impact-LCB\_batch21\sb21-2-review\mutations-r3\caller-generation-guard\caller-generation-guard.trx

失败!  - 失败:     1，通过:     0，已跳过:     0，总计:     1，持续时间: < 1 ms - MultiplayerHoeingAssistant.UnitTest.dll (net8.0)
