E:\Program Files\better-genshin-impact-LCB\Test\MultiplayerHoeingAssistant.UnitTest\bin\Debug\net8.0-windows\MultiplayerHoeingAssistant.UnitTest.dll (.NETCoreApp,Version=v8.0)的测试运行
VSTest 版本 17.11.1 (x64)

正在启动测试执行，请稍候...
总共 1 个测试文件与指定模式相匹配。
[xUnit.net 00:00:00.31]     MultiplayerHoeingAssistant.UnitTest.ServiceTests.TaskCenter.WorkflowRunnerTests.Resume_ReentryParkStillRequiresLocalWait_StaysParkingWithoutFalseSuccess [FAIL]
[xUnit.net 00:00:00.36]     MultiplayerHoeingAssistant.UnitTest.ServiceTests.TaskCenter.WorkflowRunnerTests.RevisionReload_CompletedIdentityReorderedAfterResumePoint_IsNotResubmitted [FAIL]
[xUnit.net 00:00:00.37]     MultiplayerHoeingAssistant.UnitTest.ServiceTests.TaskCenter.WorkflowRunnerTests.Resume_MultipleLiveParksAcrossRoundsInLooplessPlan_DrivesEachLiveParkOnceInPlanOrder [FAIL]
  失败 MultiplayerHoeingAssistant.UnitTest.ServiceTests.TaskCenter.WorkflowRunnerTests.Resume_ReentryParkStillRequiresLocalWait_StaysParkingWithoutFalseSuccess [94 ms]
  错误消息:
   Assert.Equal() Failure: Collections differ
                                                         ↓ (pos 1)
Expected: ValueTuple<string, int>[]     [Tuple ("A", 1), Tuple ("A", 2)]
Actual:   List<ValueTuple<string, int>> [Tuple ("A", 1)]
  堆栈跟踪:
     at MultiplayerHoeingAssistant.UnitTest.ServiceTests.TaskCenter.WorkflowRunnerTests.Resume_ReentryParkStillRequiresLocalWait_StaysParkingWithoutFalseSuccess() in E:\Program Files\better-genshin-impact-LCB\Test\MultiplayerHoeingAssistant.UnitTest\ServiceTests\TaskCenter\WorkflowRunnerTests.cs:line 1342
--- End of stack trace from previous location ---
  失败 MultiplayerHoeingAssistant.UnitTest.ServiceTests.TaskCenter.WorkflowRunnerTests.RevisionReload_CompletedIdentityReorderedAfterResumePoint_IsNotResubmitted [44 ms]
  错误消息:
   Assert.Equal() Failure: Collections differ
                            ↓ (pos 3)
Expected: ["n3", "n2", "X", "Y"]
Actual:   ["n3", "n2", "X", "n3", "Y"]
                            ↑ (pos 3)
  堆栈跟踪:
     at MultiplayerHoeingAssistant.UnitTest.ServiceTests.TaskCenter.WorkflowRunnerTests.RevisionReload_CompletedIdentityReorderedAfterResumePoint_IsNotResubmitted() in E:\Program Files\better-genshin-impact-LCB\Test\MultiplayerHoeingAssistant.UnitTest\ServiceTests\TaskCenter\WorkflowRunnerTests.cs:line 1222
--- End of stack trace from previous location ---
  失败 MultiplayerHoeingAssistant.UnitTest.ServiceTests.TaskCenter.WorkflowRunnerTests.Resume_MultipleLiveParksAcrossRoundsInLooplessPlan_DrivesEachLiveParkOnceInPlanOrder [14 ms]
  错误消息:
   Assert.Equal() Failure: Collections differ
                                                         ↓ (pos 1)
Expected: ValueTuple<string, int>[]     [Tuple ("A", 1), Tuple ("A", 2)]
Actual:   List<ValueTuple<string, int>> [Tuple ("A", 1)]
  堆栈跟踪:
     at MultiplayerHoeingAssistant.UnitTest.ServiceTests.TaskCenter.WorkflowRunnerTests.Resume_MultipleLiveParksAcrossRoundsInLooplessPlan_DrivesEachLiveParkOnceInPlanOrder() in E:\Program Files\better-genshin-impact-LCB\Test\MultiplayerHoeingAssistant.UnitTest\ServiceTests\TaskCenter\WorkflowRunnerTests.cs:line 1279
--- End of stack trace from previous location ---
结果文件: E:\Program Files\better-genshin-impact-LCB\_workflow\wave3-bo8-bo9\red\bo8-bo9-red.trx

失败!  - 失败:     3，通过:     0，已跳过:     0，总计:     3，持续时间: 57 ms - MultiplayerHoeingAssistant.UnitTest.dll (net8.0)
