{
  "dll_path": "E:\\Program Files\\better-genshin-impact-LCB\\_workflow\\runtime-unified-01a10e1b\\product\\Tools\\MultiplayerHoeingAssistant\\MultiplayerHoeingAssistant.dll",
  "pdb_path": "E:\\Program Files\\better-genshin-impact-LCB\\_workflow\\runtime-unified-01a10e1b\\product\\Tools\\MultiplayerHoeingAssistant\\MultiplayerHoeingAssistant.pdb",
  "dll_sha256": "1929186304200466FD9C33F47280232A7E76371B6FC2EFA0837E9BC6543E110C",
  "pdb_sha256": "77CE5CBD2FE332E6C5E1CE43CA5B4D5356200FEFC55AB4C916BD60773068193C",
  "code_views": [
    {
      "guid": "33bc7ce9-3ff7-4434-aeb1-c9e94d2b93b3",
      "stamp": 2874141812,
      "age": 1,
      "path": "E:\\Program Files\\better-genshin-impact-LCB\\MultiplayerHoeingAssistant\\obj\\Debug\\net8.0-windows\\MultiplayerHoeingAssistant.pdb",
      "paired": true
    }
  ],
  "document": {
    "name": "E:\\Program Files\\better-genshin-impact-LCB\\Test\\OneDragonMigration\\Core\\OneDragonMigrationEngine.cs",
    "algorithm": "8829d00f-11b8-4213-878b-770e8597ac16",
    "checksum": "63C7BD342EB8348D7D3D454789A77BC5DBDD6AB82F4EBA96A08B40A5EBE6F46F"
  },
  "source_sha256": "63C7BD342EB8348D7D3D454789A77BC5DBDD6AB82F4EBA96A08B40A5EBE6F46F",
  "paired": true,
  "source_matches": true,
  "scope": "compiler provenance only; no runtime or independent review verdict"
}
