VSTest 版本 17.11.1 (x64)

正在启动测试执行，请稍候...
总共 1 个测试文件与指定模式相匹配。
  失败 MultiplayerHoeingAssistant.UnitTest.ServiceTests.TaskCenter.TaskCenterSuccessorPathGateTests.OriginalHost_ParentRemovedOrChangedAfterOccupyCannotReachExecutionPort(change: False) [49 s]
  错误消息:
   Assert.Null() Failure: Value is not null
Expected: null
Actual:   "租约文件 v3 PreObservations 与对应 Operation 的关联/类型不一致（引用"···
  堆栈跟踪:
     at MultiplayerHoeingAssistant.UnitTest.ServiceTests.TaskCenter.TaskCenterSuccessorPathGateTests.OriginalHost_ParentRemovedOrChangedAfterOccupyCannotReachExecutionPort(Boolean change) in E:\Program Files\better-genshin-impact-LCB\Test\MultiplayerHoeingAssistant.UnitTest\ServiceTests\TaskCenter\TaskCenterSuccessorPathGateTests.cs:line 2766
--- End of stack trace from previous location ---
  失败 MultiplayerHoeingAssistant.UnitTest.ServiceTests.TaskCenter.TaskCenterSuccessorPathGateTests.OriginalHost_ParentRemovedOrChangedAfterOccupyCannotReachExecutionPort(change: True) [49 s]
  错误消息:
   Assert.Null() Failure: Value is not null
Expected: null
Actual:   "租约文件 v3 PreObservations 与对应 Operation 的关联/类型不一致（引用"···
  堆栈跟踪:
     at MultiplayerHoeingAssistant.UnitTest.ServiceTests.TaskCenter.TaskCenterSuccessorPathGateTests.OriginalHost_ParentRemovedOrChangedAfterOccupyCannotReachExecutionPort(Boolean change) in E:\Program Files\better-genshin-impact-LCB\Test\MultiplayerHoeingAssistant.UnitTest\ServiceTests\TaskCenter\TaskCenterSuccessorPathGateTests.cs:line 2766
--- End of stack trace from previous location ---
结果文件: E:\Program Files\better-genshin-impact-LCB\_workflow\local-wait-admission-gates-20261004\typed-parent\host-detail.trx

失败!  - 失败:     2，通过:     0，已跳过:     0，总计:     2，持续时间: 49 s - MultiplayerHoeingAssistant.UnitTest.dll (net8.0)
