VSTest 版本 17.11.1 (x64)

正在启动测试执行，请稍候...
总共 1 个测试文件与指定模式相匹配。
[xUnit.net 00:00:00.29]     MultiplayerHoeingAssistant.UnitTest.ServiceTests.TaskCenter.TypedAdmissionParentTests.OrdinaryWriterCannotRewriteOriginalAdmissionScope [FAIL]
[xUnit.net 00:00:00.30]     MultiplayerHoeingAssistant.UnitTest.ServiceTests.TaskCenter.TypedAdmissionParentTests.OrdinaryWriterCannotDeleteOrReplaceOriginalHandoffBinding(replace: False) [FAIL]
[xUnit.net 00:00:00.30]     MultiplayerHoeingAssistant.UnitTest.ServiceTests.TaskCenter.TypedAdmissionParentTests.OrdinaryWriterCannotDeleteOrReplaceOriginalHandoffBinding(replace: True) [FAIL]
[xUnit.net 00:00:00.30]     MultiplayerHoeingAssistant.UnitTest.ServiceTests.TaskCenter.TypedAdmissionParentTests.OriginalHandoffSourceCannotAliasAnotherRunId [FAIL]
[xUnit.net 00:00:00.30]     MultiplayerHoeingAssistant.UnitTest.ServiceTests.TaskCenter.TypedAdmissionParentTests.LegacyBareScopeAndHandoffListCannotMintOriginalParent [FAIL]
  失败 MultiplayerHoeingAssistant.UnitTest.ServiceTests.TaskCenter.TypedAdmissionParentTests.OrdinaryWriterCannotRewriteOriginalAdmissionScope [63 ms]
  错误消息:
   Assert.Throws() Failure: No exception was thrown
Expected: typeof(MultiplayerHoeingAssistant.Services.RunRecordConflictException)
  堆栈跟踪:
     at MultiplayerHoeingAssistant.UnitTest.ServiceTests.TaskCenter.TypedAdmissionParentTests.OrdinaryWriterCannotRewriteOriginalAdmissionScope() in E:\Program Files\better-genshin-impact-LCB\Test\MultiplayerHoeingAssistant.UnitTest\ServiceTests\TaskCenter\TypedAdmissionParentTests.cs:line 44
   at System.RuntimeMethodHandle.InvokeMethod(Object target, Void** arguments, Signature sig, Boolean isConstructor)
   at System.Reflection.MethodBaseInvoker.InvokeWithNoArgs(Object obj, BindingFlags invokeAttr)
  失败 MultiplayerHoeingAssistant.UnitTest.ServiceTests.TaskCenter.TypedAdmissionParentTests.OrdinaryWriterCannotDeleteOrReplaceOriginalHandoffBinding(replace: False) [4 ms]
  错误消息:
   Assert.Throws() Failure: No exception was thrown
Expected: typeof(MultiplayerHoeingAssistant.Services.RunRecordConflictException)
  堆栈跟踪:
     at MultiplayerHoeingAssistant.UnitTest.ServiceTests.TaskCenter.TypedAdmissionParentTests.OrdinaryWriterCannotDeleteOrReplaceOriginalHandoffBinding(Boolean replace) in E:\Program Files\better-genshin-impact-LCB\Test\MultiplayerHoeingAssistant.UnitTest\ServiceTests\TaskCenter\TypedAdmissionParentTests.cs:line 58
   at System.RuntimeMethodHandle.InvokeMethod(Object target, Void** arguments, Signature sig, Boolean isConstructor)
   at System.Reflection.MethodBaseInvoker.InvokeDirectByRefWithFewArgs(Object obj, Span`1 copyOfArgs, BindingFlags invokeAttr)
  失败 MultiplayerHoeingAssistant.UnitTest.ServiceTests.TaskCenter.TypedAdmissionParentTests.OrdinaryWriterCannotDeleteOrReplaceOriginalHandoffBinding(replace: True) [3 ms]
  错误消息:
   Assert.Throws() Failure: No exception was thrown
Expected: typeof(MultiplayerHoeingAssistant.Services.RunRecordConflictException)
  堆栈跟踪:
     at MultiplayerHoeingAssistant.UnitTest.ServiceTests.TaskCenter.TypedAdmissionParentTests.OrdinaryWriterCannotDeleteOrReplaceOriginalHandoffBinding(Boolean replace) in E:\Program Files\better-genshin-impact-LCB\Test\MultiplayerHoeingAssistant.UnitTest\ServiceTests\TaskCenter\TypedAdmissionParentTests.cs:line 58
   at InvokeStub_TypedAdmissionParentTests.OrdinaryWriterCannotDeleteOrReplaceOriginalHandoffBinding(Object, Span`1)
   at System.Reflection.MethodBaseInvoker.InvokeWithOneArg(Object obj, BindingFlags invokeAttr, Binder binder, Object[] parameters, CultureInfo culture)
  失败 MultiplayerHoeingAssistant.UnitTest.ServiceTests.TaskCenter.TypedAdmissionParentTests.OriginalHandoffSourceCannotAliasAnotherRunId [3 ms]
  错误消息:
   Assert.Null() Failure: Value of type 'Nullable<ValueTuple<string, string>>' has a value
Expected: null
Actual:   Tuple ("run-source:different-run", "bgi:local:9:900")
  堆栈跟踪:
     at MultiplayerHoeingAssistant.UnitTest.ServiceTests.TaskCenter.TypedAdmissionParentTests.OriginalHandoffSourceCannotAliasAnotherRunId() in E:\Program Files\better-genshin-impact-LCB\Test\MultiplayerHoeingAssistant.UnitTest\ServiceTests\TaskCenter\TypedAdmissionParentTests.cs:line 34
   at System.RuntimeMethodHandle.InvokeMethod(Object target, Void** arguments, Signature sig, Boolean isConstructor)
   at System.Reflection.MethodBaseInvoker.InvokeWithNoArgs(Object obj, BindingFlags invokeAttr)
  失败 MultiplayerHoeingAssistant.UnitTest.ServiceTests.TaskCenter.TypedAdmissionParentTests.LegacyBareScopeAndHandoffListCannotMintOriginalParent [< 1 ms]
  错误消息:
   Assert.Null() Failure: Value of type 'Nullable<ValueTuple<string, string>>' has a value
Expected: null
Actual:   Tuple ("run-source:legacy-run", "bgi:local:9:900")
  堆栈跟踪:
     at MultiplayerHoeingAssistant.UnitTest.ServiceTests.TaskCenter.TypedAdmissionParentTests.LegacyBareScopeAndHandoffListCannotMintOriginalParent() in E:\Program Files\better-genshin-impact-LCB\Test\MultiplayerHoeingAssistant.UnitTest\ServiceTests\TaskCenter\TypedAdmissionParentTests.cs:line 27
   at System.RuntimeMethodHandle.InvokeMethod(Object target, Void** arguments, Signature sig, Boolean isConstructor)
   at System.Reflection.MethodBaseInvoker.InvokeWithNoArgs(Object obj, BindingFlags invokeAttr)
结果文件: E:\Program Files\better-genshin-impact-LCB\_workflow\local-wait-admission-gates-20261004\typed-parent\red.trx

失败!  - 失败:     5，通过:     0，已跳过:     0，总计:     5，持续时间: 11 ms - MultiplayerHoeingAssistant.UnitTest.dll (net8.0)
