VSTest 版本 17.11.1 (x64)

正在启动测试执行，请稍候...
总共 1 个测试文件与指定模式相匹配。
[xUnit.net 00:00:00.52]     MultiplayerHoeingAssistant.UnitTest.ServiceTests.TaskCenter.TaskCenterSuccessorPathGateTests.OriginalMultiRound_HostExplicitRetriesUseOriginalFrozenRequest(handoff: True, scenario: "duplicate-rejection") [FAIL]
[xUnit.net 00:00:00.62]     MultiplayerHoeingAssistant.UnitTest.ServiceTests.TaskCenter.TaskCenterSuccessorPathGateTests.OriginalMultiRound_HostExplicitRetriesUseOriginalFrozenRequest(handoff: False, scenario: "missing-rejection") [FAIL]
[xUnit.net 00:00:00.68]     MultiplayerHoeingAssistant.UnitTest.ServiceTests.TaskCenter.TaskCenterSuccessorPathGateTests.OriginalMultiRound_HostExplicitRetriesUseOriginalFrozenRequest(handoff: False, scenario: "third-close-fault") [FAIL]
[xUnit.net 00:00:00.76]     MultiplayerHoeingAssistant.UnitTest.ServiceTests.TaskCenter.TaskCenterSuccessorPathGateTests.OriginalMultiRound_HostExplicitRetriesUseOriginalFrozenRequest(handoff: False, scenario: "bad-nonce") [FAIL]
[xUnit.net 00:00:00.80]     MultiplayerHoeingAssistant.UnitTest.ServiceTests.TaskCenter.TaskCenterSuccessorPathGateTests.OriginalMultiRound_HostExplicitRetriesUseOriginalFrozenRequest(handoff: True, scenario: "valid") [FAIL]
[xUnit.net 00:00:00.93]     MultiplayerHoeingAssistant.UnitTest.ServiceTests.TaskCenter.TaskCenterSuccessorPathGateTests.OriginalMultiRound_HostExplicitRetriesUseOriginalFrozenRequest(handoff: True, scenario: "missing-proof") [FAIL]
[xUnit.net 00:00:00.99]     MultiplayerHoeingAssistant.UnitTest.ServiceTests.TaskCenter.TaskCenterSuccessorPathGateTests.OriginalMultiRound_HostExplicitRetriesUseOriginalFrozenRequest(handoff: False, scenario: "payload-drift") [FAIL]
[xUnit.net 00:00:01.04]     MultiplayerHoeingAssistant.UnitTest.ServiceTests.TaskCenter.TaskCenterSuccessorPathGateTests.OriginalMultiRound_HostExplicitRetriesUseOriginalFrozenRequest(handoff: True, scenario: "bad-nonce") [FAIL]
[xUnit.net 00:00:01.08]     MultiplayerHoeingAssistant.UnitTest.ServiceTests.TaskCenter.TaskCenterSuccessorPathGateTests.OriginalMultiRound_HostExplicitRetriesUseOriginalFrozenRequest(handoff: False, scenario: "duplicate-rejection") [FAIL]
  失败 MultiplayerHoeingAssistant.UnitTest.ServiceTests.TaskCenter.TaskCenterSuccessorPathGateTests.OriginalMultiRound_HostExplicitRetriesUseOriginalFrozenRequest(handoff: True, scenario: "duplicate-rejection") [281 ms]
  错误消息:
   Xunit.Sdk.TrueException: {"Kind":1,"ReasonCode":"successor_context_missing","Detail":"\u7EC8\u5C40\u62D2\u7EDD\u3002","RequestIdentity":"db0f1d73e09d44409de8906b7b69a909","WinnerCandidateId":null,"SuppressionSource":"","SubmissionIdentity":"sub:db0f1d73e09d44409de8906b7b69a909:2","SendSeq":2,"Decision":null,"JobId":null,"ExecutionDisposition":0,"ResponsibilityState":2,"RawTerminal":null,"ExecutionErrorCode":null,"EvidenceSource":"host:context"}
   at Xunit.Assert.True(Nullable`1 condition, String userMessage) in /_/src/xunit.assert/Asserts/BooleanAsserts.cs:line 146
   at Xunit.Assert.True(Boolean condition, String userMessage) in /_/src/xunit.assert/Asserts/BooleanAsserts.cs:line 128
   at MultiplayerHoeingAssistant.UnitTest.ServiceTests.TaskCenter.TaskCenterSuccessorPathGateTests.<>c__DisplayClass3_1.<OriginalMultiRound_HostExplicitRetriesUseOriginalFrozenRequest>b__7(String _, AdmissionResultKind kind, String reason, String requestId, String identity, Int32 seq) in E:\Program Files\better-genshin-impact-LCB\Test\MultiplayerHoeingAssistant.UnitTest\ServiceTests\TaskCenter\TaskCenterSuccessorPathGateTests.cs:line 444
  堆栈跟踪:
     at MultiplayerHoeingAssistant.UnitTest.ServiceTests.TaskCenter.TaskCenterSuccessorPathGateTests.OriginalMultiRound_HostExplicitRetriesUseOriginalFrozenRequest(Boolean handoff, String scenario) in E:\Program Files\better-genshin-impact-LCB\Test\MultiplayerHoeingAssistant.UnitTest\ServiceTests\TaskCenter\TaskCenterSuccessorPathGateTests.cs:line 567
--- End of stack trace from previous location ---
  失败 MultiplayerHoeingAssistant.UnitTest.ServiceTests.TaskCenter.TaskCenterSuccessorPathGateTests.OriginalMultiRound_HostExplicitRetriesUseOriginalFrozenRequest(handoff: False, scenario: "missing-rejection") [105 ms]
  错误消息:
   Xunit.Sdk.TrueException: {"Kind":1,"ReasonCode":"successor_context_missing","Detail":"\u7EC8\u5C40\u62D2\u7EDD\u3002","RequestIdentity":"8b729dedee4f4b77bccdcd27db20b7e2","WinnerCandidateId":null,"SuppressionSource":"","SubmissionIdentity":"sub:8b729dedee4f4b77bccdcd27db20b7e2:2","SendSeq":2,"Decision":null,"JobId":null,"ExecutionDisposition":0,"ResponsibilityState":2,"RawTerminal":null,"ExecutionErrorCode":null,"EvidenceSource":"host:context"}
   at Xunit.Assert.True(Nullable`1 condition, String userMessage) in /_/src/xunit.assert/Asserts/BooleanAsserts.cs:line 146
   at Xunit.Assert.True(Boolean condition, String userMessage) in /_/src/xunit.assert/Asserts/BooleanAsserts.cs:line 128
   at MultiplayerHoeingAssistant.UnitTest.ServiceTests.TaskCenter.TaskCenterSuccessorPathGateTests.<>c__DisplayClass3_1.<OriginalMultiRound_HostExplicitRetriesUseOriginalFrozenRequest>b__7(String _, AdmissionResultKind kind, String reason, String requestId, String identity, Int32 seq) in E:\Program Files\better-genshin-impact-LCB\Test\MultiplayerHoeingAssistant.UnitTest\ServiceTests\TaskCenter\TaskCenterSuccessorPathGateTests.cs:line 444
  堆栈跟踪:
     at MultiplayerHoeingAssistant.UnitTest.ServiceTests.TaskCenter.TaskCenterSuccessorPathGateTests.OriginalMultiRound_HostExplicitRetriesUseOriginalFrozenRequest(Boolean handoff, String scenario) in E:\Program Files\better-genshin-impact-LCB\Test\MultiplayerHoeingAssistant.UnitTest\ServiceTests\TaskCenter\TaskCenterSuccessorPathGateTests.cs:line 567
--- End of stack trace from previous location ---
  失败 MultiplayerHoeingAssistant.UnitTest.ServiceTests.TaskCenter.TaskCenterSuccessorPathGateTests.OriginalMultiRound_HostExplicitRetriesUseOriginalFrozenRequest(handoff: False, scenario: "third-close-fault") [60 ms]
  错误消息:
   Assert.Equal() Failure: Values differ
Expected: Unknown
Actual:   Interrupted
  堆栈跟踪:
     at MultiplayerHoeingAssistant.UnitTest.ServiceTests.TaskCenter.TaskCenterSuccessorPathGateTests.<>c__DisplayClass3_0.<<OriginalMultiRound_HostExplicitRetriesUseOriginalFrozenRequest>b__5>d.MoveNext() in E:\Program Files\better-genshin-impact-LCB\Test\MultiplayerHoeingAssistant.UnitTest\ServiceTests\TaskCenter\TaskCenterSuccessorPathGateTests.cs:line 523
--- End of stack trace from previous location ---
   at MultiplayerHoeingAssistant.UnitTest.ServiceTests.TaskCenter.TaskCenterSuccessorPathGateTests.ProbeNodeSubmitRoutingAsync(String root, Boolean successorWired, Action`1 concurrentWriteBeforeSend, Action`2 onBeforeSend, String[] nodeIds, Action afterLedgerBeforeClose, TaskCompletionSource holdFirstAccept, Func`1 beforeSuccessorAdmission, Action`3 onBeforeSendWithPayload, Action`1 configurePort, Action`1 configureSeams, Action`1 configureRuns, Boolean startViaHandoff, Action`1 afterOccupyBeforeSend, Func`5 afterConverged, Boolean requirePanelSourceForProbe, Func`4 afterRegistered) in E:\Program Files\better-genshin-impact-LCB\Test\MultiplayerHoeingAssistant.UnitTest\ServiceTests\TaskCenter\TaskCenterSuccessorPathGateTests.cs:line 2301
   at MultiplayerHoeingAssistant.UnitTest.ServiceTests.TaskCenter.TaskCenterSuccessorPathGateTests.ProbeNodeSubmitRoutingAsync(String root, Boolean successorWired, Action`1 concurrentWriteBeforeSend, Action`2 onBeforeSend, String[] nodeIds, Action afterLedgerBeforeClose, TaskCompletionSource holdFirstAccept, Func`1 beforeSuccessorAdmission, Action`3 onBeforeSendWithPayload, Action`1 configurePort, Action`1 configureSeams, Action`1 configureRuns, Boolean startViaHandoff, Action`1 afterOccupyBeforeSend, Func`5 afterConverged, Boolean requirePanelSourceForProbe, Func`4 afterRegistered) in E:\Program Files\better-genshin-impact-LCB\Test\MultiplayerHoeingAssistant.UnitTest\ServiceTests\TaskCenter\TaskCenterSuccessorPathGateTests.cs:line 2345
   at MultiplayerHoeingAssistant.UnitTest.ServiceTests.TaskCenter.TaskCenterSuccessorPathGateTests.OriginalMultiRound_HostExplicitRetriesUseOriginalFrozenRequest(Boolean handoff, String scenario) in E:\Program Files\better-genshin-impact-LCB\Test\MultiplayerHoeingAssistant.UnitTest\ServiceTests\TaskCenter\TaskCenterSuccessorPathGateTests.cs:line 412
--- End of stack trace from previous location ---
  失败 MultiplayerHoeingAssistant.UnitTest.ServiceTests.TaskCenter.TaskCenterSuccessorPathGateTests.OriginalMultiRound_HostExplicitRetriesUseOriginalFrozenRequest(handoff: False, scenario: "bad-nonce") [76 ms]
  错误消息:
   Xunit.Sdk.TrueException: {"Kind":1,"ReasonCode":"successor_context_missing","Detail":"\u7EC8\u5C40\u62D2\u7EDD\u3002","RequestIdentity":"2b7e2eb0c1b84bbcb9d17594b72b43db","WinnerCandidateId":null,"SuppressionSource":"","SubmissionIdentity":"sub:2b7e2eb0c1b84bbcb9d17594b72b43db:2","SendSeq":2,"Decision":null,"JobId":null,"ExecutionDisposition":0,"ResponsibilityState":2,"RawTerminal":null,"ExecutionErrorCode":null,"EvidenceSource":"host:context"}
   at Xunit.Assert.True(Nullable`1 condition, String userMessage) in /_/src/xunit.assert/Asserts/BooleanAsserts.cs:line 146
   at Xunit.Assert.True(Boolean condition, String userMessage) in /_/src/xunit.assert/Asserts/BooleanAsserts.cs:line 128
   at MultiplayerHoeingAssistant.UnitTest.ServiceTests.TaskCenter.TaskCenterSuccessorPathGateTests.<>c__DisplayClass3_1.<OriginalMultiRound_HostExplicitRetriesUseOriginalFrozenRequest>b__7(String _, AdmissionResultKind kind, String reason, String requestId, String identity, Int32 seq) in E:\Program Files\better-genshin-impact-LCB\Test\MultiplayerHoeingAssistant.UnitTest\ServiceTests\TaskCenter\TaskCenterSuccessorPathGateTests.cs:line 444
  堆栈跟踪:
     at MultiplayerHoeingAssistant.UnitTest.ServiceTests.TaskCenter.TaskCenterSuccessorPathGateTests.OriginalMultiRound_HostExplicitRetriesUseOriginalFrozenRequest(Boolean handoff, String scenario) in E:\Program Files\better-genshin-impact-LCB\Test\MultiplayerHoeingAssistant.UnitTest\ServiceTests\TaskCenter\TaskCenterSuccessorPathGateTests.cs:line 567
--- End of stack trace from previous location ---
  失败 MultiplayerHoeingAssistant.UnitTest.ServiceTests.TaskCenter.TaskCenterSuccessorPathGateTests.OriginalMultiRound_HostExplicitRetriesUseOriginalFrozenRequest(handoff: True, scenario: "valid") [45 ms]
  错误消息:
   Xunit.Sdk.TrueException: {"Kind":1,"ReasonCode":"successor_context_missing","Detail":"\u7EC8\u5C40\u62D2\u7EDD\u3002","RequestIdentity":"7ae2d959e584463ca9fb6afa921ca558","WinnerCandidateId":null,"SuppressionSource":"","SubmissionIdentity":"sub:7ae2d959e584463ca9fb6afa921ca558:2","SendSeq":2,"Decision":null,"JobId":null,"ExecutionDisposition":0,"ResponsibilityState":2,"RawTerminal":null,"ExecutionErrorCode":null,"EvidenceSource":"host:context"}
   at Xunit.Assert.True(Nullable`1 condition, String userMessage) in /_/src/xunit.assert/Asserts/BooleanAsserts.cs:line 146
   at Xunit.Assert.True(Boolean condition, String userMessage) in /_/src/xunit.assert/Asserts/BooleanAsserts.cs:line 128
   at MultiplayerHoeingAssistant.UnitTest.ServiceTests.TaskCenter.TaskCenterSuccessorPathGateTests.<>c__DisplayClass3_1.<OriginalMultiRound_HostExplicitRetriesUseOriginalFrozenRequest>b__7(String _, AdmissionResultKind kind, String reason, String requestId, String identity, Int32 seq) in E:\Program Files\better-genshin-impact-LCB\Test\MultiplayerHoeingAssistant.UnitTest\ServiceTests\TaskCenter\TaskCenterSuccessorPathGateTests.cs:line 444
  堆栈跟踪:
     at MultiplayerHoeingAssistant.UnitTest.ServiceTests.TaskCenter.TaskCenterSuccessorPathGateTests.OriginalMultiRound_HostExplicitRetriesUseOriginalFrozenRequest(Boolean handoff, String scenario) in E:\Program Files\better-genshin-impact-LCB\Test\MultiplayerHoeingAssistant.UnitTest\ServiceTests\TaskCenter\TaskCenterSuccessorPathGateTests.cs:line 567
--- End of stack trace from previous location ---
  失败 MultiplayerHoeingAssistant.UnitTest.ServiceTests.TaskCenter.TaskCenterSuccessorPathGateTests.OriginalMultiRound_HostExplicitRetriesUseOriginalFrozenRequest(handoff: True, scenario: "missing-proof") [123 ms]
  错误消息:
   Xunit.Sdk.TrueException: {"Kind":1,"ReasonCode":"successor_context_missing","Detail":"\u7EC8\u5C40\u62D2\u7EDD\u3002","RequestIdentity":"591e02b15e23492fad46448beaf091c1","WinnerCandidateId":null,"SuppressionSource":"","SubmissionIdentity":"sub:591e02b15e23492fad46448beaf091c1:2","SendSeq":2,"Decision":null,"JobId":null,"ExecutionDisposition":0,"ResponsibilityState":2,"RawTerminal":null,"ExecutionErrorCode":null,"EvidenceSource":"host:context"}
   at Xunit.Assert.True(Nullable`1 condition, String userMessage) in /_/src/xunit.assert/Asserts/BooleanAsserts.cs:line 146
   at Xunit.Assert.True(Boolean condition, String userMessage) in /_/src/xunit.assert/Asserts/BooleanAsserts.cs:line 128
   at MultiplayerHoeingAssistant.UnitTest.ServiceTests.TaskCenter.TaskCenterSuccessorPathGateTests.<>c__DisplayClass3_1.<OriginalMultiRound_HostExplicitRetriesUseOriginalFrozenRequest>b__7(String _, AdmissionResultKind kind, String reason, String requestId, String identity, Int32 seq) in E:\Program Files\better-genshin-impact-LCB\Test\MultiplayerHoeingAssistant.UnitTest\ServiceTests\TaskCenter\TaskCenterSuccessorPathGateTests.cs:line 444
  堆栈跟踪:
     at MultiplayerHoeingAssistant.UnitTest.ServiceTests.TaskCenter.TaskCenterSuccessorPathGateTests.OriginalMultiRound_HostExplicitRetriesUseOriginalFrozenRequest(Boolean handoff, String scenario) in E:\Program Files\better-genshin-impact-LCB\Test\MultiplayerHoeingAssistant.UnitTest\ServiceTests\TaskCenter\TaskCenterSuccessorPathGateTests.cs:line 567
--- End of stack trace from previous location ---
  失败 MultiplayerHoeingAssistant.UnitTest.ServiceTests.TaskCenter.TaskCenterSuccessorPathGateTests.OriginalMultiRound_HostExplicitRetriesUseOriginalFrozenRequest(handoff: False, scenario: "payload-drift") [62 ms]
  错误消息:
   Xunit.Sdk.TrueException: {"Kind":1,"ReasonCode":"successor_context_missing","Detail":"\u7EC8\u5C40\u62D2\u7EDD\u3002","RequestIdentity":"2f915027e3fa4c9eb7eef2f5189300e2","WinnerCandidateId":null,"SuppressionSource":"","SubmissionIdentity":"sub:2f915027e3fa4c9eb7eef2f5189300e2:2","SendSeq":2,"Decision":null,"JobId":null,"ExecutionDisposition":0,"ResponsibilityState":2,"RawTerminal":null,"ExecutionErrorCode":null,"EvidenceSource":"host:context"}
   at Xunit.Assert.True(Nullable`1 condition, String userMessage) in /_/src/xunit.assert/Asserts/BooleanAsserts.cs:line 146
   at Xunit.Assert.True(Boolean condition, String userMessage) in /_/src/xunit.assert/Asserts/BooleanAsserts.cs:line 128
   at MultiplayerHoeingAssistant.UnitTest.ServiceTests.TaskCenter.TaskCenterSuccessorPathGateTests.<>c__DisplayClass3_1.<OriginalMultiRound_HostExplicitRetriesUseOriginalFrozenRequest>b__7(String _, AdmissionResultKind kind, String reason, String requestId, String identity, Int32 seq) in E:\Program Files\better-genshin-impact-LCB\Test\MultiplayerHoeingAssistant.UnitTest\ServiceTests\TaskCenter\TaskCenterSuccessorPathGateTests.cs:line 444
  堆栈跟踪:
     at MultiplayerHoeingAssistant.UnitTest.ServiceTests.TaskCenter.TaskCenterSuccessorPathGateTests.OriginalMultiRound_HostExplicitRetriesUseOriginalFrozenRequest(Boolean handoff, String scenario) in E:\Program Files\better-genshin-impact-LCB\Test\MultiplayerHoeingAssistant.UnitTest\ServiceTests\TaskCenter\TaskCenterSuccessorPathGateTests.cs:line 567
--- End of stack trace from previous location ---
  失败 MultiplayerHoeingAssistant.UnitTest.ServiceTests.TaskCenter.TaskCenterSuccessorPathGateTests.OriginalMultiRound_HostExplicitRetriesUseOriginalFrozenRequest(handoff: True, scenario: "bad-nonce") [44 ms]
  错误消息:
   Xunit.Sdk.TrueException: {"Kind":1,"ReasonCode":"successor_context_missing","Detail":"\u7EC8\u5C40\u62D2\u7EDD\u3002","RequestIdentity":"81f2a610e9b04b14857607170e9e087d","WinnerCandidateId":null,"SuppressionSource":"","SubmissionIdentity":"sub:81f2a610e9b04b14857607170e9e087d:2","SendSeq":2,"Decision":null,"JobId":null,"ExecutionDisposition":0,"ResponsibilityState":2,"RawTerminal":null,"ExecutionErrorCode":null,"EvidenceSource":"host:context"}
   at Xunit.Assert.True(Nullable`1 condition, String userMessage) in /_/src/xunit.assert/Asserts/BooleanAsserts.cs:line 146
   at Xunit.Assert.True(Boolean condition, String userMessage) in /_/src/xunit.assert/Asserts/BooleanAsserts.cs:line 128
   at MultiplayerHoeingAssistant.UnitTest.ServiceTests.TaskCenter.TaskCenterSuccessorPathGateTests.<>c__DisplayClass3_1.<OriginalMultiRound_HostExplicitRetriesUseOriginalFrozenRequest>b__7(String _, AdmissionResultKind kind, String reason, String requestId, String identity, Int32 seq) in E:\Program Files\better-genshin-impact-LCB\Test\MultiplayerHoeingAssistant.UnitTest\ServiceTests\TaskCenter\TaskCenterSuccessorPathGateTests.cs:line 444
  堆栈跟踪:
     at MultiplayerHoeingAssistant.UnitTest.ServiceTests.TaskCenter.TaskCenterSuccessorPathGateTests.OriginalMultiRound_HostExplicitRetriesUseOriginalFrozenRequest(Boolean handoff, String scenario) in E:\Program Files\better-genshin-impact-LCB\Test\MultiplayerHoeingAssistant.UnitTest\ServiceTests\TaskCenter\TaskCenterSuccessorPathGateTests.cs:line 567
--- End of stack trace from previous location ---
  失败 MultiplayerHoeingAssistant.UnitTest.ServiceTests.TaskCenter.TaskCenterSuccessorPathGateTests.OriginalMultiRound_HostExplicitRetriesUseOriginalFrozenRequest(handoff: False, scenario: "duplicate-rejection") [46 ms]
  错误消息:
   Xunit.Sdk.TrueException: {"Kind":1,"ReasonCode":"successor_context_missing","Detail":"\u7EC8\u5C40\u62D2\u7EDD\u3002","RequestIdentity":"19db622c152145a18ca996083e1eef51","WinnerCandidateId":null,"SuppressionSource":"","SubmissionIdentity":"sub:19db622c152145a18ca996083e1eef51:2","SendSeq":2,"Decision":null,"JobId":null,"ExecutionDisposition":0,"ResponsibilityState":2,"RawTerminal":null,"ExecutionErrorCode":null,"EvidenceSource":"host:context"}
   at Xunit.Assert.True(Nullable`1 condition, String userMessage) in /_/src/xunit.assert/Asserts/BooleanAsserts.cs:line 146
   at Xunit.Assert.True(Boolean condition, String userMessage) in /_/src/xunit.assert/Asserts/BooleanAsserts.cs:line 128
   at MultiplayerHoeingAssistant.UnitTest.ServiceTests.TaskCenter.TaskCenterSuccessorPathGateTests.<>c__DisplayClass3_1.<OriginalMultiRound_HostExplicitRetriesUseOriginalFrozenRequest>b__7(String _, AdmissionResultKind kind, String reason, String requestId, String identity, Int32 seq) in E:\Program Files\better-genshin-impact-LCB\Test\MultiplayerHoeingAssistant.UnitTest\ServiceTests\TaskCenter\TaskCenterSuccessorPathGateTests.cs:line 444
  堆栈跟踪:
     at MultiplayerHoeingAssistant.UnitTest.ServiceTests.TaskCenter.TaskCenterSuccessorPathGateTests.OriginalMultiRound_HostExplicitRetriesUseOriginalFrozenRequest(Boolean handoff, String scenario) in E:\Program Files\better-genshin-impact-LCB\Test\MultiplayerHoeingAssistant.UnitTest\ServiceTests\TaskCenter\TaskCenterSuccessorPathGateTests.cs:line 567
--- End of stack trace from previous location ---
[xUnit.net 00:00:01.13]     MultiplayerHoeingAssistant.UnitTest.ServiceTests.TaskCenter.TaskCenterSuccessorPathGateTests.OriginalMultiRound_HostExplicitRetriesUseOriginalFrozenRequest(handoff: False, scenario: "missing-proof") [FAIL]
[xUnit.net 00:00:01.25]     MultiplayerHoeingAssistant.UnitTest.ServiceTests.TaskCenter.TaskCenterSuccessorPathGateTests.OriginalMultiRound_HostExplicitRetriesUseOriginalFrozenRequest(handoff: True, scenario: "missing-rejection") [FAIL]
[xUnit.net 00:00:01.30]     MultiplayerHoeingAssistant.UnitTest.ServiceTests.TaskCenter.TaskCenterSuccessorPathGateTests.OriginalMultiRound_HostExplicitRetriesUseOriginalFrozenRequest(handoff: False, scenario: "third-unknown") [FAIL]
[xUnit.net 00:00:01.34]     MultiplayerHoeingAssistant.UnitTest.ServiceTests.TaskCenter.TaskCenterSuccessorPathGateTests.OriginalMultiRound_HostExplicitRetriesUseOriginalFrozenRequest(handoff: False, scenario: "valid") [FAIL]
[xUnit.net 00:00:01.39]     MultiplayerHoeingAssistant.UnitTest.ServiceTests.TaskCenter.TaskCenterSuccessorPathGateTests.OriginalMultiRound_HostExplicitRetriesUseOriginalFrozenRequest(handoff: True, scenario: "third-close-fault") [FAIL]
[xUnit.net 00:00:01.42]     MultiplayerHoeingAssistant.UnitTest.ServiceTests.TaskCenter.TaskCenterSuccessorPathGateTests.OriginalMultiRound_HostExplicitRetriesUseOriginalFrozenRequest(handoff: True, scenario: "payload-drift") [FAIL]
[xUnit.net 00:00:01.48]     MultiplayerHoeingAssistant.UnitTest.ServiceTests.TaskCenter.TaskCenterSuccessorPathGateTests.OriginalMultiRound_HostExplicitRetriesUseOriginalFrozenRequest(handoff: True, scenario: "third-unknown") [FAIL]
  失败 MultiplayerHoeingAssistant.UnitTest.ServiceTests.TaskCenter.TaskCenterSuccessorPathGateTests.OriginalMultiRound_HostExplicitRetriesUseOriginalFrozenRequest(handoff: False, scenario: "missing-proof") [45 ms]
  错误消息:
   Xunit.Sdk.TrueException: {"Kind":1,"ReasonCode":"successor_context_missing","Detail":"\u7EC8\u5C40\u62D2\u7EDD\u3002","RequestIdentity":"51f61f1aed3a41ce96e6f69d8b7ca543","WinnerCandidateId":null,"SuppressionSource":"","SubmissionIdentity":"sub:51f61f1aed3a41ce96e6f69d8b7ca543:2","SendSeq":2,"Decision":null,"JobId":null,"ExecutionDisposition":0,"ResponsibilityState":2,"RawTerminal":null,"ExecutionErrorCode":null,"EvidenceSource":"host:context"}
   at Xunit.Assert.True(Nullable`1 condition, String userMessage) in /_/src/xunit.assert/Asserts/BooleanAsserts.cs:line 146
   at Xunit.Assert.True(Boolean condition, String userMessage) in /_/src/xunit.assert/Asserts/BooleanAsserts.cs:line 128
   at MultiplayerHoeingAssistant.UnitTest.ServiceTests.TaskCenter.TaskCenterSuccessorPathGateTests.<>c__DisplayClass3_1.<OriginalMultiRound_HostExplicitRetriesUseOriginalFrozenRequest>b__7(String _, AdmissionResultKind kind, String reason, String requestId, String identity, Int32 seq) in E:\Program Files\better-genshin-impact-LCB\Test\MultiplayerHoeingAssistant.UnitTest\ServiceTests\TaskCenter\TaskCenterSuccessorPathGateTests.cs:line 444
  堆栈跟踪:
     at MultiplayerHoeingAssistant.UnitTest.ServiceTests.TaskCenter.TaskCenterSuccessorPathGateTests.OriginalMultiRound_HostExplicitRetriesUseOriginalFrozenRequest(Boolean handoff, String scenario) in E:\Program Files\better-genshin-impact-LCB\Test\MultiplayerHoeingAssistant.UnitTest\ServiceTests\TaskCenter\TaskCenterSuccessorPathGateTests.cs:line 567
--- End of stack trace from previous location ---
  失败 MultiplayerHoeingAssistant.UnitTest.ServiceTests.TaskCenter.TaskCenterSuccessorPathGateTests.OriginalMultiRound_HostExplicitRetriesUseOriginalFrozenRequest(handoff: True, scenario: "missing-rejection") [123 ms]
  错误消息:
   Xunit.Sdk.TrueException: {"Kind":1,"ReasonCode":"successor_context_missing","Detail":"\u7EC8\u5C40\u62D2\u7EDD\u3002","RequestIdentity":"cf8113974b3847c2a9ae4b067006b398","WinnerCandidateId":null,"SuppressionSource":"","SubmissionIdentity":"sub:cf8113974b3847c2a9ae4b067006b398:2","SendSeq":2,"Decision":null,"JobId":null,"ExecutionDisposition":0,"ResponsibilityState":2,"RawTerminal":null,"ExecutionErrorCode":null,"EvidenceSource":"host:context"}
   at Xunit.Assert.True(Nullable`1 condition, String userMessage) in /_/src/xunit.assert/Asserts/BooleanAsserts.cs:line 146
   at Xunit.Assert.True(Boolean condition, String userMessage) in /_/src/xunit.assert/Asserts/BooleanAsserts.cs:line 128
   at MultiplayerHoeingAssistant.UnitTest.ServiceTests.TaskCenter.TaskCenterSuccessorPathGateTests.<>c__DisplayClass3_1.<OriginalMultiRound_HostExplicitRetriesUseOriginalFrozenRequest>b__7(String _, AdmissionResultKind kind, String reason, String requestId, String identity, Int32 seq) in E:\Program Files\better-genshin-impact-LCB\Test\MultiplayerHoeingAssistant.UnitTest\ServiceTests\TaskCenter\TaskCenterSuccessorPathGateTests.cs:line 444
  堆栈跟踪:
     at MultiplayerHoeingAssistant.UnitTest.ServiceTests.TaskCenter.TaskCenterSuccessorPathGateTests.OriginalMultiRound_HostExplicitRetriesUseOriginalFrozenRequest(Boolean handoff, String scenario) in E:\Program Files\better-genshin-impact-LCB\Test\MultiplayerHoeingAssistant.UnitTest\ServiceTests\TaskCenter\TaskCenterSuccessorPathGateTests.cs:line 567
--- End of stack trace from previous location ---
  失败 MultiplayerHoeingAssistant.UnitTest.ServiceTests.TaskCenter.TaskCenterSuccessorPathGateTests.OriginalMultiRound_HostExplicitRetriesUseOriginalFrozenRequest(handoff: False, scenario: "third-unknown") [45 ms]
  错误消息:
   Assert.Equal() Failure: Values differ
Expected: Unknown
Actual:   Interrupted
  堆栈跟踪:
     at MultiplayerHoeingAssistant.UnitTest.ServiceTests.TaskCenter.TaskCenterSuccessorPathGateTests.<>c__DisplayClass3_0.<<OriginalMultiRound_HostExplicitRetriesUseOriginalFrozenRequest>b__5>d.MoveNext() in E:\Program Files\better-genshin-impact-LCB\Test\MultiplayerHoeingAssistant.UnitTest\ServiceTests\TaskCenter\TaskCenterSuccessorPathGateTests.cs:line 523
--- End of stack trace from previous location ---
   at MultiplayerHoeingAssistant.UnitTest.ServiceTests.TaskCenter.TaskCenterSuccessorPathGateTests.ProbeNodeSubmitRoutingAsync(String root, Boolean successorWired, Action`1 concurrentWriteBeforeSend, Action`2 onBeforeSend, String[] nodeIds, Action afterLedgerBeforeClose, TaskCompletionSource holdFirstAccept, Func`1 beforeSuccessorAdmission, Action`3 onBeforeSendWithPayload, Action`1 configurePort, Action`1 configureSeams, Action`1 configureRuns, Boolean startViaHandoff, Action`1 afterOccupyBeforeSend, Func`5 afterConverged, Boolean requirePanelSourceForProbe, Func`4 afterRegistered) in E:\Program Files\better-genshin-impact-LCB\Test\MultiplayerHoeingAssistant.UnitTest\ServiceTests\TaskCenter\TaskCenterSuccessorPathGateTests.cs:line 2301
   at MultiplayerHoeingAssistant.UnitTest.ServiceTests.TaskCenter.TaskCenterSuccessorPathGateTests.ProbeNodeSubmitRoutingAsync(String root, Boolean successorWired, Action`1 concurrentWriteBeforeSend, Action`2 onBeforeSend, String[] nodeIds, Action afterLedgerBeforeClose, TaskCompletionSource holdFirstAccept, Func`1 beforeSuccessorAdmission, Action`3 onBeforeSendWithPayload, Action`1 configurePort, Action`1 configureSeams, Action`1 configureRuns, Boolean startViaHandoff, Action`1 afterOccupyBeforeSend, Func`5 afterConverged, Boolean requirePanelSourceForProbe, Func`4 afterRegistered) in E:\Program Files\better-genshin-impact-LCB\Test\MultiplayerHoeingAssistant.UnitTest\ServiceTests\TaskCenter\TaskCenterSuccessorPathGateTests.cs:line 2345
   at MultiplayerHoeingAssistant.UnitTest.ServiceTests.TaskCenter.TaskCenterSuccessorPathGateTests.OriginalMultiRound_HostExplicitRetriesUseOriginalFrozenRequest(Boolean handoff, String scenario) in E:\Program Files\better-genshin-impact-LCB\Test\MultiplayerHoeingAssistant.UnitTest\ServiceTests\TaskCenter\TaskCenterSuccessorPathGateTests.cs:line 412
--- End of stack trace from previous location ---
  失败 MultiplayerHoeingAssistant.UnitTest.ServiceTests.TaskCenter.TaskCenterSuccessorPathGateTests.OriginalMultiRound_HostExplicitRetriesUseOriginalFrozenRequest(handoff: False, scenario: "valid") [47 ms]
  错误消息:
   Xunit.Sdk.TrueException: {"Kind":1,"ReasonCode":"successor_context_missing","Detail":"\u7EC8\u5C40\u62D2\u7EDD\u3002","RequestIdentity":"cc775a25c86049159af9af21a08d9fe2","WinnerCandidateId":null,"SuppressionSource":"","SubmissionIdentity":"sub:cc775a25c86049159af9af21a08d9fe2:2","SendSeq":2,"Decision":null,"JobId":null,"ExecutionDisposition":0,"ResponsibilityState":2,"RawTerminal":null,"ExecutionErrorCode":null,"EvidenceSource":"host:context"}
   at Xunit.Assert.True(Nullable`1 condition, String userMessage) in /_/src/xunit.assert/Asserts/BooleanAsserts.cs:line 146
   at Xunit.Assert.True(Boolean condition, String userMessage) in /_/src/xunit.assert/Asserts/BooleanAsserts.cs:line 128
   at MultiplayerHoeingAssistant.UnitTest.ServiceTests.TaskCenter.TaskCenterSuccessorPathGateTests.<>c__DisplayClass3_1.<OriginalMultiRound_HostExplicitRetriesUseOriginalFrozenRequest>b__7(String _, AdmissionResultKind kind, String reason, String requestId, String identity, Int32 seq) in E:\Program Files\better-genshin-impact-LCB\Test\MultiplayerHoeingAssistant.UnitTest\ServiceTests\TaskCenter\TaskCenterSuccessorPathGateTests.cs:line 444
  堆栈跟踪:
     at MultiplayerHoeingAssistant.UnitTest.ServiceTests.TaskCenter.TaskCenterSuccessorPathGateTests.OriginalMultiRound_HostExplicitRetriesUseOriginalFrozenRequest(Boolean handoff, String scenario) in E:\Program Files\better-genshin-impact-LCB\Test\MultiplayerHoeingAssistant.UnitTest\ServiceTests\TaskCenter\TaskCenterSuccessorPathGateTests.cs:line 567
--- End of stack trace from previous location ---
  失败 MultiplayerHoeingAssistant.UnitTest.ServiceTests.TaskCenter.TaskCenterSuccessorPathGateTests.OriginalMultiRound_HostExplicitRetriesUseOriginalFrozenRequest(handoff: True, scenario: "third-close-fault") [43 ms]
  错误消息:
   Assert.Equal() Failure: Values differ
Expected: Unknown
Actual:   Interrupted
  堆栈跟踪:
     at MultiplayerHoeingAssistant.UnitTest.ServiceTests.TaskCenter.TaskCenterSuccessorPathGateTests.<>c__DisplayClass3_0.<<OriginalMultiRound_HostExplicitRetriesUseOriginalFrozenRequest>b__5>d.MoveNext() in E:\Program Files\better-genshin-impact-LCB\Test\MultiplayerHoeingAssistant.UnitTest\ServiceTests\TaskCenter\TaskCenterSuccessorPathGateTests.cs:line 523
--- End of stack trace from previous location ---
   at MultiplayerHoeingAssistant.UnitTest.ServiceTests.TaskCenter.TaskCenterSuccessorPathGateTests.ProbeNodeSubmitRoutingAsync(String root, Boolean successorWired, Action`1 concurrentWriteBeforeSend, Action`2 onBeforeSend, String[] nodeIds, Action afterLedgerBeforeClose, TaskCompletionSource holdFirstAccept, Func`1 beforeSuccessorAdmission, Action`3 onBeforeSendWithPayload, Action`1 configurePort, Action`1 configureSeams, Action`1 configureRuns, Boolean startViaHandoff, Action`1 afterOccupyBeforeSend, Func`5 afterConverged, Boolean requirePanelSourceForProbe, Func`4 afterRegistered) in E:\Program Files\better-genshin-impact-LCB\Test\MultiplayerHoeingAssistant.UnitTest\ServiceTests\TaskCenter\TaskCenterSuccessorPathGateTests.cs:line 2301
   at MultiplayerHoeingAssistant.UnitTest.ServiceTests.TaskCenter.TaskCenterSuccessorPathGateTests.ProbeNodeSubmitRoutingAsync(String root, Boolean successorWired, Action`1 concurrentWriteBeforeSend, Action`2 onBeforeSend, String[] nodeIds, Action afterLedgerBeforeClose, TaskCompletionSource holdFirstAccept, Func`1 beforeSuccessorAdmission, Action`3 onBeforeSendWithPayload, Action`1 configurePort, Action`1 configureSeams, Action`1 configureRuns, Boolean startViaHandoff, Action`1 afterOccupyBeforeSend, Func`5 afterConverged, Boolean requirePanelSourceForProbe, Func`4 afterRegistered) in E:\Program Files\better-genshin-impact-LCB\Test\MultiplayerHoeingAssistant.UnitTest\ServiceTests\TaskCenter\TaskCenterSuccessorPathGateTests.cs:line 2345
   at MultiplayerHoeingAssistant.UnitTest.ServiceTests.TaskCenter.TaskCenterSuccessorPathGateTests.OriginalMultiRound_HostExplicitRetriesUseOriginalFrozenRequest(Boolean handoff, String scenario) in E:\Program Files\better-genshin-impact-LCB\Test\MultiplayerHoeingAssistant.UnitTest\ServiceTests\TaskCenter\TaskCenterSuccessorPathGateTests.cs:line 412
--- End of stack trace from previous location ---
  失败 MultiplayerHoeingAssistant.UnitTest.ServiceTests.TaskCenter.TaskCenterSuccessorPathGateTests.OriginalMultiRound_HostExplicitRetriesUseOriginalFrozenRequest(handoff: True, scenario: "payload-drift") [31 ms]
  错误消息:
   Xunit.Sdk.TrueException: {"Kind":1,"ReasonCode":"successor_context_missing","Detail":"\u7EC8\u5C40\u62D2\u7EDD\u3002","RequestIdentity":"9ec46664ee484cf99e402332de761bc5","WinnerCandidateId":null,"SuppressionSource":"","SubmissionIdentity":"sub:9ec46664ee484cf99e402332de761bc5:2","SendSeq":2,"Decision":null,"JobId":null,"ExecutionDisposition":0,"ResponsibilityState":2,"RawTerminal":null,"ExecutionErrorCode":null,"EvidenceSource":"host:context"}
   at Xunit.Assert.True(Nullable`1 condition, String userMessage) in /_/src/xunit.assert/Asserts/BooleanAsserts.cs:line 146
   at Xunit.Assert.True(Boolean condition, String userMessage) in /_/src/xunit.assert/Asserts/BooleanAsserts.cs:line 128
   at MultiplayerHoeingAssistant.UnitTest.ServiceTests.TaskCenter.TaskCenterSuccessorPathGateTests.<>c__DisplayClass3_1.<OriginalMultiRound_HostExplicitRetriesUseOriginalFrozenRequest>b__7(String _, AdmissionResultKind kind, String reason, String requestId, String identity, Int32 seq) in E:\Program Files\better-genshin-impact-LCB\Test\MultiplayerHoeingAssistant.UnitTest\ServiceTests\TaskCenter\TaskCenterSuccessorPathGateTests.cs:line 444
  堆栈跟踪:
     at MultiplayerHoeingAssistant.UnitTest.ServiceTests.TaskCenter.TaskCenterSuccessorPathGateTests.OriginalMultiRound_HostExplicitRetriesUseOriginalFrozenRequest(Boolean handoff, String scenario) in E:\Program Files\better-genshin-impact-LCB\Test\MultiplayerHoeingAssistant.UnitTest\ServiceTests\TaskCenter\TaskCenterSuccessorPathGateTests.cs:line 567
--- End of stack trace from previous location ---
  失败 MultiplayerHoeingAssistant.UnitTest.ServiceTests.TaskCenter.TaskCenterSuccessorPathGateTests.OriginalMultiRound_HostExplicitRetriesUseOriginalFrozenRequest(handoff: True, scenario: "third-unknown") [58 ms]
  错误消息:
   Assert.Equal() Failure: Values differ
Expected: Unknown
Actual:   Interrupted
  堆栈跟踪:
     at MultiplayerHoeingAssistant.UnitTest.ServiceTests.TaskCenter.TaskCenterSuccessorPathGateTests.<>c__DisplayClass3_0.<<OriginalMultiRound_HostExplicitRetriesUseOriginalFrozenRequest>b__5>d.MoveNext() in E:\Program Files\better-genshin-impact-LCB\Test\MultiplayerHoeingAssistant.UnitTest\ServiceTests\TaskCenter\TaskCenterSuccessorPathGateTests.cs:line 523
--- End of stack trace from previous location ---
   at MultiplayerHoeingAssistant.UnitTest.ServiceTests.TaskCenter.TaskCenterSuccessorPathGateTests.ProbeNodeSubmitRoutingAsync(String root, Boolean successorWired, Action`1 concurrentWriteBeforeSend, Action`2 onBeforeSend, String[] nodeIds, Action afterLedgerBeforeClose, TaskCompletionSource holdFirstAccept, Func`1 beforeSuccessorAdmission, Action`3 onBeforeSendWithPayload, Action`1 configurePort, Action`1 configureSeams, Action`1 configureRuns, Boolean startViaHandoff, Action`1 afterOccupyBeforeSend, Func`5 afterConverged, Boolean requirePanelSourceForProbe, Func`4 afterRegistered) in E:\Program Files\better-genshin-impact-LCB\Test\MultiplayerHoeingAssistant.UnitTest\ServiceTests\TaskCenter\TaskCenterSuccessorPathGateTests.cs:line 2301
   at MultiplayerHoeingAssistant.UnitTest.ServiceTests.TaskCenter.TaskCenterSuccessorPathGateTests.ProbeNodeSubmitRoutingAsync(String root, Boolean successorWired, Action`1 concurrentWriteBeforeSend, Action`2 onBeforeSend, String[] nodeIds, Action afterLedgerBeforeClose, TaskCompletionSource holdFirstAccept, Func`1 beforeSuccessorAdmission, Action`3 onBeforeSendWithPayload, Action`1 configurePort, Action`1 configureSeams, Action`1 configureRuns, Boolean startViaHandoff, Action`1 afterOccupyBeforeSend, Func`5 afterConverged, Boolean requirePanelSourceForProbe, Func`4 afterRegistered) in E:\Program Files\better-genshin-impact-LCB\Test\MultiplayerHoeingAssistant.UnitTest\ServiceTests\TaskCenter\TaskCenterSuccessorPathGateTests.cs:line 2345
   at MultiplayerHoeingAssistant.UnitTest.ServiceTests.TaskCenter.TaskCenterSuccessorPathGateTests.OriginalMultiRound_HostExplicitRetriesUseOriginalFrozenRequest(Boolean handoff, String scenario) in E:\Program Files\better-genshin-impact-LCB\Test\MultiplayerHoeingAssistant.UnitTest\ServiceTests\TaskCenter\TaskCenterSuccessorPathGateTests.cs:line 412
--- End of stack trace from previous location ---
结果文件: E:\Program Files\better-genshin-impact-LCB\_workflow\local-wait-admission-gates-20261004\auto-relay-original-multiround-20261004-from-01a10639\mutations\M1-original-context\mutant.trx

失败!  - 失败:    16，通过:     0，已跳过:     0，总计:    16，持续时间: 960 ms - MultiplayerHoeingAssistant.UnitTest.dll (net8.0)
