$ dotnet test --filter FullyQualifiedName~R56ReferenceActivationWiringTests.LegacyStageMarks_ReportSuccessWithoutAnyWrite_AndAreRejectedOnceEffectsAreWired
E:\Program Files\better-genshin-impact-LCB\Test\MultiplayerHoeingAssistant.UnitTest\bin\Debug\net8.0-windows\MultiplayerHoeingAssistant.UnitTest.dll (.NETCoreApp,Version=v8.0)的测试运行
VSTest 版本 17.11.1 (x64)

正在启动测试执行，请稍候...
总共 1 个测试文件与指定模式相匹配。
  失败 MultiplayerHoeingAssistant.UnitTest.ServiceTests.TaskCenter.R56ReferenceActivationWiringTests.LegacyStageMarks_ReportSuccessWithoutAnyWrite_AndAreRejectedOnceEffectsAreWired [101 ms]
  错误消息:
   Assert.Equal() Failure: Strings differ
           ↓ (pos 0)
Expected: "real_side_effects_required"
Actual:   ""
  堆栈跟踪:
     at MultiplayerHoeingAssistant.UnitTest.ServiceTests.TaskCenter.R56ReferenceActivationWiringTests.LegacyStageMarks_ReportSuccessWithoutAnyWrite_AndAreRejectedOnceEffectsAreWired() in E:\Program Files\better-genshin-impact-LCB\Test\MultiplayerHoeingAssistant.UnitTest\ServiceTests\TaskCenter\R56ReferenceActivationWiringTests.cs:line 242
   at System.RuntimeMethodHandle.InvokeMethod(Object target, Void** arguments, Signature sig, Boolean isConstructor)
   at System.Reflection.MethodBaseInvoker.InvokeWithNoArgs(Object obj, BindingFlags invokeAttr)
警告: 正在覆盖结果文件: E:\Program Files\better-genshin-impact-LCB\_workflow\r56-reference-activation-wiring-2026-09-29\mutations\M6-no-stage-mark-gate\mutant.trx
结果文件: E:\Program Files\better-genshin-impact-LCB\_workflow\r56-reference-activation-wiring-2026-09-29\mutations\M6-no-stage-mark-gate\mutant.trx

失败!  - 失败:     1，通过:     0，已跳过:     0，总计:     1，持续时间: < 1 ms - MultiplayerHoeingAssistant.UnitTest.dll (net8.0)
[xUnit.net 00:00:00.32]     MultiplayerHoeingAssistant.UnitTest.ServiceTests.TaskCenter.R56ReferenceActivationWiringTests.LegacyStageMarks_ReportSuccessWithoutAnyWrite_AndAreRejectedOnceEffectsAreWired [FAIL]

[exit=1]
