<?xml version="1.0" encoding="utf-8"?>
<TestRun id="e2087a86-39a2-4a34-bc33-9c8e13dd5cc3" name="kaedelcb@KAEDELCBPC 2026-10-04 14:13:29" runUser="KAEDELCBPC\kaedelcb" xmlns="http://microsoft.com/schemas/VisualStudio/TeamTest/2010">
  <Times creation="2026-10-04T14:13:29.7462124+08:00" queuing="2026-10-04T14:13:29.7462126+08:00" start="2026-10-04T14:13:28.7692429+08:00" finish="2026-10-04T14:13:29.7505119+08:00" />
  <TestSettings name="default" id="e95e047b-2fb4-48aa-96b8-bc6f5011a84d">
    <Deployment runDeploymentRoot="kaedelcb_KAEDELCBPC_2026-10-04_14_13_29" />
  </TestSettings>
  <Results>
    <UnitTestResult executionId="1d5f25d2-8afe-4fab-89fd-f8f3ce54f84f" testId="1e205646-5cdf-8162-f545-d0b5c538e297" testName="MultiplayerHoeingAssistant.UnitTest.ServiceTests.TaskCenter.TaskCenterSuccessorPathGateTests.OriginalHost_RunnerRecoveryUsesOriginalRoundAndStrictFacadeClosure(scenario: &quot;settle&quot;)" computerName="KAEDELCBPC" duration="00:00:00.0636059" startTime="2026-10-04T14:13:29.5622156+08:00" endTime="2026-10-04T14:13:29.5622159+08:00" testType="13cdc9d9-ddb5-4fa4-a97d-d965ccfc6d4b" outcome="Passed" testListId="8c84fa94-04c1-424b-9868-57a2d4851a1d" relativeResultsDirectory="1d5f25d2-8afe-4fab-89fd-f8f3ce54f84f" />
    <UnitTestResult executionId="d1f53d64-47e8-43e0-b830-c45a17c71ef9" testId="ac396ab7-5160-c1ec-d167-2eb741201d27" testName="MultiplayerHoeingAssistant.UnitTest.ServiceTests.TaskCenter.TaskCenterSuccessorPathGateTests.OriginalHost_RunnerRecoveryUsesOriginalRoundAndStrictFacadeClosure(scenario: &quot;missing-anchor&quot;)" computerName="KAEDELCBPC" duration="00:00:00.0458166" startTime="2026-10-04T14:13:29.6080882+08:00" endTime="2026-10-04T14:13:29.6080883+08:00" testType="13cdc9d9-ddb5-4fa4-a97d-d965ccfc6d4b" outcome="Passed" testListId="8c84fa94-04c1-424b-9868-57a2d4851a1d" relativeResultsDirectory="d1f53d64-47e8-43e0-b830-c45a17c71ef9" />
    <UnitTestResult executionId="475997e0-0483-4ffd-8995-d1db25af7dba" testId="be2d8d27-5d85-eb77-73a3-807682509b8e" testName="MultiplayerHoeingAssistant.UnitTest.ServiceTests.TaskCenter.TerminalReleaseSealTests.OriginalRound_RecoveryAssociationReadbackMustMatchCompletePublishedRecord" computerName="KAEDELCBPC" duration="00:00:00.0839685" startTime="2026-10-04T14:13:29.2798555+08:00" endTime="2026-10-04T14:13:29.2798556+08:00" testType="13cdc9d9-ddb5-4fa4-a97d-d965ccfc6d4b" outcome="Passed" testListId="8c84fa94-04c1-424b-9868-57a2d4851a1d" relativeResultsDirectory="475997e0-0483-4ffd-8995-d1db25af7dba" />
    <UnitTestResult executionId="d3ba7770-7cf5-406d-a299-c2550f9af6c0" testId="255aefa3-ff81-6edd-96b3-99e698932898" testName="MultiplayerHoeingAssistant.UnitTest.ServiceTests.TaskCenter.TaskCenterSuccessorPathGateTests.OriginalHost_RunnerRecoveryUsesOriginalRoundAndStrictFacadeClosure(scenario: &quot;publish&quot;)" computerName="KAEDELCBPC" duration="00:00:00.0809507" startTime="2026-10-04T14:13:29.6891362+08:00" endTime="2026-10-04T14:13:29.6891364+08:00" testType="13cdc9d9-ddb5-4fa4-a97d-d965ccfc6d4b" outcome="Passed" testListId="8c84fa94-04c1-424b-9868-57a2d4851a1d" relativeResultsDirectory="d3ba7770-7cf5-406d-a299-c2550f9af6c0" />
    <UnitTestResult executionId="b78625f8-79ec-46dc-a02c-e217a0a7580b" testId="d0e27612-1901-78d9-e2ee-d3fb81bc9515" testName="MultiplayerHoeingAssistant.UnitTest.ServiceTests.TaskCenter.ArbitrationLeaseStoreTests.OriginalRound_LeaseReadRejectsMalformedRetainedRejections(drift: &quot;source&quot;)" computerName="KAEDELCBPC" duration="00:00:00.0042801" startTime="2026-10-04T14:13:29.2804002+08:00" endTime="2026-10-04T14:13:29.2804002+08:00" testType="13cdc9d9-ddb5-4fa4-a97d-d965ccfc6d4b" outcome="Passed" testListId="8c84fa94-04c1-424b-9868-57a2d4851a1d" relativeResultsDirectory="b78625f8-79ec-46dc-a02c-e217a0a7580b" />
    <UnitTestResult executionId="eebf2fbd-13b2-4682-b4d2-7a29aebf717b" testId="11208037-20de-4191-7267-4cde34a767ad" testName="MultiplayerHoeingAssistant.UnitTest.ServiceTests.TaskCenter.TaskCenterSuccessorPathGateTests.OriginalHost_RunnerRecoveryUsesOriginalRoundAndStrictFacadeClosure(scenario: &quot;valid&quot;)" computerName="KAEDELCBPC" duration="00:00:00.2161898" startTime="2026-10-04T14:13:29.4983797+08:00" endTime="2026-10-04T14:13:29.4983799+08:00" testType="13cdc9d9-ddb5-4fa4-a97d-d965ccfc6d4b" outcome="Passed" testListId="8c84fa94-04c1-424b-9868-57a2d4851a1d" relativeResultsDirectory="eebf2fbd-13b2-4682-b4d2-7a29aebf717b" />
    <UnitTestResult executionId="7458e687-d66d-4caf-9c4f-783f9e1214b7" testId="a257fbf0-9814-d735-a284-63bb04804652" testName="MultiplayerHoeingAssistant.UnitTest.ServiceTests.TaskCenter.ArbitrationLeaseStoreTests.OriginalRound_LeaseReadRejectsMalformedRetainedRejections(drift: &quot;outcome&quot;)" computerName="KAEDELCBPC" duration="00:00:00.0038659" startTime="2026-10-04T14:13:29.2761195+08:00" endTime="2026-10-04T14:13:29.2761196+08:00" testType="13cdc9d9-ddb5-4fa4-a97d-d965ccfc6d4b" outcome="Passed" testListId="8c84fa94-04c1-424b-9868-57a2d4851a1d" relativeResultsDirectory="7458e687-d66d-4caf-9c4f-783f9e1214b7" />
    <UnitTestResult executionId="11e8201e-d971-4df3-abb3-0af8e1fcdf44" testId="d035cd26-c4b4-2006-bfef-8787da287045" testName="MultiplayerHoeingAssistant.UnitTest.ServiceTests.TaskCenter.ArbitrationLeaseStoreTests.OriginalRound_LeaseReadRejectsMalformedRetainedRejections(drift: &quot;sequence&quot;)" computerName="KAEDELCBPC" duration="00:00:00.0710277" startTime="2026-10-04T14:13:29.2684703+08:00" endTime="2026-10-04T14:13:29.2684784+08:00" testType="13cdc9d9-ddb5-4fa4-a97d-d965ccfc6d4b" outcome="Passed" testListId="8c84fa94-04c1-424b-9868-57a2d4851a1d" relativeResultsDirectory="11e8201e-d971-4df3-abb3-0af8e1fcdf44" />
    <UnitTestResult executionId="652ec6f4-2a29-438d-b1f0-1f89f80b4100" testId="0c1752fb-a8bd-383f-e614-8658f992a553" testName="MultiplayerHoeingAssistant.UnitTest.ServiceTests.TaskCenter.ArbitrationLeaseStoreTests.OriginalRound_LeaseReadRejectsMalformedRetainedRejections(drift: &quot;duplicate&quot;)" computerName="KAEDELCBPC" duration="00:00:00.0041095" startTime="2026-10-04T14:13:29.2722167+08:00" endTime="2026-10-04T14:13:29.2722168+08:00" testType="13cdc9d9-ddb5-4fa4-a97d-d965ccfc6d4b" outcome="Passed" testListId="8c84fa94-04c1-424b-9868-57a2d4851a1d" relativeResultsDirectory="652ec6f4-2a29-438d-b1f0-1f89f80b4100" />
  </Results>
  <TestDefinitions>
    <UnitTest name="MultiplayerHoeingAssistant.UnitTest.ServiceTests.TaskCenter.ArbitrationLeaseStoreTests.OriginalRound_LeaseReadRejectsMalformedRetainedRejections(drift: &quot;duplicate&quot;)" storage="e:\program files\better-genshin-impact-lcb\_workflow\local-wait-admission-gates-20261004\g10-completion\products\multiplayerhoeingassistant.unittest.dll" id="0c1752fb-a8bd-383f-e614-8658f992a553">
      <Execution id="652ec6f4-2a29-438d-b1f0-1f89f80b4100" />
      <TestMethod codeBase="E:\Program Files\better-genshin-impact-LCB\_workflow\local-wait-admission-gates-20261004\g10-completion\products\MultiplayerHoeingAssistant.UnitTest.dll" adapterTypeName="executor://xunit/VsTestRunner2/netcoreapp" className="MultiplayerHoeingAssistant.UnitTest.ServiceTests.TaskCenter.ArbitrationLeaseStoreTests" name="OriginalRound_LeaseReadRejectsMalformedRetainedRejections" />
    </UnitTest>
    <UnitTest name="MultiplayerHoeingAssistant.UnitTest.ServiceTests.TaskCenter.ArbitrationLeaseStoreTests.OriginalRound_LeaseReadRejectsMalformedRetainedRejections(drift: &quot;sequence&quot;)" storage="e:\program files\better-genshin-impact-lcb\_workflow\local-wait-admission-gates-20261004\g10-completion\products\multiplayerhoeingassistant.unittest.dll" id="d035cd26-c4b4-2006-bfef-8787da287045">
      <Execution id="11e8201e-d971-4df3-abb3-0af8e1fcdf44" />
      <TestMethod codeBase="E:\Program Files\better-genshin-impact-LCB\_workflow\local-wait-admission-gates-20261004\g10-completion\products\MultiplayerHoeingAssistant.UnitTest.dll" adapterTypeName="executor://xunit/VsTestRunner2/netcoreapp" className="MultiplayerHoeingAssistant.UnitTest.ServiceTests.TaskCenter.ArbitrationLeaseStoreTests" name="OriginalRound_LeaseReadRejectsMalformedRetainedRejections" />
    </UnitTest>
    <UnitTest name="MultiplayerHoeingAssistant.UnitTest.ServiceTests.TaskCenter.TaskCenterSuccessorPathGateTests.OriginalHost_RunnerRecoveryUsesOriginalRoundAndStrictFacadeClosure(scenario: &quot;missing-anchor&quot;)" storage="e:\program files\better-genshin-impact-lcb\_workflow\local-wait-admission-gates-20261004\g10-completion\products\multiplayerhoeingassistant.unittest.dll" id="ac396ab7-5160-c1ec-d167-2eb741201d27">
      <Execution id="d1f53d64-47e8-43e0-b830-c45a17c71ef9" />
      <TestMethod codeBase="E:\Program Files\better-genshin-impact-LCB\_workflow\local-wait-admission-gates-20261004\g10-completion\products\MultiplayerHoeingAssistant.UnitTest.dll" adapterTypeName="executor://xunit/VsTestRunner2/netcoreapp" className="MultiplayerHoeingAssistant.UnitTest.ServiceTests.TaskCenter.TaskCenterSuccessorPathGateTests" name="OriginalHost_RunnerRecoveryUsesOriginalRoundAndStrictFacadeClosure" />
    </UnitTest>
    <UnitTest name="MultiplayerHoeingAssistant.UnitTest.ServiceTests.TaskCenter.TaskCenterSuccessorPathGateTests.OriginalHost_RunnerRecoveryUsesOriginalRoundAndStrictFacadeClosure(scenario: &quot;settle&quot;)" storage="e:\program files\better-genshin-impact-lcb\_workflow\local-wait-admission-gates-20261004\g10-completion\products\multiplayerhoeingassistant.unittest.dll" id="1e205646-5cdf-8162-f545-d0b5c538e297">
      <Execution id="1d5f25d2-8afe-4fab-89fd-f8f3ce54f84f" />
      <TestMethod codeBase="E:\Program Files\better-genshin-impact-LCB\_workflow\local-wait-admission-gates-20261004\g10-completion\products\MultiplayerHoeingAssistant.UnitTest.dll" adapterTypeName="executor://xunit/VsTestRunner2/netcoreapp" className="MultiplayerHoeingAssistant.UnitTest.ServiceTests.TaskCenter.TaskCenterSuccessorPathGateTests" name="OriginalHost_RunnerRecoveryUsesOriginalRoundAndStrictFacadeClosure" />
    </UnitTest>
    <UnitTest name="MultiplayerHoeingAssistant.UnitTest.ServiceTests.TaskCenter.ArbitrationLeaseStoreTests.OriginalRound_LeaseReadRejectsMalformedRetainedRejections(drift: &quot;source&quot;)" storage="e:\program files\better-genshin-impact-lcb\_workflow\local-wait-admission-gates-20261004\g10-completion\products\multiplayerhoeingassistant.unittest.dll" id="d0e27612-1901-78d9-e2ee-d3fb81bc9515">
      <Execution id="b78625f8-79ec-46dc-a02c-e217a0a7580b" />
      <TestMethod codeBase="E:\Program Files\better-genshin-impact-LCB\_workflow\local-wait-admission-gates-20261004\g10-completion\products\MultiplayerHoeingAssistant.UnitTest.dll" adapterTypeName="executor://xunit/VsTestRunner2/netcoreapp" className="MultiplayerHoeingAssistant.UnitTest.ServiceTests.TaskCenter.ArbitrationLeaseStoreTests" name="OriginalRound_LeaseReadRejectsMalformedRetainedRejections" />
    </UnitTest>
    <UnitTest name="MultiplayerHoeingAssistant.UnitTest.ServiceTests.TaskCenter.TaskCenterSuccessorPathGateTests.OriginalHost_RunnerRecoveryUsesOriginalRoundAndStrictFacadeClosure(scenario: &quot;publish&quot;)" storage="e:\program files\better-genshin-impact-lcb\_workflow\local-wait-admission-gates-20261004\g10-completion\products\multiplayerhoeingassistant.unittest.dll" id="255aefa3-ff81-6edd-96b3-99e698932898">
      <Execution id="d3ba7770-7cf5-406d-a299-c2550f9af6c0" />
      <TestMethod codeBase="E:\Program Files\better-genshin-impact-LCB\_workflow\local-wait-admission-gates-20261004\g10-completion\products\MultiplayerHoeingAssistant.UnitTest.dll" adapterTypeName="executor://xunit/VsTestRunner2/netcoreapp" className="MultiplayerHoeingAssistant.UnitTest.ServiceTests.TaskCenter.TaskCenterSuccessorPathGateTests" name="OriginalHost_RunnerRecoveryUsesOriginalRoundAndStrictFacadeClosure" />
    </UnitTest>
    <UnitTest name="MultiplayerHoeingAssistant.UnitTest.ServiceTests.TaskCenter.TaskCenterSuccessorPathGateTests.OriginalHost_RunnerRecoveryUsesOriginalRoundAndStrictFacadeClosure(scenario: &quot;valid&quot;)" storage="e:\program files\better-genshin-impact-lcb\_workflow\local-wait-admission-gates-20261004\g10-completion\products\multiplayerhoeingassistant.unittest.dll" id="11208037-20de-4191-7267-4cde34a767ad">
      <Execution id="eebf2fbd-13b2-4682-b4d2-7a29aebf717b" />
      <TestMethod codeBase="E:\Program Files\better-genshin-impact-LCB\_workflow\local-wait-admission-gates-20261004\g10-completion\products\MultiplayerHoeingAssistant.UnitTest.dll" adapterTypeName="executor://xunit/VsTestRunner2/netcoreapp" className="MultiplayerHoeingAssistant.UnitTest.ServiceTests.TaskCenter.TaskCenterSuccessorPathGateTests" name="OriginalHost_RunnerRecoveryUsesOriginalRoundAndStrictFacadeClosure" />
    </UnitTest>
    <UnitTest name="MultiplayerHoeingAssistant.UnitTest.ServiceTests.TaskCenter.ArbitrationLeaseStoreTests.OriginalRound_LeaseReadRejectsMalformedRetainedRejections(drift: &quot;outcome&quot;)" storage="e:\program files\better-genshin-impact-lcb\_workflow\local-wait-admission-gates-20261004\g10-completion\products\multiplayerhoeingassistant.unittest.dll" id="a257fbf0-9814-d735-a284-63bb04804652">
      <Execution id="7458e687-d66d-4caf-9c4f-783f9e1214b7" />
      <TestMethod codeBase="E:\Program Files\better-genshin-impact-LCB\_workflow\local-wait-admission-gates-20261004\g10-completion\products\MultiplayerHoeingAssistant.UnitTest.dll" adapterTypeName="executor://xunit/VsTestRunner2/netcoreapp" className="MultiplayerHoeingAssistant.UnitTest.ServiceTests.TaskCenter.ArbitrationLeaseStoreTests" name="OriginalRound_LeaseReadRejectsMalformedRetainedRejections" />
    </UnitTest>
    <UnitTest name="MultiplayerHoeingAssistant.UnitTest.ServiceTests.TaskCenter.TerminalReleaseSealTests.OriginalRound_RecoveryAssociationReadbackMustMatchCompletePublishedRecord" storage="e:\program files\better-genshin-impact-lcb\_workflow\local-wait-admission-gates-20261004\g10-completion\products\multiplayerhoeingassistant.unittest.dll" id="be2d8d27-5d85-eb77-73a3-807682509b8e">
      <Execution id="475997e0-0483-4ffd-8995-d1db25af7dba" />
      <TestMethod codeBase="E:\Program Files\better-genshin-impact-LCB\_workflow\local-wait-admission-gates-20261004\g10-completion\products\MultiplayerHoeingAssistant.UnitTest.dll" adapterTypeName="executor://xunit/VsTestRunner2/netcoreapp" className="MultiplayerHoeingAssistant.UnitTest.ServiceTests.TaskCenter.TerminalReleaseSealTests" name="OriginalRound_RecoveryAssociationReadbackMustMatchCompletePublishedRecord" />
    </UnitTest>
  </TestDefinitions>
  <TestEntries>
    <TestEntry testId="1e205646-5cdf-8162-f545-d0b5c538e297" executionId="1d5f25d2-8afe-4fab-89fd-f8f3ce54f84f" testListId="8c84fa94-04c1-424b-9868-57a2d4851a1d" />
    <TestEntry testId="ac396ab7-5160-c1ec-d167-2eb741201d27" executionId="d1f53d64-47e8-43e0-b830-c45a17c71ef9" testListId="8c84fa94-04c1-424b-9868-57a2d4851a1d" />
    <TestEntry testId="be2d8d27-5d85-eb77-73a3-807682509b8e" executionId="475997e0-0483-4ffd-8995-d1db25af7dba" testListId="8c84fa94-04c1-424b-9868-57a2d4851a1d" />
    <TestEntry testId="255aefa3-ff81-6edd-96b3-99e698932898" executionId="d3ba7770-7cf5-406d-a299-c2550f9af6c0" testListId="8c84fa94-04c1-424b-9868-57a2d4851a1d" />
    <TestEntry testId="d0e27612-1901-78d9-e2ee-d3fb81bc9515" executionId="b78625f8-79ec-46dc-a02c-e217a0a7580b" testListId="8c84fa94-04c1-424b-9868-57a2d4851a1d" />
    <TestEntry testId="11208037-20de-4191-7267-4cde34a767ad" executionId="eebf2fbd-13b2-4682-b4d2-7a29aebf717b" testListId="8c84fa94-04c1-424b-9868-57a2d4851a1d" />
    <TestEntry testId="a257fbf0-9814-d735-a284-63bb04804652" executionId="7458e687-d66d-4caf-9c4f-783f9e1214b7" testListId="8c84fa94-04c1-424b-9868-57a2d4851a1d" />
    <TestEntry testId="d035cd26-c4b4-2006-bfef-8787da287045" executionId="11e8201e-d971-4df3-abb3-0af8e1fcdf44" testListId="8c84fa94-04c1-424b-9868-57a2d4851a1d" />
    <TestEntry testId="0c1752fb-a8bd-383f-e614-8658f992a553" executionId="652ec6f4-2a29-438d-b1f0-1f89f80b4100" testListId="8c84fa94-04c1-424b-9868-57a2d4851a1d" />
  </TestEntries>
  <TestLists>
    <TestList name="列表中未列出的结果" id="8c84fa94-04c1-424b-9868-57a2d4851a1d" />
    <TestList name="所有已加载的结果" id="19431567-8539-422a-85d7-44ee4e166bda" />
  </TestLists>
  <ResultSummary outcome="Completed">
    <Counters total="9" executed="9" passed="9" failed="0" error="0" timeout="0" aborted="0" inconclusive="0" passedButRunAborted="0" notRunnable="0" notExecuted="0" disconnected="0" warning="0" completed="0" inProgress="0" pending="0" />
    <Output>
      <StdOut>[xUnit.net 00:00:00.00] xUnit.net VSTest Adapter v2.5.3.1+6b60a9e56a (64-bit .NET 8.0.14)&#xD;
[xUnit.net 00:00:00.06]   Discovering: MultiplayerHoeingAssistant.UnitTest&#xD;
[xUnit.net 00:00:00.19]   Discovered:  MultiplayerHoeingAssistant.UnitTest&#xD;
[xUnit.net 00:00:00.20]   Starting:    MultiplayerHoeingAssistant.UnitTest&#xD;
[xUnit.net 00:00:00.71]   Finished:    MultiplayerHoeingAssistant.UnitTest&#xD;
</StdOut>
    </Output>
  </ResultSummary>
</TestRun>