<?xml version="1.0" encoding="utf-8"?>
<TestRun id="1fa5b553-11a6-4139-b0a3-30acf800b0f3" name="kaedelcb@KAEDELCBPC 2026-10-04 14:11:38" runUser="KAEDELCBPC\kaedelcb" xmlns="http://microsoft.com/schemas/VisualStudio/TeamTest/2010">
  <Times creation="2026-10-04T14:11:38.8347218+08:00" queuing="2026-10-04T14:11:38.8347219+08:00" start="2026-10-04T14:11:38.2795216+08:00" finish="2026-10-04T14:11:38.8386425+08:00" />
  <TestSettings name="default" id="fdee5393-5ec7-4eca-847c-85d09c354001">
    <Deployment runDeploymentRoot="kaedelcb_KAEDELCBPC_2026-10-04_14_11_38" />
  </TestSettings>
  <Results>
    <UnitTestResult executionId="10badc64-e6d9-4589-9167-2f16a633b8ec" testId="d0e27612-1901-78d9-e2ee-d3fb81bc9515" testName="MultiplayerHoeingAssistant.UnitTest.ServiceTests.TaskCenter.ArbitrationLeaseStoreTests.OriginalRound_LeaseReadRejectsMalformedRetainedRejections(drift: &quot;source&quot;)" computerName="KAEDELCBPC" duration="00:00:00.0018863" startTime="2026-10-04T14:11:38.7834290+08:00" endTime="2026-10-04T14:11:38.7834291+08:00" testType="13cdc9d9-ddb5-4fa4-a97d-d965ccfc6d4b" outcome="Failed" testListId="8c84fa94-04c1-424b-9868-57a2d4851a1d" relativeResultsDirectory="10badc64-e6d9-4589-9167-2f16a633b8ec">
      <Output>
        <ErrorInfo>
          <Message>System.NullReferenceException : Object reference not set to an instance of an object.</Message>
          <StackTrace>   at MultiplayerHoeingAssistant.UnitTest.ServiceTests.TaskCenter.ArbitrationLeaseStoreTests.OriginalRound_LeaseReadRejectsMalformedRetainedRejections(String drift) in E:\Program Files\better-genshin-impact-LCB\Test\MultiplayerHoeingAssistant.UnitTest\ServiceTests\TaskCenter\ArbitrationLeaseStoreTests.cs:line 50&#xD;
   at InvokeStub_ArbitrationLeaseStoreTests.OriginalRound_LeaseReadRejectsMalformedRetainedRejections(Object, Span`1)&#xD;
   at System.Reflection.MethodBaseInvoker.InvokeWithOneArg(Object obj, BindingFlags invokeAttr, Binder binder, Object[] parameters, CultureInfo culture)</StackTrace>
        </ErrorInfo>
      </Output>
    </UnitTestResult>
    <UnitTestResult executionId="75a6584a-951a-4a36-a2ae-fcc6f49a1ed6" testId="a257fbf0-9814-d735-a284-63bb04804652" testName="MultiplayerHoeingAssistant.UnitTest.ServiceTests.TaskCenter.ArbitrationLeaseStoreTests.OriginalRound_LeaseReadRejectsMalformedRetainedRejections(drift: &quot;outcome&quot;)" computerName="KAEDELCBPC" duration="00:00:00.0019048" startTime="2026-10-04T14:11:38.7815114+08:00" endTime="2026-10-04T14:11:38.7815115+08:00" testType="13cdc9d9-ddb5-4fa4-a97d-d965ccfc6d4b" outcome="Failed" testListId="8c84fa94-04c1-424b-9868-57a2d4851a1d" relativeResultsDirectory="75a6584a-951a-4a36-a2ae-fcc6f49a1ed6">
      <Output>
        <ErrorInfo>
          <Message>System.NullReferenceException : Object reference not set to an instance of an object.</Message>
          <StackTrace>   at MultiplayerHoeingAssistant.UnitTest.ServiceTests.TaskCenter.ArbitrationLeaseStoreTests.OriginalRound_LeaseReadRejectsMalformedRetainedRejections(String drift) in E:\Program Files\better-genshin-impact-LCB\Test\MultiplayerHoeingAssistant.UnitTest\ServiceTests\TaskCenter\ArbitrationLeaseStoreTests.cs:line 50&#xD;
   at InvokeStub_ArbitrationLeaseStoreTests.OriginalRound_LeaseReadRejectsMalformedRetainedRejections(Object, Span`1)&#xD;
   at System.Reflection.MethodBaseInvoker.InvokeWithOneArg(Object obj, BindingFlags invokeAttr, Binder binder, Object[] parameters, CultureInfo culture)</StackTrace>
        </ErrorInfo>
      </Output>
    </UnitTestResult>
    <UnitTestResult executionId="15ff2dcb-2cd2-4e8c-8b56-f1f71c4978e0" testId="0c1752fb-a8bd-383f-e614-8658f992a553" testName="MultiplayerHoeingAssistant.UnitTest.ServiceTests.TaskCenter.ArbitrationLeaseStoreTests.OriginalRound_LeaseReadRejectsMalformedRetainedRejections(drift: &quot;duplicate&quot;)" computerName="KAEDELCBPC" duration="00:00:00.0022672" startTime="2026-10-04T14:11:38.7808263+08:00" endTime="2026-10-04T14:11:38.7808264+08:00" testType="13cdc9d9-ddb5-4fa4-a97d-d965ccfc6d4b" outcome="Failed" testListId="8c84fa94-04c1-424b-9868-57a2d4851a1d" relativeResultsDirectory="15ff2dcb-2cd2-4e8c-8b56-f1f71c4978e0">
      <Output>
        <ErrorInfo>
          <Message>System.NullReferenceException : Object reference not set to an instance of an object.</Message>
          <StackTrace>   at MultiplayerHoeingAssistant.UnitTest.ServiceTests.TaskCenter.ArbitrationLeaseStoreTests.OriginalRound_LeaseReadRejectsMalformedRetainedRejections(String drift) in E:\Program Files\better-genshin-impact-LCB\Test\MultiplayerHoeingAssistant.UnitTest\ServiceTests\TaskCenter\ArbitrationLeaseStoreTests.cs:line 50&#xD;
   at InvokeStub_ArbitrationLeaseStoreTests.OriginalRound_LeaseReadRejectsMalformedRetainedRejections(Object, Span`1)&#xD;
   at System.Reflection.MethodBaseInvoker.InvokeWithOneArg(Object obj, BindingFlags invokeAttr, Binder binder, Object[] parameters, CultureInfo culture)</StackTrace>
        </ErrorInfo>
      </Output>
    </UnitTestResult>
    <UnitTestResult executionId="596b2758-54d1-4874-8ffb-d905e757a573" testId="d035cd26-c4b4-2006-bfef-8787da287045" testName="MultiplayerHoeingAssistant.UnitTest.ServiceTests.TaskCenter.ArbitrationLeaseStoreTests.OriginalRound_LeaseReadRejectsMalformedRetainedRejections(drift: &quot;sequence&quot;)" computerName="KAEDELCBPC" duration="00:00:00.0542128" startTime="2026-10-04T14:11:38.7792721+08:00" endTime="2026-10-04T14:11:38.7792812+08:00" testType="13cdc9d9-ddb5-4fa4-a97d-d965ccfc6d4b" outcome="Failed" testListId="8c84fa94-04c1-424b-9868-57a2d4851a1d" relativeResultsDirectory="596b2758-54d1-4874-8ffb-d905e757a573">
      <Output>
        <ErrorInfo>
          <Message>System.NullReferenceException : Object reference not set to an instance of an object.</Message>
          <StackTrace>   at MultiplayerHoeingAssistant.UnitTest.ServiceTests.TaskCenter.ArbitrationLeaseStoreTests.OriginalRound_LeaseReadRejectsMalformedRetainedRejections(String drift) in E:\Program Files\better-genshin-impact-LCB\Test\MultiplayerHoeingAssistant.UnitTest\ServiceTests\TaskCenter\ArbitrationLeaseStoreTests.cs:line 50&#xD;
   at System.RuntimeMethodHandle.InvokeMethod(Object target, Void** arguments, Signature sig, Boolean isConstructor)&#xD;
   at System.Reflection.MethodBaseInvoker.InvokeDirectByRefWithFewArgs(Object obj, Span`1 copyOfArgs, BindingFlags invokeAttr)</StackTrace>
        </ErrorInfo>
      </Output>
    </UnitTestResult>
  </Results>
  <TestDefinitions>
    <UnitTest name="MultiplayerHoeingAssistant.UnitTest.ServiceTests.TaskCenter.ArbitrationLeaseStoreTests.OriginalRound_LeaseReadRejectsMalformedRetainedRejections(drift: &quot;duplicate&quot;)" storage="e:\program files\better-genshin-impact-lcb\_workflow\local-wait-admission-gates-20261004\g10-completion\products\multiplayerhoeingassistant.unittest.dll" id="0c1752fb-a8bd-383f-e614-8658f992a553">
      <Execution id="15ff2dcb-2cd2-4e8c-8b56-f1f71c4978e0" />
      <TestMethod codeBase="E:\Program Files\better-genshin-impact-LCB\_workflow\local-wait-admission-gates-20261004\g10-completion\products\MultiplayerHoeingAssistant.UnitTest.dll" adapterTypeName="executor://xunit/VsTestRunner2/netcoreapp" className="MultiplayerHoeingAssistant.UnitTest.ServiceTests.TaskCenter.ArbitrationLeaseStoreTests" name="OriginalRound_LeaseReadRejectsMalformedRetainedRejections" />
    </UnitTest>
    <UnitTest name="MultiplayerHoeingAssistant.UnitTest.ServiceTests.TaskCenter.ArbitrationLeaseStoreTests.OriginalRound_LeaseReadRejectsMalformedRetainedRejections(drift: &quot;sequence&quot;)" storage="e:\program files\better-genshin-impact-lcb\_workflow\local-wait-admission-gates-20261004\g10-completion\products\multiplayerhoeingassistant.unittest.dll" id="d035cd26-c4b4-2006-bfef-8787da287045">
      <Execution id="596b2758-54d1-4874-8ffb-d905e757a573" />
      <TestMethod codeBase="E:\Program Files\better-genshin-impact-LCB\_workflow\local-wait-admission-gates-20261004\g10-completion\products\MultiplayerHoeingAssistant.UnitTest.dll" adapterTypeName="executor://xunit/VsTestRunner2/netcoreapp" className="MultiplayerHoeingAssistant.UnitTest.ServiceTests.TaskCenter.ArbitrationLeaseStoreTests" name="OriginalRound_LeaseReadRejectsMalformedRetainedRejections" />
    </UnitTest>
    <UnitTest name="MultiplayerHoeingAssistant.UnitTest.ServiceTests.TaskCenter.ArbitrationLeaseStoreTests.OriginalRound_LeaseReadRejectsMalformedRetainedRejections(drift: &quot;source&quot;)" storage="e:\program files\better-genshin-impact-lcb\_workflow\local-wait-admission-gates-20261004\g10-completion\products\multiplayerhoeingassistant.unittest.dll" id="d0e27612-1901-78d9-e2ee-d3fb81bc9515">
      <Execution id="10badc64-e6d9-4589-9167-2f16a633b8ec" />
      <TestMethod codeBase="E:\Program Files\better-genshin-impact-LCB\_workflow\local-wait-admission-gates-20261004\g10-completion\products\MultiplayerHoeingAssistant.UnitTest.dll" adapterTypeName="executor://xunit/VsTestRunner2/netcoreapp" className="MultiplayerHoeingAssistant.UnitTest.ServiceTests.TaskCenter.ArbitrationLeaseStoreTests" name="OriginalRound_LeaseReadRejectsMalformedRetainedRejections" />
    </UnitTest>
    <UnitTest name="MultiplayerHoeingAssistant.UnitTest.ServiceTests.TaskCenter.ArbitrationLeaseStoreTests.OriginalRound_LeaseReadRejectsMalformedRetainedRejections(drift: &quot;outcome&quot;)" storage="e:\program files\better-genshin-impact-lcb\_workflow\local-wait-admission-gates-20261004\g10-completion\products\multiplayerhoeingassistant.unittest.dll" id="a257fbf0-9814-d735-a284-63bb04804652">
      <Execution id="75a6584a-951a-4a36-a2ae-fcc6f49a1ed6" />
      <TestMethod codeBase="E:\Program Files\better-genshin-impact-LCB\_workflow\local-wait-admission-gates-20261004\g10-completion\products\MultiplayerHoeingAssistant.UnitTest.dll" adapterTypeName="executor://xunit/VsTestRunner2/netcoreapp" className="MultiplayerHoeingAssistant.UnitTest.ServiceTests.TaskCenter.ArbitrationLeaseStoreTests" name="OriginalRound_LeaseReadRejectsMalformedRetainedRejections" />
    </UnitTest>
  </TestDefinitions>
  <TestEntries>
    <TestEntry testId="d0e27612-1901-78d9-e2ee-d3fb81bc9515" executionId="10badc64-e6d9-4589-9167-2f16a633b8ec" testListId="8c84fa94-04c1-424b-9868-57a2d4851a1d" />
    <TestEntry testId="a257fbf0-9814-d735-a284-63bb04804652" executionId="75a6584a-951a-4a36-a2ae-fcc6f49a1ed6" testListId="8c84fa94-04c1-424b-9868-57a2d4851a1d" />
    <TestEntry testId="0c1752fb-a8bd-383f-e614-8658f992a553" executionId="15ff2dcb-2cd2-4e8c-8b56-f1f71c4978e0" testListId="8c84fa94-04c1-424b-9868-57a2d4851a1d" />
    <TestEntry testId="d035cd26-c4b4-2006-bfef-8787da287045" executionId="596b2758-54d1-4874-8ffb-d905e757a573" testListId="8c84fa94-04c1-424b-9868-57a2d4851a1d" />
  </TestEntries>
  <TestLists>
    <TestList name="列表中未列出的结果" id="8c84fa94-04c1-424b-9868-57a2d4851a1d" />
    <TestList name="所有已加载的结果" id="19431567-8539-422a-85d7-44ee4e166bda" />
  </TestLists>
  <ResultSummary outcome="Failed">
    <Counters total="4" executed="4" passed="0" failed="4" error="0" timeout="0" aborted="0" inconclusive="0" passedButRunAborted="0" notRunnable="0" notExecuted="0" disconnected="0" warning="0" completed="0" inProgress="0" pending="0" />
    <Output>
      <StdOut>[xUnit.net 00:00:00.00] xUnit.net VSTest Adapter v2.5.3.1+6b60a9e56a (64-bit .NET 8.0.14)&#xD;
[xUnit.net 00:00:00.06]   Discovering: MultiplayerHoeingAssistant.UnitTest&#xD;
[xUnit.net 00:00:00.20]   Discovered:  MultiplayerHoeingAssistant.UnitTest&#xD;
[xUnit.net 00:00:00.20]   Starting:    MultiplayerHoeingAssistant.UnitTest&#xD;
[xUnit.net 00:00:00.28]       System.NullReferenceException : Object reference not set to an instance of an object.&#xD;
[xUnit.net 00:00:00.28]       Stack Trace:&#xD;
[xUnit.net 00:00:00.28]         E:\Program Files\better-genshin-impact-LCB\Test\MultiplayerHoeingAssistant.UnitTest\ServiceTests\TaskCenter\ArbitrationLeaseStoreTests.cs(50,0): at MultiplayerHoeingAssistant.UnitTest.ServiceTests.TaskCenter.ArbitrationLeaseStoreTests.OriginalRound_LeaseReadRejectsMalformedRetainedRejections(String drift)&#xD;
[xUnit.net 00:00:00.28]            at System.RuntimeMethodHandle.InvokeMethod(Object target, Void** arguments, Signature sig, Boolean isConstructor)&#xD;
[xUnit.net 00:00:00.28]            at System.Reflection.MethodBaseInvoker.InvokeDirectByRefWithFewArgs(Object obj, Span`1 copyOfArgs, BindingFlags invokeAttr)&#xD;
[xUnit.net 00:00:00.29]       System.NullReferenceException : Object reference not set to an instance of an object.&#xD;
[xUnit.net 00:00:00.29]       Stack Trace:&#xD;
[xUnit.net 00:00:00.29]         E:\Program Files\better-genshin-impact-LCB\Test\MultiplayerHoeingAssistant.UnitTest\ServiceTests\TaskCenter\ArbitrationLeaseStoreTests.cs(50,0): at MultiplayerHoeingAssistant.UnitTest.ServiceTests.TaskCenter.ArbitrationLeaseStoreTests.OriginalRound_LeaseReadRejectsMalformedRetainedRejections(String drift)&#xD;
[xUnit.net 00:00:00.29]            at InvokeStub_ArbitrationLeaseStoreTests.OriginalRound_LeaseReadRejectsMalformedRetainedRejections(Object, Span`1)&#xD;
[xUnit.net 00:00:00.29]            at System.Reflection.MethodBaseInvoker.InvokeWithOneArg(Object obj, BindingFlags invokeAttr, Binder binder, Object[] parameters, CultureInfo culture)&#xD;
[xUnit.net 00:00:00.29]       System.NullReferenceException : Object reference not set to an instance of an object.&#xD;
[xUnit.net 00:00:00.29]       Stack Trace:&#xD;
[xUnit.net 00:00:00.29]         E:\Program Files\better-genshin-impact-LCB\Test\MultiplayerHoeingAssistant.UnitTest\ServiceTests\TaskCenter\ArbitrationLeaseStoreTests.cs(50,0): at MultiplayerHoeingAssistant.UnitTest.ServiceTests.TaskCenter.ArbitrationLeaseStoreTests.OriginalRound_LeaseReadRejectsMalformedRetainedRejections(String drift)&#xD;
[xUnit.net 00:00:00.29]            at InvokeStub_ArbitrationLeaseStoreTests.OriginalRound_LeaseReadRejectsMalformedRetainedRejections(Object, Span`1)&#xD;
[xUnit.net 00:00:00.29]            at System.Reflection.MethodBaseInvoker.InvokeWithOneArg(Object obj, BindingFlags invokeAttr, Binder binder, Object[] parameters, CultureInfo culture)&#xD;
[xUnit.net 00:00:00.29]       System.NullReferenceException : Object reference not set to an instance of an object.&#xD;
[xUnit.net 00:00:00.29]       Stack Trace:&#xD;
[xUnit.net 00:00:00.29]         E:\Program Files\better-genshin-impact-LCB\Test\MultiplayerHoeingAssistant.UnitTest\ServiceTests\TaskCenter\ArbitrationLeaseStoreTests.cs(50,0): at MultiplayerHoeingAssistant.UnitTest.ServiceTests.TaskCenter.ArbitrationLeaseStoreTests.OriginalRound_LeaseReadRejectsMalformedRetainedRejections(String drift)&#xD;
[xUnit.net 00:00:00.29]            at InvokeStub_ArbitrationLeaseStoreTests.OriginalRound_LeaseReadRejectsMalformedRetainedRejections(Object, Span`1)&#xD;
[xUnit.net 00:00:00.29]            at System.Reflection.MethodBaseInvoker.InvokeWithOneArg(Object obj, BindingFlags invokeAttr, Binder binder, Object[] parameters, CultureInfo culture)&#xD;
[xUnit.net 00:00:00.29]   Finished:    MultiplayerHoeingAssistant.UnitTest&#xD;
</StdOut>
    </Output>
    <RunInfos>
      <RunInfo computerName="KAEDELCBPC" outcome="Error" timestamp="2026-10-04T14:11:38.7783330+08:00">
        <Text>[xUnit.net 00:00:00.28]     MultiplayerHoeingAssistant.UnitTest.ServiceTests.TaskCenter.ArbitrationLeaseStoreTests.OriginalRound_LeaseReadRejectsMalformedRetainedRejections(drift: "sequence") [FAIL]</Text>
      </RunInfo>
      <RunInfo computerName="KAEDELCBPC" outcome="Error" timestamp="2026-10-04T14:11:38.7807320+08:00">
        <Text>[xUnit.net 00:00:00.29]     MultiplayerHoeingAssistant.UnitTest.ServiceTests.TaskCenter.ArbitrationLeaseStoreTests.OriginalRound_LeaseReadRejectsMalformedRetainedRejections(drift: "duplicate") [FAIL]</Text>
      </RunInfo>
      <RunInfo computerName="KAEDELCBPC" outcome="Error" timestamp="2026-10-04T14:11:38.7815340+08:00">
        <Text>[xUnit.net 00:00:00.29]     MultiplayerHoeingAssistant.UnitTest.ServiceTests.TaskCenter.ArbitrationLeaseStoreTests.OriginalRound_LeaseReadRejectsMalformedRetainedRejections(drift: "outcome") [FAIL]</Text>
      </RunInfo>
      <RunInfo computerName="KAEDELCBPC" outcome="Error" timestamp="2026-10-04T14:11:38.7833693+08:00">
        <Text>[xUnit.net 00:00:00.29]     MultiplayerHoeingAssistant.UnitTest.ServiceTests.TaskCenter.ArbitrationLeaseStoreTests.OriginalRound_LeaseReadRejectsMalformedRetainedRejections(drift: "source") [FAIL]</Text>
      </RunInfo>
    </RunInfos>
  </ResultSummary>
</TestRun>