VSTest 版本 17.11.1 (x64)

正在启动测试执行，请稍候...
总共 1 个测试文件与指定模式相匹配。
[xUnit.net 00:00:00.40]     MultiplayerHoeingAssistant.UnitTest.ServiceTests.TaskCenter.TaskCenterExternalStartAdmissionTests.OriginalLedgerCausality_CurrentReceiptAndTerminal(terminal: False, reopen: False) [FAIL]
[xUnit.net 00:00:00.45]     MultiplayerHoeingAssistant.UnitTest.ServiceTests.TaskCenter.TaskCenterExternalStartAdmissionTests.OriginalLedgerCausality_CurrentReceiptAndTerminal(terminal: True, reopen: False) [FAIL]
[xUnit.net 00:00:00.49]     MultiplayerHoeingAssistant.UnitTest.ServiceTests.TaskCenter.TaskCenterExternalStartAdmissionTests.OriginalLedgerCausality_CurrentReceiptAndTerminal(terminal: False, reopen: True) [FAIL]
[xUnit.net 00:00:00.53]     MultiplayerHoeingAssistant.UnitTest.ServiceTests.TaskCenter.TaskCenterExternalStartAdmissionTests.OriginalLedgerCausality_CurrentReceiptAndTerminal(terminal: True, reopen: True) [FAIL]
[xUnit.net 00:00:00.57]     MultiplayerHoeingAssistant.UnitTest.ServiceTests.TaskCenter.TaskCenterExternalStartAdmissionTests.OriginalLateRound_HostArchivedResponsibility(archiveBeforeReceipt: True, archiveAfterTerminal: False, fault: "valid") [FAIL]
[xUnit.net 00:00:00.62]     MultiplayerHoeingAssistant.UnitTest.ServiceTests.TaskCenter.TaskCenterExternalStartAdmissionTests.OriginalLateRound_HostArchivedResponsibility(archiveBeforeReceipt: False, archiveAfterTerminal: False, fault: "causal-matrix") [FAIL]
[xUnit.net 00:00:00.65]     MultiplayerHoeingAssistant.UnitTest.ServiceTests.TaskCenter.TaskCenterExternalStartAdmissionTests.OriginalLateRound_HostArchivedResponsibility(archiveBeforeReceipt: True, archiveAfterTerminal: True, fault: "valid") [FAIL]
[xUnit.net 00:00:00.71]     MultiplayerHoeingAssistant.UnitTest.ServiceTests.TaskCenter.TaskCenterExternalStartAdmissionTests.OriginalLateRound_HostArchivedResponsibility(archiveBeforeReceipt: True, archiveAfterTerminal: True, fault: "causal-matrix") [FAIL]
[xUnit.net 00:00:00.73]     MultiplayerHoeingAssistant.UnitTest.ServiceTests.TaskCenter.TaskCenterExternalStartAdmissionTests.OriginalLateRound_HostArchivedResponsibility(archiveBeforeReceipt: False, archiveAfterTerminal: False, fault: "valid") [FAIL]
  失败 MultiplayerHoeingAssistant.UnitTest.ServiceTests.TaskCenter.TaskCenterExternalStartAdmissionTests.OriginalLedgerCausality_CurrentReceiptAndTerminal(terminal: False, reopen: False) [162 ms]
  错误消息:
   Assert.Equal() Failure: Values differ
Expected: 0
Actual:   1
  堆栈跟踪:
     at MultiplayerHoeingAssistant.UnitTest.ServiceTests.TaskCenter.TaskCenterExternalStartAdmissionTests.OriginalLedgerCausality_CurrentReceiptAndTerminal(Boolean terminal, Boolean reopen) in E:\Program Files\better-genshin-impact-LCB\Test\MultiplayerHoeingAssistant.UnitTest\ServiceTests\TaskCenter\TaskCenterExternalStartAdmissionTests.cs:line 369
   at MultiplayerHoeingAssistant.UnitTest.ServiceTests.TaskCenter.TaskCenterExternalStartAdmissionTests.OriginalLedgerCausality_CurrentReceiptAndTerminal(Boolean terminal, Boolean reopen) in E:\Program Files\better-genshin-impact-LCB\Test\MultiplayerHoeingAssistant.UnitTest\ServiceTests\TaskCenter\TaskCenterExternalStartAdmissionTests.cs:line 372
--- End of stack trace from previous location ---
  失败 MultiplayerHoeingAssistant.UnitTest.ServiceTests.TaskCenter.TaskCenterExternalStartAdmissionTests.OriginalLedgerCausality_CurrentReceiptAndTerminal(terminal: True, reopen: False) [45 ms]
  错误消息:
   Assert.Equal() Failure: Values differ
Expected: 0
Actual:   1
  堆栈跟踪:
     at MultiplayerHoeingAssistant.UnitTest.ServiceTests.TaskCenter.TaskCenterExternalStartAdmissionTests.OriginalLedgerCausality_CurrentReceiptAndTerminal(Boolean terminal, Boolean reopen) in E:\Program Files\better-genshin-impact-LCB\Test\MultiplayerHoeingAssistant.UnitTest\ServiceTests\TaskCenter\TaskCenterExternalStartAdmissionTests.cs:line 369
   at MultiplayerHoeingAssistant.UnitTest.ServiceTests.TaskCenter.TaskCenterExternalStartAdmissionTests.OriginalLedgerCausality_CurrentReceiptAndTerminal(Boolean terminal, Boolean reopen) in E:\Program Files\better-genshin-impact-LCB\Test\MultiplayerHoeingAssistant.UnitTest\ServiceTests\TaskCenter\TaskCenterExternalStartAdmissionTests.cs:line 372
--- End of stack trace from previous location ---
  失败 MultiplayerHoeingAssistant.UnitTest.ServiceTests.TaskCenter.TaskCenterExternalStartAdmissionTests.OriginalLedgerCausality_CurrentReceiptAndTerminal(terminal: False, reopen: True) [41 ms]
  错误消息:
   Assert.Equal() Failure: Values differ
Expected: 0
Actual:   1
  堆栈跟踪:
     at MultiplayerHoeingAssistant.UnitTest.ServiceTests.TaskCenter.TaskCenterExternalStartAdmissionTests.OriginalLedgerCausality_CurrentReceiptAndTerminal(Boolean terminal, Boolean reopen) in E:\Program Files\better-genshin-impact-LCB\Test\MultiplayerHoeingAssistant.UnitTest\ServiceTests\TaskCenter\TaskCenterExternalStartAdmissionTests.cs:line 369
   at MultiplayerHoeingAssistant.UnitTest.ServiceTests.TaskCenter.TaskCenterExternalStartAdmissionTests.OriginalLedgerCausality_CurrentReceiptAndTerminal(Boolean terminal, Boolean reopen) in E:\Program Files\better-genshin-impact-LCB\Test\MultiplayerHoeingAssistant.UnitTest\ServiceTests\TaskCenter\TaskCenterExternalStartAdmissionTests.cs:line 372
--- End of stack trace from previous location ---
  失败 MultiplayerHoeingAssistant.UnitTest.ServiceTests.TaskCenter.TaskCenterExternalStartAdmissionTests.OriginalLedgerCausality_CurrentReceiptAndTerminal(terminal: True, reopen: True) [37 ms]
  错误消息:
   Assert.Equal() Failure: Values differ
Expected: 0
Actual:   1
  堆栈跟踪:
     at MultiplayerHoeingAssistant.UnitTest.ServiceTests.TaskCenter.TaskCenterExternalStartAdmissionTests.OriginalLedgerCausality_CurrentReceiptAndTerminal(Boolean terminal, Boolean reopen) in E:\Program Files\better-genshin-impact-LCB\Test\MultiplayerHoeingAssistant.UnitTest\ServiceTests\TaskCenter\TaskCenterExternalStartAdmissionTests.cs:line 369
   at MultiplayerHoeingAssistant.UnitTest.ServiceTests.TaskCenter.TaskCenterExternalStartAdmissionTests.OriginalLedgerCausality_CurrentReceiptAndTerminal(Boolean terminal, Boolean reopen) in E:\Program Files\better-genshin-impact-LCB\Test\MultiplayerHoeingAssistant.UnitTest\ServiceTests\TaskCenter\TaskCenterExternalStartAdmissionTests.cs:line 372
--- End of stack trace from previous location ---
  失败 MultiplayerHoeingAssistant.UnitTest.ServiceTests.TaskCenter.TaskCenterExternalStartAdmissionTests.OriginalLateRound_HostArchivedResponsibility(archiveBeforeReceipt: True, archiveAfterTerminal: False, fault: "valid") [40 ms]
  错误消息:
   观察中保留 0；终局补写成功 0／失败 0；台账终态缺 PendingTerminal 0；租约/台账终局不一致 0；台账孤儿 0；冲突待决（归裁决入口） 0；载荷不完整（不驱动终局） 0；观察责任重绑 0；迟到受理回执接管 0；旧轮受理回执冲突阻断 0；旧轮 Accepted 终态结案 0；扫描事实自相矛盾组 1
  堆栈跟踪:
     at MultiplayerHoeingAssistant.UnitTest.ServiceTests.TaskCenter.TaskCenterExternalStartAdmissionTests.OriginalLateRound_HostArchivedResponsibility(Boolean archiveBeforeReceipt, Boolean archiveAfterTerminal, String fault) in E:\Program Files\better-genshin-impact-LCB\Test\MultiplayerHoeingAssistant.UnitTest\ServiceTests\TaskCenter\TaskCenterExternalStartAdmissionTests.cs:line 555
   at MultiplayerHoeingAssistant.UnitTest.ServiceTests.TaskCenter.TaskCenterExternalStartAdmissionTests.OriginalLateRound_HostArchivedResponsibility(Boolean archiveBeforeReceipt, Boolean archiveAfterTerminal, String fault) in E:\Program Files\better-genshin-impact-LCB\Test\MultiplayerHoeingAssistant.UnitTest\ServiceTests\TaskCenter\TaskCenterExternalStartAdmissionTests.cs:line 641
--- End of stack trace from previous location ---
  失败 MultiplayerHoeingAssistant.UnitTest.ServiceTests.TaskCenter.TaskCenterExternalStartAdmissionTests.OriginalLateRound_HostArchivedResponsibility(archiveBeforeReceipt: False, archiveAfterTerminal: False, fault: "causal-matrix") [51 ms]
  错误消息:
   观察中保留 0；终局补写成功 0／失败 0；台账终态缺 PendingTerminal 0；租约/台账终局不一致 0；台账孤儿 0；冲突待决（归裁决入口） 0；载荷不完整（不驱动终局） 0；观察责任重绑 0；迟到受理回执接管 0；旧轮受理回执冲突阻断 0；旧轮 Accepted 终态结案 0；扫描事实自相矛盾组 1
  堆栈跟踪:
     at MultiplayerHoeingAssistant.UnitTest.ServiceTests.TaskCenter.TaskCenterExternalStartAdmissionTests.OriginalLateRound_HostArchivedResponsibility(Boolean archiveBeforeReceipt, Boolean archiveAfterTerminal, String fault) in E:\Program Files\better-genshin-impact-LCB\Test\MultiplayerHoeingAssistant.UnitTest\ServiceTests\TaskCenter\TaskCenterExternalStartAdmissionTests.cs:line 555
   at MultiplayerHoeingAssistant.UnitTest.ServiceTests.TaskCenter.TaskCenterExternalStartAdmissionTests.OriginalLateRound_HostArchivedResponsibility(Boolean archiveBeforeReceipt, Boolean archiveAfterTerminal, String fault) in E:\Program Files\better-genshin-impact-LCB\Test\MultiplayerHoeingAssistant.UnitTest\ServiceTests\TaskCenter\TaskCenterExternalStartAdmissionTests.cs:line 641
--- End of stack trace from previous location ---
  失败 MultiplayerHoeingAssistant.UnitTest.ServiceTests.TaskCenter.TaskCenterExternalStartAdmissionTests.OriginalLateRound_HostArchivedResponsibility(archiveBeforeReceipt: True, archiveAfterTerminal: True, fault: "valid") [27 ms]
  错误消息:
   观察中保留 0；终局补写成功 0／失败 0；台账终态缺 PendingTerminal 0；租约/台账终局不一致 0；台账孤儿 0；冲突待决（归裁决入口） 0；载荷不完整（不驱动终局） 0；观察责任重绑 0；迟到受理回执接管 0；旧轮受理回执冲突阻断 0；旧轮 Accepted 终态结案 0；扫描事实自相矛盾组 1
  堆栈跟踪:
     at MultiplayerHoeingAssistant.UnitTest.ServiceTests.TaskCenter.TaskCenterExternalStartAdmissionTests.OriginalLateRound_HostArchivedResponsibility(Boolean archiveBeforeReceipt, Boolean archiveAfterTerminal, String fault) in E:\Program Files\better-genshin-impact-LCB\Test\MultiplayerHoeingAssistant.UnitTest\ServiceTests\TaskCenter\TaskCenterExternalStartAdmissionTests.cs:line 555
   at MultiplayerHoeingAssistant.UnitTest.ServiceTests.TaskCenter.TaskCenterExternalStartAdmissionTests.OriginalLateRound_HostArchivedResponsibility(Boolean archiveBeforeReceipt, Boolean archiveAfterTerminal, String fault) in E:\Program Files\better-genshin-impact-LCB\Test\MultiplayerHoeingAssistant.UnitTest\ServiceTests\TaskCenter\TaskCenterExternalStartAdmissionTests.cs:line 641
--- End of stack trace from previous location ---
  失败 MultiplayerHoeingAssistant.UnitTest.ServiceTests.TaskCenter.TaskCenterExternalStartAdmissionTests.OriginalLateRound_HostArchivedResponsibility(archiveBeforeReceipt: True, archiveAfterTerminal: True, fault: "causal-matrix") [58 ms]
  错误消息:
   观察中保留 0；终局补写成功 0／失败 0；台账终态缺 PendingTerminal 0；租约/台账终局不一致 0；台账孤儿 0；冲突待决（归裁决入口） 0；载荷不完整（不驱动终局） 0；观察责任重绑 0；迟到受理回执接管 0；旧轮受理回执冲突阻断 0；旧轮 Accepted 终态结案 0；扫描事实自相矛盾组 1
  堆栈跟踪:
     at MultiplayerHoeingAssistant.UnitTest.ServiceTests.TaskCenter.TaskCenterExternalStartAdmissionTests.OriginalLateRound_HostArchivedResponsibility(Boolean archiveBeforeReceipt, Boolean archiveAfterTerminal, String fault) in E:\Program Files\better-genshin-impact-LCB\Test\MultiplayerHoeingAssistant.UnitTest\ServiceTests\TaskCenter\TaskCenterExternalStartAdmissionTests.cs:line 555
   at MultiplayerHoeingAssistant.UnitTest.ServiceTests.TaskCenter.TaskCenterExternalStartAdmissionTests.OriginalLateRound_HostArchivedResponsibility(Boolean archiveBeforeReceipt, Boolean archiveAfterTerminal, String fault) in E:\Program Files\better-genshin-impact-LCB\Test\MultiplayerHoeingAssistant.UnitTest\ServiceTests\TaskCenter\TaskCenterExternalStartAdmissionTests.cs:line 641
--- End of stack trace from previous location ---
  失败 MultiplayerHoeingAssistant.UnitTest.ServiceTests.TaskCenter.TaskCenterExternalStartAdmissionTests.OriginalLateRound_HostArchivedResponsibility(archiveBeforeReceipt: False, archiveAfterTerminal: False, fault: "valid") [25 ms]
  错误消息:
   观察中保留 0；终局补写成功 0／失败 0；台账终态缺 PendingTerminal 0；租约/台账终局不一致 0；台账孤儿 0；冲突待决（归裁决入口） 0；载荷不完整（不驱动终局） 0；观察责任重绑 0；迟到受理回执接管 0；旧轮受理回执冲突阻断 0；旧轮 Accepted 终态结案 0；扫描事实自相矛盾组 1
  堆栈跟踪:
     at MultiplayerHoeingAssistant.UnitTest.ServiceTests.TaskCenter.TaskCenterExternalStartAdmissionTests.OriginalLateRound_HostArchivedResponsibility(Boolean archiveBeforeReceipt, Boolean archiveAfterTerminal, String fault) in E:\Program Files\better-genshin-impact-LCB\Test\MultiplayerHoeingAssistant.UnitTest\ServiceTests\TaskCenter\TaskCenterExternalStartAdmissionTests.cs:line 555
   at MultiplayerHoeingAssistant.UnitTest.ServiceTests.TaskCenter.TaskCenterExternalStartAdmissionTests.OriginalLateRound_HostArchivedResponsibility(Boolean archiveBeforeReceipt, Boolean archiveAfterTerminal, String fault) in E:\Program Files\better-genshin-impact-LCB\Test\MultiplayerHoeingAssistant.UnitTest\ServiceTests\TaskCenter\TaskCenterExternalStartAdmissionTests.cs:line 641
--- End of stack trace from previous location ---
[xUnit.net 00:00:00.76]     MultiplayerHoeingAssistant.UnitTest.ServiceTests.TaskCenter.TaskCenterExternalStartAdmissionTests.OriginalLateRound_HostArchivedResponsibility(archiveBeforeReceipt: True, archiveAfterTerminal: True, fault: "unconfirmed") [FAIL]
[xUnit.net 00:00:00.79]     MultiplayerHoeingAssistant.UnitTest.ServiceTests.TaskCenter.TaskCenterExternalStartAdmissionTests.OriginalLateRound_HostArchivedResponsibility(archiveBeforeReceipt: True, archiveAfterTerminal: True, fault: "wrong-time") [FAIL]
[xUnit.net 00:00:00.83]     MultiplayerHoeingAssistant.UnitTest.ServiceTests.TaskCenter.TaskCenterExternalStartAdmissionTests.OriginalLateRound_HostArchivedResponsibility(archiveBeforeReceipt: True, archiveAfterTerminal: False, fault: "causal-matrix") [FAIL]
[xUnit.net 00:00:00.86]     MultiplayerHoeingAssistant.UnitTest.ServiceTests.TaskCenter.TaskCenterExternalStartAdmissionTests.OriginalLateRound_HostArchivedResponsibility(archiveBeforeReceipt: False, archiveAfterTerminal: True, fault: "valid") [FAIL]
[xUnit.net 00:00:00.89]     MultiplayerHoeingAssistant.UnitTest.ServiceTests.TaskCenter.TaskCenterExternalStartAdmissionTests.OriginalLateRound_HostArchivedResponsibility(archiveBeforeReceipt: True, archiveAfterTerminal: True, fault: "wrong-terminal") [FAIL]
[xUnit.net 00:00:00.92]     MultiplayerHoeingAssistant.UnitTest.ServiceTests.TaskCenter.TaskCenterExternalStartAdmissionTests.OriginalLateRound_HostArchivedResponsibility(archiveBeforeReceipt: True, archiveAfterTerminal: True, fault: "missing-terminal") [FAIL]
[xUnit.net 00:00:00.97]     MultiplayerHoeingAssistant.UnitTest.ServiceTests.TaskCenter.TaskCenterExternalStartAdmissionTests.OriginalLateRound_HostArchivedResponsibility(archiveBeforeReceipt: False, archiveAfterTerminal: True, fault: "causal-matrix") [FAIL]
[xUnit.net 00:00:01.00]     MultiplayerHoeingAssistant.UnitTest.ServiceTests.TaskCenter.TaskCenterExternalStartAdmissionTests.OriginalLateRound_HostArchivedResponsibility(archiveBeforeReceipt: True, archiveAfterTerminal: True, fault: "wrong-job") [FAIL]
[xUnit.net 00:00:01.03]     MultiplayerHoeingAssistant.UnitTest.ServiceTests.TaskCenter.TaskCenterExternalStartAdmissionTests.OriginalLateRound_HostArchivedResponsibility(archiveBeforeReceipt: True, archiveAfterTerminal: True, fault: "wrong-source") [FAIL]
  失败 MultiplayerHoeingAssistant.UnitTest.ServiceTests.TaskCenter.TaskCenterExternalStartAdmissionTests.OriginalLateRound_HostArchivedResponsibility(archiveBeforeReceipt: True, archiveAfterTerminal: True, fault: "unconfirmed") [26 ms]
  错误消息:
   观察中保留 0；终局补写成功 0／失败 0；台账终态缺 PendingTerminal 0；租约/台账终局不一致 0；台账孤儿 0；冲突待决（归裁决入口） 0；载荷不完整（不驱动终局） 0；观察责任重绑 0；迟到受理回执接管 0；旧轮受理回执冲突阻断 0；旧轮 Accepted 终态结案 0；扫描事实自相矛盾组 1
  堆栈跟踪:
     at MultiplayerHoeingAssistant.UnitTest.ServiceTests.TaskCenter.TaskCenterExternalStartAdmissionTests.OriginalLateRound_HostArchivedResponsibility(Boolean archiveBeforeReceipt, Boolean archiveAfterTerminal, String fault) in E:\Program Files\better-genshin-impact-LCB\Test\MultiplayerHoeingAssistant.UnitTest\ServiceTests\TaskCenter\TaskCenterExternalStartAdmissionTests.cs:line 555
   at MultiplayerHoeingAssistant.UnitTest.ServiceTests.TaskCenter.TaskCenterExternalStartAdmissionTests.OriginalLateRound_HostArchivedResponsibility(Boolean archiveBeforeReceipt, Boolean archiveAfterTerminal, String fault) in E:\Program Files\better-genshin-impact-LCB\Test\MultiplayerHoeingAssistant.UnitTest\ServiceTests\TaskCenter\TaskCenterExternalStartAdmissionTests.cs:line 641
--- End of stack trace from previous location ---
  失败 MultiplayerHoeingAssistant.UnitTest.ServiceTests.TaskCenter.TaskCenterExternalStartAdmissionTests.OriginalLateRound_HostArchivedResponsibility(archiveBeforeReceipt: True, archiveAfterTerminal: True, fault: "wrong-time") [27 ms]
  错误消息:
   观察中保留 0；终局补写成功 0／失败 0；台账终态缺 PendingTerminal 0；租约/台账终局不一致 0；台账孤儿 0；冲突待决（归裁决入口） 0；载荷不完整（不驱动终局） 0；观察责任重绑 0；迟到受理回执接管 0；旧轮受理回执冲突阻断 0；旧轮 Accepted 终态结案 0；扫描事实自相矛盾组 1
  堆栈跟踪:
     at MultiplayerHoeingAssistant.UnitTest.ServiceTests.TaskCenter.TaskCenterExternalStartAdmissionTests.OriginalLateRound_HostArchivedResponsibility(Boolean archiveBeforeReceipt, Boolean archiveAfterTerminal, String fault) in E:\Program Files\better-genshin-impact-LCB\Test\MultiplayerHoeingAssistant.UnitTest\ServiceTests\TaskCenter\TaskCenterExternalStartAdmissionTests.cs:line 555
   at MultiplayerHoeingAssistant.UnitTest.ServiceTests.TaskCenter.TaskCenterExternalStartAdmissionTests.OriginalLateRound_HostArchivedResponsibility(Boolean archiveBeforeReceipt, Boolean archiveAfterTerminal, String fault) in E:\Program Files\better-genshin-impact-LCB\Test\MultiplayerHoeingAssistant.UnitTest\ServiceTests\TaskCenter\TaskCenterExternalStartAdmissionTests.cs:line 641
--- End of stack trace from previous location ---
  失败 MultiplayerHoeingAssistant.UnitTest.ServiceTests.TaskCenter.TaskCenterExternalStartAdmissionTests.OriginalLateRound_HostArchivedResponsibility(archiveBeforeReceipt: True, archiveAfterTerminal: False, fault: "causal-matrix") [48 ms]
  错误消息:
   观察中保留 0；终局补写成功 0／失败 0；台账终态缺 PendingTerminal 0；租约/台账终局不一致 0；台账孤儿 0；冲突待决（归裁决入口） 0；载荷不完整（不驱动终局） 0；观察责任重绑 0；迟到受理回执接管 0；旧轮受理回执冲突阻断 0；旧轮 Accepted 终态结案 0；扫描事实自相矛盾组 1
  堆栈跟踪:
     at MultiplayerHoeingAssistant.UnitTest.ServiceTests.TaskCenter.TaskCenterExternalStartAdmissionTests.OriginalLateRound_HostArchivedResponsibility(Boolean archiveBeforeReceipt, Boolean archiveAfterTerminal, String fault) in E:\Program Files\better-genshin-impact-LCB\Test\MultiplayerHoeingAssistant.UnitTest\ServiceTests\TaskCenter\TaskCenterExternalStartAdmissionTests.cs:line 555
   at MultiplayerHoeingAssistant.UnitTest.ServiceTests.TaskCenter.TaskCenterExternalStartAdmissionTests.OriginalLateRound_HostArchivedResponsibility(Boolean archiveBeforeReceipt, Boolean archiveAfterTerminal, String fault) in E:\Program Files\better-genshin-impact-LCB\Test\MultiplayerHoeingAssistant.UnitTest\ServiceTests\TaskCenter\TaskCenterExternalStartAdmissionTests.cs:line 641
--- End of stack trace from previous location ---
  失败 MultiplayerHoeingAssistant.UnitTest.ServiceTests.TaskCenter.TaskCenterExternalStartAdmissionTests.OriginalLateRound_HostArchivedResponsibility(archiveBeforeReceipt: False, archiveAfterTerminal: True, fault: "valid") [25 ms]
  错误消息:
   观察中保留 0；终局补写成功 0／失败 0；台账终态缺 PendingTerminal 0；租约/台账终局不一致 0；台账孤儿 0；冲突待决（归裁决入口） 0；载荷不完整（不驱动终局） 0；观察责任重绑 0；迟到受理回执接管 0；旧轮受理回执冲突阻断 0；旧轮 Accepted 终态结案 0；扫描事实自相矛盾组 1
  堆栈跟踪:
     at MultiplayerHoeingAssistant.UnitTest.ServiceTests.TaskCenter.TaskCenterExternalStartAdmissionTests.OriginalLateRound_HostArchivedResponsibility(Boolean archiveBeforeReceipt, Boolean archiveAfterTerminal, String fault) in E:\Program Files\better-genshin-impact-LCB\Test\MultiplayerHoeingAssistant.UnitTest\ServiceTests\TaskCenter\TaskCenterExternalStartAdmissionTests.cs:line 555
   at MultiplayerHoeingAssistant.UnitTest.ServiceTests.TaskCenter.TaskCenterExternalStartAdmissionTests.OriginalLateRound_HostArchivedResponsibility(Boolean archiveBeforeReceipt, Boolean archiveAfterTerminal, String fault) in E:\Program Files\better-genshin-impact-LCB\Test\MultiplayerHoeingAssistant.UnitTest\ServiceTests\TaskCenter\TaskCenterExternalStartAdmissionTests.cs:line 641
--- End of stack trace from previous location ---
  失败 MultiplayerHoeingAssistant.UnitTest.ServiceTests.TaskCenter.TaskCenterExternalStartAdmissionTests.OriginalLateRound_HostArchivedResponsibility(archiveBeforeReceipt: True, archiveAfterTerminal: True, fault: "wrong-terminal") [27 ms]
  错误消息:
   观察中保留 0；终局补写成功 0／失败 0；台账终态缺 PendingTerminal 0；租约/台账终局不一致 0；台账孤儿 0；冲突待决（归裁决入口） 0；载荷不完整（不驱动终局） 0；观察责任重绑 0；迟到受理回执接管 0；旧轮受理回执冲突阻断 0；旧轮 Accepted 终态结案 0；扫描事实自相矛盾组 1
  堆栈跟踪:
     at MultiplayerHoeingAssistant.UnitTest.ServiceTests.TaskCenter.TaskCenterExternalStartAdmissionTests.OriginalLateRound_HostArchivedResponsibility(Boolean archiveBeforeReceipt, Boolean archiveAfterTerminal, String fault) in E:\Program Files\better-genshin-impact-LCB\Test\MultiplayerHoeingAssistant.UnitTest\ServiceTests\TaskCenter\TaskCenterExternalStartAdmissionTests.cs:line 555
   at MultiplayerHoeingAssistant.UnitTest.ServiceTests.TaskCenter.TaskCenterExternalStartAdmissionTests.OriginalLateRound_HostArchivedResponsibility(Boolean archiveBeforeReceipt, Boolean archiveAfterTerminal, String fault) in E:\Program Files\better-genshin-impact-LCB\Test\MultiplayerHoeingAssistant.UnitTest\ServiceTests\TaskCenter\TaskCenterExternalStartAdmissionTests.cs:line 641
--- End of stack trace from previous location ---
  失败 MultiplayerHoeingAssistant.UnitTest.ServiceTests.TaskCenter.TaskCenterExternalStartAdmissionTests.OriginalLateRound_HostArchivedResponsibility(archiveBeforeReceipt: True, archiveAfterTerminal: True, fault: "missing-terminal") [33 ms]
  错误消息:
   观察中保留 0；终局补写成功 0／失败 0；台账终态缺 PendingTerminal 0；租约/台账终局不一致 0；台账孤儿 0；冲突待决（归裁决入口） 0；载荷不完整（不驱动终局） 0；观察责任重绑 0；迟到受理回执接管 0；旧轮受理回执冲突阻断 0；旧轮 Accepted 终态结案 0；扫描事实自相矛盾组 1
  堆栈跟踪:
     at MultiplayerHoeingAssistant.UnitTest.ServiceTests.TaskCenter.TaskCenterExternalStartAdmissionTests.OriginalLateRound_HostArchivedResponsibility(Boolean archiveBeforeReceipt, Boolean archiveAfterTerminal, String fault) in E:\Program Files\better-genshin-impact-LCB\Test\MultiplayerHoeingAssistant.UnitTest\ServiceTests\TaskCenter\TaskCenterExternalStartAdmissionTests.cs:line 555
   at MultiplayerHoeingAssistant.UnitTest.ServiceTests.TaskCenter.TaskCenterExternalStartAdmissionTests.OriginalLateRound_HostArchivedResponsibility(Boolean archiveBeforeReceipt, Boolean archiveAfterTerminal, String fault) in E:\Program Files\better-genshin-impact-LCB\Test\MultiplayerHoeingAssistant.UnitTest\ServiceTests\TaskCenter\TaskCenterExternalStartAdmissionTests.cs:line 641
--- End of stack trace from previous location ---
  失败 MultiplayerHoeingAssistant.UnitTest.ServiceTests.TaskCenter.TaskCenterExternalStartAdmissionTests.OriginalLateRound_HostArchivedResponsibility(archiveBeforeReceipt: False, archiveAfterTerminal: True, fault: "causal-matrix") [49 ms]
  错误消息:
   观察中保留 0；终局补写成功 0／失败 0；台账终态缺 PendingTerminal 0；租约/台账终局不一致 0；台账孤儿 0；冲突待决（归裁决入口） 0；载荷不完整（不驱动终局） 0；观察责任重绑 0；迟到受理回执接管 0；旧轮受理回执冲突阻断 0；旧轮 Accepted 终态结案 0；扫描事实自相矛盾组 1
  堆栈跟踪:
     at MultiplayerHoeingAssistant.UnitTest.ServiceTests.TaskCenter.TaskCenterExternalStartAdmissionTests.OriginalLateRound_HostArchivedResponsibility(Boolean archiveBeforeReceipt, Boolean archiveAfterTerminal, String fault) in E:\Program Files\better-genshin-impact-LCB\Test\MultiplayerHoeingAssistant.UnitTest\ServiceTests\TaskCenter\TaskCenterExternalStartAdmissionTests.cs:line 555
   at MultiplayerHoeingAssistant.UnitTest.ServiceTests.TaskCenter.TaskCenterExternalStartAdmissionTests.OriginalLateRound_HostArchivedResponsibility(Boolean archiveBeforeReceipt, Boolean archiveAfterTerminal, String fault) in E:\Program Files\better-genshin-impact-LCB\Test\MultiplayerHoeingAssistant.UnitTest\ServiceTests\TaskCenter\TaskCenterExternalStartAdmissionTests.cs:line 641
--- End of stack trace from previous location ---
  失败 MultiplayerHoeingAssistant.UnitTest.ServiceTests.TaskCenter.TaskCenterExternalStartAdmissionTests.OriginalLateRound_HostArchivedResponsibility(archiveBeforeReceipt: True, archiveAfterTerminal: True, fault: "wrong-job") [29 ms]
  错误消息:
   观察中保留 0；终局补写成功 0／失败 0；台账终态缺 PendingTerminal 0；租约/台账终局不一致 0；台账孤儿 0；冲突待决（归裁决入口） 0；载荷不完整（不驱动终局） 0；观察责任重绑 0；迟到受理回执接管 0；旧轮受理回执冲突阻断 0；旧轮 Accepted 终态结案 0；扫描事实自相矛盾组 1
  堆栈跟踪:
     at MultiplayerHoeingAssistant.UnitTest.ServiceTests.TaskCenter.TaskCenterExternalStartAdmissionTests.OriginalLateRound_HostArchivedResponsibility(Boolean archiveBeforeReceipt, Boolean archiveAfterTerminal, String fault) in E:\Program Files\better-genshin-impact-LCB\Test\MultiplayerHoeingAssistant.UnitTest\ServiceTests\TaskCenter\TaskCenterExternalStartAdmissionTests.cs:line 555
   at MultiplayerHoeingAssistant.UnitTest.ServiceTests.TaskCenter.TaskCenterExternalStartAdmissionTests.OriginalLateRound_HostArchivedResponsibility(Boolean archiveBeforeReceipt, Boolean archiveAfterTerminal, String fault) in E:\Program Files\better-genshin-impact-LCB\Test\MultiplayerHoeingAssistant.UnitTest\ServiceTests\TaskCenter\TaskCenterExternalStartAdmissionTests.cs:line 641
--- End of stack trace from previous location ---
  失败 MultiplayerHoeingAssistant.UnitTest.ServiceTests.TaskCenter.TaskCenterExternalStartAdmissionTests.OriginalLateRound_HostArchivedResponsibility(archiveBeforeReceipt: True, archiveAfterTerminal: True, fault: "wrong-source") [27 ms]
  错误消息:
   观察中保留 0；终局补写成功 0／失败 0；台账终态缺 PendingTerminal 0；租约/台账终局不一致 0；台账孤儿 0；冲突待决（归裁决入口） 0；载荷不完整（不驱动终局） 0；观察责任重绑 0；迟到受理回执接管 0；旧轮受理回执冲突阻断 0；旧轮 Accepted 终态结案 0；扫描事实自相矛盾组 1
  堆栈跟踪:
     at MultiplayerHoeingAssistant.UnitTest.ServiceTests.TaskCenter.TaskCenterExternalStartAdmissionTests.OriginalLateRound_HostArchivedResponsibility(Boolean archiveBeforeReceipt, Boolean archiveAfterTerminal, String fault) in E:\Program Files\better-genshin-impact-LCB\Test\MultiplayerHoeingAssistant.UnitTest\ServiceTests\TaskCenter\TaskCenterExternalStartAdmissionTests.cs:line 555
   at MultiplayerHoeingAssistant.UnitTest.ServiceTests.TaskCenter.TaskCenterExternalStartAdmissionTests.OriginalLateRound_HostArchivedResponsibility(Boolean archiveBeforeReceipt, Boolean archiveAfterTerminal, String fault) in E:\Program Files\better-genshin-impact-LCB\Test\MultiplayerHoeingAssistant.UnitTest\ServiceTests\TaskCenter\TaskCenterExternalStartAdmissionTests.cs:line 641
--- End of stack trace from previous location ---
[xUnit.net 00:00:01.05]     MultiplayerHoeingAssistant.UnitTest.ServiceTests.TaskCenter.TaskCenterExternalStartAdmissionTests.OriginalLateRound_CurrentTerminalArchiveReplays [FAIL]
  失败 MultiplayerHoeingAssistant.UnitTest.ServiceTests.TaskCenter.TaskCenterExternalStartAdmissionTests.OriginalLateRound_CurrentTerminalArchiveReplays [21 ms]
  错误消息:
   current original archived terminal replay: 观察中保留 0；终局补写成功 0／失败 0；台账终态缺 PendingTerminal 0；租约/台账终局不一致 0；台账孤儿 0；冲突待决（归裁决入口） 0；载荷不完整（不驱动终局） 0；观察责任重绑 0；迟到受理回执接管 0；旧轮受理回执冲突阻断 0；旧轮 Accepted 终态结案 0；扫描事实自相矛盾组 1
  堆栈跟踪:
     at MultiplayerHoeingAssistant.UnitTest.ServiceTests.TaskCenter.TaskCenterExternalStartAdmissionTests.OriginalLateRound_CurrentTerminalArchiveReplays() in E:\Program Files\better-genshin-impact-LCB\Test\MultiplayerHoeingAssistant.UnitTest\ServiceTests\TaskCenter\TaskCenterExternalStartAdmissionTests.cs:line 402
   at MultiplayerHoeingAssistant.UnitTest.ServiceTests.TaskCenter.TaskCenterExternalStartAdmissionTests.OriginalLateRound_CurrentTerminalArchiveReplays() in E:\Program Files\better-genshin-impact-LCB\Test\MultiplayerHoeingAssistant.UnitTest\ServiceTests\TaskCenter\TaskCenterExternalStartAdmissionTests.cs:line 417
--- End of stack trace from previous location ---
结果文件: E:\Program Files\better-genshin-impact-LCB\_workflow\local-wait-admission-gates-20261004\auto-relay-external-original-causality-20261004-from-01a1067e\mutations\M1-host-projection\mutant.trx

失败!  - 失败:    19，通过:     0，已跳过:     0，总计:    19，持续时间: 646 ms - MultiplayerHoeingAssistant.UnitTest.dll (net8.0)
