VSTest 版本 17.11.1 (x64)

正在启动测试执行，请稍候...
总共 1 个测试文件与指定模式相匹配。
[xUnit.net 00:00:00.32]     MultiplayerHoeingAssistant.UnitTest.ServiceTests.TaskCenter.HistoricalExecutionObservationTests.HistoricalObservation_DirectBoundSealsRejectConflictingOutcomeSet(fault: "duplicate-identity") [FAIL]
[xUnit.net 00:00:00.33]     MultiplayerHoeingAssistant.UnitTest.ServiceTests.TaskCenter.HistoricalExecutionObservationTests.HistoricalObservation_DirectBoundSealsRejectConflictingOutcomeSet(fault: "result") [FAIL]
[xUnit.net 00:00:00.33]     MultiplayerHoeingAssistant.UnitTest.ServiceTests.TaskCenter.HistoricalExecutionObservationTests.HistoricalObservation_DirectBoundSealsRejectConflictingOutcomeSet(fault: "duplicate-key") [FAIL]
  失败 MultiplayerHoeingAssistant.UnitTest.ServiceTests.TaskCenter.HistoricalExecutionObservationTests.HistoricalObservation_DirectBoundSealsRejectConflictingOutcomeSet(fault: "duplicate-identity") [81 ms]
  错误消息:
   Assert.Null() Failure: Value is not null
Expected: null
Actual:   TerminalReleaseSeal { Id = d58f45b7ce694c17a0549a1035e3cd31, Scope = node, RunId = run-47b06b6325f8, WireRunId = a15794e9dd68493faea9874024146b76, RecordRevision = 2, FactsHash = F8CD82854B1E9EADF79540074735006C530A1C0C3A19139EDF614BCB849A31AF, SubmissionIdentity = sub:original-request:1 }
  堆栈跟踪:
     at MultiplayerHoeingAssistant.UnitTest.ServiceTests.TaskCenter.HistoricalExecutionObservationTests.HistoricalObservation_DirectBoundSealsRejectConflictingOutcomeSet(String fault) in E:\Program Files\better-genshin-impact-LCB\Test\MultiplayerHoeingAssistant.UnitTest\ServiceTests\TaskCenter\HistoricalExecutionObservationTests.cs:line 111
   at System.RuntimeMethodHandle.InvokeMethod(Object target, Void** arguments, Signature sig, Boolean isConstructor)
   at System.Reflection.MethodBaseInvoker.InvokeDirectByRefWithFewArgs(Object obj, Span`1 copyOfArgs, BindingFlags invokeAttr)
  失败 MultiplayerHoeingAssistant.UnitTest.ServiceTests.TaskCenter.HistoricalExecutionObservationTests.HistoricalObservation_DirectBoundSealsRejectConflictingOutcomeSet(fault: "result") [4 ms]
  错误消息:
   Assert.Null() Failure: Value is not null
Expected: null
Actual:   TerminalReleaseSeal { Id = a1ed8af2880849b28fe4993d3d34c5e3, Scope = node, RunId = run-5e343be05859, WireRunId = 3a0f3eb38a834a2c9d5846ed0736b502, RecordRevision = 2, FactsHash = 79B74A477D25478365CEBD56A92C930FA43D1AB0363871B17DBB8A41AEB79CF4, SubmissionIdentity = sub:original-request:1 }
  堆栈跟踪:
     at MultiplayerHoeingAssistant.UnitTest.ServiceTests.TaskCenter.HistoricalExecutionObservationTests.HistoricalObservation_DirectBoundSealsRejectConflictingOutcomeSet(String fault) in E:\Program Files\better-genshin-impact-LCB\Test\MultiplayerHoeingAssistant.UnitTest\ServiceTests\TaskCenter\HistoricalExecutionObservationTests.cs:line 111
   at InvokeStub_HistoricalExecutionObservationTests.HistoricalObservation_DirectBoundSealsRejectConflictingOutcomeSet(Object, Span`1)
   at System.Reflection.MethodBaseInvoker.InvokeWithOneArg(Object obj, BindingFlags invokeAttr, Binder binder, Object[] parameters, CultureInfo culture)
  失败 MultiplayerHoeingAssistant.UnitTest.ServiceTests.TaskCenter.HistoricalExecutionObservationTests.HistoricalObservation_DirectBoundSealsRejectConflictingOutcomeSet(fault: "duplicate-key") [3 ms]
  错误消息:
   Assert.Null() Failure: Value is not null
Expected: null
Actual:   TerminalReleaseSeal { Id = e14fb9ea32da40f69cc675eb3af56e5f, Scope = node, RunId = run-354b60a7bb5d, WireRunId = 1a0a78579c974c5b93dd896c98e345f7, RecordRevision = 2, FactsHash = D668247090C59758DF5835F09BE3B36C06E110F75C073327A222016C37D305C5, SubmissionIdentity = sub:original-request:1 }
  堆栈跟踪:
     at MultiplayerHoeingAssistant.UnitTest.ServiceTests.TaskCenter.HistoricalExecutionObservationTests.HistoricalObservation_DirectBoundSealsRejectConflictingOutcomeSet(String fault) in E:\Program Files\better-genshin-impact-LCB\Test\MultiplayerHoeingAssistant.UnitTest\ServiceTests\TaskCenter\HistoricalExecutionObservationTests.cs:line 111
   at InvokeStub_HistoricalExecutionObservationTests.HistoricalObservation_DirectBoundSealsRejectConflictingOutcomeSet(Object, Span`1)
   at System.Reflection.MethodBaseInvoker.InvokeWithOneArg(Object obj, BindingFlags invokeAttr, Binder binder, Object[] parameters, CultureInfo culture)
结果文件: E:\Program Files\better-genshin-impact-LCB\_workflow\local-wait-admission-gates-20261004\auto-relay-history-outcome-20261004-from-01a10699\mutations\M2-node-seal\mutant.trx

失败!  - 失败:     3，通过:     0，已跳过:     0，总计:     3，持续时间: 6 ms - MultiplayerHoeingAssistant.UnitTest.dll (net8.0)
