<?xml version="1.0" encoding="utf-8"?>
<TestRun id="b829e16f-4830-4b0c-a3a0-ff83ce756a0a" name="kaedelcb@KAEDELCBPC 2026-10-04 18:08:17" runUser="KAEDELCBPC\kaedelcb" xmlns="http://microsoft.com/schemas/VisualStudio/TeamTest/2010">
  <Times creation="2026-10-04T18:08:17.4931259+08:00" queuing="2026-10-04T18:08:17.4931262+08:00" start="2026-10-04T18:08:16.5145240+08:00" finish="2026-10-04T18:08:17.4975787+08:00" />
  <TestSettings name="default" id="126a3fd4-80e3-4fa5-89c6-af9240e02835">
    <Deployment runDeploymentRoot="kaedelcb_KAEDELCBPC_2026-10-04_18_08_17" />
  </TestSettings>
  <Results>
    <UnitTestResult executionId="cfc73866-35f8-4c0c-b250-a949f024f56b" testId="5e8c0696-0313-450e-86e1-0a63e3daabac" testName="MultiplayerHoeingAssistant.UnitTest.ServiceTests.TaskCenter.TaskCenterSuccessorPathGateTests.OriginalMultiRound_HostExplicitRetriesUseOriginalFrozenRequest(handoff: False)" computerName="KAEDELCBPC" duration="00:00:00.0805165" startTime="2026-10-04T18:08:17.4331534+08:00" endTime="2026-10-04T18:08:17.4331535+08:00" testType="13cdc9d9-ddb5-4fa4-a97d-d965ccfc6d4b" outcome="Failed" testListId="8c84fa94-04c1-424b-9868-57a2d4851a1d" relativeResultsDirectory="cfc73866-35f8-4c0c-b250-a949f024f56b">
      <Output>
        <ErrorInfo>
          <Message>Assert.Equal() Failure: Values differ&#xD;
Expected: Succeeded&#xD;
Actual:   Unknown</Message>
          <StackTrace>   at MultiplayerHoeingAssistant.UnitTest.ServiceTests.TaskCenter.TaskCenterSuccessorPathGateTests.OriginalMultiRound_HostExplicitRetriesUseOriginalFrozenRequest(Boolean handoff) in E:\Program Files\better-genshin-impact-LCB\Test\MultiplayerHoeingAssistant.UnitTest\ServiceTests\TaskCenter\TaskCenterSuccessorPathGateTests.cs:line 465&#xD;
--- End of stack trace from previous location ---</StackTrace>
        </ErrorInfo>
      </Output>
    </UnitTestResult>
    <UnitTestResult executionId="0638d61d-61ca-400c-8b69-130bf1e4b54c" testId="7a7ba95a-0265-7cfd-8701-cf465b0a9365" testName="MultiplayerHoeingAssistant.UnitTest.ServiceTests.TaskCenter.TaskCenterSuccessorPathGateTests.OriginalMultiRound_HostExplicitRetriesUseOriginalFrozenRequest(handoff: True)" computerName="KAEDELCBPC" duration="00:00:00.3920919" startTime="2026-10-04T18:08:17.3537478+08:00" endTime="2026-10-04T18:08:17.3537558+08:00" testType="13cdc9d9-ddb5-4fa4-a97d-d965ccfc6d4b" outcome="Failed" testListId="8c84fa94-04c1-424b-9868-57a2d4851a1d" relativeResultsDirectory="0638d61d-61ca-400c-8b69-130bf1e4b54c">
      <Output>
        <ErrorInfo>
          <Message>Assert.Equal() Failure: Values differ&#xD;
Expected: Succeeded&#xD;
Actual:   Unknown</Message>
          <StackTrace>   at MultiplayerHoeingAssistant.UnitTest.ServiceTests.TaskCenter.TaskCenterSuccessorPathGateTests.OriginalMultiRound_HostExplicitRetriesUseOriginalFrozenRequest(Boolean handoff) in E:\Program Files\better-genshin-impact-LCB\Test\MultiplayerHoeingAssistant.UnitTest\ServiceTests\TaskCenter\TaskCenterSuccessorPathGateTests.cs:line 465&#xD;
--- End of stack trace from previous location ---</StackTrace>
        </ErrorInfo>
      </Output>
    </UnitTestResult>
  </Results>
  <TestDefinitions>
    <UnitTest name="MultiplayerHoeingAssistant.UnitTest.ServiceTests.TaskCenter.TaskCenterSuccessorPathGateTests.OriginalMultiRound_HostExplicitRetriesUseOriginalFrozenRequest(handoff: True)" storage="e:\program files\better-genshin-impact-lcb\_workflow\local-wait-admission-gates-20261004\g10-completion\products\multiplayerhoeingassistant.unittest.dll" id="7a7ba95a-0265-7cfd-8701-cf465b0a9365">
      <Execution id="0638d61d-61ca-400c-8b69-130bf1e4b54c" />
      <TestMethod codeBase="E:\Program Files\better-genshin-impact-LCB\_workflow\local-wait-admission-gates-20261004\g10-completion\products\MultiplayerHoeingAssistant.UnitTest.dll" adapterTypeName="executor://xunit/VsTestRunner2/netcoreapp" className="MultiplayerHoeingAssistant.UnitTest.ServiceTests.TaskCenter.TaskCenterSuccessorPathGateTests" name="OriginalMultiRound_HostExplicitRetriesUseOriginalFrozenRequest" />
    </UnitTest>
    <UnitTest name="MultiplayerHoeingAssistant.UnitTest.ServiceTests.TaskCenter.TaskCenterSuccessorPathGateTests.OriginalMultiRound_HostExplicitRetriesUseOriginalFrozenRequest(handoff: False)" storage="e:\program files\better-genshin-impact-lcb\_workflow\local-wait-admission-gates-20261004\g10-completion\products\multiplayerhoeingassistant.unittest.dll" id="5e8c0696-0313-450e-86e1-0a63e3daabac">
      <Execution id="cfc73866-35f8-4c0c-b250-a949f024f56b" />
      <TestMethod codeBase="E:\Program Files\better-genshin-impact-LCB\_workflow\local-wait-admission-gates-20261004\g10-completion\products\MultiplayerHoeingAssistant.UnitTest.dll" adapterTypeName="executor://xunit/VsTestRunner2/netcoreapp" className="MultiplayerHoeingAssistant.UnitTest.ServiceTests.TaskCenter.TaskCenterSuccessorPathGateTests" name="OriginalMultiRound_HostExplicitRetriesUseOriginalFrozenRequest" />
    </UnitTest>
  </TestDefinitions>
  <TestEntries>
    <TestEntry testId="5e8c0696-0313-450e-86e1-0a63e3daabac" executionId="cfc73866-35f8-4c0c-b250-a949f024f56b" testListId="8c84fa94-04c1-424b-9868-57a2d4851a1d" />
    <TestEntry testId="7a7ba95a-0265-7cfd-8701-cf465b0a9365" executionId="0638d61d-61ca-400c-8b69-130bf1e4b54c" testListId="8c84fa94-04c1-424b-9868-57a2d4851a1d" />
  </TestEntries>
  <TestLists>
    <TestList name="列表中未列出的结果" id="8c84fa94-04c1-424b-9868-57a2d4851a1d" />
    <TestList name="所有已加载的结果" id="19431567-8539-422a-85d7-44ee4e166bda" />
  </TestLists>
  <ResultSummary outcome="Failed">
    <Counters total="2" executed="2" passed="0" failed="2" error="0" timeout="0" aborted="0" inconclusive="0" passedButRunAborted="0" notRunnable="0" notExecuted="0" disconnected="0" warning="0" completed="0" inProgress="0" pending="0" />
    <Output>
      <StdOut>[xUnit.net 00:00:00.00] xUnit.net VSTest Adapter v2.5.3.1+6b60a9e56a (64-bit .NET 8.0.14)&#xD;
[xUnit.net 00:00:00.06]   Discovering: MultiplayerHoeingAssistant.UnitTest&#xD;
[xUnit.net 00:00:00.20]   Discovered:  MultiplayerHoeingAssistant.UnitTest&#xD;
[xUnit.net 00:00:00.20]   Starting:    MultiplayerHoeingAssistant.UnitTest&#xD;
[xUnit.net 00:00:00.62]       Assert.Equal() Failure: Values differ&#xD;
[xUnit.net 00:00:00.62]       Expected: Succeeded&#xD;
[xUnit.net 00:00:00.62]       Actual:   Unknown&#xD;
[xUnit.net 00:00:00.62]       Stack Trace:&#xD;
[xUnit.net 00:00:00.62]         E:\Program Files\better-genshin-impact-LCB\Test\MultiplayerHoeingAssistant.UnitTest\ServiceTests\TaskCenter\TaskCenterSuccessorPathGateTests.cs(465,0): at MultiplayerHoeingAssistant.UnitTest.ServiceTests.TaskCenter.TaskCenterSuccessorPathGateTests.OriginalMultiRound_HostExplicitRetriesUseOriginalFrozenRequest(Boolean handoff)&#xD;
[xUnit.net 00:00:00.62]         --- End of stack trace from previous location ---&#xD;
[xUnit.net 00:00:00.70]       Assert.Equal() Failure: Values differ&#xD;
[xUnit.net 00:00:00.70]       Expected: Succeeded&#xD;
[xUnit.net 00:00:00.70]       Actual:   Unknown&#xD;
[xUnit.net 00:00:00.70]       Stack Trace:&#xD;
[xUnit.net 00:00:00.70]         E:\Program Files\better-genshin-impact-LCB\Test\MultiplayerHoeingAssistant.UnitTest\ServiceTests\TaskCenter\TaskCenterSuccessorPathGateTests.cs(465,0): at MultiplayerHoeingAssistant.UnitTest.ServiceTests.TaskCenter.TaskCenterSuccessorPathGateTests.OriginalMultiRound_HostExplicitRetriesUseOriginalFrozenRequest(Boolean handoff)&#xD;
[xUnit.net 00:00:00.70]         --- End of stack trace from previous location ---&#xD;
[xUnit.net 00:00:00.71]   Finished:    MultiplayerHoeingAssistant.UnitTest&#xD;
</StdOut>
    </Output>
    <RunInfos>
      <RunInfo computerName="KAEDELCBPC" outcome="Error" timestamp="2026-10-04T18:08:17.3528310+08:00">
        <Text>[xUnit.net 00:00:00.62]     MultiplayerHoeingAssistant.UnitTest.ServiceTests.TaskCenter.TaskCenterSuccessorPathGateTests.OriginalMultiRound_HostExplicitRetriesUseOriginalFrozenRequest(handoff: True) [FAIL]</Text>
      </RunInfo>
      <RunInfo computerName="KAEDELCBPC" outcome="Error" timestamp="2026-10-04T18:08:17.4330862+08:00">
        <Text>[xUnit.net 00:00:00.70]     MultiplayerHoeingAssistant.UnitTest.ServiceTests.TaskCenter.TaskCenterSuccessorPathGateTests.OriginalMultiRound_HostExplicitRetriesUseOriginalFrozenRequest(handoff: False) [FAIL]</Text>
      </RunInfo>
    </RunInfos>
  </ResultSummary>
</TestRun>