VSTest 版本 17.11.1 (x64)

正在启动测试执行，请稍候...
总共 1 个测试文件与指定模式相匹配。
  失败 MultiplayerHoeingAssistant.UnitTest.ServiceTests.TaskCenter.TaskCenterSuccessorPathGateTests.OriginalMultiRound_HostExplicitRetriesUseOriginalFrozenRequest(handoff: True) [392 ms]
  错误消息:
   Assert.Equal() Failure: Values differ
Expected: Succeeded
Actual:   Unknown
  堆栈跟踪:
     at MultiplayerHoeingAssistant.UnitTest.ServiceTests.TaskCenter.TaskCenterSuccessorPathGateTests.OriginalMultiRound_HostExplicitRetriesUseOriginalFrozenRequest(Boolean handoff) in E:\Program Files\better-genshin-impact-LCB\Test\MultiplayerHoeingAssistant.UnitTest\ServiceTests\TaskCenter\TaskCenterSuccessorPathGateTests.cs:line 465
--- End of stack trace from previous location ---
  失败 MultiplayerHoeingAssistant.UnitTest.ServiceTests.TaskCenter.TaskCenterSuccessorPathGateTests.OriginalMultiRound_HostExplicitRetriesUseOriginalFrozenRequest(handoff: False) [80 ms]
  错误消息:
   Assert.Equal() Failure: Values differ
Expected: Succeeded
Actual:   Unknown
  堆栈跟踪:
     at MultiplayerHoeingAssistant.UnitTest.ServiceTests.TaskCenter.TaskCenterSuccessorPathGateTests.OriginalMultiRound_HostExplicitRetriesUseOriginalFrozenRequest(Boolean handoff) in E:\Program Files\better-genshin-impact-LCB\Test\MultiplayerHoeingAssistant.UnitTest\ServiceTests\TaskCenter\TaskCenterSuccessorPathGateTests.cs:line 465
--- End of stack trace from previous location ---
结果文件: E:\Program Files\better-genshin-impact-LCB\_workflow\local-wait-admission-gates-20261004\auto-relay-original-multiround-20261004-from-01a10639\multiround-context2.trx

失败!  - 失败:     2，通过:     0，已跳过:     0，总计:     2，持续时间: 79 ms - MultiplayerHoeingAssistant.UnitTest.dll (net8.0)
