VSTest 版本 17.11.1 (x64)

正在启动测试执行，请稍候...
总共 1 个测试文件与指定模式相匹配。
  失败 MultiplayerHoeingAssistant.UnitTest.ServiceTests.TaskCenter.TaskCenterSuccessorPathGateTests.OriginalMultiRound_HostExplicitRetriesUseOriginalFrozenRequest(handoff: True, scenario: "old-acceptance") [298 ms]
  错误消息:
   Xunit.Sdk.TrueException: invalid_mutation_state
   at Xunit.Assert.True(Nullable`1 condition, String userMessage) in /_/src/xunit.assert/Asserts/BooleanAsserts.cs:line 146
   at Xunit.Assert.True(Boolean condition, String userMessage) in /_/src/xunit.assert/Asserts/BooleanAsserts.cs:line 128
   at MultiplayerHoeingAssistant.UnitTest.ServiceTests.TaskCenter.TaskCenterSuccessorPathGateTests.<>c__DisplayClass3_0.<OriginalMultiRound_HostExplicitRetriesUseOriginalFrozenRequest>b__6(String _, AdmissionResultKind kind, String reason, String requestId, String identity, Int32 seq) in E:\Program Files\better-genshin-impact-LCB\Test\MultiplayerHoeingAssistant.UnitTest\ServiceTests\TaskCenter\TaskCenterSuccessorPathGateTests.cs:line 480
  堆栈跟踪:
     at MultiplayerHoeingAssistant.UnitTest.ServiceTests.TaskCenter.TaskCenterSuccessorPathGateTests.OriginalMultiRound_HostExplicitRetriesUseOriginalFrozenRequest(Boolean handoff, String scenario) in E:\Program Files\better-genshin-impact-LCB\Test\MultiplayerHoeingAssistant.UnitTest\ServiceTests\TaskCenter\TaskCenterSuccessorPathGateTests.cs:line 509
--- End of stack trace from previous location ---
  失败 MultiplayerHoeingAssistant.UnitTest.ServiceTests.TaskCenter.TaskCenterSuccessorPathGateTests.OriginalMultiRound_HostExplicitRetriesUseOriginalFrozenRequest(handoff: True, scenario: "duplicate-rejection") [54 ms]
  错误消息:
   Xunit.Sdk.TrueException: invalid_mutation_state
   at Xunit.Assert.True(Nullable`1 condition, String userMessage) in /_/src/xunit.assert/Asserts/BooleanAsserts.cs:line 146
   at Xunit.Assert.True(Boolean condition, String userMessage) in /_/src/xunit.assert/Asserts/BooleanAsserts.cs:line 128
   at MultiplayerHoeingAssistant.UnitTest.ServiceTests.TaskCenter.TaskCenterSuccessorPathGateTests.<>c__DisplayClass3_0.<OriginalMultiRound_HostExplicitRetriesUseOriginalFrozenRequest>b__6(String _, AdmissionResultKind kind, String reason, String requestId, String identity, Int32 seq) in E:\Program Files\better-genshin-impact-LCB\Test\MultiplayerHoeingAssistant.UnitTest\ServiceTests\TaskCenter\TaskCenterSuccessorPathGateTests.cs:line 480
  堆栈跟踪:
     at MultiplayerHoeingAssistant.UnitTest.ServiceTests.TaskCenter.TaskCenterSuccessorPathGateTests.OriginalMultiRound_HostExplicitRetriesUseOriginalFrozenRequest(Boolean handoff, String scenario) in E:\Program Files\better-genshin-impact-LCB\Test\MultiplayerHoeingAssistant.UnitTest\ServiceTests\TaskCenter\TaskCenterSuccessorPathGateTests.cs:line 509
--- End of stack trace from previous location ---
  失败 MultiplayerHoeingAssistant.UnitTest.ServiceTests.TaskCenter.TaskCenterSuccessorPathGateTests.OriginalMultiRound_HostExplicitRetriesUseOriginalFrozenRequest(handoff: False, scenario: "missing-rejection") [60 ms]
  错误消息:
   Xunit.Sdk.TrueException: invalid_mutation_state
   at Xunit.Assert.True(Nullable`1 condition, String userMessage) in /_/src/xunit.assert/Asserts/BooleanAsserts.cs:line 146
   at Xunit.Assert.True(Boolean condition, String userMessage) in /_/src/xunit.assert/Asserts/BooleanAsserts.cs:line 128
   at MultiplayerHoeingAssistant.UnitTest.ServiceTests.TaskCenter.TaskCenterSuccessorPathGateTests.<>c__DisplayClass3_0.<OriginalMultiRound_HostExplicitRetriesUseOriginalFrozenRequest>b__6(String _, AdmissionResultKind kind, String reason, String requestId, String identity, Int32 seq) in E:\Program Files\better-genshin-impact-LCB\Test\MultiplayerHoeingAssistant.UnitTest\ServiceTests\TaskCenter\TaskCenterSuccessorPathGateTests.cs:line 480
  堆栈跟踪:
     at MultiplayerHoeingAssistant.UnitTest.ServiceTests.TaskCenter.TaskCenterSuccessorPathGateTests.OriginalMultiRound_HostExplicitRetriesUseOriginalFrozenRequest(Boolean handoff, String scenario) in E:\Program Files\better-genshin-impact-LCB\Test\MultiplayerHoeingAssistant.UnitTest\ServiceTests\TaskCenter\TaskCenterSuccessorPathGateTests.cs:line 509
--- End of stack trace from previous location ---
  失败 MultiplayerHoeingAssistant.UnitTest.ServiceTests.TaskCenter.TaskCenterSuccessorPathGateTests.OriginalMultiRound_HostExplicitRetriesUseOriginalFrozenRequest(handoff: False, scenario: "duplicate-rejection") [60 ms]
  错误消息:
   Xunit.Sdk.TrueException: invalid_mutation_state
   at Xunit.Assert.True(Nullable`1 condition, String userMessage) in /_/src/xunit.assert/Asserts/BooleanAsserts.cs:line 146
   at Xunit.Assert.True(Boolean condition, String userMessage) in /_/src/xunit.assert/Asserts/BooleanAsserts.cs:line 128
   at MultiplayerHoeingAssistant.UnitTest.ServiceTests.TaskCenter.TaskCenterSuccessorPathGateTests.<>c__DisplayClass3_0.<OriginalMultiRound_HostExplicitRetriesUseOriginalFrozenRequest>b__6(String _, AdmissionResultKind kind, String reason, String requestId, String identity, Int32 seq) in E:\Program Files\better-genshin-impact-LCB\Test\MultiplayerHoeingAssistant.UnitTest\ServiceTests\TaskCenter\TaskCenterSuccessorPathGateTests.cs:line 480
  堆栈跟踪:
     at MultiplayerHoeingAssistant.UnitTest.ServiceTests.TaskCenter.TaskCenterSuccessorPathGateTests.OriginalMultiRound_HostExplicitRetriesUseOriginalFrozenRequest(Boolean handoff, String scenario) in E:\Program Files\better-genshin-impact-LCB\Test\MultiplayerHoeingAssistant.UnitTest\ServiceTests\TaskCenter\TaskCenterSuccessorPathGateTests.cs:line 509
--- End of stack trace from previous location ---
  失败 MultiplayerHoeingAssistant.UnitTest.ServiceTests.TaskCenter.TaskCenterSuccessorPathGateTests.OriginalMultiRound_HostExplicitRetriesUseOriginalFrozenRequest(handoff: True, scenario: "missing-rejection") [42 ms]
  错误消息:
   Xunit.Sdk.TrueException: invalid_mutation_state
   at Xunit.Assert.True(Nullable`1 condition, String userMessage) in /_/src/xunit.assert/Asserts/BooleanAsserts.cs:line 146
   at Xunit.Assert.True(Boolean condition, String userMessage) in /_/src/xunit.assert/Asserts/BooleanAsserts.cs:line 128
   at MultiplayerHoeingAssistant.UnitTest.ServiceTests.TaskCenter.TaskCenterSuccessorPathGateTests.<>c__DisplayClass3_0.<OriginalMultiRound_HostExplicitRetriesUseOriginalFrozenRequest>b__6(String _, AdmissionResultKind kind, String reason, String requestId, String identity, Int32 seq) in E:\Program Files\better-genshin-impact-LCB\Test\MultiplayerHoeingAssistant.UnitTest\ServiceTests\TaskCenter\TaskCenterSuccessorPathGateTests.cs:line 480
  堆栈跟踪:
     at MultiplayerHoeingAssistant.UnitTest.ServiceTests.TaskCenter.TaskCenterSuccessorPathGateTests.OriginalMultiRound_HostExplicitRetriesUseOriginalFrozenRequest(Boolean handoff, String scenario) in E:\Program Files\better-genshin-impact-LCB\Test\MultiplayerHoeingAssistant.UnitTest\ServiceTests\TaskCenter\TaskCenterSuccessorPathGateTests.cs:line 509
--- End of stack trace from previous location ---
  失败 MultiplayerHoeingAssistant.UnitTest.ServiceTests.TaskCenter.TaskCenterSuccessorPathGateTests.OriginalMultiRound_HostExplicitRetriesUseOriginalFrozenRequest(handoff: False, scenario: "old-acceptance") [59 ms]
  错误消息:
   Xunit.Sdk.TrueException: invalid_mutation_state
   at Xunit.Assert.True(Nullable`1 condition, String userMessage) in /_/src/xunit.assert/Asserts/BooleanAsserts.cs:line 146
   at Xunit.Assert.True(Boolean condition, String userMessage) in /_/src/xunit.assert/Asserts/BooleanAsserts.cs:line 128
   at MultiplayerHoeingAssistant.UnitTest.ServiceTests.TaskCenter.TaskCenterSuccessorPathGateTests.<>c__DisplayClass3_0.<OriginalMultiRound_HostExplicitRetriesUseOriginalFrozenRequest>b__6(String _, AdmissionResultKind kind, String reason, String requestId, String identity, Int32 seq) in E:\Program Files\better-genshin-impact-LCB\Test\MultiplayerHoeingAssistant.UnitTest\ServiceTests\TaskCenter\TaskCenterSuccessorPathGateTests.cs:line 480
  堆栈跟踪:
     at MultiplayerHoeingAssistant.UnitTest.ServiceTests.TaskCenter.TaskCenterSuccessorPathGateTests.OriginalMultiRound_HostExplicitRetriesUseOriginalFrozenRequest(Boolean handoff, String scenario) in E:\Program Files\better-genshin-impact-LCB\Test\MultiplayerHoeingAssistant.UnitTest\ServiceTests\TaskCenter\TaskCenterSuccessorPathGateTests.cs:line 509
--- End of stack trace from previous location ---
结果文件: E:\Program Files\better-genshin-impact-LCB\_workflow\local-wait-admission-gates-20261004\auto-relay-original-multiround-20261004-from-01a10639\prior-faults-red.trx

失败!  - 失败:     6，通过:     8，已跳过:     0，总计:    14，持续时间: 1 s - MultiplayerHoeingAssistant.UnitTest.dll (net8.0)
