<?xml version="1.0" encoding="utf-8"?>
<TestRun id="35d93da4-5eaa-4a7b-85ac-3fc4f1fb51c4" name="kaedelcb@KAEDELCBPC 2026-10-04 18:18:07" runUser="KAEDELCBPC\kaedelcb" xmlns="http://microsoft.com/schemas/VisualStudio/TeamTest/2010">
  <Times creation="2026-10-04T18:18:07.5765614+08:00" queuing="2026-10-04T18:18:07.5765615+08:00" start="2026-10-04T18:18:06.0578418+08:00" finish="2026-10-04T18:18:08.1636220+08:00" />
  <TestSettings name="default" id="741dc1e6-a848-4669-94f7-4fddfc615f5b">
    <Deployment runDeploymentRoot="kaedelcb_KAEDELCBPC_2026-10-04_18_18_07" />
  </TestSettings>
  <Results>
    <UnitTestResult executionId="fe0de7bf-7453-4885-9dfa-3e49cd29c696" testId="96c1e07d-4fd4-86e0-2f1a-175c32b69278" testName="MultiplayerHoeingAssistant.UnitTest.ServiceTests.TaskCenter.TaskCenterSuccessorPathGateTests.OriginalMultiRound_HostExplicitRetriesUseOriginalFrozenRequest(handoff: True, scenario: &quot;bad-nonce&quot;)" computerName="KAEDELCBPC" duration="00:00:00.1429843" startTime="2026-10-04T18:18:07.4918460+08:00" endTime="2026-10-04T18:18:07.4918462+08:00" testType="13cdc9d9-ddb5-4fa4-a97d-d965ccfc6d4b" outcome="Passed" testListId="8c84fa94-04c1-424b-9868-57a2d4851a1d" relativeResultsDirectory="fe0de7bf-7453-4885-9dfa-3e49cd29c696" />
    <UnitTestResult executionId="e9dda8ef-4211-4f06-a0ea-4acbbc05b685" testId="5d3445da-562e-54d7-33a3-bdf05ee8dcf8" testName="MultiplayerHoeingAssistant.UnitTest.ServiceTests.TaskCenter.TaskCenterSuccessorPathGateTests.OriginalMultiRound_HostExplicitRetriesUseOriginalFrozenRequest(handoff: True, scenario: &quot;duplicate-rejection&quot;)" computerName="KAEDELCBPC" duration="00:00:00.3002056" startTime="2026-10-04T18:18:06.8034950+08:00" endTime="2026-10-04T18:18:06.8035030+08:00" testType="13cdc9d9-ddb5-4fa4-a97d-d965ccfc6d4b" outcome="Passed" testListId="8c84fa94-04c1-424b-9868-57a2d4851a1d" relativeResultsDirectory="e9dda8ef-4211-4f06-a0ea-4acbbc05b685" />
    <UnitTestResult executionId="a9e2326f-87f1-4b44-b0a5-9b8a71fe16e4" testId="e3fdb3dc-10ef-43e6-5483-bf69127f337f" testName="MultiplayerHoeingAssistant.UnitTest.ServiceTests.TaskCenter.TaskCenterSuccessorPathGateTests.OriginalMultiRound_HostExplicitRetriesUseOriginalFrozenRequest(handoff: False, scenario: &quot;third-close-fault&quot;)" computerName="KAEDELCBPC" duration="00:00:00.1862262" startTime="2026-10-04T18:18:07.0590366+08:00" endTime="2026-10-04T18:18:07.0590368+08:00" testType="13cdc9d9-ddb5-4fa4-a97d-d965ccfc6d4b" outcome="Passed" testListId="8c84fa94-04c1-424b-9868-57a2d4851a1d" relativeResultsDirectory="a9e2326f-87f1-4b44-b0a5-9b8a71fe16e4" />
    <UnitTestResult executionId="f1380ea2-f1e6-4fd6-85b6-b8657eaae5db" testId="371ca1f8-7efd-462a-48a9-3d4416b6e836" testName="MultiplayerHoeingAssistant.UnitTest.ServiceTests.TaskCenter.TaskCenterSuccessorPathGateTests.OriginalMultiRound_HostExplicitRetriesUseOriginalFrozenRequest(handoff: False, scenario: &quot;valid&quot;)" computerName="KAEDELCBPC" duration="00:00:00.0774711" startTime="2026-10-04T18:18:07.8873949+08:00" endTime="2026-10-04T18:18:07.8873950+08:00" testType="13cdc9d9-ddb5-4fa4-a97d-d965ccfc6d4b" outcome="Passed" testListId="8c84fa94-04c1-424b-9868-57a2d4851a1d" relativeResultsDirectory="f1380ea2-f1e6-4fd6-85b6-b8657eaae5db" />
    <UnitTestResult executionId="29650bbe-30dc-419c-a84a-6517cfa72bf8" testId="6d0f06fe-3bae-ece3-3d18-ca24aa1293f5" testName="MultiplayerHoeingAssistant.UnitTest.ServiceTests.TaskCenter.TaskCenterSuccessorPathGateTests.OriginalMultiRound_HostExplicitRetriesUseOriginalFrozenRequest(handoff: False, scenario: &quot;duplicate-rejection&quot;)" computerName="KAEDELCBPC" duration="00:00:00.0566719" startTime="2026-10-04T18:18:07.5486128+08:00" endTime="2026-10-04T18:18:07.5486129+08:00" testType="13cdc9d9-ddb5-4fa4-a97d-d965ccfc6d4b" outcome="Passed" testListId="8c84fa94-04c1-424b-9868-57a2d4851a1d" relativeResultsDirectory="29650bbe-30dc-419c-a84a-6517cfa72bf8" />
    <UnitTestResult executionId="917fb85d-8911-4d9f-9985-da110e38ae00" testId="cb6d452b-854b-7009-2e57-b7a33f59fbb9" testName="MultiplayerHoeingAssistant.UnitTest.ServiceTests.TaskCenter.TaskCenterSuccessorPathGateTests.OriginalMultiRound_HostExplicitRetriesUseOriginalFrozenRequest(handoff: True, scenario: &quot;missing-rejection&quot;)" computerName="KAEDELCBPC" duration="00:00:00.0431040" startTime="2026-10-04T18:18:07.6702838+08:00" endTime="2026-10-04T18:18:07.6702839+08:00" testType="13cdc9d9-ddb5-4fa4-a97d-d965ccfc6d4b" outcome="Passed" testListId="8c84fa94-04c1-424b-9868-57a2d4851a1d" relativeResultsDirectory="917fb85d-8911-4d9f-9985-da110e38ae00" />
    <UnitTestResult executionId="134e95ae-9f3d-49a5-9b7a-fcc623a7ea45" testId="2bc06de5-c936-b4af-585a-028ef9bb02e4" testName="MultiplayerHoeingAssistant.UnitTest.ServiceTests.TaskCenter.TaskCenterSuccessorPathGateTests.OriginalMultiRound_HostExplicitRetriesUseOriginalFrozenRequest(handoff: True, scenario: &quot;third-close-fault&quot;)" computerName="KAEDELCBPC" duration="00:00:00.0875272" startTime="2026-10-04T18:18:07.9750056+08:00" endTime="2026-10-04T18:18:07.9750058+08:00" testType="13cdc9d9-ddb5-4fa4-a97d-d965ccfc6d4b" outcome="Passed" testListId="8c84fa94-04c1-424b-9868-57a2d4851a1d" relativeResultsDirectory="134e95ae-9f3d-49a5-9b7a-fcc623a7ea45" />
    <UnitTestResult executionId="1f7597cd-6d5a-493a-82da-60e8c43c2d91" testId="1072aba4-25f2-c838-890d-6486649c2e0b" testName="MultiplayerHoeingAssistant.UnitTest.ServiceTests.TaskCenter.TaskCenterSuccessorPathGateTests.OriginalMultiRound_HostExplicitRetriesUseOriginalFrozenRequest(handoff: True, scenario: &quot;missing-proof&quot;)" computerName="KAEDELCBPC" duration="00:00:00.0595162" startTime="2026-10-04T18:18:07.2712982+08:00" endTime="2026-10-04T18:18:07.2712982+08:00" testType="13cdc9d9-ddb5-4fa4-a97d-d965ccfc6d4b" outcome="Passed" testListId="8c84fa94-04c1-424b-9868-57a2d4851a1d" relativeResultsDirectory="1f7597cd-6d5a-493a-82da-60e8c43c2d91" />
    <UnitTestResult executionId="b201a193-4425-4904-8419-bde83dd15127" testId="be9c75b0-35e8-3679-97f2-39d313e8cfd8" testName="MultiplayerHoeingAssistant.UnitTest.ServiceTests.TaskCenter.TaskCenterSuccessorPathGateTests.OriginalMultiRound_HostExplicitRetriesUseOriginalFrozenRequest(handoff: False, scenario: &quot;third-unknown&quot;)" computerName="KAEDELCBPC" duration="00:00:00.1394498" startTime="2026-10-04T18:18:07.8098300+08:00" endTime="2026-10-04T18:18:07.8098301+08:00" testType="13cdc9d9-ddb5-4fa4-a97d-d965ccfc6d4b" outcome="Passed" testListId="8c84fa94-04c1-424b-9868-57a2d4851a1d" relativeResultsDirectory="b201a193-4425-4904-8419-bde83dd15127" />
    <UnitTestResult executionId="0e4b823b-873d-412d-a616-4a18af9c805e" testId="c4bce08e-ea9e-a3a5-1b57-6c8f80477d99" testName="MultiplayerHoeingAssistant.UnitTest.ServiceTests.TaskCenter.TaskCenterSuccessorPathGateTests.OriginalMultiRound_HostExplicitRetriesUseOriginalFrozenRequest(handoff: False, scenario: &quot;bad-nonce&quot;)" computerName="KAEDELCBPC" duration="00:00:00.0592126" startTime="2026-10-04T18:18:07.1184165+08:00" endTime="2026-10-04T18:18:07.1184166+08:00" testType="13cdc9d9-ddb5-4fa4-a97d-d965ccfc6d4b" outcome="Passed" testListId="8c84fa94-04c1-424b-9868-57a2d4851a1d" relativeResultsDirectory="0e4b823b-873d-412d-a616-4a18af9c805e" />
    <UnitTestResult executionId="f6247cd1-b68f-475b-ba3a-84d5d1038a69" testId="7040755b-348e-0055-1092-921d446c63fd" testName="MultiplayerHoeingAssistant.UnitTest.ServiceTests.TaskCenter.TaskCenterSuccessorPathGateTests.OriginalMultiRound_HostExplicitRetriesUseOriginalFrozenRequest(handoff: False, scenario: &quot;missing-proof&quot;)" computerName="KAEDELCBPC" duration="00:00:00.0783652" startTime="2026-10-04T18:18:07.6270660+08:00" endTime="2026-10-04T18:18:07.6270661+08:00" testType="13cdc9d9-ddb5-4fa4-a97d-d965ccfc6d4b" outcome="Passed" testListId="8c84fa94-04c1-424b-9868-57a2d4851a1d" relativeResultsDirectory="f6247cd1-b68f-475b-ba3a-84d5d1038a69" />
    <UnitTestResult executionId="d7f44a29-4b46-4a3e-93b7-9947f87a9123" testId="ec2b9462-1f12-199e-e2fd-e68ca0dfc04d" testName="MultiplayerHoeingAssistant.UnitTest.ServiceTests.TaskCenter.TaskCenterSuccessorPathGateTests.OriginalMultiRound_HostExplicitRetriesUseOriginalFrozenRequest(handoff: False, scenario: &quot;missing-rejection&quot;)" computerName="KAEDELCBPC" duration="00:00:00.0692987" startTime="2026-10-04T18:18:06.8727307+08:00" endTime="2026-10-04T18:18:06.8727307+08:00" testType="13cdc9d9-ddb5-4fa4-a97d-d965ccfc6d4b" outcome="Passed" testListId="8c84fa94-04c1-424b-9868-57a2d4851a1d" relativeResultsDirectory="d7f44a29-4b46-4a3e-93b7-9947f87a9123" />
    <UnitTestResult executionId="30543978-75cb-44bd-a74d-651baddf3fb4" testId="0631b4cd-704c-bf11-738a-adc8ff19e89c" testName="MultiplayerHoeingAssistant.UnitTest.ServiceTests.TaskCenter.TaskCenterSuccessorPathGateTests.OriginalMultiRound_HostExplicitRetriesUseOriginalFrozenRequest(handoff: True, scenario: &quot;payload-drift&quot;)" computerName="KAEDELCBPC" duration="00:00:00.0487663" startTime="2026-10-04T18:18:08.0238474+08:00" endTime="2026-10-04T18:18:08.0238475+08:00" testType="13cdc9d9-ddb5-4fa4-a97d-d965ccfc6d4b" outcome="Passed" testListId="8c84fa94-04c1-424b-9868-57a2d4851a1d" relativeResultsDirectory="30543978-75cb-44bd-a74d-651baddf3fb4" />
    <UnitTestResult executionId="c74f9c6a-53d6-49e3-8ab2-bd62f8904f26" testId="ffb90e0d-48ab-d7e4-cbbf-e618e69ae718" testName="MultiplayerHoeingAssistant.UnitTest.ServiceTests.TaskCenter.TaskCenterSuccessorPathGateTests.OriginalMultiRound_HostExplicitRetriesUseOriginalFrozenRequest(handoff: False, scenario: &quot;payload-drift&quot;)" computerName="KAEDELCBPC" duration="00:00:00.0773600" startTime="2026-10-04T18:18:07.3487632+08:00" endTime="2026-10-04T18:18:07.3487633+08:00" testType="13cdc9d9-ddb5-4fa4-a97d-d965ccfc6d4b" outcome="Passed" testListId="8c84fa94-04c1-424b-9868-57a2d4851a1d" relativeResultsDirectory="c74f9c6a-53d6-49e3-8ab2-bd62f8904f26" />
    <UnitTestResult executionId="9f05eb08-78bf-4c93-9f54-91c8c43a6f01" testId="5199a90d-6070-dd26-0869-46f6ff97a603" testName="MultiplayerHoeingAssistant.UnitTest.ServiceTests.TaskCenter.TaskCenterSuccessorPathGateTests.OriginalMultiRound_HostExplicitRetriesUseOriginalFrozenRequest(handoff: True, scenario: &quot;valid&quot;)" computerName="KAEDELCBPC" duration="00:00:00.0933110" startTime="2026-10-04T18:18:07.2117139+08:00" endTime="2026-10-04T18:18:07.2117140+08:00" testType="13cdc9d9-ddb5-4fa4-a97d-d965ccfc6d4b" outcome="Passed" testListId="8c84fa94-04c1-424b-9868-57a2d4851a1d" relativeResultsDirectory="9f05eb08-78bf-4c93-9f54-91c8c43a6f01" />
    <UnitTestResult executionId="a06d74b4-3938-4c7f-bea4-1b2af291d660" testId="c1680a4f-c676-5bc5-b712-31fc5c4655e5" testName="MultiplayerHoeingAssistant.UnitTest.ServiceTests.TaskCenter.TaskCenterSuccessorPathGateTests.OriginalMultiRound_HostExplicitRetriesUseOriginalFrozenRequest(handoff: True, scenario: &quot;third-unknown&quot;)" computerName="KAEDELCBPC" duration="00:00:00.1042537" startTime="2026-10-04T18:18:08.1282142+08:00" endTime="2026-10-04T18:18:08.1282144+08:00" testType="13cdc9d9-ddb5-4fa4-a97d-d965ccfc6d4b" outcome="Passed" testListId="8c84fa94-04c1-424b-9868-57a2d4851a1d" relativeResultsDirectory="a06d74b4-3938-4c7f-bea4-1b2af291d660" />
  </Results>
  <TestDefinitions>
    <UnitTest name="MultiplayerHoeingAssistant.UnitTest.ServiceTests.TaskCenter.TaskCenterSuccessorPathGateTests.OriginalMultiRound_HostExplicitRetriesUseOriginalFrozenRequest(handoff: False, scenario: &quot;valid&quot;)" storage="e:\program files\better-genshin-impact-lcb\_workflow\local-wait-admission-gates-20261004\g10-completion\products\multiplayerhoeingassistant.unittest.dll" id="371ca1f8-7efd-462a-48a9-3d4416b6e836">
      <Execution id="f1380ea2-f1e6-4fd6-85b6-b8657eaae5db" />
      <TestMethod codeBase="E:\Program Files\better-genshin-impact-LCB\_workflow\local-wait-admission-gates-20261004\g10-completion\products\MultiplayerHoeingAssistant.UnitTest.dll" adapterTypeName="executor://xunit/VsTestRunner2/netcoreapp" className="MultiplayerHoeingAssistant.UnitTest.ServiceTests.TaskCenter.TaskCenterSuccessorPathGateTests" name="OriginalMultiRound_HostExplicitRetriesUseOriginalFrozenRequest" />
    </UnitTest>
    <UnitTest name="MultiplayerHoeingAssistant.UnitTest.ServiceTests.TaskCenter.TaskCenterSuccessorPathGateTests.OriginalMultiRound_HostExplicitRetriesUseOriginalFrozenRequest(handoff: False, scenario: &quot;third-close-fault&quot;)" storage="e:\program files\better-genshin-impact-lcb\_workflow\local-wait-admission-gates-20261004\g10-completion\products\multiplayerhoeingassistant.unittest.dll" id="e3fdb3dc-10ef-43e6-5483-bf69127f337f">
      <Execution id="a9e2326f-87f1-4b44-b0a5-9b8a71fe16e4" />
      <TestMethod codeBase="E:\Program Files\better-genshin-impact-LCB\_workflow\local-wait-admission-gates-20261004\g10-completion\products\MultiplayerHoeingAssistant.UnitTest.dll" adapterTypeName="executor://xunit/VsTestRunner2/netcoreapp" className="MultiplayerHoeingAssistant.UnitTest.ServiceTests.TaskCenter.TaskCenterSuccessorPathGateTests" name="OriginalMultiRound_HostExplicitRetriesUseOriginalFrozenRequest" />
    </UnitTest>
    <UnitTest name="MultiplayerHoeingAssistant.UnitTest.ServiceTests.TaskCenter.TaskCenterSuccessorPathGateTests.OriginalMultiRound_HostExplicitRetriesUseOriginalFrozenRequest(handoff: False, scenario: &quot;third-unknown&quot;)" storage="e:\program files\better-genshin-impact-lcb\_workflow\local-wait-admission-gates-20261004\g10-completion\products\multiplayerhoeingassistant.unittest.dll" id="be9c75b0-35e8-3679-97f2-39d313e8cfd8">
      <Execution id="b201a193-4425-4904-8419-bde83dd15127" />
      <TestMethod codeBase="E:\Program Files\better-genshin-impact-LCB\_workflow\local-wait-admission-gates-20261004\g10-completion\products\MultiplayerHoeingAssistant.UnitTest.dll" adapterTypeName="executor://xunit/VsTestRunner2/netcoreapp" className="MultiplayerHoeingAssistant.UnitTest.ServiceTests.TaskCenter.TaskCenterSuccessorPathGateTests" name="OriginalMultiRound_HostExplicitRetriesUseOriginalFrozenRequest" />
    </UnitTest>
    <UnitTest name="MultiplayerHoeingAssistant.UnitTest.ServiceTests.TaskCenter.TaskCenterSuccessorPathGateTests.OriginalMultiRound_HostExplicitRetriesUseOriginalFrozenRequest(handoff: True, scenario: &quot;missing-proof&quot;)" storage="e:\program files\better-genshin-impact-lcb\_workflow\local-wait-admission-gates-20261004\g10-completion\products\multiplayerhoeingassistant.unittest.dll" id="1072aba4-25f2-c838-890d-6486649c2e0b">
      <Execution id="1f7597cd-6d5a-493a-82da-60e8c43c2d91" />
      <TestMethod codeBase="E:\Program Files\better-genshin-impact-LCB\_workflow\local-wait-admission-gates-20261004\g10-completion\products\MultiplayerHoeingAssistant.UnitTest.dll" adapterTypeName="executor://xunit/VsTestRunner2/netcoreapp" className="MultiplayerHoeingAssistant.UnitTest.ServiceTests.TaskCenter.TaskCenterSuccessorPathGateTests" name="OriginalMultiRound_HostExplicitRetriesUseOriginalFrozenRequest" />
    </UnitTest>
    <UnitTest name="MultiplayerHoeingAssistant.UnitTest.ServiceTests.TaskCenter.TaskCenterSuccessorPathGateTests.OriginalMultiRound_HostExplicitRetriesUseOriginalFrozenRequest(handoff: False, scenario: &quot;duplicate-rejection&quot;)" storage="e:\program files\better-genshin-impact-lcb\_workflow\local-wait-admission-gates-20261004\g10-completion\products\multiplayerhoeingassistant.unittest.dll" id="6d0f06fe-3bae-ece3-3d18-ca24aa1293f5">
      <Execution id="29650bbe-30dc-419c-a84a-6517cfa72bf8" />
      <TestMethod codeBase="E:\Program Files\better-genshin-impact-LCB\_workflow\local-wait-admission-gates-20261004\g10-completion\products\MultiplayerHoeingAssistant.UnitTest.dll" adapterTypeName="executor://xunit/VsTestRunner2/netcoreapp" className="MultiplayerHoeingAssistant.UnitTest.ServiceTests.TaskCenter.TaskCenterSuccessorPathGateTests" name="OriginalMultiRound_HostExplicitRetriesUseOriginalFrozenRequest" />
    </UnitTest>
    <UnitTest name="MultiplayerHoeingAssistant.UnitTest.ServiceTests.TaskCenter.TaskCenterSuccessorPathGateTests.OriginalMultiRound_HostExplicitRetriesUseOriginalFrozenRequest(handoff: False, scenario: &quot;payload-drift&quot;)" storage="e:\program files\better-genshin-impact-lcb\_workflow\local-wait-admission-gates-20261004\g10-completion\products\multiplayerhoeingassistant.unittest.dll" id="ffb90e0d-48ab-d7e4-cbbf-e618e69ae718">
      <Execution id="c74f9c6a-53d6-49e3-8ab2-bd62f8904f26" />
      <TestMethod codeBase="E:\Program Files\better-genshin-impact-LCB\_workflow\local-wait-admission-gates-20261004\g10-completion\products\MultiplayerHoeingAssistant.UnitTest.dll" adapterTypeName="executor://xunit/VsTestRunner2/netcoreapp" className="MultiplayerHoeingAssistant.UnitTest.ServiceTests.TaskCenter.TaskCenterSuccessorPathGateTests" name="OriginalMultiRound_HostExplicitRetriesUseOriginalFrozenRequest" />
    </UnitTest>
    <UnitTest name="MultiplayerHoeingAssistant.UnitTest.ServiceTests.TaskCenter.TaskCenterSuccessorPathGateTests.OriginalMultiRound_HostExplicitRetriesUseOriginalFrozenRequest(handoff: False, scenario: &quot;missing-proof&quot;)" storage="e:\program files\better-genshin-impact-lcb\_workflow\local-wait-admission-gates-20261004\g10-completion\products\multiplayerhoeingassistant.unittest.dll" id="7040755b-348e-0055-1092-921d446c63fd">
      <Execution id="f6247cd1-b68f-475b-ba3a-84d5d1038a69" />
      <TestMethod codeBase="E:\Program Files\better-genshin-impact-LCB\_workflow\local-wait-admission-gates-20261004\g10-completion\products\MultiplayerHoeingAssistant.UnitTest.dll" adapterTypeName="executor://xunit/VsTestRunner2/netcoreapp" className="MultiplayerHoeingAssistant.UnitTest.ServiceTests.TaskCenter.TaskCenterSuccessorPathGateTests" name="OriginalMultiRound_HostExplicitRetriesUseOriginalFrozenRequest" />
    </UnitTest>
    <UnitTest name="MultiplayerHoeingAssistant.UnitTest.ServiceTests.TaskCenter.TaskCenterSuccessorPathGateTests.OriginalMultiRound_HostExplicitRetriesUseOriginalFrozenRequest(handoff: False, scenario: &quot;bad-nonce&quot;)" storage="e:\program files\better-genshin-impact-lcb\_workflow\local-wait-admission-gates-20261004\g10-completion\products\multiplayerhoeingassistant.unittest.dll" id="c4bce08e-ea9e-a3a5-1b57-6c8f80477d99">
      <Execution id="0e4b823b-873d-412d-a616-4a18af9c805e" />
      <TestMethod codeBase="E:\Program Files\better-genshin-impact-LCB\_workflow\local-wait-admission-gates-20261004\g10-completion\products\MultiplayerHoeingAssistant.UnitTest.dll" adapterTypeName="executor://xunit/VsTestRunner2/netcoreapp" className="MultiplayerHoeingAssistant.UnitTest.ServiceTests.TaskCenter.TaskCenterSuccessorPathGateTests" name="OriginalMultiRound_HostExplicitRetriesUseOriginalFrozenRequest" />
    </UnitTest>
    <UnitTest name="MultiplayerHoeingAssistant.UnitTest.ServiceTests.TaskCenter.TaskCenterSuccessorPathGateTests.OriginalMultiRound_HostExplicitRetriesUseOriginalFrozenRequest(handoff: True, scenario: &quot;valid&quot;)" storage="e:\program files\better-genshin-impact-lcb\_workflow\local-wait-admission-gates-20261004\g10-completion\products\multiplayerhoeingassistant.unittest.dll" id="5199a90d-6070-dd26-0869-46f6ff97a603">
      <Execution id="9f05eb08-78bf-4c93-9f54-91c8c43a6f01" />
      <TestMethod codeBase="E:\Program Files\better-genshin-impact-LCB\_workflow\local-wait-admission-gates-20261004\g10-completion\products\MultiplayerHoeingAssistant.UnitTest.dll" adapterTypeName="executor://xunit/VsTestRunner2/netcoreapp" className="MultiplayerHoeingAssistant.UnitTest.ServiceTests.TaskCenter.TaskCenterSuccessorPathGateTests" name="OriginalMultiRound_HostExplicitRetriesUseOriginalFrozenRequest" />
    </UnitTest>
    <UnitTest name="MultiplayerHoeingAssistant.UnitTest.ServiceTests.TaskCenter.TaskCenterSuccessorPathGateTests.OriginalMultiRound_HostExplicitRetriesUseOriginalFrozenRequest(handoff: True, scenario: &quot;payload-drift&quot;)" storage="e:\program files\better-genshin-impact-lcb\_workflow\local-wait-admission-gates-20261004\g10-completion\products\multiplayerhoeingassistant.unittest.dll" id="0631b4cd-704c-bf11-738a-adc8ff19e89c">
      <Execution id="30543978-75cb-44bd-a74d-651baddf3fb4" />
      <TestMethod codeBase="E:\Program Files\better-genshin-impact-LCB\_workflow\local-wait-admission-gates-20261004\g10-completion\products\MultiplayerHoeingAssistant.UnitTest.dll" adapterTypeName="executor://xunit/VsTestRunner2/netcoreapp" className="MultiplayerHoeingAssistant.UnitTest.ServiceTests.TaskCenter.TaskCenterSuccessorPathGateTests" name="OriginalMultiRound_HostExplicitRetriesUseOriginalFrozenRequest" />
    </UnitTest>
    <UnitTest name="MultiplayerHoeingAssistant.UnitTest.ServiceTests.TaskCenter.TaskCenterSuccessorPathGateTests.OriginalMultiRound_HostExplicitRetriesUseOriginalFrozenRequest(handoff: True, scenario: &quot;missing-rejection&quot;)" storage="e:\program files\better-genshin-impact-lcb\_workflow\local-wait-admission-gates-20261004\g10-completion\products\multiplayerhoeingassistant.unittest.dll" id="cb6d452b-854b-7009-2e57-b7a33f59fbb9">
      <Execution id="917fb85d-8911-4d9f-9985-da110e38ae00" />
      <TestMethod codeBase="E:\Program Files\better-genshin-impact-LCB\_workflow\local-wait-admission-gates-20261004\g10-completion\products\MultiplayerHoeingAssistant.UnitTest.dll" adapterTypeName="executor://xunit/VsTestRunner2/netcoreapp" className="MultiplayerHoeingAssistant.UnitTest.ServiceTests.TaskCenter.TaskCenterSuccessorPathGateTests" name="OriginalMultiRound_HostExplicitRetriesUseOriginalFrozenRequest" />
    </UnitTest>
    <UnitTest name="MultiplayerHoeingAssistant.UnitTest.ServiceTests.TaskCenter.TaskCenterSuccessorPathGateTests.OriginalMultiRound_HostExplicitRetriesUseOriginalFrozenRequest(handoff: True, scenario: &quot;duplicate-rejection&quot;)" storage="e:\program files\better-genshin-impact-lcb\_workflow\local-wait-admission-gates-20261004\g10-completion\products\multiplayerhoeingassistant.unittest.dll" id="5d3445da-562e-54d7-33a3-bdf05ee8dcf8">
      <Execution id="e9dda8ef-4211-4f06-a0ea-4acbbc05b685" />
      <TestMethod codeBase="E:\Program Files\better-genshin-impact-LCB\_workflow\local-wait-admission-gates-20261004\g10-completion\products\MultiplayerHoeingAssistant.UnitTest.dll" adapterTypeName="executor://xunit/VsTestRunner2/netcoreapp" className="MultiplayerHoeingAssistant.UnitTest.ServiceTests.TaskCenter.TaskCenterSuccessorPathGateTests" name="OriginalMultiRound_HostExplicitRetriesUseOriginalFrozenRequest" />
    </UnitTest>
    <UnitTest name="MultiplayerHoeingAssistant.UnitTest.ServiceTests.TaskCenter.TaskCenterSuccessorPathGateTests.OriginalMultiRound_HostExplicitRetriesUseOriginalFrozenRequest(handoff: True, scenario: &quot;third-close-fault&quot;)" storage="e:\program files\better-genshin-impact-lcb\_workflow\local-wait-admission-gates-20261004\g10-completion\products\multiplayerhoeingassistant.unittest.dll" id="2bc06de5-c936-b4af-585a-028ef9bb02e4">
      <Execution id="134e95ae-9f3d-49a5-9b7a-fcc623a7ea45" />
      <TestMethod codeBase="E:\Program Files\better-genshin-impact-LCB\_workflow\local-wait-admission-gates-20261004\g10-completion\products\MultiplayerHoeingAssistant.UnitTest.dll" adapterTypeName="executor://xunit/VsTestRunner2/netcoreapp" className="MultiplayerHoeingAssistant.UnitTest.ServiceTests.TaskCenter.TaskCenterSuccessorPathGateTests" name="OriginalMultiRound_HostExplicitRetriesUseOriginalFrozenRequest" />
    </UnitTest>
    <UnitTest name="MultiplayerHoeingAssistant.UnitTest.ServiceTests.TaskCenter.TaskCenterSuccessorPathGateTests.OriginalMultiRound_HostExplicitRetriesUseOriginalFrozenRequest(handoff: True, scenario: &quot;third-unknown&quot;)" storage="e:\program files\better-genshin-impact-lcb\_workflow\local-wait-admission-gates-20261004\g10-completion\products\multiplayerhoeingassistant.unittest.dll" id="c1680a4f-c676-5bc5-b712-31fc5c4655e5">
      <Execution id="a06d74b4-3938-4c7f-bea4-1b2af291d660" />
      <TestMethod codeBase="E:\Program Files\better-genshin-impact-LCB\_workflow\local-wait-admission-gates-20261004\g10-completion\products\MultiplayerHoeingAssistant.UnitTest.dll" adapterTypeName="executor://xunit/VsTestRunner2/netcoreapp" className="MultiplayerHoeingAssistant.UnitTest.ServiceTests.TaskCenter.TaskCenterSuccessorPathGateTests" name="OriginalMultiRound_HostExplicitRetriesUseOriginalFrozenRequest" />
    </UnitTest>
    <UnitTest name="MultiplayerHoeingAssistant.UnitTest.ServiceTests.TaskCenter.TaskCenterSuccessorPathGateTests.OriginalMultiRound_HostExplicitRetriesUseOriginalFrozenRequest(handoff: False, scenario: &quot;missing-rejection&quot;)" storage="e:\program files\better-genshin-impact-lcb\_workflow\local-wait-admission-gates-20261004\g10-completion\products\multiplayerhoeingassistant.unittest.dll" id="ec2b9462-1f12-199e-e2fd-e68ca0dfc04d">
      <Execution id="d7f44a29-4b46-4a3e-93b7-9947f87a9123" />
      <TestMethod codeBase="E:\Program Files\better-genshin-impact-LCB\_workflow\local-wait-admission-gates-20261004\g10-completion\products\MultiplayerHoeingAssistant.UnitTest.dll" adapterTypeName="executor://xunit/VsTestRunner2/netcoreapp" className="MultiplayerHoeingAssistant.UnitTest.ServiceTests.TaskCenter.TaskCenterSuccessorPathGateTests" name="OriginalMultiRound_HostExplicitRetriesUseOriginalFrozenRequest" />
    </UnitTest>
    <UnitTest name="MultiplayerHoeingAssistant.UnitTest.ServiceTests.TaskCenter.TaskCenterSuccessorPathGateTests.OriginalMultiRound_HostExplicitRetriesUseOriginalFrozenRequest(handoff: True, scenario: &quot;bad-nonce&quot;)" storage="e:\program files\better-genshin-impact-lcb\_workflow\local-wait-admission-gates-20261004\g10-completion\products\multiplayerhoeingassistant.unittest.dll" id="96c1e07d-4fd4-86e0-2f1a-175c32b69278">
      <Execution id="fe0de7bf-7453-4885-9dfa-3e49cd29c696" />
      <TestMethod codeBase="E:\Program Files\better-genshin-impact-LCB\_workflow\local-wait-admission-gates-20261004\g10-completion\products\MultiplayerHoeingAssistant.UnitTest.dll" adapterTypeName="executor://xunit/VsTestRunner2/netcoreapp" className="MultiplayerHoeingAssistant.UnitTest.ServiceTests.TaskCenter.TaskCenterSuccessorPathGateTests" name="OriginalMultiRound_HostExplicitRetriesUseOriginalFrozenRequest" />
    </UnitTest>
  </TestDefinitions>
  <TestEntries>
    <TestEntry testId="96c1e07d-4fd4-86e0-2f1a-175c32b69278" executionId="fe0de7bf-7453-4885-9dfa-3e49cd29c696" testListId="8c84fa94-04c1-424b-9868-57a2d4851a1d" />
    <TestEntry testId="5d3445da-562e-54d7-33a3-bdf05ee8dcf8" executionId="e9dda8ef-4211-4f06-a0ea-4acbbc05b685" testListId="8c84fa94-04c1-424b-9868-57a2d4851a1d" />
    <TestEntry testId="e3fdb3dc-10ef-43e6-5483-bf69127f337f" executionId="a9e2326f-87f1-4b44-b0a5-9b8a71fe16e4" testListId="8c84fa94-04c1-424b-9868-57a2d4851a1d" />
    <TestEntry testId="371ca1f8-7efd-462a-48a9-3d4416b6e836" executionId="f1380ea2-f1e6-4fd6-85b6-b8657eaae5db" testListId="8c84fa94-04c1-424b-9868-57a2d4851a1d" />
    <TestEntry testId="6d0f06fe-3bae-ece3-3d18-ca24aa1293f5" executionId="29650bbe-30dc-419c-a84a-6517cfa72bf8" testListId="8c84fa94-04c1-424b-9868-57a2d4851a1d" />
    <TestEntry testId="cb6d452b-854b-7009-2e57-b7a33f59fbb9" executionId="917fb85d-8911-4d9f-9985-da110e38ae00" testListId="8c84fa94-04c1-424b-9868-57a2d4851a1d" />
    <TestEntry testId="2bc06de5-c936-b4af-585a-028ef9bb02e4" executionId="134e95ae-9f3d-49a5-9b7a-fcc623a7ea45" testListId="8c84fa94-04c1-424b-9868-57a2d4851a1d" />
    <TestEntry testId="1072aba4-25f2-c838-890d-6486649c2e0b" executionId="1f7597cd-6d5a-493a-82da-60e8c43c2d91" testListId="8c84fa94-04c1-424b-9868-57a2d4851a1d" />
    <TestEntry testId="be9c75b0-35e8-3679-97f2-39d313e8cfd8" executionId="b201a193-4425-4904-8419-bde83dd15127" testListId="8c84fa94-04c1-424b-9868-57a2d4851a1d" />
    <TestEntry testId="c4bce08e-ea9e-a3a5-1b57-6c8f80477d99" executionId="0e4b823b-873d-412d-a616-4a18af9c805e" testListId="8c84fa94-04c1-424b-9868-57a2d4851a1d" />
    <TestEntry testId="7040755b-348e-0055-1092-921d446c63fd" executionId="f6247cd1-b68f-475b-ba3a-84d5d1038a69" testListId="8c84fa94-04c1-424b-9868-57a2d4851a1d" />
    <TestEntry testId="ec2b9462-1f12-199e-e2fd-e68ca0dfc04d" executionId="d7f44a29-4b46-4a3e-93b7-9947f87a9123" testListId="8c84fa94-04c1-424b-9868-57a2d4851a1d" />
    <TestEntry testId="0631b4cd-704c-bf11-738a-adc8ff19e89c" executionId="30543978-75cb-44bd-a74d-651baddf3fb4" testListId="8c84fa94-04c1-424b-9868-57a2d4851a1d" />
    <TestEntry testId="ffb90e0d-48ab-d7e4-cbbf-e618e69ae718" executionId="c74f9c6a-53d6-49e3-8ab2-bd62f8904f26" testListId="8c84fa94-04c1-424b-9868-57a2d4851a1d" />
    <TestEntry testId="5199a90d-6070-dd26-0869-46f6ff97a603" executionId="9f05eb08-78bf-4c93-9f54-91c8c43a6f01" testListId="8c84fa94-04c1-424b-9868-57a2d4851a1d" />
    <TestEntry testId="c1680a4f-c676-5bc5-b712-31fc5c4655e5" executionId="a06d74b4-3938-4c7f-bea4-1b2af291d660" testListId="8c84fa94-04c1-424b-9868-57a2d4851a1d" />
  </TestEntries>
  <TestLists>
    <TestList name="列表中未列出的结果" id="8c84fa94-04c1-424b-9868-57a2d4851a1d" />
    <TestList name="所有已加载的结果" id="19431567-8539-422a-85d7-44ee4e166bda" />
  </TestLists>
  <ResultSummary outcome="Completed">
    <Counters total="16" executed="16" passed="16" failed="0" error="0" timeout="0" aborted="0" inconclusive="0" passedButRunAborted="0" notRunnable="0" notExecuted="0" disconnected="0" warning="0" completed="0" inProgress="0" pending="0" />
    <Output>
      <StdOut>[xUnit.net 00:00:00.00] xUnit.net VSTest Adapter v2.5.3.1+6b60a9e56a (64-bit .NET 8.0.14)&#xD;
[xUnit.net 00:00:00.06]   Discovering: MultiplayerHoeingAssistant.UnitTest&#xD;
[xUnit.net 00:00:00.21]   Discovered:  MultiplayerHoeingAssistant.UnitTest&#xD;
[xUnit.net 00:00:00.21]   Starting:    MultiplayerHoeingAssistant.UnitTest&#xD;
[xUnit.net 00:00:01.86]   Finished:    MultiplayerHoeingAssistant.UnitTest&#xD;
</StdOut>
    </Output>
  </ResultSummary>
</TestRun>