VSTest 版本 17.11.1 (x64)

正在启动测试执行，请稍候...
总共 1 个测试文件与指定模式相匹配。
[xUnit.net 00:00:00.35]     MultiplayerHoeingAssistant.UnitTest.ServiceTests.TaskCenter.AdmissionOwnerCapabilityTests.OriginalFacade_AfterSuccessorAcquires_CannotBorrowSuccessor(entry: "new-submit", takeover: True) [FAIL]
[xUnit.net 00:00:00.38]     MultiplayerHoeingAssistant.UnitTest.ServiceTests.TaskCenter.AdmissionOwnerCapabilityTests.OriginalFacade_AfterSuccessorAcquires_CannotBorrowSuccessor(entry: "terminal", takeover: True) [FAIL]
  失败 MultiplayerHoeingAssistant.UnitTest.ServiceTests.TaskCenter.AdmissionOwnerCapabilityTests.OriginalFacade_AfterSuccessorAcquires_CannotBorrowSuccessor(entry: "new-submit", takeover: True) [8 ms]
  错误消息:
   Assert.NotEqual() Failure: Values are equal
Expected: Not Accepted
Actual:       Accepted
  堆栈跟踪:
     at MultiplayerHoeingAssistant.UnitTest.ServiceTests.TaskCenter.AdmissionOwnerCapabilityTests.OriginalFacade_AfterSuccessorAcquires_CannotBorrowSuccessor(String entry, Boolean takeover) in E:\Program Files\better-genshin-impact-LCB\Test\MultiplayerHoeingAssistant.UnitTest\ServiceTests\TaskCenter\AdmissionOwnerCapabilityTests.cs:line 61
--- End of stack trace from previous location ---
  失败 MultiplayerHoeingAssistant.UnitTest.ServiceTests.TaskCenter.AdmissionOwnerCapabilityTests.OriginalFacade_AfterSuccessorAcquires_CannotBorrowSuccessor(entry: "terminal", takeover: True) [9 ms]
  错误消息:
   Assert.NotEqual() Failure: Values are equal
Expected: Not Accepted
Actual:       Accepted
  堆栈跟踪:
     at MultiplayerHoeingAssistant.UnitTest.ServiceTests.TaskCenter.AdmissionOwnerCapabilityTests.OriginalFacade_AfterSuccessorAcquires_CannotBorrowSuccessor(String entry, Boolean takeover) in E:\Program Files\better-genshin-impact-LCB\Test\MultiplayerHoeingAssistant.UnitTest\ServiceTests\TaskCenter\AdmissionOwnerCapabilityTests.cs:line 61
--- End of stack trace from previous location ---
结果文件: E:\Program Files\better-genshin-impact-LCB\_workflow\local-wait-admission-gates-20261004\auto-relay-owner-fence-20261004-from-01a10731\owner-red-r3\red.trx

失败!  - 失败:     2，通过:     2，已跳过:     0，总计:     4，持续时间: 43 ms - MultiplayerHoeingAssistant.UnitTest.dll (net8.0)
