VSTest 版本 17.11.1 (x64)

正在启动测试执行，请稍候...
总共 1 个测试文件与指定模式相匹配。
[xUnit.net 00:00:00.32]     MultiplayerHoeingAssistant.UnitTest.ServiceTests.TaskCenter.HistoricalExecutionObservationTests.HistoricalObservation_DirectBoundSealsRejectConflictingOutcomeSet(fault: "conflicting-association") [FAIL]
[xUnit.net 00:00:00.33]     MultiplayerHoeingAssistant.UnitTest.ServiceTests.TaskCenter.HistoricalExecutionObservationTests.HistoricalObservation_DirectBoundSealsRejectConflictingOutcomeSet(fault: "duplicate-association") [FAIL]
  失败 MultiplayerHoeingAssistant.UnitTest.ServiceTests.TaskCenter.HistoricalExecutionObservationTests.HistoricalObservation_DirectBoundSealsRejectConflictingOutcomeSet(fault: "conflicting-association") [13 ms]
  错误消息:
   Assert.Null() Failure: Value is not null
Expected: null
Actual:   TerminalReleaseSeal { Id = efc759324d734a5ab5f7dcef56bbd89b, Scope = node, RunId = run-33644a074306, WireRunId = 7cda61d67f9b4e2f9d8e6af5910250cc, RecordRevision = 2, FactsHash = 4F88777584F699986E3025E681981507F33DDAEBD71FD4F11A4972D4466FAA2E, SubmissionIdentity = sub:original-request:1 }
  堆栈跟踪:
     at MultiplayerHoeingAssistant.UnitTest.ServiceTests.TaskCenter.HistoricalExecutionObservationTests.HistoricalObservation_DirectBoundSealsRejectConflictingOutcomeSet(String fault) in E:\Program Files\better-genshin-impact-LCB\Test\MultiplayerHoeingAssistant.UnitTest\ServiceTests\TaskCenter\HistoricalExecutionObservationTests.cs:line 122
   at InvokeStub_HistoricalExecutionObservationTests.HistoricalObservation_DirectBoundSealsRejectConflictingOutcomeSet(Object, Span`1)
   at System.Reflection.MethodBaseInvoker.InvokeWithOneArg(Object obj, BindingFlags invokeAttr, Binder binder, Object[] parameters, CultureInfo culture)
  失败 MultiplayerHoeingAssistant.UnitTest.ServiceTests.TaskCenter.HistoricalExecutionObservationTests.HistoricalObservation_DirectBoundSealsRejectConflictingOutcomeSet(fault: "duplicate-association") [6 ms]
  错误消息:
   Assert.Null() Failure: Value is not null
Expected: null
Actual:   TerminalReleaseSeal { Id = 0592f9c2386b4699a92e1a2b9c1ac4e4, Scope = node, RunId = run-9cc1046aab0f, WireRunId = 294293419f7f4bd3bbbcea9495aa3be8, RecordRevision = 2, FactsHash = D10118FC5AC66823203D63E7135469E307167354855065EE3C5A738AAD0326BE, SubmissionIdentity = sub:original-request:1 }
  堆栈跟踪:
     at MultiplayerHoeingAssistant.UnitTest.ServiceTests.TaskCenter.HistoricalExecutionObservationTests.HistoricalObservation_DirectBoundSealsRejectConflictingOutcomeSet(String fault) in E:\Program Files\better-genshin-impact-LCB\Test\MultiplayerHoeingAssistant.UnitTest\ServiceTests\TaskCenter\HistoricalExecutionObservationTests.cs:line 122
   at InvokeStub_HistoricalExecutionObservationTests.HistoricalObservation_DirectBoundSealsRejectConflictingOutcomeSet(Object, Span`1)
   at System.Reflection.MethodBaseInvoker.InvokeWithOneArg(Object obj, BindingFlags invokeAttr, Binder binder, Object[] parameters, CultureInfo culture)
结果文件: E:\Program Files\better-genshin-impact-LCB\_workflow\local-wait-admission-gates-20261004\auto-relay-history-outcome-20261004-from-01a10699\association-red.trx

失败!  - 失败:     2，通过:     3，已跳过:     0，总计:     5，持续时间: 28 ms - MultiplayerHoeingAssistant.UnitTest.dll (net8.0)
