VSTest 版本 17.11.1 (x64)

正在启动测试执行，请稍候...
总共 1 个测试文件与指定模式相匹配。
[xUnit.net 00:00:00.39]     MultiplayerHoeingAssistant.UnitTest.ServiceTests.TaskCenter.ArbitrationAdmissionServiceTests.TypedParent_OriginalHandoffIsAtomicallyBoundAndRechecked(fault: "deleted-before-occupy") [FAIL]
[xUnit.net 00:00:00.42]     MultiplayerHoeingAssistant.UnitTest.ServiceTests.TaskCenter.ArbitrationAdmissionServiceTests.TypedParent_OriginalHandoffIsAtomicallyBoundAndRechecked(fault: "changed-before-occupy") [FAIL]
  失败 MultiplayerHoeingAssistant.UnitTest.ServiceTests.TaskCenter.ArbitrationAdmissionServiceTests.TypedParent_OriginalHandoffIsAtomicallyBoundAndRechecked(fault: "deleted-before-occupy") [45 ms]
  错误消息:
   Assert.NotEqual() Failure: Values are equal
Expected: Not Accepted
Actual:       Accepted
  堆栈跟踪:
     at MultiplayerHoeingAssistant.UnitTest.ServiceTests.TaskCenter.ArbitrationAdmissionServiceTests.TypedParent_OriginalHandoffIsAtomicallyBoundAndRechecked(String fault) in E:\Program Files\better-genshin-impact-LCB\Test\MultiplayerHoeingAssistant.UnitTest\ServiceTests\TaskCenter\ArbitrationAdmissionServiceTests.cs:line 78
--- End of stack trace from previous location ---
  失败 MultiplayerHoeingAssistant.UnitTest.ServiceTests.TaskCenter.ArbitrationAdmissionServiceTests.TypedParent_OriginalHandoffIsAtomicallyBoundAndRechecked(fault: "changed-before-occupy") [13 ms]
  错误消息:
   Assert.NotEqual() Failure: Values are equal
Expected: Not Accepted
Actual:       Accepted
  堆栈跟踪:
     at MultiplayerHoeingAssistant.UnitTest.ServiceTests.TaskCenter.ArbitrationAdmissionServiceTests.TypedParent_OriginalHandoffIsAtomicallyBoundAndRechecked(String fault) in E:\Program Files\better-genshin-impact-LCB\Test\MultiplayerHoeingAssistant.UnitTest\ServiceTests\TaskCenter\ArbitrationAdmissionServiceTests.cs:line 78
--- End of stack trace from previous location ---
结果文件: E:\Program Files\better-genshin-impact-LCB\_workflow\local-wait-admission-gates-20261004\typed-parent\recheck-mutations-r2\M3-occupy-parent-recheck\negative.trx

失败!  - 失败:     2，通过:     3，已跳过:     0，总计:     5，持续时间: 80 ms - MultiplayerHoeingAssistant.UnitTest.dll (net8.0)
