VSTest 版本 17.11.1 (x64)

正在启动测试执行，请稍候...
总共 1 个测试文件与指定模式相匹配。
[xUnit.net 00:00:08.25]     MultiplayerHoeingAssistant.UnitTest.ServiceTests.TaskCenter.TaskCenterSuccessorPathGateTests.OriginalHost_RunnerRecoveryUsesOriginalRoundAndStrictFacadeClosure(scenario: "history-bound-result") [FAIL]
  失败 MultiplayerHoeingAssistant.UnitTest.ServiceTests.TaskCenter.TaskCenterSuccessorPathGateTests.OriginalHost_RunnerRecoveryUsesOriginalRoundAndStrictFacadeClosure(scenario: "history-bound-result") [63 ms]
  错误消息:
   history outcome uniqueness must reject history-bound-result: Effective/已停止（Unknown 经原身份只读对账，全部事实清偿）
  堆栈跟踪:
     at MultiplayerHoeingAssistant.UnitTest.ServiceTests.TaskCenter.TaskCenterSuccessorPathGateTests.<>c__DisplayClass2_1.<<OriginalHost_RunnerRecoveryUsesOriginalRoundAndStrictFacadeClosure>b__6>d.MoveNext() in E:\Program Files\better-genshin-impact-LCB\Test\MultiplayerHoeingAssistant.UnitTest\ServiceTests\TaskCenter\TaskCenterSuccessorPathGateTests.cs:line 322
--- End of stack trace from previous location ---
   at MultiplayerHoeingAssistant.UnitTest.ServiceTests.TaskCenter.TaskCenterSuccessorPathGateTests.ProbeNodeSubmitRoutingAsync(String root, Boolean successorWired, Action`1 concurrentWriteBeforeSend, Action`2 onBeforeSend, String[] nodeIds, Action afterLedgerBeforeClose, TaskCompletionSource holdFirstAccept, Func`1 beforeSuccessorAdmission, Action`3 onBeforeSendWithPayload, Action`1 configurePort, Action`1 configureSeams, Action`1 configureRuns, Boolean startViaHandoff, Action`1 afterOccupyBeforeSend, Func`5 afterConverged, Boolean requirePanelSourceForProbe, Func`4 afterRegistered) in E:\Program Files\better-genshin-impact-LCB\Test\MultiplayerHoeingAssistant.UnitTest\ServiceTests\TaskCenter\TaskCenterSuccessorPathGateTests.cs:line 2396
   at MultiplayerHoeingAssistant.UnitTest.ServiceTests.TaskCenter.TaskCenterSuccessorPathGateTests.ProbeNodeSubmitRoutingAsync(String root, Boolean successorWired, Action`1 concurrentWriteBeforeSend, Action`2 onBeforeSend, String[] nodeIds, Action afterLedgerBeforeClose, TaskCompletionSource holdFirstAccept, Func`1 beforeSuccessorAdmission, Action`3 onBeforeSendWithPayload, Action`1 configurePort, Action`1 configureSeams, Action`1 configureRuns, Boolean startViaHandoff, Action`1 afterOccupyBeforeSend, Func`5 afterConverged, Boolean requirePanelSourceForProbe, Func`4 afterRegistered) in E:\Program Files\better-genshin-impact-LCB\Test\MultiplayerHoeingAssistant.UnitTest\ServiceTests\TaskCenter\TaskCenterSuccessorPathGateTests.cs:line 2440
   at MultiplayerHoeingAssistant.UnitTest.ServiceTests.TaskCenter.TaskCenterSuccessorPathGateTests.OriginalHost_RunnerRecoveryUsesOriginalRoundAndStrictFacadeClosure(String scenario) in E:\Program Files\better-genshin-impact-LCB\Test\MultiplayerHoeingAssistant.UnitTest\ServiceTests\TaskCenter\TaskCenterSuccessorPathGateTests.cs:line 216
--- End of stack trace from previous location ---
[xUnit.net 00:00:14.80]     MultiplayerHoeingAssistant.UnitTest.ServiceTests.TaskCenter.TaskCenterSuccessorPathGateTests.OriginalHost_RunnerRecoveryUsesOriginalRoundAndStrictFacadeClosure(scenario: "history-bound-duplicate-key") [FAIL]
[xUnit.net 00:00:14.95]     MultiplayerHoeingAssistant.UnitTest.ServiceTests.TaskCenter.TaskCenterSuccessorPathGateTests.OriginalHost_RunnerRecoveryUsesOriginalRoundAndStrictFacadeClosure(scenario: "history-bound-duplicate-identity") [FAIL]
  失败 MultiplayerHoeingAssistant.UnitTest.ServiceTests.TaskCenter.TaskCenterSuccessorPathGateTests.OriginalHost_RunnerRecoveryUsesOriginalRoundAndStrictFacadeClosure(scenario: "history-bound-duplicate-key") [46 ms]
  错误消息:
   history outcome uniqueness must reject history-bound-duplicate-key: Effective/已停止（Unknown 经原身份只读对账，全部事实清偿）
  堆栈跟踪:
     at MultiplayerHoeingAssistant.UnitTest.ServiceTests.TaskCenter.TaskCenterSuccessorPathGateTests.<>c__DisplayClass2_1.<<OriginalHost_RunnerRecoveryUsesOriginalRoundAndStrictFacadeClosure>b__6>d.MoveNext() in E:\Program Files\better-genshin-impact-LCB\Test\MultiplayerHoeingAssistant.UnitTest\ServiceTests\TaskCenter\TaskCenterSuccessorPathGateTests.cs:line 322
--- End of stack trace from previous location ---
   at MultiplayerHoeingAssistant.UnitTest.ServiceTests.TaskCenter.TaskCenterSuccessorPathGateTests.ProbeNodeSubmitRoutingAsync(String root, Boolean successorWired, Action`1 concurrentWriteBeforeSend, Action`2 onBeforeSend, String[] nodeIds, Action afterLedgerBeforeClose, TaskCompletionSource holdFirstAccept, Func`1 beforeSuccessorAdmission, Action`3 onBeforeSendWithPayload, Action`1 configurePort, Action`1 configureSeams, Action`1 configureRuns, Boolean startViaHandoff, Action`1 afterOccupyBeforeSend, Func`5 afterConverged, Boolean requirePanelSourceForProbe, Func`4 afterRegistered) in E:\Program Files\better-genshin-impact-LCB\Test\MultiplayerHoeingAssistant.UnitTest\ServiceTests\TaskCenter\TaskCenterSuccessorPathGateTests.cs:line 2396
   at MultiplayerHoeingAssistant.UnitTest.ServiceTests.TaskCenter.TaskCenterSuccessorPathGateTests.ProbeNodeSubmitRoutingAsync(String root, Boolean successorWired, Action`1 concurrentWriteBeforeSend, Action`2 onBeforeSend, String[] nodeIds, Action afterLedgerBeforeClose, TaskCompletionSource holdFirstAccept, Func`1 beforeSuccessorAdmission, Action`3 onBeforeSendWithPayload, Action`1 configurePort, Action`1 configureSeams, Action`1 configureRuns, Boolean startViaHandoff, Action`1 afterOccupyBeforeSend, Func`5 afterConverged, Boolean requirePanelSourceForProbe, Func`4 afterRegistered) in E:\Program Files\better-genshin-impact-LCB\Test\MultiplayerHoeingAssistant.UnitTest\ServiceTests\TaskCenter\TaskCenterSuccessorPathGateTests.cs:line 2440
   at MultiplayerHoeingAssistant.UnitTest.ServiceTests.TaskCenter.TaskCenterSuccessorPathGateTests.OriginalHost_RunnerRecoveryUsesOriginalRoundAndStrictFacadeClosure(String scenario) in E:\Program Files\better-genshin-impact-LCB\Test\MultiplayerHoeingAssistant.UnitTest\ServiceTests\TaskCenter\TaskCenterSuccessorPathGateTests.cs:line 216
--- End of stack trace from previous location ---
  失败 MultiplayerHoeingAssistant.UnitTest.ServiceTests.TaskCenter.TaskCenterSuccessorPathGateTests.OriginalHost_RunnerRecoveryUsesOriginalRoundAndStrictFacadeClosure(scenario: "history-bound-duplicate-identity") [55 ms]
  错误消息:
   history outcome uniqueness must reject history-bound-duplicate-identity: Effective/已停止（Unknown 经原身份只读对账，全部事实清偿）
  堆栈跟踪:
     at MultiplayerHoeingAssistant.UnitTest.ServiceTests.TaskCenter.TaskCenterSuccessorPathGateTests.<>c__DisplayClass2_1.<<OriginalHost_RunnerRecoveryUsesOriginalRoundAndStrictFacadeClosure>b__6>d.MoveNext() in E:\Program Files\better-genshin-impact-LCB\Test\MultiplayerHoeingAssistant.UnitTest\ServiceTests\TaskCenter\TaskCenterSuccessorPathGateTests.cs:line 322
--- End of stack trace from previous location ---
   at MultiplayerHoeingAssistant.UnitTest.ServiceTests.TaskCenter.TaskCenterSuccessorPathGateTests.ProbeNodeSubmitRoutingAsync(String root, Boolean successorWired, Action`1 concurrentWriteBeforeSend, Action`2 onBeforeSend, String[] nodeIds, Action afterLedgerBeforeClose, TaskCompletionSource holdFirstAccept, Func`1 beforeSuccessorAdmission, Action`3 onBeforeSendWithPayload, Action`1 configurePort, Action`1 configureSeams, Action`1 configureRuns, Boolean startViaHandoff, Action`1 afterOccupyBeforeSend, Func`5 afterConverged, Boolean requirePanelSourceForProbe, Func`4 afterRegistered) in E:\Program Files\better-genshin-impact-LCB\Test\MultiplayerHoeingAssistant.UnitTest\ServiceTests\TaskCenter\TaskCenterSuccessorPathGateTests.cs:line 2396
   at MultiplayerHoeingAssistant.UnitTest.ServiceTests.TaskCenter.TaskCenterSuccessorPathGateTests.ProbeNodeSubmitRoutingAsync(String root, Boolean successorWired, Action`1 concurrentWriteBeforeSend, Action`2 onBeforeSend, String[] nodeIds, Action afterLedgerBeforeClose, TaskCompletionSource holdFirstAccept, Func`1 beforeSuccessorAdmission, Action`3 onBeforeSendWithPayload, Action`1 configurePort, Action`1 configureSeams, Action`1 configureRuns, Boolean startViaHandoff, Action`1 afterOccupyBeforeSend, Func`5 afterConverged, Boolean requirePanelSourceForProbe, Func`4 afterRegistered) in E:\Program Files\better-genshin-impact-LCB\Test\MultiplayerHoeingAssistant.UnitTest\ServiceTests\TaskCenter\TaskCenterSuccessorPathGateTests.cs:line 2440
   at MultiplayerHoeingAssistant.UnitTest.ServiceTests.TaskCenter.TaskCenterSuccessorPathGateTests.OriginalHost_RunnerRecoveryUsesOriginalRoundAndStrictFacadeClosure(String scenario) in E:\Program Files\better-genshin-impact-LCB\Test\MultiplayerHoeingAssistant.UnitTest\ServiceTests\TaskCenter\TaskCenterSuccessorPathGateTests.cs:line 216
--- End of stack trace from previous location ---
结果文件: E:\Program Files\better-genshin-impact-LCB\_workflow\local-wait-admission-gates-20261004\auto-relay-history-outcome-20261004-from-01a10699\mutations\M1-original-outcome-set\mutant.trx

失败!  - 失败:     3，通过:    26，已跳过:     0，总计:    29，持续时间: 14 s - MultiplayerHoeingAssistant.UnitTest.dll (net8.0)
