VSTest 版本 17.11.1 (x64)

正在启动测试执行，请稍候...
总共 1 个测试文件与指定模式相匹配。
  失败 MultiplayerHoeingAssistant.UnitTest.ServiceTests.TaskCenter.R410ProductionWiringTests.C5_StartupChain_HandoffDelegate_BindingAndNegativePaths [56 ms]
  错误消息:
   Assert.Equal() Failure: Strings differ
           ↓ (pos 0)
Expected: "StatusUncertain"
Actual:   "NotReady"
           ↑ (pos 0)
  堆栈跟踪:
     at MultiplayerHoeingAssistant.UnitTest.ServiceTests.TaskCenter.R410ProductionWiringTests.C5_StartupChain_HandoffDelegate_BindingAndNegativePaths() in E:\Program Files\better-genshin-impact-LCB\Test\MultiplayerHoeingAssistant.UnitTest\ServiceTests\TaskCenter\R410ProductionWiringTests.cs:line 405
--- End of stack trace from previous location ---
  失败 MultiplayerHoeingAssistant.UnitTest.ServiceTests.TaskCenter.Batch21WiringRedTests.DefaultConstructedHost_WiresLocalWaitStack [247 ms]
  错误消息:
   Assert.Equal() Failure: Strings differ
Expected: "ranking-parent"
Actual:   null
  堆栈跟踪:
     at MultiplayerHoeingAssistant.UnitTest.ServiceTests.TaskCenter.Batch21WiringRedTests.DefaultConstructedHost_WiresLocalWaitStack() in E:\Program Files\better-genshin-impact-LCB\Test\MultiplayerHoeingAssistant.UnitTest\ServiceTests\TaskCenter\Batch21WiringRedTests.cs:line 319
   at System.RuntimeMethodHandle.InvokeMethod(Object target, Void** arguments, Signature sig, Boolean isConstructor)
   at System.Reflection.MethodBaseInvoker.InvokeWithNoArgs(Object obj, BindingFlags invokeAttr)
  失败 MultiplayerHoeingAssistant.UnitTest.ServiceTests.TaskCenter.LegacySchedulerResidueTests.Assistant_NoLegacySchedulerResidue [86 ms]
  错误消息:
   助手侧发现旧调度残留（R5.7 旧补丁退出的删除项不得回归）：[Services/TaskCenter/WorkflowPlanner.cs:NextConfiguration]
  堆栈跟踪:
     at MultiplayerHoeingAssistant.UnitTest.ServiceTests.TaskCenter.LegacySchedulerResidueTests.Assistant_NoLegacySchedulerResidue() in E:\Program Files\better-genshin-impact-LCB\Test\MultiplayerHoeingAssistant.UnitTest\ServiceTests\TaskCenter\LegacySchedulerResidueTests.cs:line 47
   at System.RuntimeMethodHandle.InvokeMethod(Object target, Void** arguments, Signature sig, Boolean isConstructor)
   at System.Reflection.MethodBaseInvoker.InvokeWithNoArgs(Object obj, BindingFlags invokeAttr)
  失败 MultiplayerHoeingAssistant.UnitTest.ServiceTests.TaskCenter.LocalWaitFinalizationContractTests.LocalWaitParkingStop_UnreadableAdmissionStateIsNotTreatedAsNoMapping(failureKind: "unsupported") [24 ms]
  错误消息:
   Assert.Equal() Failure: Values differ
Expected: Cancelled
Actual:   LocalWaitParking
  堆栈跟踪:
     at MultiplayerHoeingAssistant.UnitTest.ServiceTests.TaskCenter.LocalWaitFinalizationContractTests.LocalWaitParkingStop_UnreadableAdmissionStateIsNotTreatedAsNoMapping(String failureKind) in E:\Program Files\better-genshin-impact-LCB\Test\MultiplayerHoeingAssistant.UnitTest\ServiceTests\TaskCenter\LocalWaitFinalizationContractTests.cs:line 1847
   at MultiplayerHoeingAssistant.UnitTest.ServiceTests.TaskCenter.LocalWaitFinalizationContractTests.LocalWaitParkingStop_UnreadableAdmissionStateIsNotTreatedAsNoMapping(String failureKind) in E:\Program Files\better-genshin-impact-LCB\Test\MultiplayerHoeingAssistant.UnitTest\ServiceTests\TaskCenter\LocalWaitFinalizationContractTests.cs:line 1856
--- End of stack trace from previous location ---
  失败 MultiplayerHoeingAssistant.UnitTest.ServiceTests.TaskCenter.LocalWaitFinalizationContractTests.LocalWaitParkingStop_UnreadableAdmissionStateIsNotTreatedAsNoMapping(failureKind: "corrupt") [22 ms]
  错误消息:
   Assert.Equal() Failure: Values differ
Expected: Cancelled
Actual:   LocalWaitParking
  堆栈跟踪:
     at MultiplayerHoeingAssistant.UnitTest.ServiceTests.TaskCenter.LocalWaitFinalizationContractTests.LocalWaitParkingStop_UnreadableAdmissionStateIsNotTreatedAsNoMapping(String failureKind) in E:\Program Files\better-genshin-impact-LCB\Test\MultiplayerHoeingAssistant.UnitTest\ServiceTests\TaskCenter\LocalWaitFinalizationContractTests.cs:line 1847
   at MultiplayerHoeingAssistant.UnitTest.ServiceTests.TaskCenter.LocalWaitFinalizationContractTests.LocalWaitParkingStop_UnreadableAdmissionStateIsNotTreatedAsNoMapping(String failureKind) in E:\Program Files\better-genshin-impact-LCB\Test\MultiplayerHoeingAssistant.UnitTest\ServiceTests\TaskCenter\LocalWaitFinalizationContractTests.cs:line 1856
--- End of stack trace from previous location ---
[xUnit.net 00:04:17.84]     MultiplayerHoeingAssistant.UnitTest.ServiceTests.TaskCenter.TaskCenterSuccessorPathGateTests.P50_LoadRepro_WholeClass_UnderControlledLoad [SKIP]
  已跳过 MultiplayerHoeingAssistant.UnitTest.ServiceTests.TaskCenter.TaskCenterSuccessorPathGateTests.P50_LoadRepro_WholeClass_UnderControlledLoad [1 ms]
[xUnit.net 00:07:26.17]     MultiplayerHoeingAssistant.UnitTest.ServiceTests.TaskCenter.TaskCenterSuccessorPathGateTests.P50_DiagnosticRepeat_OptIn [SKIP]
  已跳过 MultiplayerHoeingAssistant.UnitTest.ServiceTests.TaskCenter.TaskCenterSuccessorPathGateTests.P50_DiagnosticRepeat_OptIn [1 ms]
  失败 MultiplayerHoeingAssistant.UnitTest.ServiceTests.TaskCenter.TaskCenterSuccessorPathGateTests.ProductionCtor_DoesNotEnableSuccessorPathGate [1 ms]
  错误消息:
   Assert.False() Failure
Expected: False
Actual:   True
  堆栈跟踪:
     at MultiplayerHoeingAssistant.UnitTest.ServiceTests.TaskCenter.TaskCenterSuccessorPathGateTests.ProductionCtor_DoesNotEnableSuccessorPathGate() in E:\Program Files\better-genshin-impact-LCB\Test\MultiplayerHoeingAssistant.UnitTest\ServiceTests\TaskCenter\TaskCenterSuccessorPathGateTests.cs:line 1159
   at System.RuntimeMethodHandle.InvokeMethod(Object target, Void** arguments, Signature sig, Boolean isConstructor)
   at System.Reflection.MethodBaseInvoker.InvokeWithNoArgs(Object obj, BindingFlags invokeAttr)
结果文件: E:\Program Files\better-genshin-impact-LCB\_workflow\closeout-01a10cef\fence-green\full.trx

失败!  - 失败:     6，通过:  2509，已跳过:     2，总计:  2517，持续时间: 7 m 52 s - MultiplayerHoeingAssistant.UnitTest.dll (net8.0)
