VSTest 版本 17.11.1 (x64)

正在启动测试执行，请稍候...
总共 1 个测试文件与指定模式相匹配。
[xUnit.net 00:00:14.21]     MultiplayerHoeingAssistant.UnitTest.ServiceTests.TaskCenter.R56MigrationSwitchTransactionTests_Part2.CurrentV14_ConcurrencyNoCallbackValidationAndRollback_AreSerialized [FAIL]
  失败 MultiplayerHoeingAssistant.UnitTest.ServiceTests.TaskCenter.R56MigrationSwitchTransactionTests_Part2.CurrentV14_ConcurrencyNoCallbackValidationAndRollback_AreSerialized [1 s]
  错误消息:
   no-callback entry must wait for serialization
  堆栈跟踪:
     at MultiplayerHoeingAssistant.UnitTest.ServiceTests.TaskCenter.R56MigrationSwitchTransactionTests_Part2.CurrentV14_ConcurrencyNoCallbackValidationAndRollback_AreSerialized() in E:\Program Files\better-genshin-impact-LCB\Test\MultiplayerHoeingAssistant.UnitTest\ServiceTests\TaskCenter\R56MigrationSwitchTransactionTests.cs:line 743
   at MultiplayerHoeingAssistant.UnitTest.ServiceTests.TaskCenter.R56MigrationSwitchTransactionTests_Part2.CurrentV14_ConcurrencyNoCallbackValidationAndRollback_AreSerialized() in E:\Program Files\better-genshin-impact-LCB\Test\MultiplayerHoeingAssistant.UnitTest\ServiceTests\TaskCenter\R56MigrationSwitchTransactionTests.cs:line 748
--- End of stack trace from previous location ---
[xUnit.net 00:02:25.47]     MultiplayerHoeingAssistant.UnitTest.ServiceTests.TaskCenter.R56ReferenceActivationWiringTests.CurrentV8_MissingMainDoesNotErasePendingAuthorityOrAdmitNewTransaction [FAIL]
  失败 MultiplayerHoeingAssistant.UnitTest.ServiceTests.TaskCenter.R56ReferenceActivationWiringTests.CurrentV8_MissingMainDoesNotErasePendingAuthorityOrAdmitNewTransaction [325 ms]
  错误消息:
   Assert.True() Failure
Expected: True
Actual:   False
  堆栈跟踪:
     at MultiplayerHoeingAssistant.UnitTest.ServiceTests.TaskCenter.R56ReferenceActivationWiringTests.CurrentV8_MissingMainDoesNotErasePendingAuthorityOrAdmitNewTransaction() in E:\Program Files\better-genshin-impact-LCB\Test\MultiplayerHoeingAssistant.UnitTest\ServiceTests\TaskCenter\R56ReferenceActivationWiringTests.cs:line 1162
   at System.RuntimeMethodHandle.InvokeMethod(Object target, Void** arguments, Signature sig, Boolean isConstructor)
   at System.Reflection.MethodBaseInvoker.InvokeWithNoArgs(Object obj, BindingFlags invokeAttr)
[xUnit.net 00:02:28.94]     MultiplayerHoeingAssistant.UnitTest.ServiceTests.TaskCenter.R56ReferenceActivationWiringTests.CurrentV14_AbortTerminalWithUnknownJournalOrOrphanFacts_IsNotExempt [FAIL]
  失败 MultiplayerHoeingAssistant.UnitTest.ServiceTests.TaskCenter.R56ReferenceActivationWiringTests.CurrentV14_AbortTerminalWithUnknownJournalOrOrphanFacts_IsNotExempt [442 ms]
  错误消息:
   Assert.True() Failure
Expected: True
Actual:   False
  堆栈跟踪:
     at MultiplayerHoeingAssistant.UnitTest.ServiceTests.TaskCenter.R56ReferenceActivationWiringTests.CurrentV14_AbortTerminalWithUnknownJournalOrOrphanFacts_IsNotExempt() in E:\Program Files\better-genshin-impact-LCB\Test\MultiplayerHoeingAssistant.UnitTest\ServiceTests\TaskCenter\R56ReferenceActivationWiringTests.cs:line 1661
   at System.RuntimeMethodHandle.InvokeMethod(Object target, Void** arguments, Signature sig, Boolean isConstructor)
   at System.Reflection.MethodBaseInvoker.InvokeWithNoArgs(Object obj, BindingFlags invokeAttr)
[xUnit.net 00:03:41.45]     MultiplayerHoeingAssistant.UnitTest.ServiceTests.TaskCenter.R56ReferenceActivationWiringTests.LegacyUpgrade_PublicationInterrupted_PreservesOriginalAndCanResume [FAIL]
  失败 MultiplayerHoeingAssistant.UnitTest.ServiceTests.TaskCenter.R56ReferenceActivationWiringTests.LegacyUpgrade_PublicationInterrupted_PreservesOriginalAndCanResume [337 ms]
  错误消息:
   Assert.True() Failure
Expected: True
Actual:   False
  堆栈跟踪:
     at MultiplayerHoeingAssistant.UnitTest.ServiceTests.TaskCenter.R56ReferenceActivationWiringTests.LegacyUpgrade_PublicationInterrupted_PreservesOriginalAndCanResume() in E:\Program Files\better-genshin-impact-LCB\Test\MultiplayerHoeingAssistant.UnitTest\ServiceTests\TaskCenter\R56ReferenceActivationWiringTests.cs:line 2492
   at System.RuntimeMethodHandle.InvokeMethod(Object target, Void** arguments, Signature sig, Boolean isConstructor)
   at System.Reflection.MethodBaseInvoker.InvokeWithNoArgs(Object obj, BindingFlags invokeAttr)
[xUnit.net 00:04:23.37]     MultiplayerHoeingAssistant.UnitTest.ServiceTests.TaskCenter.TaskCenterSuccessorPathGateTests.P50_LoadRepro_WholeClass_UnderControlledLoad [SKIP]
  已跳过 MultiplayerHoeingAssistant.UnitTest.ServiceTests.TaskCenter.TaskCenterSuccessorPathGateTests.P50_LoadRepro_WholeClass_UnderControlledLoad [1 ms]
[xUnit.net 00:05:04.65]     MultiplayerHoeingAssistant.UnitTest.ServiceTests.TaskCenter.TaskCenterSuccessorPathGateTests.P50_DiagnosticRepeat_OptIn [SKIP]
  已跳过 MultiplayerHoeingAssistant.UnitTest.ServiceTests.TaskCenter.TaskCenterSuccessorPathGateTests.P50_DiagnosticRepeat_OptIn [1 ms]
结果文件: E:\Program Files\better-genshin-impact-LCB\_workflow\local-wait-admission-gates-20261004\auto-relay-migration-terminal-seal-20261004-from-01a106f5\final-r2\full.trx

失败!  - 失败:     4，通过:  2079，已跳过:     2，总计:  2085，持续时间: 5 m 8 s - MultiplayerHoeingAssistant.UnitTest.dll (net8.0)
