warning: in the working copy of '_workflow/local-wait-admission-gates-20261004/auto-relay-capacity-identity-20261004-from-01a105f1/CAPACITY-CANDIDATE.md', LF will be replaced by CRLF the next time Git touches it
warning: in the working copy of '_workflow/local-wait-admission-gates-20261004/auto-relay-capacity-identity-20261004-from-01a105f1/M1-no-terminal-slot-migration/baseline.trx', LF will be replaced by CRLF the next time Git touches it
warning: in the working copy of '_workflow/local-wait-admission-gates-20261004/auto-relay-capacity-identity-20261004-from-01a105f1/M1-no-terminal-slot-migration/mutant.trx', LF will be replaced by CRLF the next time Git touches it
warning: in the working copy of '_workflow/local-wait-admission-gates-20261004/auto-relay-capacity-identity-20261004-from-01a105f1/M1-no-terminal-slot-migration/restored.trx', LF will be replaced by CRLF the next time Git touches it
warning: in the working copy of '_workflow/local-wait-admission-gates-20261004/auto-relay-capacity-identity-20261004-from-01a105f1/M2-archive-wire-identity/baseline.trx', LF will be replaced by CRLF the next time Git touches it
warning: in the working copy of '_workflow/local-wait-admission-gates-20261004/auto-relay-capacity-identity-20261004-from-01a105f1/M2-archive-wire-identity/mutant.trx', LF will be replaced by CRLF the next time Git touches it
warning: in the working copy of '_workflow/local-wait-admission-gates-20261004/auto-relay-capacity-identity-20261004-from-01a105f1/M2-archive-wire-identity/restored.trx', LF will be replaced by CRLF the next time Git touches it
warning: in the working copy of '_workflow/local-wait-admission-gates-20261004/auto-relay-capacity-identity-20261004-from-01a105f1/add-capacity-test.py', LF will be replaced by CRLF the next time Git touches it
warning: in the working copy of '_workflow/local-wait-admission-gates-20261004/auto-relay-capacity-identity-20261004-from-01a105f1/add-evidence-output.py', LF will be replaced by CRLF the next time Git touches it
warning: in the working copy of '_workflow/local-wait-admission-gates-20261004/auto-relay-capacity-identity-20261004-from-01a105f1/add-observer.py', LF will be replaced by CRLF the next time Git touches it
warning: in the working copy of '_workflow/local-wait-admission-gates-20261004/auto-relay-capacity-identity-20261004-from-01a105f1/capacity-green1.trx', LF will be replaced by CRLF the next time Git touches it
warning: in the working copy of '_workflow/local-wait-admission-gates-20261004/auto-relay-capacity-identity-20261004-from-01a105f1/capacity-green3.trx', LF will be replaced by CRLF the next time Git touches it
warning: in the working copy of '_workflow/local-wait-admission-gates-20261004/auto-relay-capacity-identity-20261004-from-01a105f1/capacity-green4.trx', LF will be replaced by CRLF the next time Git touches it
warning: in the working copy of '_workflow/local-wait-admission-gates-20261004/auto-relay-capacity-identity-20261004-from-01a105f1/capacity-plan.md', LF will be replaced by CRLF the next time Git touches it
warning: in the working copy of '_workflow/local-wait-admission-gates-20261004/auto-relay-capacity-identity-20261004-from-01a105f1/capacity-red.trx', LF will be replaced by CRLF the next time Git touches it
warning: in the working copy of '_workflow/local-wait-admission-gates-20261004/auto-relay-capacity-identity-20261004-from-01a105f1/check-candidate.py', LF will be replaced by CRLF the next time Git touches it
warning: in the working copy of '_workflow/local-wait-admission-gates-20261004/auto-relay-capacity-identity-20261004-from-01a105f1/commit-candidate.py', LF will be replaced by CRLF the next time Git touches it
warning: in the working copy of '_workflow/local-wait-admission-gates-20261004/auto-relay-capacity-identity-20261004-from-01a105f1/confirmation-commit.log', LF will be replaced by CRLF the next time Git touches it
warning: in the working copy of '_workflow/local-wait-admission-gates-20261004/auto-relay-capacity-identity-20261004-from-01a105f1/correct-capacity-fixture.py', LF will be replaced by CRLF the next time Git touches it
warning: in the working copy of '_workflow/local-wait-admission-gates-20261004/auto-relay-capacity-identity-20261004-from-01a105f1/final/capacity.trx', LF will be replaced by CRLF the next time Git touches it
warning: in the working copy of '_workflow/local-wait-admission-gates-20261004/auto-relay-capacity-identity-20261004-from-01a105f1/final/claims-regenerate.trx', LF will be replaced by CRLF the next time Git touches it
warning: in the working copy of '_workflow/local-wait-admission-gates-20261004/auto-relay-capacity-identity-20261004-from-01a105f1/final/full.trx', LF will be replaced by CRLF the next time Git touches it
warning: in the working copy of '_workflow/local-wait-admission-gates-20261004/auto-relay-capacity-identity-20261004-from-01a105f1/final/target.trx', LF will be replaced by CRLF the next time Git touches it
warning: in the working copy of '_workflow/local-wait-admission-gates-20261004/auto-relay-capacity-identity-20261004-from-01a105f1/mutate-capacity.py', LF will be replaced by CRLF the next time Git touches it
warning: in the working copy of '_workflow/local-wait-admission-gates-20261004/auto-relay-capacity-identity-20261004-from-01a105f1/new-goal-readback.json', LF will be replaced by CRLF the next time Git touches it
warning: in the working copy of '_workflow/local-wait-admission-gates-20261004/auto-relay-capacity-identity-20261004-from-01a105f1/new-opening-status.txt', LF will be replaced by CRLF the next time Git touches it
warning: in the working copy of '_workflow/local-wait-admission-gates-20261004/auto-relay-capacity-identity-20261004-from-01a105f1/verify-capacity.py', LF will be replaced by CRLF the next time Git touches it
Auto packing the repository for optimum performance.
See "git help gc" for manual housekeeping.
warning: There are too many unreachable loose objects; run 'git prune' to remove them.
[main-OldTeaBag-B168 e668f8d22] test: verify 33 actual admissions and preserve archived send identity (candidate)
 95 files changed, 22526 insertions(+)
 create mode 100644 _workflow/local-wait-admission-gates-20261004/auto-relay-capacity-identity-20261004-from-01a105f1/CAPACITY-CANDIDATE.md
 create mode 100644 _workflow/local-wait-admission-gates-20261004/auto-relay-capacity-identity-20261004-from-01a105f1/M1-no-terminal-slot-migration/baseline-exit.txt
 create mode 100644 _workflow/local-wait-admission-gates-20261004/auto-relay-capacity-identity-20261004-from-01a105f1/M1-no-terminal-slot-migration/baseline.log
 create mode 100644 _workflow/local-wait-admission-gates-20261004/auto-relay-capacity-identity-20261004-from-01a105f1/M1-no-terminal-slot-migration/baseline.trx
 create mode 100644 _workflow/local-wait-admission-gates-20261004/auto-relay-capacity-identity-20261004-from-01a105f1/M1-no-terminal-slot-migration/mutant-build-exit.txt
 create mode 100644 _workflow/local-wait-admission-gates-20261004/auto-relay-capacity-identity-20261004-from-01a105f1/M1-no-terminal-slot-migration/mutant-build.log
 create mode 100644 _workflow/local-wait-admission-gates-20261004/auto-relay-capacity-identity-20261004-from-01a105f1/M1-no-terminal-slot-migration/mutant-exit.txt
 create mode 100644 _workflow/local-wait-admission-gates-20261004/auto-relay-capacity-identity-20261004-from-01a105f1/M1-no-terminal-slot-migration/mutant.log
 create mode 100644 _workflow/local-wait-admission-gates-20261004/auto-relay-capacity-identity-20261004-from-01a105f1/M1-no-terminal-slot-migration/mutant.trx
 create mode 100644 _workflow/local-wait-admission-gates-20261004/auto-relay-capacity-identity-20261004-from-01a105f1/M1-no-terminal-slot-migration/observation.json
 create mode 100644 _workflow/local-wait-admission-gates-20261004/auto-relay-capacity-identity-20261004-from-01a105f1/M1-no-terminal-slot-migration/original-source.json
 create mode 100644 _workflow/local-wait-admission-gates-20261004/auto-relay-capacity-identity-20261004-from-01a105f1/M1-no-terminal-slot-migration/restored-build-exit.txt
 create mode 100644 _workflow/local-wait-admission-gates-20261004/auto-relay-capacity-identity-20261004-from-01a105f1/M1-no-terminal-slot-migration/restored-build.log
 create mode 100644 _workflow/local-wait-admission-gates-20261004/auto-relay-capacity-identity-20261004-from-01a105f1/M1-no-terminal-slot-migration/restored-exit.txt
 create mode 100644 _workflow/local-wait-admission-gates-20261004/auto-relay-capacity-identity-20261004-from-01a105f1/M1-no-terminal-slot-migration/restored.log
 create mode 100644 _workflow/local-wait-admission-gates-20261004/auto-relay-capacity-identity-20261004-from-01a105f1/M1-no-terminal-slot-migration/restored.trx
 create mode 100644 _workflow/local-wait-admission-gates-20261004/auto-relay-capacity-identity-20261004-from-01a105f1/M2-archive-wire-identity/baseline-exit.txt
 create mode 100644 _workflow/local-wait-admission-gates-20261004/auto-relay-capacity-identity-20261004-from-01a105f1/M2-archive-wire-identity/baseline.log
 create mode 100644 _workflow/local-wait-admission-gates-20261004/auto-relay-capacity-identity-20261004-from-01a105f1/M2-archive-wire-identity/baseline.trx
 create mode 100644 _workflow/local-wait-admission-gates-20261004/auto-relay-capacity-identity-20261004-from-01a105f1/M2-archive-wire-identity/mutant-build-exit.txt
 create mode 100644 _workflow/local-wait-admission-gates-20261004/auto-relay-capacity-identity-20261004-from-01a105f1/M2-archive-wire-identity/mutant-build.log
 create mode 100644 _workflow/local-wait-admission-gates-20261004/auto-relay-capacity-identity-20261004-from-01a105f1/M2-archive-wire-identity/mutant-exit.txt
 create mode 100644 _workflow/local-wait-admission-gates-20261004/auto-relay-capacity-identity-20261004-from-01a105f1/M2-archive-wire-identity/mutant.log
 create mode 100644 _workflow/local-wait-admission-gates-20261004/auto-relay-capacity-identity-20261004-from-01a105f1/M2-archive-wire-identity/mutant.trx
 create mode 100644 _workflow/local-wait-admission-gates-20261004/auto-relay-capacity-identity-20261004-from-01a105f1/M2-archive-wire-identity/observation.json
 create mode 100644 _workflow/local-wait-admission-gates-20261004/auto-relay-capacity-identity-20261004-from-01a105f1/M2-archive-wire-identity/original-source.json
 create mode 100644 _workflow/local-wait-admission-gates-20261004/auto-relay-capacity-identity-20261004-from-01a105f1/M2-archive-wire-identity/restored-build-exit.txt
 create mode 100644 _workflow/local-wait-admission-gates-20261004/auto-relay-capacity-identity-20261004-from-01a105f1/M2-archive-wire-identity/restored-build.log
 create mode 100644 _workflow/local-wait-admission-gates-20261004/auto-relay-capacity-identity-20261004-from-01a105f1/M2-archive-wire-identity/restored-exit.txt
 create mode 100644 _workflow/local-wait-admission-gates-20261004/auto-relay-capacity-identity-20261004-from-01a105f1/M2-archive-wire-identity/restored.log
 create mode 100644 _workflow/local-wait-admission-gates-20261004/auto-relay-capacity-identity-20261004-from-01a105f1/M2-archive-wire-identity/restored.trx
 create mode 100644 _workflow/local-wait-admission-gates-20261004/auto-relay-capacity-identity-20261004-from-01a105f1/add-capacity-test.py
 create mode 100644 _workflow/local-wait-admission-gates-20261004/auto-relay-capacity-identity-20261004-from-01a105f1/add-evidence-output.py
 create mode 100644 _workflow/local-wait-admission-gates-20261004/auto-relay-capacity-identity-20261004-from-01a105f1/add-observer.py
 create mode 100644 _workflow/local-wait-admission-gates-20261004/auto-relay-capacity-identity-20261004-from-01a105f1/capacity-green1-exit.txt
 create mode 100644 _workflow/local-wait-admission-gates-20261004/auto-relay-capacity-identity-20261004-from-01a105f1/capacity-green1.log
 create mode 100644 _workflow/local-wait-admission-gates-20261004/auto-relay-capacity-identity-20261004-from-01a105f1/capacity-green1.trx
 create mode 100644 _workflow/local-wait-admission-gates-20261004/auto-relay-capacity-identity-20261004-from-01a105f1/capacity-green2-exit.txt
 create mode 100644 _workflow/local-wait-admission-gates-20261004/auto-relay-capacity-identity-20261004-from-01a105f1/capacity-green2.log
 create mode 100644 _workflow/local-wait-admission-gates-20261004/auto-relay-capacity-identity-20261004-from-01a105f1/capacity-green3-exit.txt
 create mode 100644 _workflow/local-wait-admission-gates-20261004/auto-relay-capacity-identity-20261004-from-01a105f1/capacity-green3.log
 create mode 100644 _workflow/local-wait-admission-gates-20261004/auto-relay-capacity-identity-20261004-from-01a105f1/capacity-green3.trx
 create mode 100644 _workflow/local-wait-admission-gates-20261004/auto-relay-capacity-identity-20261004-from-01a105f1/capacity-green4-exit.txt
 create mode 100644 _workflow/local-wait-admission-gates-20261004/auto-relay-capacity-identity-20261004-from-01a105f1/capacity-green4.log
 create mode 100644 _workflow/local-wait-admission-gates-20261004/auto-relay-capacity-identity-20261004-from-01a105f1/capacity-green4.trx
 create mode 100644 _workflow/local-wait-admission-gates-20261004/auto-relay-capacity-identity-20261004-from-01a105f1/capacity-plan.md
 create mode 100644 _workflow/local-wait-admission-gates-20261004/auto-relay-capacity-identity-20261004-from-01a105f1/capacity-red-exit.txt
 create mode 100644 _workflow/local-wait-admission-gates-20261004/auto-relay-capacity-identity-20261004-from-01a105f1/capacity-red.log
 create mode 100644 _workflow/local-wait-admission-gates-20261004/auto-relay-capacity-identity-20261004-from-01a105f1/capacity-red.trx
 create mode 100644 _workflow/local-wait-admission-gates-20261004/auto-relay-capacity-identity-20261004-from-01a105f1/capacity-source-before.json
 create mode 100644 _workflow/local-wait-admission-gates-20261004/auto-relay-capacity-identity-20261004-from-01a105f1/check-candidate.py
 create mode 100644 _workflow/local-wait-admission-gates-20261004/auto-relay-capacity-identity-20261004-from-01a105f1/commit-candidate.py
 create mode 100644 _workflow/local-wait-admission-gates-20261004/auto-relay-capacity-identity-20261004-from-01a105f1/confirmation-commit.log
 create mode 100644 _workflow/local-wait-admission-gates-20261004/auto-relay-capacity-identity-20261004-from-01a105f1/correct-capacity-fixture.py
 create mode 100644 _workflow/local-wait-admission-gates-20261004/auto-relay-capacity-identity-20261004-from-01a105f1/deliveries-observation.json
 create mode 100644 _workflow/local-wait-admission-gates-20261004/auto-relay-capacity-identity-20261004-from-01a105f1/final/build-exit.txt
 create mode 100644 _workflow/local-wait-admission-gates-20261004/auto-relay-capacity-identity-20261004-from-01a105f1/final/build.log
 create mode 100644 _workflow/local-wait-admission-gates-20261004/auto-relay-capacity-identity-20261004-from-01a105f1/final/candidate-observation.json
 create mode 100644 _workflow/local-wait-admission-gates-20261004/auto-relay-capacity-identity-20261004-from-01a105f1/final/capacity-exit.txt
 create mode 100644 _workflow/local-wait-admission-gates-20261004/auto-relay-capacity-identity-20261004-from-01a105f1/final/capacity.log
 create mode 100644 _workflow/local-wait-admission-gates-20261004/auto-relay-capacity-identity-20261004-from-01a105f1/final/capacity.trx
 create mode 100644 _workflow/local-wait-admission-gates-20261004/auto-relay-capacity-identity-20261004-from-01a105f1/final/claims-regenerate-exit.txt
 create mode 100644 _workflow/local-wait-admission-gates-20261004/auto-relay-capacity-identity-20261004-from-01a105f1/final/claims-regenerate.log
 create mode 100644 _workflow/local-wait-admission-gates-20261004/auto-relay-capacity-identity-20261004-from-01a105f1/final/claims-regenerate.trx
 create mode 100644 _workflow/local-wait-admission-gates-20261004/auto-relay-capacity-identity-20261004-from-01a105f1/final/full-exit.txt
 create mode 100644 _workflow/local-wait-admission-gates-20261004/auto-relay-capacity-identity-20261004-from-01a105f1/final/full.log
 create mode 100644 _workflow/local-wait-admission-gates-20261004/auto-relay-capacity-identity-20261004-from-01a105f1/final/full.trx
 create mode 100644 _workflow/local-wait-admission-gates-20261004/auto-relay-capacity-identity-20261004-from-01a105f1/final/handoff-capacity-original.json
 create mode 100644 _workflow/local-wait-admission-gates-20261004/auto-relay-capacity-identity-20261004-from-01a105f1/final/impact-comparison.json
 create mode 100644 _workflow/local-wait-admission-gates-20261004/auto-relay-capacity-identity-20261004-from-01a105f1/final/panel-capacity-original.json
 create mode 100644 _workflow/local-wait-admission-gates-20261004/auto-relay-capacity-identity-20261004-from-01a105f1/final/source-before.json
 create mode 100644 _workflow/local-wait-admission-gates-20261004/auto-relay-capacity-identity-20261004-from-01a105f1/final/target-exit.txt
 create mode 100644 _workflow/local-wait-admission-gates-20261004/auto-relay-capacity-identity-20261004-from-01a105f1/final/target.log
 create mode 100644 _workflow/local-wait-admission-gates-20261004/auto-relay-capacity-identity-20261004-from-01a105f1/final/target.trx
 create mode 100644 _workflow/local-wait-admission-gates-20261004/auto-relay-capacity-identity-20261004-from-01a105f1/fixture-build2-exit.txt
 create mode 100644 _workflow/local-wait-admission-gates-20261004/auto-relay-capacity-identity-20261004-from-01a105f1/fixture-build2.log
 create mode 100644 _workflow/local-wait-admission-gates-20261004/auto-relay-capacity-identity-20261004-from-01a105f1/fixture-build3-exit.txt
 create mode 100644 _workflow/local-wait-admission-gates-20261004/auto-relay-capacity-identity-20261004-from-01a105f1/fixture-build3.log
 create mode 100644 _workflow/local-wait-admission-gates-20261004/auto-relay-capacity-identity-20261004-from-01a105f1/fixture-build4.log
 create mode 100644 _workflow/local-wait-admission-gates-20261004/auto-relay-capacity-identity-20261004-from-01a105f1/inherited-evidence-read.json
 create mode 100644 _workflow/local-wait-admission-gates-20261004/auto-relay-capacity-identity-20261004-from-01a105f1/mechanical-review-exit.txt
 create mode 100644 _workflow/local-wait-admission-gates-20261004/auto-relay-capacity-identity-20261004-from-01a105f1/mechanical-review.log
 create mode 100644 _workflow/local-wait-admission-gates-20261004/auto-relay-capacity-identity-20261004-from-01a105f1/mutate-capacity.py
 create mode 100644 _workflow/local-wait-admission-gates-20261004/auto-relay-capacity-identity-20261004-from-01a105f1/new-goal-readback.json
 create mode 100644 _workflow/local-wait-admission-gates-20261004/auto-relay-capacity-identity-20261004-from-01a105f1/new-handshake-observation.json
 create mode 100644 _workflow/local-wait-admission-gates-20261004/auto-relay-capacity-identity-20261004-from-01a105f1/new-opening-status.txt
 create mode 100644 _workflow/local-wait-admission-gates-20261004/auto-relay-capacity-identity-20261004-from-01a105f1/observer-build-exit.txt
 create mode 100644 _workflow/local-wait-admission-gates-20261004/auto-relay-capacity-identity-20261004-from-01a105f1/observer-build.log
 create mode 100644 _workflow/local-wait-admission-gates-20261004/auto-relay-capacity-identity-20261004-from-01a105f1/post-mutation-byte-observation.json
 create mode 100644 _workflow/local-wait-admission-gates-20261004/auto-relay-capacity-identity-20261004-from-01a105f1/precommit-observation.json
 create mode 100644 _workflow/local-wait-admission-gates-20261004/auto-relay-capacity-identity-20261004-from-01a105f1/red-build-exit.txt
 create mode 100644 _workflow/local-wait-admission-gates-20261004/auto-relay-capacity-identity-20261004-from-01a105f1/red-build.log
 create mode 100644 _workflow/local-wait-admission-gates-20261004/auto-relay-capacity-identity-20261004-from-01a105f1/verify-capacity.py
