VSTest 版本 17.11.1 (x64)

正在启动测试执行，请稍候...
总共 1 个测试文件与指定模式相匹配。
[xUnit.net 00:00:00.48]     MultiplayerHoeingAssistant.UnitTest.ServiceTests.TaskCenter.TaskCenterExternalStartAdmissionTests.OriginalLateRound_HostArchivedResponsibility(archiveBeforeReceipt: False, archiveAfterTerminal: False, fault: "causal-matrix") [FAIL]
[xUnit.net 00:00:00.56]     MultiplayerHoeingAssistant.UnitTest.ServiceTests.TaskCenter.TaskCenterExternalStartAdmissionTests.OriginalLateRound_HostArchivedResponsibility(archiveBeforeReceipt: True, archiveAfterTerminal: True, fault: "causal-matrix") [FAIL]
[xUnit.net 00:00:00.74]     MultiplayerHoeingAssistant.UnitTest.ServiceTests.TaskCenter.TaskCenterExternalStartAdmissionTests.OriginalLateRound_HostArchivedResponsibility(archiveBeforeReceipt: True, archiveAfterTerminal: False, fault: "causal-matrix") [FAIL]
  失败 MultiplayerHoeingAssistant.UnitTest.ServiceTests.TaskCenter.TaskCenterExternalStartAdmissionTests.OriginalLateRound_HostArchivedResponsibility(archiveBeforeReceipt: False, archiveAfterTerminal: False, fault: "causal-matrix") [35 ms]
  错误消息:
   original ledger causality late-receipt/candidateId/missing=False: 观察中保留 0；终局补写成功 0／失败 0；台账终态缺 PendingTerminal 0；租约/台账终局不一致 0；台账孤儿 0；冲突待决（归裁决入口） 0；载荷不完整（不驱动终局） 0；观察责任重绑 0；迟到受理回执接管 0；旧轮受理回执冲突阻断 1；旧轮 Accepted 终态结案 0
  堆栈跟踪:
     at MultiplayerHoeingAssistant.UnitTest.ServiceTests.TaskCenter.TaskCenterExternalStartAdmissionTests.<>c__DisplayClass16_0.<<OriginalLateRound_HostArchivedResponsibility>g__CheckOriginalLedgerCausality|3>d.MoveNext() in E:\Program Files\better-genshin-impact-LCB\Test\MultiplayerHoeingAssistant.UnitTest\ServiceTests\TaskCenter\TaskCenterExternalStartAdmissionTests.cs:line 425
--- End of stack trace from previous location ---
   at MultiplayerHoeingAssistant.UnitTest.ServiceTests.TaskCenter.TaskCenterExternalStartAdmissionTests.OriginalLateRound_HostArchivedResponsibility(Boolean archiveBeforeReceipt, Boolean archiveAfterTerminal, String fault) in E:\Program Files\better-genshin-impact-LCB\Test\MultiplayerHoeingAssistant.UnitTest\ServiceTests\TaskCenter\TaskCenterExternalStartAdmissionTests.cs:line 472
   at MultiplayerHoeingAssistant.UnitTest.ServiceTests.TaskCenter.TaskCenterExternalStartAdmissionTests.OriginalLateRound_HostArchivedResponsibility(Boolean archiveBeforeReceipt, Boolean archiveAfterTerminal, String fault) in E:\Program Files\better-genshin-impact-LCB\Test\MultiplayerHoeingAssistant.UnitTest\ServiceTests\TaskCenter\TaskCenterExternalStartAdmissionTests.cs:line 560
--- End of stack trace from previous location ---
  失败 MultiplayerHoeingAssistant.UnitTest.ServiceTests.TaskCenter.TaskCenterExternalStartAdmissionTests.OriginalLateRound_HostArchivedResponsibility(archiveBeforeReceipt: True, archiveAfterTerminal: True, fault: "causal-matrix") [30 ms]
  错误消息:
   original ledger causality late-receipt/candidateId/missing=False: 观察中保留 0；终局补写成功 0／失败 0；台账终态缺 PendingTerminal 0；租约/台账终局不一致 0；台账孤儿 0；冲突待决（归裁决入口） 0；载荷不完整（不驱动终局） 0；观察责任重绑 0；迟到受理回执接管 0；旧轮受理回执冲突阻断 1；旧轮 Accepted 终态结案 0
  堆栈跟踪:
     at MultiplayerHoeingAssistant.UnitTest.ServiceTests.TaskCenter.TaskCenterExternalStartAdmissionTests.<>c__DisplayClass16_0.<<OriginalLateRound_HostArchivedResponsibility>g__CheckOriginalLedgerCausality|3>d.MoveNext() in E:\Program Files\better-genshin-impact-LCB\Test\MultiplayerHoeingAssistant.UnitTest\ServiceTests\TaskCenter\TaskCenterExternalStartAdmissionTests.cs:line 425
--- End of stack trace from previous location ---
   at MultiplayerHoeingAssistant.UnitTest.ServiceTests.TaskCenter.TaskCenterExternalStartAdmissionTests.OriginalLateRound_HostArchivedResponsibility(Boolean archiveBeforeReceipt, Boolean archiveAfterTerminal, String fault) in E:\Program Files\better-genshin-impact-LCB\Test\MultiplayerHoeingAssistant.UnitTest\ServiceTests\TaskCenter\TaskCenterExternalStartAdmissionTests.cs:line 472
   at MultiplayerHoeingAssistant.UnitTest.ServiceTests.TaskCenter.TaskCenterExternalStartAdmissionTests.OriginalLateRound_HostArchivedResponsibility(Boolean archiveBeforeReceipt, Boolean archiveAfterTerminal, String fault) in E:\Program Files\better-genshin-impact-LCB\Test\MultiplayerHoeingAssistant.UnitTest\ServiceTests\TaskCenter\TaskCenterExternalStartAdmissionTests.cs:line 560
--- End of stack trace from previous location ---
  失败 MultiplayerHoeingAssistant.UnitTest.ServiceTests.TaskCenter.TaskCenterExternalStartAdmissionTests.OriginalLateRound_HostArchivedResponsibility(archiveBeforeReceipt: True, archiveAfterTerminal: False, fault: "causal-matrix") [31 ms]
  错误消息:
   original ledger causality late-receipt/candidateId/missing=False: 观察中保留 0；终局补写成功 0／失败 0；台账终态缺 PendingTerminal 0；租约/台账终局不一致 0；台账孤儿 0；冲突待决（归裁决入口） 0；载荷不完整（不驱动终局） 0；观察责任重绑 0；迟到受理回执接管 0；旧轮受理回执冲突阻断 1；旧轮 Accepted 终态结案 0
  堆栈跟踪:
     at MultiplayerHoeingAssistant.UnitTest.ServiceTests.TaskCenter.TaskCenterExternalStartAdmissionTests.<>c__DisplayClass16_0.<<OriginalLateRound_HostArchivedResponsibility>g__CheckOriginalLedgerCausality|3>d.MoveNext() in E:\Program Files\better-genshin-impact-LCB\Test\MultiplayerHoeingAssistant.UnitTest\ServiceTests\TaskCenter\TaskCenterExternalStartAdmissionTests.cs:line 425
--- End of stack trace from previous location ---
   at MultiplayerHoeingAssistant.UnitTest.ServiceTests.TaskCenter.TaskCenterExternalStartAdmissionTests.OriginalLateRound_HostArchivedResponsibility(Boolean archiveBeforeReceipt, Boolean archiveAfterTerminal, String fault) in E:\Program Files\better-genshin-impact-LCB\Test\MultiplayerHoeingAssistant.UnitTest\ServiceTests\TaskCenter\TaskCenterExternalStartAdmissionTests.cs:line 472
   at MultiplayerHoeingAssistant.UnitTest.ServiceTests.TaskCenter.TaskCenterExternalStartAdmissionTests.OriginalLateRound_HostArchivedResponsibility(Boolean archiveBeforeReceipt, Boolean archiveAfterTerminal, String fault) in E:\Program Files\better-genshin-impact-LCB\Test\MultiplayerHoeingAssistant.UnitTest\ServiceTests\TaskCenter\TaskCenterExternalStartAdmissionTests.cs:line 560
--- End of stack trace from previous location ---
[xUnit.net 00:00:00.91]     MultiplayerHoeingAssistant.UnitTest.ServiceTests.TaskCenter.TaskCenterExternalStartAdmissionTests.OriginalLateRound_HostArchivedResponsibility(archiveBeforeReceipt: False, archiveAfterTerminal: True, fault: "causal-matrix") [FAIL]
  失败 MultiplayerHoeingAssistant.UnitTest.ServiceTests.TaskCenter.TaskCenterExternalStartAdmissionTests.OriginalLateRound_HostArchivedResponsibility(archiveBeforeReceipt: False, archiveAfterTerminal: True, fault: "causal-matrix") [27 ms]
  错误消息:
   original ledger causality late-receipt/candidateId/missing=False: 观察中保留 0；终局补写成功 0／失败 0；台账终态缺 PendingTerminal 0；租约/台账终局不一致 0；台账孤儿 0；冲突待决（归裁决入口） 0；载荷不完整（不驱动终局） 0；观察责任重绑 0；迟到受理回执接管 0；旧轮受理回执冲突阻断 1；旧轮 Accepted 终态结案 0
  堆栈跟踪:
     at MultiplayerHoeingAssistant.UnitTest.ServiceTests.TaskCenter.TaskCenterExternalStartAdmissionTests.<>c__DisplayClass16_0.<<OriginalLateRound_HostArchivedResponsibility>g__CheckOriginalLedgerCausality|3>d.MoveNext() in E:\Program Files\better-genshin-impact-LCB\Test\MultiplayerHoeingAssistant.UnitTest\ServiceTests\TaskCenter\TaskCenterExternalStartAdmissionTests.cs:line 425
--- End of stack trace from previous location ---
   at MultiplayerHoeingAssistant.UnitTest.ServiceTests.TaskCenter.TaskCenterExternalStartAdmissionTests.OriginalLateRound_HostArchivedResponsibility(Boolean archiveBeforeReceipt, Boolean archiveAfterTerminal, String fault) in E:\Program Files\better-genshin-impact-LCB\Test\MultiplayerHoeingAssistant.UnitTest\ServiceTests\TaskCenter\TaskCenterExternalStartAdmissionTests.cs:line 472
   at MultiplayerHoeingAssistant.UnitTest.ServiceTests.TaskCenter.TaskCenterExternalStartAdmissionTests.OriginalLateRound_HostArchivedResponsibility(Boolean archiveBeforeReceipt, Boolean archiveAfterTerminal, String fault) in E:\Program Files\better-genshin-impact-LCB\Test\MultiplayerHoeingAssistant.UnitTest\ServiceTests\TaskCenter\TaskCenterExternalStartAdmissionTests.cs:line 560
--- End of stack trace from previous location ---
结果文件: E:\Program Files\better-genshin-impact-LCB\_workflow\local-wait-admission-gates-20261004\auto-relay-external-original-causality-20261004-from-01a1067e\causal-red.trx

失败!  - 失败:     4，通过:    10，已跳过:     0，总计:    14，持续时间: 579 ms - MultiplayerHoeingAssistant.UnitTest.dll (net8.0)
