VSTest 版本 17.11.1 (x64)

正在启动测试执行，请稍候...
总共 1 个测试文件与指定模式相匹配。
[xUnit.net 00:00:00.52]     MultiplayerHoeingAssistant.UnitTest.ServiceTests.TaskCenter.TaskCenterSuccessorPathGateTests.OriginalLifecycle_SourceFaultRejectsResumeWithoutSendingOrReplacingOriginal(handoff: False, interrupted: False) [FAIL]
[xUnit.net 00:00:00.60]     MultiplayerHoeingAssistant.UnitTest.ServiceTests.TaskCenter.TaskCenterSuccessorPathGateTests.OriginalLifecycle_SourceFaultRejectsResumeWithoutSendingOrReplacingOriginal(handoff: True, interrupted: False) [FAIL]
[xUnit.net 00:00:00.67]     MultiplayerHoeingAssistant.UnitTest.ServiceTests.TaskCenter.TaskCenterSuccessorPathGateTests.OriginalLifecycle_SourceFaultRejectsResumeWithoutSendingOrReplacingOriginal(handoff: True, interrupted: True) [FAIL]
[xUnit.net 00:00:00.76]     MultiplayerHoeingAssistant.UnitTest.ServiceTests.TaskCenter.TaskCenterSuccessorPathGateTests.OriginalLifecycle_SourceFaultRejectsResumeWithoutSendingOrReplacingOriginal(handoff: False, interrupted: True) [FAIL]
  失败 MultiplayerHoeingAssistant.UnitTest.ServiceTests.TaskCenter.TaskCenterSuccessorPathGateTests.OriginalLifecycle_SourceFaultRejectsResumeWithoutSendingOrReplacingOriginal(handoff: False, interrupted: False) [282 ms]
  错误消息:
   Assert.Equal() Failure: Values differ
Expected: Unavailable
Actual:   Registered
  堆栈跟踪:
     at MultiplayerHoeingAssistant.UnitTest.ServiceTests.TaskCenter.TaskCenterSuccessorPathGateTests.<>c__DisplayClass48_0.<<ProbeOriginalLifecycleAsync>b__2>d.MoveNext() in E:\Program Files\better-genshin-impact-LCB\Test\MultiplayerHoeingAssistant.UnitTest\ServiceTests\TaskCenter\TaskCenterSuccessorPathGateTests.cs:line 2866
--- End of stack trace from previous location ---
   at MultiplayerHoeingAssistant.UnitTest.ServiceTests.TaskCenter.TaskCenterSuccessorPathGateTests.<>c__DisplayClass48_0.<<ProbeOriginalLifecycleAsync>b__2>d.MoveNext() in E:\Program Files\better-genshin-impact-LCB\Test\MultiplayerHoeingAssistant.UnitTest\ServiceTests\TaskCenter\TaskCenterSuccessorPathGateTests.cs:line 2912
--- End of stack trace from previous location ---
   at MultiplayerHoeingAssistant.UnitTest.ServiceTests.TaskCenter.TaskCenterSuccessorPathGateTests.ProbeNodeSubmitRoutingAsync(String root, Boolean successorWired, Action`1 concurrentWriteBeforeSend, Action`2 onBeforeSend, String[] nodeIds, Action afterLedgerBeforeClose, TaskCompletionSource holdFirstAccept, Func`1 beforeSuccessorAdmission, Action`3 onBeforeSendWithPayload, Action`1 configurePort, Action`1 configureSeams, Action`1 configureRuns, Boolean startViaHandoff, Action`1 afterOccupyBeforeSend, Func`5 afterConverged, Boolean requirePanelSourceForProbe, Func`4 afterRegistered) in E:\Program Files\better-genshin-impact-LCB\Test\MultiplayerHoeingAssistant.UnitTest\ServiceTests\TaskCenter\TaskCenterSuccessorPathGateTests.cs:line 2047
   at MultiplayerHoeingAssistant.UnitTest.ServiceTests.TaskCenter.TaskCenterSuccessorPathGateTests.ProbeNodeSubmitRoutingAsync(String root, Boolean successorWired, Action`1 concurrentWriteBeforeSend, Action`2 onBeforeSend, String[] nodeIds, Action afterLedgerBeforeClose, TaskCompletionSource holdFirstAccept, Func`1 beforeSuccessorAdmission, Action`3 onBeforeSendWithPayload, Action`1 configurePort, Action`1 configureSeams, Action`1 configureRuns, Boolean startViaHandoff, Action`1 afterOccupyBeforeSend, Func`5 afterConverged, Boolean requirePanelSourceForProbe, Func`4 afterRegistered) in E:\Program Files\better-genshin-impact-LCB\Test\MultiplayerHoeingAssistant.UnitTest\ServiceTests\TaskCenter\TaskCenterSuccessorPathGateTests.cs:line 2135
   at MultiplayerHoeingAssistant.UnitTest.ServiceTests.TaskCenter.TaskCenterSuccessorPathGateTests.ProbeOriginalLifecycleAsync(Boolean handoff, Boolean interrupted, Boolean sourceFault) in E:\Program Files\better-genshin-impact-LCB\Test\MultiplayerHoeingAssistant.UnitTest\ServiceTests\TaskCenter\TaskCenterSuccessorPathGateTests.cs:line 2772
--- End of stack trace from previous location ---
  失败 MultiplayerHoeingAssistant.UnitTest.ServiceTests.TaskCenter.TaskCenterSuccessorPathGateTests.OriginalLifecycle_SourceFaultRejectsResumeWithoutSendingOrReplacingOriginal(handoff: True, interrupted: False) [77 ms]
  错误消息:
   Assert.Equal() Failure: Values differ
Expected: Unavailable
Actual:   Registered
  堆栈跟踪:
     at MultiplayerHoeingAssistant.UnitTest.ServiceTests.TaskCenter.TaskCenterSuccessorPathGateTests.<>c__DisplayClass48_0.<<ProbeOriginalLifecycleAsync>b__2>d.MoveNext() in E:\Program Files\better-genshin-impact-LCB\Test\MultiplayerHoeingAssistant.UnitTest\ServiceTests\TaskCenter\TaskCenterSuccessorPathGateTests.cs:line 2866
--- End of stack trace from previous location ---
   at MultiplayerHoeingAssistant.UnitTest.ServiceTests.TaskCenter.TaskCenterSuccessorPathGateTests.<>c__DisplayClass48_0.<<ProbeOriginalLifecycleAsync>b__2>d.MoveNext() in E:\Program Files\better-genshin-impact-LCB\Test\MultiplayerHoeingAssistant.UnitTest\ServiceTests\TaskCenter\TaskCenterSuccessorPathGateTests.cs:line 2912
--- End of stack trace from previous location ---
   at MultiplayerHoeingAssistant.UnitTest.ServiceTests.TaskCenter.TaskCenterSuccessorPathGateTests.ProbeNodeSubmitRoutingAsync(String root, Boolean successorWired, Action`1 concurrentWriteBeforeSend, Action`2 onBeforeSend, String[] nodeIds, Action afterLedgerBeforeClose, TaskCompletionSource holdFirstAccept, Func`1 beforeSuccessorAdmission, Action`3 onBeforeSendWithPayload, Action`1 configurePort, Action`1 configureSeams, Action`1 configureRuns, Boolean startViaHandoff, Action`1 afterOccupyBeforeSend, Func`5 afterConverged, Boolean requirePanelSourceForProbe, Func`4 afterRegistered) in E:\Program Files\better-genshin-impact-LCB\Test\MultiplayerHoeingAssistant.UnitTest\ServiceTests\TaskCenter\TaskCenterSuccessorPathGateTests.cs:line 2047
   at MultiplayerHoeingAssistant.UnitTest.ServiceTests.TaskCenter.TaskCenterSuccessorPathGateTests.ProbeNodeSubmitRoutingAsync(String root, Boolean successorWired, Action`1 concurrentWriteBeforeSend, Action`2 onBeforeSend, String[] nodeIds, Action afterLedgerBeforeClose, TaskCompletionSource holdFirstAccept, Func`1 beforeSuccessorAdmission, Action`3 onBeforeSendWithPayload, Action`1 configurePort, Action`1 configureSeams, Action`1 configureRuns, Boolean startViaHandoff, Action`1 afterOccupyBeforeSend, Func`5 afterConverged, Boolean requirePanelSourceForProbe, Func`4 afterRegistered) in E:\Program Files\better-genshin-impact-LCB\Test\MultiplayerHoeingAssistant.UnitTest\ServiceTests\TaskCenter\TaskCenterSuccessorPathGateTests.cs:line 2135
   at MultiplayerHoeingAssistant.UnitTest.ServiceTests.TaskCenter.TaskCenterSuccessorPathGateTests.ProbeOriginalLifecycleAsync(Boolean handoff, Boolean interrupted, Boolean sourceFault) in E:\Program Files\better-genshin-impact-LCB\Test\MultiplayerHoeingAssistant.UnitTest\ServiceTests\TaskCenter\TaskCenterSuccessorPathGateTests.cs:line 2772
--- End of stack trace from previous location ---
  失败 MultiplayerHoeingAssistant.UnitTest.ServiceTests.TaskCenter.TaskCenterSuccessorPathGateTests.OriginalLifecycle_SourceFaultRejectsResumeWithoutSendingOrReplacingOriginal(handoff: True, interrupted: True) [70 ms]
  错误消息:
   Assert.Equal() Failure: Values differ
Expected: Unavailable
Actual:   Registered
  堆栈跟踪:
     at MultiplayerHoeingAssistant.UnitTest.ServiceTests.TaskCenter.TaskCenterSuccessorPathGateTests.<>c__DisplayClass48_0.<<ProbeOriginalLifecycleAsync>b__2>d.MoveNext() in E:\Program Files\better-genshin-impact-LCB\Test\MultiplayerHoeingAssistant.UnitTest\ServiceTests\TaskCenter\TaskCenterSuccessorPathGateTests.cs:line 2866
--- End of stack trace from previous location ---
   at MultiplayerHoeingAssistant.UnitTest.ServiceTests.TaskCenter.TaskCenterSuccessorPathGateTests.<>c__DisplayClass48_0.<<ProbeOriginalLifecycleAsync>b__2>d.MoveNext() in E:\Program Files\better-genshin-impact-LCB\Test\MultiplayerHoeingAssistant.UnitTest\ServiceTests\TaskCenter\TaskCenterSuccessorPathGateTests.cs:line 2912
--- End of stack trace from previous location ---
   at MultiplayerHoeingAssistant.UnitTest.ServiceTests.TaskCenter.TaskCenterSuccessorPathGateTests.ProbeNodeSubmitRoutingAsync(String root, Boolean successorWired, Action`1 concurrentWriteBeforeSend, Action`2 onBeforeSend, String[] nodeIds, Action afterLedgerBeforeClose, TaskCompletionSource holdFirstAccept, Func`1 beforeSuccessorAdmission, Action`3 onBeforeSendWithPayload, Action`1 configurePort, Action`1 configureSeams, Action`1 configureRuns, Boolean startViaHandoff, Action`1 afterOccupyBeforeSend, Func`5 afterConverged, Boolean requirePanelSourceForProbe, Func`4 afterRegistered) in E:\Program Files\better-genshin-impact-LCB\Test\MultiplayerHoeingAssistant.UnitTest\ServiceTests\TaskCenter\TaskCenterSuccessorPathGateTests.cs:line 2047
   at MultiplayerHoeingAssistant.UnitTest.ServiceTests.TaskCenter.TaskCenterSuccessorPathGateTests.ProbeNodeSubmitRoutingAsync(String root, Boolean successorWired, Action`1 concurrentWriteBeforeSend, Action`2 onBeforeSend, String[] nodeIds, Action afterLedgerBeforeClose, TaskCompletionSource holdFirstAccept, Func`1 beforeSuccessorAdmission, Action`3 onBeforeSendWithPayload, Action`1 configurePort, Action`1 configureSeams, Action`1 configureRuns, Boolean startViaHandoff, Action`1 afterOccupyBeforeSend, Func`5 afterConverged, Boolean requirePanelSourceForProbe, Func`4 afterRegistered) in E:\Program Files\better-genshin-impact-LCB\Test\MultiplayerHoeingAssistant.UnitTest\ServiceTests\TaskCenter\TaskCenterSuccessorPathGateTests.cs:line 2135
   at MultiplayerHoeingAssistant.UnitTest.ServiceTests.TaskCenter.TaskCenterSuccessorPathGateTests.ProbeOriginalLifecycleAsync(Boolean handoff, Boolean interrupted, Boolean sourceFault) in E:\Program Files\better-genshin-impact-LCB\Test\MultiplayerHoeingAssistant.UnitTest\ServiceTests\TaskCenter\TaskCenterSuccessorPathGateTests.cs:line 2772
--- End of stack trace from previous location ---
  失败 MultiplayerHoeingAssistant.UnitTest.ServiceTests.TaskCenter.TaskCenterSuccessorPathGateTests.OriginalLifecycle_SourceFaultRejectsResumeWithoutSendingOrReplacingOriginal(handoff: False, interrupted: True) [87 ms]
  错误消息:
   Assert.Equal() Failure: Values differ
Expected: Unavailable
Actual:   Registered
  堆栈跟踪:
     at MultiplayerHoeingAssistant.UnitTest.ServiceTests.TaskCenter.TaskCenterSuccessorPathGateTests.<>c__DisplayClass48_0.<<ProbeOriginalLifecycleAsync>b__2>d.MoveNext() in E:\Program Files\better-genshin-impact-LCB\Test\MultiplayerHoeingAssistant.UnitTest\ServiceTests\TaskCenter\TaskCenterSuccessorPathGateTests.cs:line 2866
--- End of stack trace from previous location ---
   at MultiplayerHoeingAssistant.UnitTest.ServiceTests.TaskCenter.TaskCenterSuccessorPathGateTests.<>c__DisplayClass48_0.<<ProbeOriginalLifecycleAsync>b__2>d.MoveNext() in E:\Program Files\better-genshin-impact-LCB\Test\MultiplayerHoeingAssistant.UnitTest\ServiceTests\TaskCenter\TaskCenterSuccessorPathGateTests.cs:line 2912
--- End of stack trace from previous location ---
   at MultiplayerHoeingAssistant.UnitTest.ServiceTests.TaskCenter.TaskCenterSuccessorPathGateTests.ProbeNodeSubmitRoutingAsync(String root, Boolean successorWired, Action`1 concurrentWriteBeforeSend, Action`2 onBeforeSend, String[] nodeIds, Action afterLedgerBeforeClose, TaskCompletionSource holdFirstAccept, Func`1 beforeSuccessorAdmission, Action`3 onBeforeSendWithPayload, Action`1 configurePort, Action`1 configureSeams, Action`1 configureRuns, Boolean startViaHandoff, Action`1 afterOccupyBeforeSend, Func`5 afterConverged, Boolean requirePanelSourceForProbe, Func`4 afterRegistered) in E:\Program Files\better-genshin-impact-LCB\Test\MultiplayerHoeingAssistant.UnitTest\ServiceTests\TaskCenter\TaskCenterSuccessorPathGateTests.cs:line 2047
   at MultiplayerHoeingAssistant.UnitTest.ServiceTests.TaskCenter.TaskCenterSuccessorPathGateTests.ProbeNodeSubmitRoutingAsync(String root, Boolean successorWired, Action`1 concurrentWriteBeforeSend, Action`2 onBeforeSend, String[] nodeIds, Action afterLedgerBeforeClose, TaskCompletionSource holdFirstAccept, Func`1 beforeSuccessorAdmission, Action`3 onBeforeSendWithPayload, Action`1 configurePort, Action`1 configureSeams, Action`1 configureRuns, Boolean startViaHandoff, Action`1 afterOccupyBeforeSend, Func`5 afterConverged, Boolean requirePanelSourceForProbe, Func`4 afterRegistered) in E:\Program Files\better-genshin-impact-LCB\Test\MultiplayerHoeingAssistant.UnitTest\ServiceTests\TaskCenter\TaskCenterSuccessorPathGateTests.cs:line 2135
   at MultiplayerHoeingAssistant.UnitTest.ServiceTests.TaskCenter.TaskCenterSuccessorPathGateTests.ProbeOriginalLifecycleAsync(Boolean handoff, Boolean interrupted, Boolean sourceFault) in E:\Program Files\better-genshin-impact-LCB\Test\MultiplayerHoeingAssistant.UnitTest\ServiceTests\TaskCenter\TaskCenterSuccessorPathGateTests.cs:line 2772
--- End of stack trace from previous location ---
结果文件: E:\Program Files\better-genshin-impact-LCB\_workflow\local-wait-admission-gates-20261004\auto-relay-four-entry-recovery-20261004-from-01a1061f\mutations-r2\M2-resume-source\mutant.trx

失败!  - 失败:     4，通过:     0，已跳过:     0，总计:     4，持续时间: 224 ms - MultiplayerHoeingAssistant.UnitTest.dll (net8.0)
