VSTest version 17.11.1 (x64)

Starting test execution, please wait...
A total of 1 test files matched the specified pattern.
  Failed MultiplayerHoeingAssistant.UnitTest.ServiceTests.TaskCenter.R56MigrationSwitchTransactionTests_Part2.CurrentV14_ConcurrencyNoCallbackValidationAndRollback_AreSerialized [1 s]
  Error Message:
   no-callback entry must wait for serialization
  Stack Trace:
     at MultiplayerHoeingAssistant.UnitTest.ServiceTests.TaskCenter.R56MigrationSwitchTransactionTests_Part2.CurrentV14_ConcurrencyNoCallbackValidationAndRollback_AreSerialized() in E:\Program Files\better-genshin-impact-LCB\Test\MultiplayerHoeingAssistant.UnitTest\ServiceTests\TaskCenter\R56MigrationSwitchTransactionTests.cs:line 743
   at MultiplayerHoeingAssistant.UnitTest.ServiceTests.TaskCenter.R56MigrationSwitchTransactionTests_Part2.CurrentV14_ConcurrencyNoCallbackValidationAndRollback_AreSerialized() in E:\Program Files\better-genshin-impact-LCB\Test\MultiplayerHoeingAssistant.UnitTest\ServiceTests\TaskCenter\R56MigrationSwitchTransactionTests.cs:line 748
--- End of stack trace from previous location ---
  Failed MultiplayerHoeingAssistant.UnitTest.ServiceTests.TaskCenter.R56ReferenceActivationWiringTests.RepeatedModernSuccess_RequiresFreshWholeRootWithoutRepeatingEffects(stage: "Activated", reopen: True, drift: "clean") [1 s]
  Error Message:
   Assert.Equal() Failure: Values differ
Expected: True
Actual:   False
  Stack Trace:
     at MultiplayerHoeingAssistant.UnitTest.ServiceTests.TaskCenter.R56ReferenceActivationWiringTests.RepeatedModernSuccess_RequiresFreshWholeRootWithoutRepeatingEffects(String stage, Boolean reopen, String drift) in E:\Program Files\better-genshin-impact-LCB\Test\MultiplayerHoeingAssistant.UnitTest\ServiceTests\TaskCenter\R56ReferenceActivationWiringTests.cs:line 493
   at InvokeStub_R56ReferenceActivationWiringTests.RepeatedModernSuccess_RequiresFreshWholeRootWithoutRepeatingEffects(Object, Span`1)
   at System.Reflection.MethodBaseInvoker.InvokeWithFewArgs(Object obj, BindingFlags invokeAttr, Binder binder, Object[] parameters, CultureInfo culture)
  Failed MultiplayerHoeingAssistant.UnitTest.ServiceTests.TaskCenter.R56ReferenceActivationWiringTests.CurrentV8_MissingMainDoesNotErasePendingAuthorityOrAdmitNewTransaction [319 ms]
  Error Message:
   Assert.True() Failure
Expected: True
Actual:   False
  Stack Trace:
     at MultiplayerHoeingAssistant.UnitTest.ServiceTests.TaskCenter.R56ReferenceActivationWiringTests.CurrentV8_MissingMainDoesNotErasePendingAuthorityOrAdmitNewTransaction() in E:\Program Files\better-genshin-impact-LCB\Test\MultiplayerHoeingAssistant.UnitTest\ServiceTests\TaskCenter\R56ReferenceActivationWiringTests.cs:line 1162
   at System.RuntimeMethodHandle.InvokeMethod(Object target, Void** arguments, Signature sig, Boolean isConstructor)
   at System.Reflection.MethodBaseInvoker.InvokeWithNoArgs(Object obj, BindingFlags invokeAttr)
  Failed MultiplayerHoeingAssistant.UnitTest.ServiceTests.TaskCenter.R56ReferenceActivationWiringTests.CurrentV14_AbortTerminalWithUnknownJournalOrOrphanFacts_IsNotExempt [420 ms]
  Error Message:
   Assert.True() Failure
Expected: True
Actual:   False
  Stack Trace:
     at MultiplayerHoeingAssistant.UnitTest.ServiceTests.TaskCenter.R56ReferenceActivationWiringTests.CurrentV14_AbortTerminalWithUnknownJournalOrOrphanFacts_IsNotExempt() in E:\Program Files\better-genshin-impact-LCB\Test\MultiplayerHoeingAssistant.UnitTest\ServiceTests\TaskCenter\R56ReferenceActivationWiringTests.cs:line 1661
   at System.RuntimeMethodHandle.InvokeMethod(Object target, Void** arguments, Signature sig, Boolean isConstructor)
   at System.Reflection.MethodBaseInvoker.InvokeWithNoArgs(Object obj, BindingFlags invokeAttr)
  Failed MultiplayerHoeingAssistant.UnitTest.ServiceTests.TaskCenter.R56ReferenceActivationWiringTests.PhysicalConfigRoot_SecondArtifactRootCannotBypassExclusiveAuthority [305 ms]
  Error Message:
   System.IO.InvalidDataException : migration_observer_binding_root_or_pending_mismatch
  Stack Trace:
     at MultiplayerHoeingAssistant.Services.MigrationRootAuthority.ObservePersistentFacts(String configRoot, String artifactRoot) in E:\Program Files\better-genshin-impact-LCB\MultiplayerHoeingAssistant\Services\TaskCenter\MigrationConsistency.cs:line 213
   at MultiplayerHoeingAssistant.Services.MigrationSwitchTransaction.ClassifyPersistentProtocol() in E:\Program Files\better-genshin-impact-LCB\MultiplayerHoeingAssistant\Services\TaskCenter\MigrationSwitchTransaction.cs:line 3219
   at MultiplayerHoeingAssistant.Services.MigrationSwitchTransaction.TryAcquireExclusive() in E:\Program Files\better-genshin-impact-LCB\MultiplayerHoeingAssistant\Services\TaskCenter\MigrationSwitchTransaction.cs:line 374
   at MultiplayerHoeingAssistant.UnitTest.ServiceTests.TaskCenter.R56ReferenceActivationWiringTests.PhysicalConfigRoot_SecondArtifactRootCannotBypassExclusiveAuthority() in E:\Program Files\better-genshin-impact-LCB\Test\MultiplayerHoeingAssistant.UnitTest\ServiceTests\TaskCenter\R56ReferenceActivationWiringTests.cs:line 2279
   at System.RuntimeMethodHandle.InvokeMethod(Object target, Void** arguments, Signature sig, Boolean isConstructor)
   at System.Reflection.MethodBaseInvoker.InvokeWithNoArgs(Object obj, BindingFlags invokeAttr)
  Failed MultiplayerHoeingAssistant.UnitTest.ServiceTests.TaskCenter.R56ReferenceActivationWiringTests.LegacyUpgrade_PublicationInterrupted_PreservesOriginalAndCanResume [311 ms]
  Error Message:
   Assert.True() Failure
Expected: True
Actual:   False
  Stack Trace:
     at MultiplayerHoeingAssistant.UnitTest.ServiceTests.TaskCenter.R56ReferenceActivationWiringTests.LegacyUpgrade_PublicationInterrupted_PreservesOriginalAndCanResume() in E:\Program Files\better-genshin-impact-LCB\Test\MultiplayerHoeingAssistant.UnitTest\ServiceTests\TaskCenter\R56ReferenceActivationWiringTests.cs:line 2492
   at System.RuntimeMethodHandle.InvokeMethod(Object target, Void** arguments, Signature sig, Boolean isConstructor)
   at System.Reflection.MethodBaseInvoker.InvokeWithNoArgs(Object obj, BindingFlags invokeAttr)
[xUnit.net 00:03:58.43]     MultiplayerHoeingAssistant.UnitTest.ServiceTests.TaskCenter.TaskCenterSuccessorPathGateTests.P50_LoadRepro_WholeClass_UnderControlledLoad [SKIP]
  Skipped MultiplayerHoeingAssistant.UnitTest.ServiceTests.TaskCenter.TaskCenterSuccessorPathGateTests.P50_LoadRepro_WholeClass_UnderControlledLoad [1 ms]
[xUnit.net 00:04:29.01]     MultiplayerHoeingAssistant.UnitTest.ServiceTests.TaskCenter.TaskCenterSuccessorPathGateTests.P50_DiagnosticRepeat_OptIn [SKIP]
  Skipped MultiplayerHoeingAssistant.UnitTest.ServiceTests.TaskCenter.TaskCenterSuccessorPathGateTests.P50_DiagnosticRepeat_OptIn [1 ms]
Results File: E:\Program Files\better-genshin-impact-LCB\_workflow\local-wait-admission-gates-20261004\g10-completion\certified-executions\55fcd1ef82ae4a3f97e4d54fb1ce5033\full.trx

Failed!  - Failed:     6, Passed:  2066, Skipped:     2, Total:  2074, Duration: 4 m 55 s - MultiplayerHoeingAssistant.UnitTest.dll (net8.0)
