<?xml version="1.0" encoding="utf-8"?>
<TestRun id="6589aff4-03a1-4c3a-a823-7fc981c7b746" name="kaedelcb@KAEDELCBPC 2026-09-29 00:30:04" runUser="KAEDELCBPC\kaedelcb" xmlns="http://microsoft.com/schemas/VisualStudio/TeamTest/2010">
  <Times creation="2026-09-29T00:30:04.7859819+08:00" queuing="2026-09-29T00:30:04.7859822+08:00" start="2026-09-29T00:30:04.1043641+08:00" finish="2026-09-29T00:30:05.2801123+08:00" />
  <TestSettings name="default" id="b1dab8c7-6a20-41c7-9587-60053fbf839d">
    <Deployment runDeploymentRoot="kaedelcb_KAEDELCBPC_2026-09-29_00_30_04" />
  </TestSettings>
  <Results>
    <UnitTestResult executionId="9a2e8d54-02d2-4853-a96c-4540381c6878" testId="e245e79d-6c7e-5717-a660-5ebef4b84520" testName="MultiplayerHoeingAssistant.UnitTest.ServiceTests.TaskCenter.R56ReferenceActivationWiringTests.Rollback_RevertsActivationAndBytes_KeepsForeignAdditions" computerName="KAEDELCBPC" duration="00:00:00.0335911" startTime="2026-09-29T00:30:05.1467082+08:00" endTime="2026-09-29T00:30:05.1467085+08:00" testType="13cdc9d9-ddb5-4fa4-a97d-d965ccfc6d4b" outcome="Passed" testListId="8c84fa94-04c1-424b-9868-57a2d4851a1d" relativeResultsDirectory="9a2e8d54-02d2-4853-a96c-4540381c6878" />
    <UnitTestResult executionId="c423026f-5621-4404-84b6-d706e7927d13" testId="7b3765e7-b0cc-3f09-bf48-2f788dfcfa27" testName="MultiplayerHoeingAssistant.UnitTest.ServiceTests.TaskCenter.R56ReferenceActivationWiringTests.RepeatedReferenceUpdate_DetectsOnDiskDrift" computerName="KAEDELCBPC" duration="00:00:00.0434337" startTime="2026-09-29T00:30:05.0709107+08:00" endTime="2026-09-29T00:30:05.0709112+08:00" testType="13cdc9d9-ddb5-4fa4-a97d-d965ccfc6d4b" outcome="Passed" testListId="8c84fa94-04c1-424b-9868-57a2d4851a1d" relativeResultsDirectory="c423026f-5621-4404-84b6-d706e7927d13" />
    <UnitTestResult executionId="9cb56c5d-2468-4697-80f0-f60f11a8a9c9" testId="0758b932-6dc7-e2bb-ba01-64525d386dc5" testName="MultiplayerHoeingAssistant.UnitTest.ServiceTests.TaskCenter.R56ReferenceActivationWiringTests.ReferenceUpdate_RealWrite_AdvancesOnlyAfterReadback" computerName="KAEDELCBPC" duration="00:00:00.0272399" startTime="2026-09-29T00:30:04.5988227+08:00" endTime="2026-09-29T00:30:04.5988230+08:00" testType="13cdc9d9-ddb5-4fa4-a97d-d965ccfc6d4b" outcome="Passed" testListId="8c84fa94-04c1-424b-9868-57a2d4851a1d" relativeResultsDirectory="9cb56c5d-2468-4697-80f0-f60f11a8a9c9" />
    <UnitTestResult executionId="ebc832a8-3cdb-439d-aa41-df1bdffe68e2" testId="00ca64e4-2c51-3f2e-22d1-089054e8092e" testName="MultiplayerHoeingAssistant.UnitTest.ServiceTests.TaskCenter.R56ReferenceActivationWiringTests.RepeatedCalls_AreIdempotent_AndRecheckInsteadOfRewriting" computerName="KAEDELCBPC" duration="00:00:00.0259314" startTime="2026-09-29T00:30:04.9457847+08:00" endTime="2026-09-29T00:30:04.9457849+08:00" testType="13cdc9d9-ddb5-4fa4-a97d-d965ccfc6d4b" outcome="Passed" testListId="8c84fa94-04c1-424b-9868-57a2d4851a1d" relativeResultsDirectory="ebc832a8-3cdb-439d-aa41-df1bdffe68e2" />
    <UnitTestResult executionId="509b2f3b-f0a4-44e2-b3e5-ffe79af4c403" testId="3536a152-f6d5-71c7-091e-e34429b764b9" testName="MultiplayerHoeingAssistant.UnitTest.ServiceTests.TaskCenter.R56ReferenceActivationWiringTests.ActivationTargetOutsideWriteset_Blocks" computerName="KAEDELCBPC" duration="00:00:00.0202430" startTime="2026-09-29T00:30:05.1670300+08:00" endTime="2026-09-29T00:30:05.1670302+08:00" testType="13cdc9d9-ddb5-4fa4-a97d-d965ccfc6d4b" outcome="Passed" testListId="8c84fa94-04c1-424b-9868-57a2d4851a1d" relativeResultsDirectory="509b2f3b-f0a4-44e2-b3e5-ffe79af4c403" />
    <UnitTestResult executionId="b0e507f6-41bc-4a26-9526-627ed4468248" testId="34602a8b-5ceb-3ec8-3e54-b72f31f37323" testName="MultiplayerHoeingAssistant.UnitTest.ServiceTests.TaskCenter.R56ReferenceActivationWiringTests.ActivatedButUncommitted_ProductionStillRunsNothing" computerName="KAEDELCBPC" duration="00:00:00.0198353" startTime="2026-09-29T00:30:04.8094945+08:00" endTime="2026-09-29T00:30:04.8094948+08:00" testType="13cdc9d9-ddb5-4fa4-a97d-d965ccfc6d4b" outcome="Passed" testListId="8c84fa94-04c1-424b-9868-57a2d4851a1d" relativeResultsDirectory="b0e507f6-41bc-4a26-9526-627ed4468248" />
    <UnitTestResult executionId="84954351-6d52-4378-8aa4-deecb8735b06" testId="f82f6945-fa88-1f8b-3e28-22e086ffa40a" testName="MultiplayerHoeingAssistant.UnitTest.ServiceTests.TaskCenter.R56ReferenceActivationWiringTests.PartialWriteThenFault_NoFalseSuccess_AndRollbackRestoresAllTargets" computerName="KAEDELCBPC" duration="00:00:00.0220300" startTime="2026-09-29T00:30:05.2464891+08:00" endTime="2026-09-29T00:30:05.2464892+08:00" testType="13cdc9d9-ddb5-4fa4-a97d-d965ccfc6d4b" outcome="Passed" testListId="8c84fa94-04c1-424b-9868-57a2d4851a1d" relativeResultsDirectory="84954351-6d52-4378-8aa4-deecb8735b06" />
    <UnitTestResult executionId="d2f6df07-dc9b-4d34-b2c9-4eeb77f44fad" testId="290e60ec-fc88-cb39-4a78-24a83936b1e3" testName="MultiplayerHoeingAssistant.UnitTest.ServiceTests.TaskCenter.R56ReferenceActivationWiringTests.SecondInstanceDuringTransaction_IsBusyAndWritesNothing" computerName="KAEDELCBPC" duration="00:00:00.0285712" startTime="2026-09-29T00:30:04.8381877+08:00" endTime="2026-09-29T00:30:04.8381880+08:00" testType="13cdc9d9-ddb5-4fa4-a97d-d965ccfc6d4b" outcome="Passed" testListId="8c84fa94-04c1-424b-9868-57a2d4851a1d" relativeResultsDirectory="d2f6df07-dc9b-4d34-b2c9-4eeb77f44fad" />
    <UnitTestResult executionId="9bb891e3-dd26-41fb-9545-4620243a3742" testId="2de69b2b-21a6-a671-181f-4542f65c91a5" testName="MultiplayerHoeingAssistant.UnitTest.ServiceTests.TaskCenter.R56ReferenceActivationWiringTests.RollbackBeforeCommit_LeavesNoProductionPermit" computerName="KAEDELCBPC" duration="00:00:00.0244203" startTime="2026-09-29T00:30:04.7576127+08:00" endTime="2026-09-29T00:30:04.7576129+08:00" testType="13cdc9d9-ddb5-4fa4-a97d-d965ccfc6d4b" outcome="Passed" testListId="8c84fa94-04c1-424b-9868-57a2d4851a1d" relativeResultsDirectory="9bb891e3-dd26-41fb-9545-4620243a3742" />
    <UnitTestResult executionId="985606e9-ad76-42b2-a6a8-1af65c7307fe" testId="0c64790c-23ff-4198-f8b1-505ea6864375" testName="MultiplayerHoeingAssistant.UnitTest.ServiceTests.TaskCenter.R56ReferenceActivationWiringTests.Commit_RefusesWhenWrittenFileDriftsAfterActivation" computerName="KAEDELCBPC" duration="00:00:00.0325384" startTime="2026-09-29T00:30:04.6972524+08:00" endTime="2026-09-29T00:30:04.6972527+08:00" testType="13cdc9d9-ddb5-4fa4-a97d-d965ccfc6d4b" outcome="Passed" testListId="8c84fa94-04c1-424b-9868-57a2d4851a1d" relativeResultsDirectory="985606e9-ad76-42b2-a6a8-1af65c7307fe" />
    <UnitTestResult executionId="8fccf6dc-8055-42b7-9b89-1a7e39bbe6bc" testId="04c34480-d5e1-38d0-dc14-c5b9c73fa2fc" testName="MultiplayerHoeingAssistant.UnitTest.ServiceTests.TaskCenter.R56ReferenceActivationWiringTests.RealWrites_PreserveOriginalBomShape_AndRollbackRestoresIt" computerName="KAEDELCBPC" duration="00:00:00.0217557" startTime="2026-09-29T00:30:05.2243928+08:00" endTime="2026-09-29T00:30:05.2243930+08:00" testType="13cdc9d9-ddb5-4fa4-a97d-d965ccfc6d4b" outcome="Passed" testListId="8c84fa94-04c1-424b-9868-57a2d4851a1d" relativeResultsDirectory="8fccf6dc-8055-42b7-9b89-1a7e39bbe6bc" />
    <UnitTestResult executionId="25eedb6b-1af9-4052-9f1e-bfb1a9328233" testId="d7b14dbb-bf53-79cc-8528-4112d77cf11d" testName="MultiplayerHoeingAssistant.UnitTest.ServiceTests.TaskCenter.R56ReferenceActivationWiringTests.ReferenceUpdate_CancelledAfterEffects_Blocks" computerName="KAEDELCBPC" duration="00:00:00.0187962" startTime="2026-09-29T00:30:04.7330970+08:00" endTime="2026-09-29T00:30:04.7330972+08:00" testType="13cdc9d9-ddb5-4fa4-a97d-d965ccfc6d4b" outcome="Passed" testListId="8c84fa94-04c1-424b-9868-57a2d4851a1d" relativeResultsDirectory="25eedb6b-1af9-4052-9f1e-bfb1a9328233" />
    <UnitTestResult executionId="366e635c-4bb6-4688-bd3f-c1e49aa8b102" testId="bffce8cb-8f93-1aab-026b-e376a32f2a31" testName="MultiplayerHoeingAssistant.UnitTest.ServiceTests.TaskCenter.R56ReferenceActivationWiringTests.WriteOutsideDeclaredWriteset_Blocks(deleteInstead: True)" computerName="KAEDELCBPC" duration="00:00:00.0189918" startTime="2026-09-29T00:30:04.6645484+08:00" endTime="2026-09-29T00:30:04.6645486+08:00" testType="13cdc9d9-ddb5-4fa4-a97d-d965ccfc6d4b" outcome="Passed" testListId="8c84fa94-04c1-424b-9868-57a2d4851a1d" relativeResultsDirectory="366e635c-4bb6-4688-bd3f-c1e49aa8b102" />
    <UnitTestResult executionId="139a36c0-3410-4487-8696-3557b17541db" testId="20598e9e-d1cf-e411-1bc0-5dfc3ff9d58e" testName="MultiplayerHoeingAssistant.UnitTest.ServiceTests.TaskCenter.R56ReferenceActivationWiringTests.ReferenceUpdate_CancelledBeforeEffects_KeepsStageAndRollsBackSafely" computerName="KAEDELCBPC" duration="00:00:00.0200016" startTime="2026-09-29T00:30:04.9892569+08:00" endTime="2026-09-29T00:30:04.9892572+08:00" testType="13cdc9d9-ddb5-4fa4-a97d-d965ccfc6d4b" outcome="Passed" testListId="8c84fa94-04c1-424b-9868-57a2d4851a1d" relativeResultsDirectory="139a36c0-3410-4487-8696-3557b17541db" />
    <UnitTestResult executionId="4397893c-0279-47c3-a2c8-3a4b17226526" testId="dc0b9da1-85c1-362f-ba3d-726bbc7ca289" testName="MultiplayerHoeingAssistant.UnitTest.ServiceTests.TaskCenter.R56ReferenceActivationWiringTests.CommittedRealTransaction_AuthorizesProductionExactlyOnce" computerName="KAEDELCBPC" duration="00:00:00.0273480" startTime="2026-09-29T00:30:04.8656271+08:00" endTime="2026-09-29T00:30:04.8656275+08:00" testType="13cdc9d9-ddb5-4fa4-a97d-d965ccfc6d4b" outcome="Passed" testListId="8c84fa94-04c1-424b-9868-57a2d4851a1d" relativeResultsDirectory="4397893c-0279-47c3-a2c8-3a4b17226526" />
    <UnitTestResult executionId="baa02722-f722-4fe8-976b-0f420d63361b" testId="d17031e9-76c3-0d5d-54f0-10ec27c99423" testName="MultiplayerHoeingAssistant.UnitTest.ServiceTests.TaskCenter.R56ReferenceActivationWiringTests.WithoutExclusiveLock_RealSideEffectsAreRejected" computerName="KAEDELCBPC" duration="00:00:00.0131730" startTime="2026-09-29T00:30:04.7715796+08:00" endTime="2026-09-29T00:30:04.7715797+08:00" testType="13cdc9d9-ddb5-4fa4-a97d-d965ccfc6d4b" outcome="Passed" testListId="8c84fa94-04c1-424b-9868-57a2d4851a1d" relativeResultsDirectory="baa02722-f722-4fe8-976b-0f420d63361b" />
    <UnitTestResult executionId="948d751e-f89b-4f52-a114-7320479f319c" testId="9120aa3d-1436-a8f6-fa8a-da29cec5c17f" testName="MultiplayerHoeingAssistant.UnitTest.ServiceTests.TaskCenter.R56ReferenceActivationWiringTests.SelfReportedSuccessWithoutRealWrite_BlocksOnReadback" computerName="KAEDELCBPC" duration="00:00:00.0177959" startTime="2026-09-29T00:30:05.0071309+08:00" endTime="2026-09-29T00:30:05.0071312+08:00" testType="13cdc9d9-ddb5-4fa4-a97d-d965ccfc6d4b" outcome="Passed" testListId="8c84fa94-04c1-424b-9868-57a2d4851a1d" relativeResultsDirectory="948d751e-f89b-4f52-a114-7320479f319c" />
    <UnitTestResult executionId="4bb4df83-d4ea-4423-af74-03866482e60f" testId="50dabd98-6202-71ef-c368-8c989718d15d" testName="MultiplayerHoeingAssistant.UnitTest.ServiceTests.TaskCenter.R56ReferenceActivationWiringTests.ReferenceUpdate_Unknown_FailsClosedWithoutRetry" computerName="KAEDELCBPC" duration="00:00:00.0671099" startTime="2026-09-29T00:30:04.5717375+08:00" endTime="2026-09-29T00:30:04.5717468+08:00" testType="13cdc9d9-ddb5-4fa4-a97d-d965ccfc6d4b" outcome="Passed" testListId="8c84fa94-04c1-424b-9868-57a2d4851a1d" relativeResultsDirectory="4bb4df83-d4ea-4423-af74-03866482e60f" />
    <UnitTestResult executionId="b2b47c79-488a-4921-b908-28d51de0b10f" testId="6608a8e3-0b21-3f57-a0f7-a2d88397e742" testName="MultiplayerHoeingAssistant.UnitTest.ServiceTests.TaskCenter.R56ReferenceActivationWiringTests.WriteOutsideDeclaredWriteset_Blocks(deleteInstead: False)" computerName="KAEDELCBPC" duration="00:00:00.0195460" startTime="2026-09-29T00:30:04.6454793+08:00" endTime="2026-09-29T00:30:04.6454796+08:00" testType="13cdc9d9-ddb5-4fa4-a97d-d965ccfc6d4b" outcome="Passed" testListId="8c84fa94-04c1-424b-9868-57a2d4851a1d" relativeResultsDirectory="b2b47c79-488a-4921-b908-28d51de0b10f" />
    <UnitTestResult executionId="f7b2a84c-3c04-4b4a-b3ba-ea767b8dd665" testId="7bc93f93-430e-82c2-804a-4c05389c58f9" testName="MultiplayerHoeingAssistant.UnitTest.ServiceTests.TaskCenter.R56ReferenceActivationWiringTests.ManifestTamper_WithoutRealEvidence_IsRejected" computerName="KAEDELCBPC" duration="00:00:00.0254618" startTime="2026-09-29T00:30:05.0964418+08:00" endTime="2026-09-29T00:30:05.0964420+08:00" testType="13cdc9d9-ddb5-4fa4-a97d-d965ccfc6d4b" outcome="Passed" testListId="8c84fa94-04c1-424b-9868-57a2d4851a1d" relativeResultsDirectory="f7b2a84c-3c04-4b4a-b3ba-ea767b8dd665" />
    <UnitTestResult executionId="514eb7b1-ad65-4525-acaa-f632b839bebf" testId="d79a5bcb-ff16-67dd-0cd7-7ec7703ff0ff" testName="MultiplayerHoeingAssistant.UnitTest.ServiceTests.TaskCenter.R56ReferenceActivationWiringTests.ActivationReadbackMismatch_Blocks" computerName="KAEDELCBPC" duration="00:00:00.0201531" startTime="2026-09-29T00:30:05.0273669+08:00" endTime="2026-09-29T00:30:05.0273671+08:00" testType="13cdc9d9-ddb5-4fa4-a97d-d965ccfc6d4b" outcome="Passed" testListId="8c84fa94-04c1-424b-9868-57a2d4851a1d" relativeResultsDirectory="514eb7b1-ad65-4525-acaa-f632b839bebf" />
    <UnitTestResult executionId="80d69cca-78f0-4b7e-b480-319cdde62401" testId="354f034a-261c-1a1c-f4a1-d0e65537878b" testName="MultiplayerHoeingAssistant.UnitTest.ServiceTests.TaskCenter.R56ReferenceActivationWiringTests.Activation_RealWrite_RequiresConfirmedReferenceUpdate" computerName="KAEDELCBPC" duration="00:00:00.0233169" startTime="2026-09-29T00:30:04.9691703+08:00" endTime="2026-09-29T00:30:04.9691705+08:00" testType="13cdc9d9-ddb5-4fa4-a97d-d965ccfc6d4b" outcome="Passed" testListId="8c84fa94-04c1-424b-9868-57a2d4851a1d" relativeResultsDirectory="80d69cca-78f0-4b7e-b480-319cdde62401" />
    <UnitTestResult executionId="eb5c4dce-1048-4d26-8ae2-1a27d2005d5f" testId="5d121dc3-6ebf-526f-284c-f33ad5c5d66d" testName="MultiplayerHoeingAssistant.UnitTest.ServiceTests.TaskCenter.R56ReferenceActivationWiringTests.CrashAfterRealWriteBeforeStagePersist_RecoversToOldBytes" computerName="KAEDELCBPC" duration="00:00:00.0361284" startTime="2026-09-29T00:30:04.9197590+08:00" endTime="2026-09-29T00:30:04.9197592+08:00" testType="13cdc9d9-ddb5-4fa4-a97d-d965ccfc6d4b" outcome="Passed" testListId="8c84fa94-04c1-424b-9868-57a2d4851a1d" relativeResultsDirectory="eb5c4dce-1048-4d26-8ae2-1a27d2005d5f" />
    <UnitTestResult executionId="cb6b171e-0848-48c0-bf96-1fd96ab9ac3d" testId="5370c416-3263-2816-0923-f3ca38400567" testName="MultiplayerHoeingAssistant.UnitTest.ServiceTests.TaskCenter.R56ReferenceActivationWiringTests.ReferenceUpdate_Rejected_PersistsBlockedWithReasonAndNoWrite" computerName="KAEDELCBPC" duration="00:00:00.0169719" startTime="2026-09-29T00:30:04.7142212+08:00" endTime="2026-09-29T00:30:04.7142215+08:00" testType="13cdc9d9-ddb5-4fa4-a97d-d965ccfc6d4b" outcome="Passed" testListId="8c84fa94-04c1-424b-9868-57a2d4851a1d" relativeResultsDirectory="cb6b171e-0848-48c0-bf96-1fd96ab9ac3d" />
    <UnitTestResult executionId="31e759f7-2034-427e-9b9c-eb730029a9e5" testId="e5abd208-af17-1f7c-5422-654e0a52518d" testName="MultiplayerHoeingAssistant.UnitTest.ServiceTests.TaskCenter.R56ReferenceActivationWiringTests.WrongContentWritten_BlocksOnReadback" computerName="KAEDELCBPC" duration="00:00:00.0186506" startTime="2026-09-29T00:30:04.7895802+08:00" endTime="2026-09-29T00:30:04.7895805+08:00" testType="13cdc9d9-ddb5-4fa4-a97d-d965ccfc6d4b" outcome="Passed" testListId="8c84fa94-04c1-424b-9868-57a2d4851a1d" relativeResultsDirectory="31e759f7-2034-427e-9b9c-eb730029a9e5" />
    <UnitTestResult executionId="9a1a394e-b6f6-4e2e-a73e-0f1b59353e23" testId="bb355b0d-c65c-d267-0304-1c78222244af" testName="MultiplayerHoeingAssistant.UnitTest.ServiceTests.TaskCenter.R56ReferenceActivationWiringTests.WritesetMismatch_RegisteredNotCovered_Blocks" computerName="KAEDELCBPC" duration="00:00:00.0178407" startTime="2026-09-29T00:30:04.8835581+08:00" endTime="2026-09-29T00:30:04.8835583+08:00" testType="13cdc9d9-ddb5-4fa4-a97d-d965ccfc6d4b" outcome="Passed" testListId="8c84fa94-04c1-424b-9868-57a2d4851a1d" relativeResultsDirectory="9a1a394e-b6f6-4e2e-a73e-0f1b59353e23" />
    <UnitTestResult executionId="675803be-d2dc-4468-8b7f-087460e4a133" testId="4e66362b-8fbd-926e-95d1-fc6403406da0" testName="MultiplayerHoeingAssistant.UnitTest.ServiceTests.TaskCenter.R56ReferenceActivationWiringTests.LegacyStageMarks_ReportSuccessWithoutAnyWrite_AndAreRejectedOnceEffectsAreWired" computerName="KAEDELCBPC" duration="00:00:00.0354395" startTime="2026-09-29T00:30:05.2025513+08:00" endTime="2026-09-29T00:30:05.2025515+08:00" testType="13cdc9d9-ddb5-4fa4-a97d-d965ccfc6d4b" outcome="Passed" testListId="8c84fa94-04c1-424b-9868-57a2d4851a1d" relativeResultsDirectory="675803be-d2dc-4468-8b7f-087460e4a133" />
    <UnitTestResult executionId="78ca5edc-fa82-402f-a4c9-5610505193ef" testId="5b587371-78a8-8392-35c8-249047753815" testName="MultiplayerHoeingAssistant.UnitTest.ServiceTests.TaskCenter.R56ReferenceActivationWiringTests.RealWrites_StayInsideConfigRoot" computerName="KAEDELCBPC" duration="00:00:00.0269541" startTime="2026-09-29T00:30:04.6258459+08:00" endTime="2026-09-29T00:30:04.6258461+08:00" testType="13cdc9d9-ddb5-4fa4-a97d-d965ccfc6d4b" outcome="Passed" testListId="8c84fa94-04c1-424b-9868-57a2d4851a1d" relativeResultsDirectory="78ca5edc-fa82-402f-a4c9-5610505193ef" />
    <UnitTestResult executionId="45b73c50-87c9-4b8e-9295-13be72469ee3" testId="857945a3-f8e2-8547-97a5-893b500b5dec" testName="MultiplayerHoeingAssistant.UnitTest.ServiceTests.TaskCenter.R56ReferenceActivationWiringTests.WritesetMismatch_WithChangeRegistry_BlocksWithoutWriting" computerName="KAEDELCBPC" duration="00:00:00.0165049" startTime="2026-09-29T00:30:05.1130319+08:00" endTime="2026-09-29T00:30:05.1130324+08:00" testType="13cdc9d9-ddb5-4fa4-a97d-d965ccfc6d4b" outcome="Passed" testListId="8c84fa94-04c1-424b-9868-57a2d4851a1d" relativeResultsDirectory="45b73c50-87c9-4b8e-9295-13be72469ee3" />
  </Results>
  <TestDefinitions>
    <UnitTest name="MultiplayerHoeingAssistant.UnitTest.ServiceTests.TaskCenter.R56ReferenceActivationWiringTests.SelfReportedSuccessWithoutRealWrite_BlocksOnReadback" storage="e:\program files\better-genshin-impact-lcb\test\multiplayerhoeingassistant.unittest\bin\debug\net8.0-windows\multiplayerhoeingassistant.unittest.dll" id="9120aa3d-1436-a8f6-fa8a-da29cec5c17f">
      <Execution id="948d751e-f89b-4f52-a114-7320479f319c" />
      <TestMethod codeBase="E:\Program Files\better-genshin-impact-LCB\Test\MultiplayerHoeingAssistant.UnitTest\bin\Debug\net8.0-windows\MultiplayerHoeingAssistant.UnitTest.dll" adapterTypeName="executor://xunit/VsTestRunner2/netcoreapp" className="MultiplayerHoeingAssistant.UnitTest.ServiceTests.TaskCenter.R56ReferenceActivationWiringTests" name="SelfReportedSuccessWithoutRealWrite_BlocksOnReadback" />
    </UnitTest>
    <UnitTest name="MultiplayerHoeingAssistant.UnitTest.ServiceTests.TaskCenter.R56ReferenceActivationWiringTests.Commit_RefusesWhenWrittenFileDriftsAfterActivation" storage="e:\program files\better-genshin-impact-lcb\test\multiplayerhoeingassistant.unittest\bin\debug\net8.0-windows\multiplayerhoeingassistant.unittest.dll" id="0c64790c-23ff-4198-f8b1-505ea6864375">
      <Execution id="985606e9-ad76-42b2-a6a8-1af65c7307fe" />
      <TestMethod codeBase="E:\Program Files\better-genshin-impact-LCB\Test\MultiplayerHoeingAssistant.UnitTest\bin\Debug\net8.0-windows\MultiplayerHoeingAssistant.UnitTest.dll" adapterTypeName="executor://xunit/VsTestRunner2/netcoreapp" className="MultiplayerHoeingAssistant.UnitTest.ServiceTests.TaskCenter.R56ReferenceActivationWiringTests" name="Commit_RefusesWhenWrittenFileDriftsAfterActivation" />
    </UnitTest>
    <UnitTest name="MultiplayerHoeingAssistant.UnitTest.ServiceTests.TaskCenter.R56ReferenceActivationWiringTests.RepeatedCalls_AreIdempotent_AndRecheckInsteadOfRewriting" storage="e:\program files\better-genshin-impact-lcb\test\multiplayerhoeingassistant.unittest\bin\debug\net8.0-windows\multiplayerhoeingassistant.unittest.dll" id="00ca64e4-2c51-3f2e-22d1-089054e8092e">
      <Execution id="ebc832a8-3cdb-439d-aa41-df1bdffe68e2" />
      <TestMethod codeBase="E:\Program Files\better-genshin-impact-LCB\Test\MultiplayerHoeingAssistant.UnitTest\bin\Debug\net8.0-windows\MultiplayerHoeingAssistant.UnitTest.dll" adapterTypeName="executor://xunit/VsTestRunner2/netcoreapp" className="MultiplayerHoeingAssistant.UnitTest.ServiceTests.TaskCenter.R56ReferenceActivationWiringTests" name="RepeatedCalls_AreIdempotent_AndRecheckInsteadOfRewriting" />
    </UnitTest>
    <UnitTest name="MultiplayerHoeingAssistant.UnitTest.ServiceTests.TaskCenter.R56ReferenceActivationWiringTests.RepeatedReferenceUpdate_DetectsOnDiskDrift" storage="e:\program files\better-genshin-impact-lcb\test\multiplayerhoeingassistant.unittest\bin\debug\net8.0-windows\multiplayerhoeingassistant.unittest.dll" id="7b3765e7-b0cc-3f09-bf48-2f788dfcfa27">
      <Execution id="c423026f-5621-4404-84b6-d706e7927d13" />
      <TestMethod codeBase="E:\Program Files\better-genshin-impact-LCB\Test\MultiplayerHoeingAssistant.UnitTest\bin\Debug\net8.0-windows\MultiplayerHoeingAssistant.UnitTest.dll" adapterTypeName="executor://xunit/VsTestRunner2/netcoreapp" className="MultiplayerHoeingAssistant.UnitTest.ServiceTests.TaskCenter.R56ReferenceActivationWiringTests" name="RepeatedReferenceUpdate_DetectsOnDiskDrift" />
    </UnitTest>
    <UnitTest name="MultiplayerHoeingAssistant.UnitTest.ServiceTests.TaskCenter.R56ReferenceActivationWiringTests.WriteOutsideDeclaredWriteset_Blocks(deleteInstead: True)" storage="e:\program files\better-genshin-impact-lcb\test\multiplayerhoeingassistant.unittest\bin\debug\net8.0-windows\multiplayerhoeingassistant.unittest.dll" id="bffce8cb-8f93-1aab-026b-e376a32f2a31">
      <Execution id="366e635c-4bb6-4688-bd3f-c1e49aa8b102" />
      <TestMethod codeBase="E:\Program Files\better-genshin-impact-LCB\Test\MultiplayerHoeingAssistant.UnitTest\bin\Debug\net8.0-windows\MultiplayerHoeingAssistant.UnitTest.dll" adapterTypeName="executor://xunit/VsTestRunner2/netcoreapp" className="MultiplayerHoeingAssistant.UnitTest.ServiceTests.TaskCenter.R56ReferenceActivationWiringTests" name="WriteOutsideDeclaredWriteset_Blocks" />
    </UnitTest>
    <UnitTest name="MultiplayerHoeingAssistant.UnitTest.ServiceTests.TaskCenter.R56ReferenceActivationWiringTests.LegacyStageMarks_ReportSuccessWithoutAnyWrite_AndAreRejectedOnceEffectsAreWired" storage="e:\program files\better-genshin-impact-lcb\test\multiplayerhoeingassistant.unittest\bin\debug\net8.0-windows\multiplayerhoeingassistant.unittest.dll" id="4e66362b-8fbd-926e-95d1-fc6403406da0">
      <Execution id="675803be-d2dc-4468-8b7f-087460e4a133" />
      <TestMethod codeBase="E:\Program Files\better-genshin-impact-LCB\Test\MultiplayerHoeingAssistant.UnitTest\bin\Debug\net8.0-windows\MultiplayerHoeingAssistant.UnitTest.dll" adapterTypeName="executor://xunit/VsTestRunner2/netcoreapp" className="MultiplayerHoeingAssistant.UnitTest.ServiceTests.TaskCenter.R56ReferenceActivationWiringTests" name="LegacyStageMarks_ReportSuccessWithoutAnyWrite_AndAreRejectedOnceEffectsAreWired" />
    </UnitTest>
    <UnitTest name="MultiplayerHoeingAssistant.UnitTest.ServiceTests.TaskCenter.R56ReferenceActivationWiringTests.RealWrites_StayInsideConfigRoot" storage="e:\program files\better-genshin-impact-lcb\test\multiplayerhoeingassistant.unittest\bin\debug\net8.0-windows\multiplayerhoeingassistant.unittest.dll" id="5b587371-78a8-8392-35c8-249047753815">
      <Execution id="78ca5edc-fa82-402f-a4c9-5610505193ef" />
      <TestMethod codeBase="E:\Program Files\better-genshin-impact-LCB\Test\MultiplayerHoeingAssistant.UnitTest\bin\Debug\net8.0-windows\MultiplayerHoeingAssistant.UnitTest.dll" adapterTypeName="executor://xunit/VsTestRunner2/netcoreapp" className="MultiplayerHoeingAssistant.UnitTest.ServiceTests.TaskCenter.R56ReferenceActivationWiringTests" name="RealWrites_StayInsideConfigRoot" />
    </UnitTest>
    <UnitTest name="MultiplayerHoeingAssistant.UnitTest.ServiceTests.TaskCenter.R56ReferenceActivationWiringTests.CrashAfterRealWriteBeforeStagePersist_RecoversToOldBytes" storage="e:\program files\better-genshin-impact-lcb\test\multiplayerhoeingassistant.unittest\bin\debug\net8.0-windows\multiplayerhoeingassistant.unittest.dll" id="5d121dc3-6ebf-526f-284c-f33ad5c5d66d">
      <Execution id="eb5c4dce-1048-4d26-8ae2-1a27d2005d5f" />
      <TestMethod codeBase="E:\Program Files\better-genshin-impact-LCB\Test\MultiplayerHoeingAssistant.UnitTest\bin\Debug\net8.0-windows\MultiplayerHoeingAssistant.UnitTest.dll" adapterTypeName="executor://xunit/VsTestRunner2/netcoreapp" className="MultiplayerHoeingAssistant.UnitTest.ServiceTests.TaskCenter.R56ReferenceActivationWiringTests" name="CrashAfterRealWriteBeforeStagePersist_RecoversToOldBytes" />
    </UnitTest>
    <UnitTest name="MultiplayerHoeingAssistant.UnitTest.ServiceTests.TaskCenter.R56ReferenceActivationWiringTests.ReferenceUpdate_Rejected_PersistsBlockedWithReasonAndNoWrite" storage="e:\program files\better-genshin-impact-lcb\test\multiplayerhoeingassistant.unittest\bin\debug\net8.0-windows\multiplayerhoeingassistant.unittest.dll" id="5370c416-3263-2816-0923-f3ca38400567">
      <Execution id="cb6b171e-0848-48c0-bf96-1fd96ab9ac3d" />
      <TestMethod codeBase="E:\Program Files\better-genshin-impact-LCB\Test\MultiplayerHoeingAssistant.UnitTest\bin\Debug\net8.0-windows\MultiplayerHoeingAssistant.UnitTest.dll" adapterTypeName="executor://xunit/VsTestRunner2/netcoreapp" className="MultiplayerHoeingAssistant.UnitTest.ServiceTests.TaskCenter.R56ReferenceActivationWiringTests" name="ReferenceUpdate_Rejected_PersistsBlockedWithReasonAndNoWrite" />
    </UnitTest>
    <UnitTest name="MultiplayerHoeingAssistant.UnitTest.ServiceTests.TaskCenter.R56ReferenceActivationWiringTests.RollbackBeforeCommit_LeavesNoProductionPermit" storage="e:\program files\better-genshin-impact-lcb\test\multiplayerhoeingassistant.unittest\bin\debug\net8.0-windows\multiplayerhoeingassistant.unittest.dll" id="2de69b2b-21a6-a671-181f-4542f65c91a5">
      <Execution id="9bb891e3-dd26-41fb-9545-4620243a3742" />
      <TestMethod codeBase="E:\Program Files\better-genshin-impact-LCB\Test\MultiplayerHoeingAssistant.UnitTest\bin\Debug\net8.0-windows\MultiplayerHoeingAssistant.UnitTest.dll" adapterTypeName="executor://xunit/VsTestRunner2/netcoreapp" className="MultiplayerHoeingAssistant.UnitTest.ServiceTests.TaskCenter.R56ReferenceActivationWiringTests" name="RollbackBeforeCommit_LeavesNoProductionPermit" />
    </UnitTest>
    <UnitTest name="MultiplayerHoeingAssistant.UnitTest.ServiceTests.TaskCenter.R56ReferenceActivationWiringTests.ManifestTamper_WithoutRealEvidence_IsRejected" storage="e:\program files\better-genshin-impact-lcb\test\multiplayerhoeingassistant.unittest\bin\debug\net8.0-windows\multiplayerhoeingassistant.unittest.dll" id="7bc93f93-430e-82c2-804a-4c05389c58f9">
      <Execution id="f7b2a84c-3c04-4b4a-b3ba-ea767b8dd665" />
      <TestMethod codeBase="E:\Program Files\better-genshin-impact-LCB\Test\MultiplayerHoeingAssistant.UnitTest\bin\Debug\net8.0-windows\MultiplayerHoeingAssistant.UnitTest.dll" adapterTypeName="executor://xunit/VsTestRunner2/netcoreapp" className="MultiplayerHoeingAssistant.UnitTest.ServiceTests.TaskCenter.R56ReferenceActivationWiringTests" name="ManifestTamper_WithoutRealEvidence_IsRejected" />
    </UnitTest>
    <UnitTest name="MultiplayerHoeingAssistant.UnitTest.ServiceTests.TaskCenter.R56ReferenceActivationWiringTests.RealWrites_PreserveOriginalBomShape_AndRollbackRestoresIt" storage="e:\program files\better-genshin-impact-lcb\test\multiplayerhoeingassistant.unittest\bin\debug\net8.0-windows\multiplayerhoeingassistant.unittest.dll" id="04c34480-d5e1-38d0-dc14-c5b9c73fa2fc">
      <Execution id="8fccf6dc-8055-42b7-9b89-1a7e39bbe6bc" />
      <TestMethod codeBase="E:\Program Files\better-genshin-impact-LCB\Test\MultiplayerHoeingAssistant.UnitTest\bin\Debug\net8.0-windows\MultiplayerHoeingAssistant.UnitTest.dll" adapterTypeName="executor://xunit/VsTestRunner2/netcoreapp" className="MultiplayerHoeingAssistant.UnitTest.ServiceTests.TaskCenter.R56ReferenceActivationWiringTests" name="RealWrites_PreserveOriginalBomShape_AndRollbackRestoresIt" />
    </UnitTest>
    <UnitTest name="MultiplayerHoeingAssistant.UnitTest.ServiceTests.TaskCenter.R56ReferenceActivationWiringTests.WritesetMismatch_RegisteredNotCovered_Blocks" storage="e:\program files\better-genshin-impact-lcb\test\multiplayerhoeingassistant.unittest\bin\debug\net8.0-windows\multiplayerhoeingassistant.unittest.dll" id="bb355b0d-c65c-d267-0304-1c78222244af">
      <Execution id="9a1a394e-b6f6-4e2e-a73e-0f1b59353e23" />
      <TestMethod codeBase="E:\Program Files\better-genshin-impact-LCB\Test\MultiplayerHoeingAssistant.UnitTest\bin\Debug\net8.0-windows\MultiplayerHoeingAssistant.UnitTest.dll" adapterTypeName="executor://xunit/VsTestRunner2/netcoreapp" className="MultiplayerHoeingAssistant.UnitTest.ServiceTests.TaskCenter.R56ReferenceActivationWiringTests" name="WritesetMismatch_RegisteredNotCovered_Blocks" />
    </UnitTest>
    <UnitTest name="MultiplayerHoeingAssistant.UnitTest.ServiceTests.TaskCenter.R56ReferenceActivationWiringTests.WithoutExclusiveLock_RealSideEffectsAreRejected" storage="e:\program files\better-genshin-impact-lcb\test\multiplayerhoeingassistant.unittest\bin\debug\net8.0-windows\multiplayerhoeingassistant.unittest.dll" id="d17031e9-76c3-0d5d-54f0-10ec27c99423">
      <Execution id="baa02722-f722-4fe8-976b-0f420d63361b" />
      <TestMethod codeBase="E:\Program Files\better-genshin-impact-LCB\Test\MultiplayerHoeingAssistant.UnitTest\bin\Debug\net8.0-windows\MultiplayerHoeingAssistant.UnitTest.dll" adapterTypeName="executor://xunit/VsTestRunner2/netcoreapp" className="MultiplayerHoeingAssistant.UnitTest.ServiceTests.TaskCenter.R56ReferenceActivationWiringTests" name="WithoutExclusiveLock_RealSideEffectsAreRejected" />
    </UnitTest>
    <UnitTest name="MultiplayerHoeingAssistant.UnitTest.ServiceTests.TaskCenter.R56ReferenceActivationWiringTests.Rollback_RevertsActivationAndBytes_KeepsForeignAdditions" storage="e:\program files\better-genshin-impact-lcb\test\multiplayerhoeingassistant.unittest\bin\debug\net8.0-windows\multiplayerhoeingassistant.unittest.dll" id="e245e79d-6c7e-5717-a660-5ebef4b84520">
      <Execution id="9a2e8d54-02d2-4853-a96c-4540381c6878" />
      <TestMethod codeBase="E:\Program Files\better-genshin-impact-LCB\Test\MultiplayerHoeingAssistant.UnitTest\bin\Debug\net8.0-windows\MultiplayerHoeingAssistant.UnitTest.dll" adapterTypeName="executor://xunit/VsTestRunner2/netcoreapp" className="MultiplayerHoeingAssistant.UnitTest.ServiceTests.TaskCenter.R56ReferenceActivationWiringTests" name="Rollback_RevertsActivationAndBytes_KeepsForeignAdditions" />
    </UnitTest>
    <UnitTest name="MultiplayerHoeingAssistant.UnitTest.ServiceTests.TaskCenter.R56ReferenceActivationWiringTests.ActivationTargetOutsideWriteset_Blocks" storage="e:\program files\better-genshin-impact-lcb\test\multiplayerhoeingassistant.unittest\bin\debug\net8.0-windows\multiplayerhoeingassistant.unittest.dll" id="3536a152-f6d5-71c7-091e-e34429b764b9">
      <Execution id="509b2f3b-f0a4-44e2-b3e5-ffe79af4c403" />
      <TestMethod codeBase="E:\Program Files\better-genshin-impact-LCB\Test\MultiplayerHoeingAssistant.UnitTest\bin\Debug\net8.0-windows\MultiplayerHoeingAssistant.UnitTest.dll" adapterTypeName="executor://xunit/VsTestRunner2/netcoreapp" className="MultiplayerHoeingAssistant.UnitTest.ServiceTests.TaskCenter.R56ReferenceActivationWiringTests" name="ActivationTargetOutsideWriteset_Blocks" />
    </UnitTest>
    <UnitTest name="MultiplayerHoeingAssistant.UnitTest.ServiceTests.TaskCenter.R56ReferenceActivationWiringTests.ReferenceUpdate_RealWrite_AdvancesOnlyAfterReadback" storage="e:\program files\better-genshin-impact-lcb\test\multiplayerhoeingassistant.unittest\bin\debug\net8.0-windows\multiplayerhoeingassistant.unittest.dll" id="0758b932-6dc7-e2bb-ba01-64525d386dc5">
      <Execution id="9cb56c5d-2468-4697-80f0-f60f11a8a9c9" />
      <TestMethod codeBase="E:\Program Files\better-genshin-impact-LCB\Test\MultiplayerHoeingAssistant.UnitTest\bin\Debug\net8.0-windows\MultiplayerHoeingAssistant.UnitTest.dll" adapterTypeName="executor://xunit/VsTestRunner2/netcoreapp" className="MultiplayerHoeingAssistant.UnitTest.ServiceTests.TaskCenter.R56ReferenceActivationWiringTests" name="ReferenceUpdate_RealWrite_AdvancesOnlyAfterReadback" />
    </UnitTest>
    <UnitTest name="MultiplayerHoeingAssistant.UnitTest.ServiceTests.TaskCenter.R56ReferenceActivationWiringTests.SecondInstanceDuringTransaction_IsBusyAndWritesNothing" storage="e:\program files\better-genshin-impact-lcb\test\multiplayerhoeingassistant.unittest\bin\debug\net8.0-windows\multiplayerhoeingassistant.unittest.dll" id="290e60ec-fc88-cb39-4a78-24a83936b1e3">
      <Execution id="d2f6df07-dc9b-4d34-b2c9-4eeb77f44fad" />
      <TestMethod codeBase="E:\Program Files\better-genshin-impact-LCB\Test\MultiplayerHoeingAssistant.UnitTest\bin\Debug\net8.0-windows\MultiplayerHoeingAssistant.UnitTest.dll" adapterTypeName="executor://xunit/VsTestRunner2/netcoreapp" className="MultiplayerHoeingAssistant.UnitTest.ServiceTests.TaskCenter.R56ReferenceActivationWiringTests" name="SecondInstanceDuringTransaction_IsBusyAndWritesNothing" />
    </UnitTest>
    <UnitTest name="MultiplayerHoeingAssistant.UnitTest.ServiceTests.TaskCenter.R56ReferenceActivationWiringTests.ReferenceUpdate_Unknown_FailsClosedWithoutRetry" storage="e:\program files\better-genshin-impact-lcb\test\multiplayerhoeingassistant.unittest\bin\debug\net8.0-windows\multiplayerhoeingassistant.unittest.dll" id="50dabd98-6202-71ef-c368-8c989718d15d">
      <Execution id="4bb4df83-d4ea-4423-af74-03866482e60f" />
      <TestMethod codeBase="E:\Program Files\better-genshin-impact-LCB\Test\MultiplayerHoeingAssistant.UnitTest\bin\Debug\net8.0-windows\MultiplayerHoeingAssistant.UnitTest.dll" adapterTypeName="executor://xunit/VsTestRunner2/netcoreapp" className="MultiplayerHoeingAssistant.UnitTest.ServiceTests.TaskCenter.R56ReferenceActivationWiringTests" name="ReferenceUpdate_Unknown_FailsClosedWithoutRetry" />
    </UnitTest>
    <UnitTest name="MultiplayerHoeingAssistant.UnitTest.ServiceTests.TaskCenter.R56ReferenceActivationWiringTests.PartialWriteThenFault_NoFalseSuccess_AndRollbackRestoresAllTargets" storage="e:\program files\better-genshin-impact-lcb\test\multiplayerhoeingassistant.unittest\bin\debug\net8.0-windows\multiplayerhoeingassistant.unittest.dll" id="f82f6945-fa88-1f8b-3e28-22e086ffa40a">
      <Execution id="84954351-6d52-4378-8aa4-deecb8735b06" />
      <TestMethod codeBase="E:\Program Files\better-genshin-impact-LCB\Test\MultiplayerHoeingAssistant.UnitTest\bin\Debug\net8.0-windows\MultiplayerHoeingAssistant.UnitTest.dll" adapterTypeName="executor://xunit/VsTestRunner2/netcoreapp" className="MultiplayerHoeingAssistant.UnitTest.ServiceTests.TaskCenter.R56ReferenceActivationWiringTests" name="PartialWriteThenFault_NoFalseSuccess_AndRollbackRestoresAllTargets" />
    </UnitTest>
    <UnitTest name="MultiplayerHoeingAssistant.UnitTest.ServiceTests.TaskCenter.R56ReferenceActivationWiringTests.WrongContentWritten_BlocksOnReadback" storage="e:\program files\better-genshin-impact-lcb\test\multiplayerhoeingassistant.unittest\bin\debug\net8.0-windows\multiplayerhoeingassistant.unittest.dll" id="e5abd208-af17-1f7c-5422-654e0a52518d">
      <Execution id="31e759f7-2034-427e-9b9c-eb730029a9e5" />
      <TestMethod codeBase="E:\Program Files\better-genshin-impact-LCB\Test\MultiplayerHoeingAssistant.UnitTest\bin\Debug\net8.0-windows\MultiplayerHoeingAssistant.UnitTest.dll" adapterTypeName="executor://xunit/VsTestRunner2/netcoreapp" className="MultiplayerHoeingAssistant.UnitTest.ServiceTests.TaskCenter.R56ReferenceActivationWiringTests" name="WrongContentWritten_BlocksOnReadback" />
    </UnitTest>
    <UnitTest name="MultiplayerHoeingAssistant.UnitTest.ServiceTests.TaskCenter.R56ReferenceActivationWiringTests.ActivatedButUncommitted_ProductionStillRunsNothing" storage="e:\program files\better-genshin-impact-lcb\test\multiplayerhoeingassistant.unittest\bin\debug\net8.0-windows\multiplayerhoeingassistant.unittest.dll" id="34602a8b-5ceb-3ec8-3e54-b72f31f37323">
      <Execution id="b0e507f6-41bc-4a26-9526-627ed4468248" />
      <TestMethod codeBase="E:\Program Files\better-genshin-impact-LCB\Test\MultiplayerHoeingAssistant.UnitTest\bin\Debug\net8.0-windows\MultiplayerHoeingAssistant.UnitTest.dll" adapterTypeName="executor://xunit/VsTestRunner2/netcoreapp" className="MultiplayerHoeingAssistant.UnitTest.ServiceTests.TaskCenter.R56ReferenceActivationWiringTests" name="ActivatedButUncommitted_ProductionStillRunsNothing" />
    </UnitTest>
    <UnitTest name="MultiplayerHoeingAssistant.UnitTest.ServiceTests.TaskCenter.R56ReferenceActivationWiringTests.Activation_RealWrite_RequiresConfirmedReferenceUpdate" storage="e:\program files\better-genshin-impact-lcb\test\multiplayerhoeingassistant.unittest\bin\debug\net8.0-windows\multiplayerhoeingassistant.unittest.dll" id="354f034a-261c-1a1c-f4a1-d0e65537878b">
      <Execution id="80d69cca-78f0-4b7e-b480-319cdde62401" />
      <TestMethod codeBase="E:\Program Files\better-genshin-impact-LCB\Test\MultiplayerHoeingAssistant.UnitTest\bin\Debug\net8.0-windows\MultiplayerHoeingAssistant.UnitTest.dll" adapterTypeName="executor://xunit/VsTestRunner2/netcoreapp" className="MultiplayerHoeingAssistant.UnitTest.ServiceTests.TaskCenter.R56ReferenceActivationWiringTests" name="Activation_RealWrite_RequiresConfirmedReferenceUpdate" />
    </UnitTest>
    <UnitTest name="MultiplayerHoeingAssistant.UnitTest.ServiceTests.TaskCenter.R56ReferenceActivationWiringTests.ActivationReadbackMismatch_Blocks" storage="e:\program files\better-genshin-impact-lcb\test\multiplayerhoeingassistant.unittest\bin\debug\net8.0-windows\multiplayerhoeingassistant.unittest.dll" id="d79a5bcb-ff16-67dd-0cd7-7ec7703ff0ff">
      <Execution id="514eb7b1-ad65-4525-acaa-f632b839bebf" />
      <TestMethod codeBase="E:\Program Files\better-genshin-impact-LCB\Test\MultiplayerHoeingAssistant.UnitTest\bin\Debug\net8.0-windows\MultiplayerHoeingAssistant.UnitTest.dll" adapterTypeName="executor://xunit/VsTestRunner2/netcoreapp" className="MultiplayerHoeingAssistant.UnitTest.ServiceTests.TaskCenter.R56ReferenceActivationWiringTests" name="ActivationReadbackMismatch_Blocks" />
    </UnitTest>
    <UnitTest name="MultiplayerHoeingAssistant.UnitTest.ServiceTests.TaskCenter.R56ReferenceActivationWiringTests.WritesetMismatch_WithChangeRegistry_BlocksWithoutWriting" storage="e:\program files\better-genshin-impact-lcb\test\multiplayerhoeingassistant.unittest\bin\debug\net8.0-windows\multiplayerhoeingassistant.unittest.dll" id="857945a3-f8e2-8547-97a5-893b500b5dec">
      <Execution id="45b73c50-87c9-4b8e-9295-13be72469ee3" />
      <TestMethod codeBase="E:\Program Files\better-genshin-impact-LCB\Test\MultiplayerHoeingAssistant.UnitTest\bin\Debug\net8.0-windows\MultiplayerHoeingAssistant.UnitTest.dll" adapterTypeName="executor://xunit/VsTestRunner2/netcoreapp" className="MultiplayerHoeingAssistant.UnitTest.ServiceTests.TaskCenter.R56ReferenceActivationWiringTests" name="WritesetMismatch_WithChangeRegistry_BlocksWithoutWriting" />
    </UnitTest>
    <UnitTest name="MultiplayerHoeingAssistant.UnitTest.ServiceTests.TaskCenter.R56ReferenceActivationWiringTests.ReferenceUpdate_CancelledBeforeEffects_KeepsStageAndRollsBackSafely" storage="e:\program files\better-genshin-impact-lcb\test\multiplayerhoeingassistant.unittest\bin\debug\net8.0-windows\multiplayerhoeingassistant.unittest.dll" id="20598e9e-d1cf-e411-1bc0-5dfc3ff9d58e">
      <Execution id="139a36c0-3410-4487-8696-3557b17541db" />
      <TestMethod codeBase="E:\Program Files\better-genshin-impact-LCB\Test\MultiplayerHoeingAssistant.UnitTest\bin\Debug\net8.0-windows\MultiplayerHoeingAssistant.UnitTest.dll" adapterTypeName="executor://xunit/VsTestRunner2/netcoreapp" className="MultiplayerHoeingAssistant.UnitTest.ServiceTests.TaskCenter.R56ReferenceActivationWiringTests" name="ReferenceUpdate_CancelledBeforeEffects_KeepsStageAndRollsBackSafely" />
    </UnitTest>
    <UnitTest name="MultiplayerHoeingAssistant.UnitTest.ServiceTests.TaskCenter.R56ReferenceActivationWiringTests.ReferenceUpdate_CancelledAfterEffects_Blocks" storage="e:\program files\better-genshin-impact-lcb\test\multiplayerhoeingassistant.unittest\bin\debug\net8.0-windows\multiplayerhoeingassistant.unittest.dll" id="d7b14dbb-bf53-79cc-8528-4112d77cf11d">
      <Execution id="25eedb6b-1af9-4052-9f1e-bfb1a9328233" />
      <TestMethod codeBase="E:\Program Files\better-genshin-impact-LCB\Test\MultiplayerHoeingAssistant.UnitTest\bin\Debug\net8.0-windows\MultiplayerHoeingAssistant.UnitTest.dll" adapterTypeName="executor://xunit/VsTestRunner2/netcoreapp" className="MultiplayerHoeingAssistant.UnitTest.ServiceTests.TaskCenter.R56ReferenceActivationWiringTests" name="ReferenceUpdate_CancelledAfterEffects_Blocks" />
    </UnitTest>
    <UnitTest name="MultiplayerHoeingAssistant.UnitTest.ServiceTests.TaskCenter.R56ReferenceActivationWiringTests.WriteOutsideDeclaredWriteset_Blocks(deleteInstead: False)" storage="e:\program files\better-genshin-impact-lcb\test\multiplayerhoeingassistant.unittest\bin\debug\net8.0-windows\multiplayerhoeingassistant.unittest.dll" id="6608a8e3-0b21-3f57-a0f7-a2d88397e742">
      <Execution id="b2b47c79-488a-4921-b908-28d51de0b10f" />
      <TestMethod codeBase="E:\Program Files\better-genshin-impact-LCB\Test\MultiplayerHoeingAssistant.UnitTest\bin\Debug\net8.0-windows\MultiplayerHoeingAssistant.UnitTest.dll" adapterTypeName="executor://xunit/VsTestRunner2/netcoreapp" className="MultiplayerHoeingAssistant.UnitTest.ServiceTests.TaskCenter.R56ReferenceActivationWiringTests" name="WriteOutsideDeclaredWriteset_Blocks" />
    </UnitTest>
    <UnitTest name="MultiplayerHoeingAssistant.UnitTest.ServiceTests.TaskCenter.R56ReferenceActivationWiringTests.CommittedRealTransaction_AuthorizesProductionExactlyOnce" storage="e:\program files\better-genshin-impact-lcb\test\multiplayerhoeingassistant.unittest\bin\debug\net8.0-windows\multiplayerhoeingassistant.unittest.dll" id="dc0b9da1-85c1-362f-ba3d-726bbc7ca289">
      <Execution id="4397893c-0279-47c3-a2c8-3a4b17226526" />
      <TestMethod codeBase="E:\Program Files\better-genshin-impact-LCB\Test\MultiplayerHoeingAssistant.UnitTest\bin\Debug\net8.0-windows\MultiplayerHoeingAssistant.UnitTest.dll" adapterTypeName="executor://xunit/VsTestRunner2/netcoreapp" className="MultiplayerHoeingAssistant.UnitTest.ServiceTests.TaskCenter.R56ReferenceActivationWiringTests" name="CommittedRealTransaction_AuthorizesProductionExactlyOnce" />
    </UnitTest>
  </TestDefinitions>
  <TestEntries>
    <TestEntry testId="e245e79d-6c7e-5717-a660-5ebef4b84520" executionId="9a2e8d54-02d2-4853-a96c-4540381c6878" testListId="8c84fa94-04c1-424b-9868-57a2d4851a1d" />
    <TestEntry testId="7b3765e7-b0cc-3f09-bf48-2f788dfcfa27" executionId="c423026f-5621-4404-84b6-d706e7927d13" testListId="8c84fa94-04c1-424b-9868-57a2d4851a1d" />
    <TestEntry testId="0758b932-6dc7-e2bb-ba01-64525d386dc5" executionId="9cb56c5d-2468-4697-80f0-f60f11a8a9c9" testListId="8c84fa94-04c1-424b-9868-57a2d4851a1d" />
    <TestEntry testId="00ca64e4-2c51-3f2e-22d1-089054e8092e" executionId="ebc832a8-3cdb-439d-aa41-df1bdffe68e2" testListId="8c84fa94-04c1-424b-9868-57a2d4851a1d" />
    <TestEntry testId="3536a152-f6d5-71c7-091e-e34429b764b9" executionId="509b2f3b-f0a4-44e2-b3e5-ffe79af4c403" testListId="8c84fa94-04c1-424b-9868-57a2d4851a1d" />
    <TestEntry testId="34602a8b-5ceb-3ec8-3e54-b72f31f37323" executionId="b0e507f6-41bc-4a26-9526-627ed4468248" testListId="8c84fa94-04c1-424b-9868-57a2d4851a1d" />
    <TestEntry testId="f82f6945-fa88-1f8b-3e28-22e086ffa40a" executionId="84954351-6d52-4378-8aa4-deecb8735b06" testListId="8c84fa94-04c1-424b-9868-57a2d4851a1d" />
    <TestEntry testId="290e60ec-fc88-cb39-4a78-24a83936b1e3" executionId="d2f6df07-dc9b-4d34-b2c9-4eeb77f44fad" testListId="8c84fa94-04c1-424b-9868-57a2d4851a1d" />
    <TestEntry testId="2de69b2b-21a6-a671-181f-4542f65c91a5" executionId="9bb891e3-dd26-41fb-9545-4620243a3742" testListId="8c84fa94-04c1-424b-9868-57a2d4851a1d" />
    <TestEntry testId="0c64790c-23ff-4198-f8b1-505ea6864375" executionId="985606e9-ad76-42b2-a6a8-1af65c7307fe" testListId="8c84fa94-04c1-424b-9868-57a2d4851a1d" />
    <TestEntry testId="04c34480-d5e1-38d0-dc14-c5b9c73fa2fc" executionId="8fccf6dc-8055-42b7-9b89-1a7e39bbe6bc" testListId="8c84fa94-04c1-424b-9868-57a2d4851a1d" />
    <TestEntry testId="d7b14dbb-bf53-79cc-8528-4112d77cf11d" executionId="25eedb6b-1af9-4052-9f1e-bfb1a9328233" testListId="8c84fa94-04c1-424b-9868-57a2d4851a1d" />
    <TestEntry testId="bffce8cb-8f93-1aab-026b-e376a32f2a31" executionId="366e635c-4bb6-4688-bd3f-c1e49aa8b102" testListId="8c84fa94-04c1-424b-9868-57a2d4851a1d" />
    <TestEntry testId="20598e9e-d1cf-e411-1bc0-5dfc3ff9d58e" executionId="139a36c0-3410-4487-8696-3557b17541db" testListId="8c84fa94-04c1-424b-9868-57a2d4851a1d" />
    <TestEntry testId="dc0b9da1-85c1-362f-ba3d-726bbc7ca289" executionId="4397893c-0279-47c3-a2c8-3a4b17226526" testListId="8c84fa94-04c1-424b-9868-57a2d4851a1d" />
    <TestEntry testId="d17031e9-76c3-0d5d-54f0-10ec27c99423" executionId="baa02722-f722-4fe8-976b-0f420d63361b" testListId="8c84fa94-04c1-424b-9868-57a2d4851a1d" />
    <TestEntry testId="9120aa3d-1436-a8f6-fa8a-da29cec5c17f" executionId="948d751e-f89b-4f52-a114-7320479f319c" testListId="8c84fa94-04c1-424b-9868-57a2d4851a1d" />
    <TestEntry testId="50dabd98-6202-71ef-c368-8c989718d15d" executionId="4bb4df83-d4ea-4423-af74-03866482e60f" testListId="8c84fa94-04c1-424b-9868-57a2d4851a1d" />
    <TestEntry testId="6608a8e3-0b21-3f57-a0f7-a2d88397e742" executionId="b2b47c79-488a-4921-b908-28d51de0b10f" testListId="8c84fa94-04c1-424b-9868-57a2d4851a1d" />
    <TestEntry testId="7bc93f93-430e-82c2-804a-4c05389c58f9" executionId="f7b2a84c-3c04-4b4a-b3ba-ea767b8dd665" testListId="8c84fa94-04c1-424b-9868-57a2d4851a1d" />
    <TestEntry testId="d79a5bcb-ff16-67dd-0cd7-7ec7703ff0ff" executionId="514eb7b1-ad65-4525-acaa-f632b839bebf" testListId="8c84fa94-04c1-424b-9868-57a2d4851a1d" />
    <TestEntry testId="354f034a-261c-1a1c-f4a1-d0e65537878b" executionId="80d69cca-78f0-4b7e-b480-319cdde62401" testListId="8c84fa94-04c1-424b-9868-57a2d4851a1d" />
    <TestEntry testId="5d121dc3-6ebf-526f-284c-f33ad5c5d66d" executionId="eb5c4dce-1048-4d26-8ae2-1a27d2005d5f" testListId="8c84fa94-04c1-424b-9868-57a2d4851a1d" />
    <TestEntry testId="5370c416-3263-2816-0923-f3ca38400567" executionId="cb6b171e-0848-48c0-bf96-1fd96ab9ac3d" testListId="8c84fa94-04c1-424b-9868-57a2d4851a1d" />
    <TestEntry testId="e5abd208-af17-1f7c-5422-654e0a52518d" executionId="31e759f7-2034-427e-9b9c-eb730029a9e5" testListId="8c84fa94-04c1-424b-9868-57a2d4851a1d" />
    <TestEntry testId="bb355b0d-c65c-d267-0304-1c78222244af" executionId="9a1a394e-b6f6-4e2e-a73e-0f1b59353e23" testListId="8c84fa94-04c1-424b-9868-57a2d4851a1d" />
    <TestEntry testId="4e66362b-8fbd-926e-95d1-fc6403406da0" executionId="675803be-d2dc-4468-8b7f-087460e4a133" testListId="8c84fa94-04c1-424b-9868-57a2d4851a1d" />
    <TestEntry testId="5b587371-78a8-8392-35c8-249047753815" executionId="78ca5edc-fa82-402f-a4c9-5610505193ef" testListId="8c84fa94-04c1-424b-9868-57a2d4851a1d" />
    <TestEntry testId="857945a3-f8e2-8547-97a5-893b500b5dec" executionId="45b73c50-87c9-4b8e-9295-13be72469ee3" testListId="8c84fa94-04c1-424b-9868-57a2d4851a1d" />
  </TestEntries>
  <TestLists>
    <TestList name="列表中未列出的结果" id="8c84fa94-04c1-424b-9868-57a2d4851a1d" />
    <TestList name="所有已加载的结果" id="19431567-8539-422a-85d7-44ee4e166bda" />
  </TestLists>
  <ResultSummary outcome="Completed">
    <Counters total="29" executed="29" passed="29" failed="0" error="0" timeout="0" aborted="0" inconclusive="0" passedButRunAborted="0" notRunnable="0" notExecuted="0" disconnected="0" warning="0" completed="0" inProgress="0" pending="0" />
    <Output>
      <StdOut>[xUnit.net 00:00:00.00] xUnit.net VSTest Adapter v2.5.3.1+6b60a9e56a (64-bit .NET 8.0.14)&#xD;
[xUnit.net 00:00:00.06]   Discovering: MultiplayerHoeingAssistant.UnitTest&#xD;
[xUnit.net 00:00:00.16]   Discovered:  MultiplayerHoeingAssistant.UnitTest&#xD;
[xUnit.net 00:00:00.17]   Starting:    MultiplayerHoeingAssistant.UnitTest&#xD;
[xUnit.net 00:00:00.93]   Finished:    MultiplayerHoeingAssistant.UnitTest&#xD;
</StdOut>
    </Output>
  </ResultSummary>
</TestRun>