VSTest 版本 17.11.1 (x64)

正在启动测试执行，请稍候...
总共 1 个测试文件与指定模式相匹配。
[xUnit.net 00:00:00.07] BetterGenshinImpact.UnitTest: Non-serializable data ('System.Object[]') found for 'BetterGenshinImpact.UnitTest.ServiceTests.RecognitionTemplateAssetServiceTests.Prepare_SearchExpandPercent_WritesShortestXamlThicknessForm'; falling back to single test case.
[xUnit.net 00:00:00.09] BetterGenshinImpact.UnitTest: Non-serializable data ('System.Object[]') found for 'BetterGenshinImpact.UnitTest.CoreTests.RecognitionTests.RecognitionObjectJsonLoaderTests.Load_SearchExpandPercent_UsesXamlThicknessOrder'; falling back to single test case.
  失败 BetterGenshinImpact.UnitTest.GameTaskTests.AutoHoeingTests.PostTeleportStuckProtectionPbtPropertiesTest.IsEligible_BoundaryZeroAndTwenty_Stuck [6 ms]
  错误消息:
   FsCheck.Xunit.PropertyFailedException : 
Falsifiable, after 1 test (0 shrinks) (StdGen (781835758,297682601)):
Original:
(true, true)


  失败 BetterGenshinImpact.UnitTest.ServiceTests.Instance.JobTreeEvictionAndSamplingTests.JobRegistry_TerminalCapacityEviction_IsFifo_KeepsNewest64 [1 ms]
  错误消息:
   Assert.NotNull() Failure: Value is null
  堆栈跟踪:
     at BetterGenshinImpact.UnitTest.ServiceTests.Instance.JobTreeEvictionAndSamplingTests.JobRegistry_TerminalCapacityEviction_IsFifo_KeepsNewest64() in E:\Program Files\better-genshin-impact-LCB\Test\BetterGenshinImpact.UnitTest\ServiceTests\Instance\JobTreeEvictionAndSamplingTests.cs:line 84
   at System.RuntimeMethodHandle.InvokeMethod(Object target, Void** arguments, Signature sig, Boolean isConstructor)
   at System.Reflection.MethodBaseInvoker.InvokeWithNoArgs(Object obj, BindingFlags invokeAttr)
  失败 BetterGenshinImpact.UnitTest.ServiceTests.Instance.JobTreeEvictionAndSamplingTests.JobTreeSnapshot_UnderConcurrentSubmitAndTerminalChurn_HoldsSamplingInvariants [28 ms]
  错误消息:
   Assert.True() Failure
Expected: True
Actual:   False
  堆栈跟踪:
     at BetterGenshinImpact.UnitTest.ServiceTests.Instance.JobTreeEvictionAndSamplingTests.JobTreeSnapshot_UnderConcurrentSubmitAndTerminalChurn_HoldsSamplingInvariants() in E:\Program Files\better-genshin-impact-LCB\Test\BetterGenshinImpact.UnitTest\ServiceTests\Instance\JobTreeEvictionAndSamplingTests.cs:line 254
   at System.RuntimeMethodHandle.InvokeMethod(Object target, Void** arguments, Signature sig, Boolean isConstructor)
   at System.Reflection.MethodBaseInvoker.InvokeWithNoArgs(Object obj, BindingFlags invokeAttr)
  失败 BetterGenshinImpact.UnitTest.GameTaskTests.AutoHoeingTests.MultiWorldConfigLockingBugTests.Round1_MemberConfigFetchFails_ShouldTerminateMultiWorld [< 1 ms]
  错误消息:
   FsCheck.Xunit.PropertyFailedException : 
Falsifiable, after 1 test (0 shrinks) (StdGen (972379509,297682601)):
Label of failing property: Round 1, Member config fetch failed: MultiWorldTerminated=False, ErrorLogged=False, UsedFallbackConfig=False
Original:
<null>


  失败 BetterGenshinImpact.UnitTest.GameTaskTests.AutoHoeingTests.MultiWorldConfigLockingBugTests.Round1_HostUploadConfig_ShouldSaveToFirstHostConfig [< 1 ms]
  错误消息:
   Round 1, Host uploaded config but _firstHostConfig is null
  堆栈跟踪:
     at BetterGenshinImpact.UnitTest.GameTaskTests.AutoHoeingTests.MultiWorldConfigLockingBugTests.Round1_HostUploadConfig_ShouldSaveToFirstHostConfig() in E:\Program Files\better-genshin-impact-LCB\Test\BetterGenshinImpact.UnitTest\GameTaskTests\AutoHoeingTests\MultiWorldConfigLockingBugTests.cs:line 182
   at System.RuntimeMethodHandle.InvokeMethod(Object target, Void** arguments, Signature sig, Boolean isConstructor)
   at System.Reflection.MethodBaseInvoker.InvokeWithNoArgs(Object obj, BindingFlags invokeAttr)
  失败 BetterGenshinImpact.UnitTest.GameTaskTests.AutoHoeingTests.MultiWorldConfigLockingBugTests.Round2Plus_HostFirstConfigNull_ShouldTerminateMultiWorld [2 ms]
  错误消息:
   FsCheck.Xunit.PropertyFailedException : 
Falsifiable, after 1 test (1 shrink) (StdGen (972420682,297682601)):
Label of failing property: Round 3, Host _firstHostConfig is null: MultiWorldTerminated=False, ErrorLogged=False, UsedFallbackConfig=True
Original:
PositiveInt 2
Shrunk:
PositiveInt 1


  失败 BetterGenshinImpact.UnitTest.GameTaskTests.AutoHoeingTests.MultiWorldConfigLockingBugTests.Round1_MemberFetchConfig_ShouldSaveToFirstHostConfig [< 1 ms]
  错误消息:
   Round 1, Member fetched config but _firstHostConfig is null
  堆栈跟踪:
     at BetterGenshinImpact.UnitTest.GameTaskTests.AutoHoeingTests.MultiWorldConfigLockingBugTests.Round1_MemberFetchConfig_ShouldSaveToFirstHostConfig() in E:\Program Files\better-genshin-impact-LCB\Test\BetterGenshinImpact.UnitTest\GameTaskTests\AutoHoeingTests\MultiWorldConfigLockingBugTests.cs:line 213
   at System.RuntimeMethodHandle.InvokeMethod(Object target, Void** arguments, Signature sig, Boolean isConstructor)
   at System.Reflection.MethodBaseInvoker.InvokeWithNoArgs(Object obj, BindingFlags invokeAttr)
  失败 BetterGenshinImpact.UnitTest.GameTaskTests.AutoHoeingTests.WaitPointReportTests.WaitPointReport_SyncPointIdValidation_WorksCorrectly [2 ms]
  错误消息:
   FsCheck.Xunit.PropertyFailedException : 
Falsifiable, after 111 tests (15 shrinks) (StdGen (974632939,297682601)):
Original:
"_s6X\029i_\001F<\008*oe1SI" (At least one control character has been escaped as a char code, e.g. \023)
Shrunk:
"__"


  失败 BetterGenshinImpact.UnitTest.GameTaskTests.AutoHoeingTests.WaitPointReportTests.WaitPointReport_Creation_IsValidWithRequiredFields [2 ms]
  错误消息:
   FsCheck.Xunit.PropertyFailedException : 
Falsifiable, after 23 tests (6 shrinks) (StdGen (974674618,297682601)):
Original:
("Z ", "H>", "A", -2)
Shrunk:
("a", "a", "a", -1)


  失败 BetterGenshinImpact.UnitTest.GameTaskTests.AutoHoeingTests.WaitPointReportTests.WaitPointReport_ExpiryCheck_WorksCorrectly [1 ms]
  错误消息:
   FsCheck.Xunit.PropertyFailedException : 
Falsifiable, after 27 tests (4 shrinks) (StdGen (974778191,297682601)):
Original:
("A", "x", "I", 0, -1)
Shrunk:
("a", "a", "a", 0, 0)


  失败 BetterGenshinImpact.UnitTest.GameTaskTests.AutoHoeingTests.WaitPointReportTests.WaitPointReport_ExtractRouteIndex_HandlesVariousFormats [< 1 ms]
  错误消息:
   FsCheck.Xunit.PropertyFailedException : 
Falsifiable, after 7 tests (1 shrink) (StdGen (974801416,297682601)):
Original:
("i", -1)
Shrunk:
("", -1)


  失败 BetterGenshinImpact.UnitTest.CoreTests.RecognitionTests.OCRTests.OcrResultTests.Text_PreservesOfficialDetectionOrder [3 ms]
  错误消息:
   Assert.Equal() Failure: Strings differ
           ↓ (pos 0)
Expected: "first\nsecond"
Actual:   "second\nfirst"
           ↑ (pos 0)
  堆栈跟踪:
     at BetterGenshinImpact.UnitTest.CoreTests.RecognitionTests.OCRTests.OcrResultTests.Text_PreservesOfficialDetectionOrder() in E:\Program Files\better-genshin-impact-LCB\Test\BetterGenshinImpact.UnitTest\CoreTests\RecognitionTests\OCRTests\OcrResultTests.cs:line 17
   at System.RuntimeMethodHandle.InvokeMethod(Object target, Void** arguments, Signature sig, Boolean isConstructor)
   at System.Reflection.MethodBaseInvoker.InvokeWithNoArgs(Object obj, BindingFlags invokeAttr)
  失败 BetterGenshinImpact.UnitTest.GameTaskTests.AutoHoeingTests.PostTeleportRevivalProtectionBugConditionTest.BugCondition_A2_RevivalAtExactly10s_ShouldNotSkipToNextSegment [< 1 ms]
  错误消息:
   BUG CONFIRMED（EXPECTED TO FAIL in unfixed code）：B 严格传送同步完成后恰好 10s 复苏，属于保护边界，但未修复执行器仍跳段、跳过 B→C。
  堆栈跟踪:
     at BetterGenshinImpact.UnitTest.GameTaskTests.AutoHoeingTests.PostTeleportRevivalProtectionBugConditionTest.BugCondition_A2_RevivalAtExactly10s_ShouldNotSkipToNextSegment() in E:\Program Files\better-genshin-impact-LCB\Test\BetterGenshinImpact.UnitTest\GameTaskTests\AutoHoeingTests\PostTeleportRevivalProtectionBugConditionTest.cs:line 207
   at System.RuntimeMethodHandle.InvokeMethod(Object target, Void** arguments, Signature sig, Boolean isConstructor)
   at System.Reflection.MethodBaseInvoker.InvokeWithNoArgs(Object obj, BindingFlags invokeAttr)
  失败 BetterGenshinImpact.UnitTest.GameTaskTests.AutoHoeingTests.PostTeleportRevivalProtectionBugConditionTest.BugCondition_A1_RevivalWithin2s_ShouldNotSkipToNextSegment [< 1 ms]
  错误消息:
   BUG CONFIRMED（EXPECTED TO FAIL in unfixed code）：B 严格传送同步完成后 2s 内复苏，未修复执行器误判为同步点后异常并 SkipToNextSegment=true，跳过 B→C 线段，跳到下一传送点 C。
  堆栈跟踪:
     at BetterGenshinImpact.UnitTest.GameTaskTests.AutoHoeingTests.PostTeleportRevivalProtectionBugConditionTest.BugCondition_A1_RevivalWithin2s_ShouldNotSkipToNextSegment() in E:\Program Files\better-genshin-impact-LCB\Test\BetterGenshinImpact.UnitTest\GameTaskTests\AutoHoeingTests\PostTeleportRevivalProtectionBugConditionTest.cs:line 169
   at System.RuntimeMethodHandle.InvokeMethod(Object target, Void** arguments, Signature sig, Boolean isConstructor)
   at System.Reflection.MethodBaseInvoker.InvokeWithNoArgs(Object obj, BindingFlags invokeAttr)
  失败 BetterGenshinImpact.UnitTest.GameTaskTests.AutoHoeingTests.PostTeleportStuckProtectionDecisionsUnitTest.IsEligible_Stuck_BeyondWindow_ReturnsFalse [< 1 ms]
  错误消息:
   Assert.False() Failure
Expected: False
Actual:   True
  堆栈跟踪:
     at BetterGenshinImpact.UnitTest.GameTaskTests.AutoHoeingTests.PostTeleportStuckProtectionDecisionsUnitTest.IsEligible_Stuck_BeyondWindow_ReturnsFalse() in E:\Program Files\better-genshin-impact-LCB\Test\BetterGenshinImpact.UnitTest\GameTaskTests\AutoHoeingTests\PostTeleportStuckProtectionDecisionsUnitTest.cs:line 106
   at System.RuntimeMethodHandle.InvokeMethod(Object target, Void** arguments, Signature sig, Boolean isConstructor)
   at System.Reflection.MethodBaseInvoker.InvokeWithNoArgs(Object obj, BindingFlags invokeAttr)
  失败 BetterGenshinImpact.UnitTest.GameTaskTests.AutoPathingTests.AutoTrackPositionRecoveryDecisionsTest.Decide_TimesGte4_AlwaysThrowRetry [3 ms]
  错误消息:
   FsCheck.Xunit.PropertyFailedException : 
Falsifiable, after 29 tests (1 shrink) (StdGen (998679345,297682601)):
Original:
(-1, 0.05150647964)
Shrunk:
(-1, 0.0)


  失败 BetterGenshinImpact.UnitTest.ServiceTests.Instance.StandardConfigurationMigrationTests.ActualPhysicalSlotRejectsBusyAndAllowsPassiveCaptureWithoutJobs [3 ms]
  错误消息:
   execution_busy；原件及安装记录保留，请在静止后从迁移回退恢复
  堆栈跟踪:
     at BetterGenshinImpact.UnitTest.ServiceTests.Instance.StandardConfigurationMigrationTests.ActualPhysicalSlotRejectsBusyAndAllowsPassiveCaptureWithoutJobs() in E:\Program Files\better-genshin-impact-LCB\Test\BetterGenshinImpact.UnitTest\ServiceTests\Instance\StandardConfigurationMigrationTests.cs:line 77
--- End of stack trace from previous location ---
结果文件: E:\Program Files\better-genshin-impact-LCB\_workflow\closeout-01a10cef\bgi-sequential\candidate.trx

失败!  - 失败:    17，通过:  1112，已跳过:     0，总计:  1129，持续时间: 26 s - BetterGenshinImpact.UnitTest.dll (net8.0)
